[0.007s][info][gc] Using Parallel
[0.007s][info][gc,heap,coops] Heap address: 0x0000000740000000, size: 3072 MB, Compressed Oops mode: Zero based, Oop shift amount: 3
[0.045s][info][safepoint    ] Entering safepoint region: EnableBiasedLocking
[0.045s][info][safepoint    ] Leaving safepoint region
[0.045s][info][safepoint    ] Total time for which application threads were stopped: 0.0001124 seconds, Stopping threads took: 0.0000519 seconds
[0.047s][info][safepoint    ] Application time: 0.0015990 seconds
[0.047s][info][safepoint    ] Entering safepoint region: RevokeBias
[0.047s][info][safepoint    ] Leaving safepoint region
[0.047s][info][safepoint    ] Total time for which application threads were stopped: 0.0000771 seconds, Stopping threads took: 0.0000333 seconds
[0.137s][info][safepoint    ] Application time: 0.0898270 seconds
[0.137s][info][safepoint    ] Entering safepoint region: Deoptimize
[0.137s][info][safepoint    ] Leaving safepoint region
[0.137s][info][safepoint    ] Total time for which application threads were stopped: 0.0000633 seconds, Stopping threads took: 0.0000080 seconds
[0.354s][info][safepoint    ] Application time: 0.2172362 seconds
[0.354s][info][safepoint    ] Entering safepoint region: Deoptimize
[0.355s][info][safepoint    ] Leaving safepoint region
[0.355s][info][safepoint    ] Total time for which application threads were stopped: 0.0001594 seconds, Stopping threads took: 0.0000077 seconds
[0.398s][info][safepoint    ] Application time: 0.0435962 seconds
[0.398s][info][safepoint    ] Entering safepoint region: Deoptimize
[0.398s][info][safepoint    ] Leaving safepoint region
[0.398s][info][safepoint    ] Total time for which application threads were stopped: 0.0001342 seconds, Stopping threads took: 0.0000078 seconds
[1.398s][info][safepoint    ] Application time: 1.0000927 seconds
[1.398s][info][safepoint    ] Entering safepoint region: Cleanup
[1.399s][info][safepoint    ] Leaving safepoint region
[1.399s][info][safepoint    ] Total time for which application threads were stopped: 0.0000781 seconds, Stopping threads took: 0.0000117 seconds
[1.443s][info][safepoint    ] Application time: 0.0440755 seconds
[1.443s][info][safepoint    ] Entering safepoint region: Deoptimize
[1.443s][info][safepoint    ] Leaving safepoint region
[1.443s][info][safepoint    ] Total time for which application threads were stopped: 0.0001921 seconds, Stopping threads took: 0.0000083 seconds
[1.606s][info][safepoint    ] Application time: 0.1633982 seconds
[1.606s][info][safepoint    ] Entering safepoint region: Deoptimize
[1.607s][info][safepoint    ] Leaving safepoint region
[1.607s][info][safepoint    ] Total time for which application threads were stopped: 0.0003224 seconds, Stopping threads took: 0.0000098 seconds
[2.024s][info][safepoint    ] Application time: 0.4178230 seconds
[2.024s][info][safepoint    ] Entering safepoint region: ICBufferFull
[2.025s][info][safepoint    ] Leaving safepoint region
[2.025s][info][safepoint    ] Total time for which application threads were stopped: 0.0008593 seconds, Stopping threads took: 0.0000108 seconds
[2.182s][info][safepoint    ] Application time: 0.1565067 seconds
[2.182s][info][safepoint    ] Entering safepoint region: ICBufferFull
[2.182s][info][safepoint    ] Leaving safepoint region
[2.182s][info][safepoint    ] Total time for which application threads were stopped: 0.0001875 seconds, Stopping threads took: 0.0000212 seconds
[2.327s][info][safepoint    ] Application time: 0.1448738 seconds
[2.327s][info][safepoint    ] Entering safepoint region: ICBufferFull
[2.327s][info][safepoint    ] Leaving safepoint region
[2.327s][info][safepoint    ] Total time for which application threads were stopped: 0.0001840 seconds, Stopping threads took: 0.0000091 seconds
[2.535s][info][safepoint    ] Application time: 0.2081038 seconds
[2.535s][info][safepoint    ] Entering safepoint region: ICBufferFull
[2.536s][info][safepoint    ] Leaving safepoint region
[2.536s][info][safepoint    ] Total time for which application threads were stopped: 0.0001970 seconds, Stopping threads took: 0.0000085 seconds
[3.011s][info][safepoint    ] Application time: 0.4751059 seconds
[3.011s][info][safepoint    ] Entering safepoint region: ICBufferFull
[3.011s][info][safepoint    ] Leaving safepoint region
[3.011s][info][safepoint    ] Total time for which application threads were stopped: 0.0002424 seconds, Stopping threads took: 0.0000528 seconds
[3.108s][info][safepoint    ] Application time: 0.0967565 seconds
[3.108s][info][safepoint    ] Entering safepoint region: CollectForMetadataAllocation
[3.108s][info][gc,start     ] GC(0) Pause Young (Metadata GC Threshold)
[3.146s][debug][gc,phases    ] GC(0) Scavenge 38.482ms
[3.146s][debug][gc,ref       ] GC(0) Skipped phase1 of Reference Processing due to unavailable references
[3.147s][debug][gc,ref       ] GC(0) Skipped phase3 of Reference Processing due to unavailable references
[3.147s][debug][gc,phases    ] GC(0) Reference Processing 0.253ms
[3.147s][debug][gc,phases    ] GC(0) Weak Processing 0.106ms
[3.147s][debug][gc,phases    ] GC(0) Scrub String Table 0.585ms
[3.147s][debug][gc,age       ] GC(0) Desired survivor size 536870912 bytes, new threshold 7 (max threshold 15)
[3.147s][info ][gc,heap      ] GC(0) PSYoungGen: 377499K->35449K(1572864K)
[3.147s][info ][gc,heap      ] GC(0) ParOldGen: 0K->80K(6144K)
[3.147s][info ][gc,metaspace ] GC(0) Metaspace: 20357K->20357K(1067008K)
[3.147s][info ][gc           ] GC(0) Pause Young (Metadata GC Threshold) 368M->34M(1542M) 39.588ms
[3.147s][info ][gc,cpu       ] GC(0) User=0.11s Sys=0.03s Real=0.04s
[3.148s][debug][gc,phases    ] GC(1) Pre Compact 0.019ms
[3.148s][info ][gc,start     ] GC(1) Pause Full (Metadata GC Threshold)
[3.148s][info ][gc,phases,start] GC(1) Marking Phase
[3.172s][debug][gc,phases      ] GC(1) Par Mark 24.286ms
[3.172s][debug][gc,ref         ] GC(1) Skipped phase1 of Reference Processing due to unavailable references
[3.172s][debug][gc,ref         ] GC(1) Skipped phase3 of Reference Processing due to unavailable references
[3.172s][debug][gc,phases      ] GC(1) Reference Processing 0.073ms
[3.172s][debug][gc,phases      ] GC(1) Weak Processing 0.029ms
[3.173s][debug][gc,phases      ] GC(1) ClassLoaderData 0.852ms
[3.173s][debug][gc,phases      ] GC(1) ProtectionDomainCacheTable 0.006ms
[3.173s][debug][gc,phases      ] GC(1) ResolvedMethodTable 0.051ms
[3.175s][debug][gc,phases      ] GC(1) Class Unloading 2.599ms
[3.175s][debug][gc,phases      ] GC(1) Scrub String Table 0.163ms
[3.177s][debug][gc,phases      ] GC(1) Scrub Symbol Table 2.252ms
[3.177s][info ][gc,phases      ] GC(1) Marking Phase 29.616ms
[3.177s][info ][gc,phases,start] GC(1) Summary Phase
[3.177s][info ][gc,phases      ] GC(1) Summary Phase 0.008ms
[3.177s][info ][gc,phases,start] GC(1) Adjust Roots
[3.190s][info ][gc,phases      ] GC(1) Adjust Roots 12.646ms
[3.190s][info ][gc,phases,start] GC(1) Compaction Phase
[3.274s][info ][gc,phases      ] GC(1) Compaction Phase 83.720ms
[3.274s][info ][gc,phases,start] GC(1) Post Compact
[3.275s][info ][gc,phases      ] GC(1) Post Compact 0.940ms
[3.275s][info ][gc,heap        ] GC(1) PSYoungGen: 35449K->29714K(1572864K)
[3.275s][info ][gc,heap        ] GC(1) ParOldGen: 80K->5695K(6144K)
[3.275s][info ][gc,metaspace   ] GC(1) Metaspace: 20357K->20357K(1067008K)
[3.275s][info ][gc             ] GC(1) Pause Full (Metadata GC Threshold) 34M->34M(1542M) 127.080ms
[3.275s][info ][gc,cpu         ] GC(1) User=0.43s Sys=0.02s Real=0.12s
[3.275s][info ][safepoint      ] Leaving safepoint region
[3.275s][info ][safepoint      ] Total time for which application threads were stopped: 0.1671908 seconds, Stopping threads took: 0.0000087 seconds
[3.276s][info ][safepoint      ] Application time: 0.0007887 seconds
[3.276s][info ][safepoint      ] Entering safepoint region: RevokeBias
[3.276s][info ][safepoint      ] Leaving safepoint region
[3.276s][info ][safepoint      ] Total time for which application threads were stopped: 0.0004812 seconds, Stopping threads took: 0.0003714 seconds
[3.276s][info ][safepoint      ] Application time: 0.0000790 seconds
[3.276s][info ][safepoint      ] Entering safepoint region: RevokeBias
[3.276s][info ][safepoint      ] Leaving safepoint region
[3.276s][info ][safepoint      ] Total time for which application threads were stopped: 0.0001523 seconds, Stopping threads took: 0.0000828 seconds
[3.277s][info ][safepoint      ] Application time: 0.0000563 seconds
[3.277s][info ][safepoint      ] Entering safepoint region: RevokeBias
[3.277s][info ][safepoint      ] Leaving safepoint region
[3.277s][info ][safepoint      ] Total time for which application threads were stopped: 0.0000373 seconds, Stopping threads took: 0.0000043 seconds
[3.277s][info ][safepoint      ] Application time: 0.0001592 seconds
[3.277s][info ][safepoint      ] Entering safepoint region: RevokeBias
[3.277s][info ][safepoint      ] Leaving safepoint region
[3.277s][info ][safepoint      ] Total time for which application threads were stopped: 0.0000268 seconds, Stopping threads took: 0.0000066 seconds
[3.303s][info ][safepoint      ] Application time: 0.0262407 seconds
[3.303s][info ][safepoint      ] Entering safepoint region: Deoptimize
[3.303s][info ][safepoint      ] Leaving safepoint region
[3.303s][info ][safepoint      ] Total time for which application threads were stopped: 0.0004286 seconds, Stopping threads took: 0.0000083 seconds
[3.639s][info ][safepoint      ] Application time: 0.3353738 seconds
[3.639s][info ][safepoint      ] Entering safepoint region: RevokeBias
[3.639s][info ][safepoint      ] Leaving safepoint region
[3.639s][info ][safepoint      ] Total time for which application threads were stopped: 0.0002667 seconds, Stopping threads took: 0.0000647 seconds
[3.639s][info ][safepoint      ] Application time: 0.0000740 seconds
[3.639s][info ][safepoint      ] Entering safepoint region: RevokeBias
[3.639s][info ][safepoint      ] Leaving safepoint region
[3.639s][info ][safepoint      ] Total time for which application threads were stopped: 0.0000516 seconds, Stopping threads took: 0.0000215 seconds
[3.639s][info ][safepoint      ] Application time: 0.0001828 seconds
[3.639s][info ][safepoint      ] Entering safepoint region: RevokeBias
[3.639s][info ][safepoint      ] Leaving safepoint region
[3.640s][info ][safepoint      ] Total time for which application threads were stopped: 0.0000367 seconds, Stopping threads took: 0.0000045 seconds
[3.640s][info ][safepoint      ] Application time: 0.0001837 seconds
[3.640s][info ][safepoint      ] Entering safepoint region: RevokeBias
[3.640s][info ][safepoint      ] Leaving safepoint region
[3.640s][info ][safepoint      ] Total time for which application threads were stopped: 0.0000514 seconds, Stopping threads took: 0.0000212 seconds
[3.640s][info ][safepoint      ] Application time: 0.0005064 seconds
[3.640s][info ][safepoint      ] Entering safepoint region: RevokeBias
[3.640s][info ][safepoint      ] Leaving safepoint region
[3.640s][info ][safepoint      ] Total time for which application threads were stopped: 0.0001176 seconds, Stopping threads took: 0.0000709 seconds
[3.641s][info ][safepoint      ] Application time: 0.0002345 seconds
[3.641s][info ][safepoint      ] Entering safepoint region: RevokeBias
[3.641s][info ][safepoint      ] Leaving safepoint region
[3.641s][info ][safepoint      ] Total time for which application threads were stopped: 0.0001359 seconds, Stopping threads took: 0.0000923 seconds
[3.641s][info ][safepoint      ] Application time: 0.0000873 seconds
[3.641s][info ][safepoint      ] Entering safepoint region: RevokeBias
[3.641s][info ][safepoint      ] Leaving safepoint region
[3.641s][info ][safepoint      ] Total time for which application threads were stopped: 0.0001500 seconds, Stopping threads took: 0.0000969 seconds
[3.641s][info ][safepoint      ] Application time: 0.0002965 seconds
[3.641s][info ][safepoint      ] Entering safepoint region: RevokeBias
[3.641s][info ][safepoint      ] Leaving safepoint region
[3.641s][info ][safepoint      ] Total time for which application threads were stopped: 0.0001307 seconds, Stopping threads took: 0.0000456 seconds
[3.642s][info ][safepoint      ] Application time: 0.0000543 seconds
[3.642s][info ][safepoint      ] Entering safepoint region: RevokeBias
[3.642s][info ][safepoint      ] Leaving safepoint region
[3.642s][info ][safepoint      ] Total time for which application threads were stopped: 0.0002007 seconds, Stopping threads took: 0.0001573 seconds
[3.642s][info ][safepoint      ] Application time: 0.0001793 seconds
[3.642s][info ][safepoint      ] Entering safepoint region: RevokeBias
[3.642s][info ][safepoint      ] Leaving safepoint region
[3.642s][info ][safepoint      ] Total time for which application threads were stopped: 0.0000594 seconds, Stopping threads took: 0.0000216 seconds
[3.642s][info ][safepoint      ] Application time: 0.0001884 seconds
[3.642s][info ][safepoint      ] Entering safepoint region: RevokeBias
[3.642s][info ][safepoint      ] Leaving safepoint region
[3.642s][info ][safepoint      ] Total time for which application threads were stopped: 0.0001306 seconds, Stopping threads took: 0.0000668 seconds
[3.642s][info ][safepoint      ] Application time: 0.0001787 seconds
[3.643s][info ][safepoint      ] Entering safepoint region: RevokeBias
[3.643s][info ][safepoint      ] Leaving safepoint region
[3.643s][info ][safepoint      ] Total time for which application threads were stopped: 0.0001020 seconds, Stopping threads took: 0.0000493 seconds
[3.643s][info ][safepoint      ] Application time: 0.0005181 seconds
[3.643s][info ][safepoint      ] Entering safepoint region: RevokeBias
[3.643s][info ][safepoint      ] Leaving safepoint region
[3.643s][info ][safepoint      ] Total time for which application threads were stopped: 0.0003055 seconds, Stopping threads took: 0.0002545 seconds
[3.644s][info ][safepoint      ] Application time: 0.0001307 seconds
[3.644s][info ][safepoint      ] Entering safepoint region: RevokeBias
[3.644s][info ][safepoint      ] Leaving safepoint region
[3.644s][info ][safepoint      ] Total time for which application threads were stopped: 0.0002719 seconds, Stopping threads took: 0.0002329 seconds
[3.644s][info ][safepoint      ] Application time: 0.0001510 seconds
[3.644s][info ][safepoint      ] Entering safepoint region: RevokeBias
[3.644s][info ][safepoint      ] Leaving safepoint region
[3.644s][info ][safepoint      ] Total time for which application threads were stopped: 0.0000879 seconds, Stopping threads took: 0.0000359 seconds
[3.644s][info ][safepoint      ] Application time: 0.0003970 seconds
[3.645s][info ][safepoint      ] Entering safepoint region: RevokeBias
[3.645s][info ][safepoint      ] Leaving safepoint region
[3.645s][info ][safepoint      ] Total time for which application threads were stopped: 0.0001568 seconds, Stopping threads took: 0.0000917 seconds
[3.645s][info ][safepoint      ] Application time: 0.0001308 seconds
[3.645s][info ][safepoint      ] Entering safepoint region: RevokeBias
[3.645s][info ][safepoint      ] Leaving safepoint region
[3.645s][info ][safepoint      ] Total time for which application threads were stopped: 0.0001041 seconds, Stopping threads took: 0.0000525 seconds
[3.645s][info ][safepoint      ] Application time: 0.0002436 seconds
[3.645s][info ][safepoint      ] Entering safepoint region: BulkRevokeBias
[3.646s][info ][safepoint      ] Leaving safepoint region
[3.646s][info ][safepoint      ] Total time for which application threads were stopped: 0.0005168 seconds, Stopping threads took: 0.0002947 seconds
[3.646s][info ][safepoint      ] Application time: 0.0008114 seconds
[3.647s][info ][safepoint      ] Entering safepoint region: RevokeBias
[3.647s][info ][safepoint      ] Leaving safepoint region
[3.647s][info ][safepoint      ] Total time for which application threads were stopped: 0.0001018 seconds, Stopping threads took: 0.0000403 seconds
[3.647s][info ][safepoint      ] Application time: 0.0002940 seconds
[3.647s][info ][safepoint      ] Entering safepoint region: RevokeBias
[3.647s][info ][safepoint      ] Leaving safepoint region
[3.647s][info ][safepoint      ] Total time for which application threads were stopped: 0.0001402 seconds, Stopping threads took: 0.0000682 seconds
[3.647s][info ][safepoint      ] Application time: 0.0001847 seconds
[3.647s][info ][safepoint      ] Entering safepoint region: RevokeBias
[3.647s][info ][safepoint      ] Leaving safepoint region
[3.647s][info ][safepoint      ] Total time for which application threads were stopped: 0.0001201 seconds, Stopping threads took: 0.0000483 seconds
[3.648s][info ][safepoint      ] Application time: 0.0005557 seconds
[3.648s][info ][safepoint      ] Entering safepoint region: RevokeBias
[3.648s][info ][safepoint      ] Leaving safepoint region
[3.648s][info ][safepoint      ] Total time for which application threads were stopped: 0.0001103 seconds, Stopping threads took: 0.0000359 seconds
[3.649s][info ][safepoint      ] Application time: 0.0010456 seconds
[3.649s][info ][safepoint      ] Entering safepoint region: RevokeBias
[3.649s][info ][safepoint      ] Leaving safepoint region
[3.649s][info ][safepoint      ] Total time for which application threads were stopped: 0.0002767 seconds, Stopping threads took: 0.0002254 seconds
[3.650s][info ][safepoint      ] Application time: 0.0010750 seconds
[3.651s][info ][safepoint      ] Entering safepoint region: RevokeBias
[3.651s][info ][safepoint      ] Leaving safepoint region
[3.651s][info ][safepoint      ] Total time for which application threads were stopped: 0.0002087 seconds, Stopping threads took: 0.0001540 seconds
[3.664s][info ][safepoint      ] Application time: 0.0130343 seconds
[3.664s][info ][safepoint      ] Entering safepoint region: RevokeBias
[3.664s][info ][safepoint      ] Leaving safepoint region
[3.664s][info ][safepoint      ] Total time for which application threads were stopped: 0.0000996 seconds, Stopping threads took: 0.0000088 seconds
[3.666s][info ][safepoint      ] Application time: 0.0025015 seconds
[3.666s][info ][safepoint      ] Entering safepoint region: RevokeBias
[3.666s][info ][safepoint      ] Leaving safepoint region
[3.667s][info ][safepoint      ] Total time for which application threads were stopped: 0.0001076 seconds, Stopping threads took: 0.0000355 seconds
[3.667s][info ][safepoint      ] Application time: 0.0002484 seconds
[3.667s][info ][safepoint      ] Entering safepoint region: RevokeBias
[3.667s][info ][safepoint      ] Leaving safepoint region
[3.667s][info ][safepoint      ] Total time for which application threads were stopped: 0.0002077 seconds, Stopping threads took: 0.0001601 seconds
[3.670s][info ][safepoint      ] Application time: 0.0034334 seconds
[3.670s][info ][safepoint      ] Entering safepoint region: RevokeBias
[3.671s][info ][safepoint      ] Leaving safepoint region
[3.671s][info ][safepoint      ] Total time for which application threads were stopped: 0.0001184 seconds, Stopping threads took: 0.0000496 seconds
[3.671s][info ][safepoint      ] Application time: 0.0007276 seconds
[3.671s][info ][safepoint      ] Entering safepoint region: RevokeBias
[3.671s][info ][safepoint      ] Leaving safepoint region
[3.671s][info ][safepoint      ] Total time for which application threads were stopped: 0.0001060 seconds, Stopping threads took: 0.0000376 seconds
[3.674s][info ][safepoint      ] Application time: 0.0029563 seconds
[3.675s][info ][safepoint      ] Entering safepoint region: RevokeBias
[3.675s][info ][safepoint      ] Leaving safepoint region
[3.675s][info ][safepoint      ] Total time for which application threads were stopped: 0.0003226 seconds, Stopping threads took: 0.0002566 seconds
[3.677s][info ][safepoint      ] Application time: 0.0027194 seconds
[3.677s][info ][safepoint      ] Entering safepoint region: RevokeBias
[3.678s][info ][safepoint      ] Leaving safepoint region
[3.678s][info ][safepoint      ] Total time for which application threads were stopped: 0.0001158 seconds, Stopping threads took: 0.0000549 seconds
[3.679s][info ][safepoint      ] Application time: 0.0012761 seconds
[3.679s][info ][safepoint      ] Entering safepoint region: RevokeBias
[3.679s][info ][safepoint      ] Leaving safepoint region
[3.679s][info ][safepoint      ] Total time for which application threads were stopped: 0.0001541 seconds, Stopping threads took: 0.0000511 seconds
[3.681s][info ][safepoint      ] Application time: 0.0023113 seconds
[3.681s][info ][safepoint      ] Entering safepoint region: RevokeBias
[3.682s][info ][safepoint      ] Leaving safepoint region
[3.682s][info ][safepoint      ] Total time for which application threads were stopped: 0.0001834 seconds, Stopping threads took: 0.0001343 seconds
[3.684s][info ][safepoint      ] Application time: 0.0028402 seconds
[3.684s][info ][safepoint      ] Entering safepoint region: RevokeBias
[3.684s][info ][safepoint      ] Leaving safepoint region
[3.684s][info ][safepoint      ] Total time for which application threads were stopped: 0.0000917 seconds, Stopping threads took: 0.0000279 seconds
[3.687s][info ][safepoint      ] Application time: 0.0023979 seconds
[3.687s][info ][safepoint      ] Entering safepoint region: RevokeBias
[3.687s][info ][safepoint      ] Leaving safepoint region
[3.687s][info ][safepoint      ] Total time for which application threads were stopped: 0.0001037 seconds, Stopping threads took: 0.0000339 seconds
[3.688s][info ][safepoint      ] Application time: 0.0010020 seconds
[3.688s][info ][safepoint      ] Entering safepoint region: RevokeBias
[3.688s][info ][safepoint      ] Leaving safepoint region
[3.688s][info ][safepoint      ] Total time for which application threads were stopped: 0.0001302 seconds, Stopping threads took: 0.0000877 seconds
[3.689s][info ][safepoint      ] Application time: 0.0007428 seconds
[3.689s][info ][safepoint      ] Entering safepoint region: RevokeBias
[3.689s][info ][safepoint      ] Leaving safepoint region
[3.689s][info ][safepoint      ] Total time for which application threads were stopped: 0.0000783 seconds, Stopping threads took: 0.0000082 seconds
[3.692s][info ][safepoint      ] Application time: 0.0032910 seconds
[3.692s][info ][safepoint      ] Entering safepoint region: RevokeBias
[3.692s][info ][safepoint      ] Leaving safepoint region
[3.692s][info ][safepoint      ] Total time for which application threads were stopped: 0.0000742 seconds, Stopping threads took: 0.0000080 seconds
[3.693s][info ][safepoint      ] Application time: 0.0010371 seconds
[3.694s][info ][safepoint      ] Entering safepoint region: RevokeBias
[3.694s][info ][safepoint      ] Leaving safepoint region
[3.694s][info ][safepoint      ] Total time for which application threads were stopped: 0.0002117 seconds, Stopping threads took: 0.0001587 seconds
[3.694s][info ][safepoint      ] Application time: 0.0007921 seconds
[3.694s][info ][safepoint      ] Entering safepoint region: RevokeBias
[3.695s][info ][safepoint      ] Leaving safepoint region
[3.695s][info ][safepoint      ] Total time for which application threads were stopped: 0.0001083 seconds, Stopping threads took: 0.0000074 seconds
[3.696s][info ][safepoint      ] Application time: 0.0013249 seconds
[3.696s][info ][safepoint      ] Entering safepoint region: RevokeBias
[3.696s][info ][safepoint      ] Leaving safepoint region
[3.696s][info ][safepoint      ] Total time for which application threads were stopped: 0.0000701 seconds, Stopping threads took: 0.0000083 seconds
[3.697s][info ][safepoint      ] Application time: 0.0014059 seconds
[3.699s][info ][safepoint      ] Entering safepoint region: RevokeBias
[3.699s][info ][safepoint      ] Leaving safepoint region
[3.699s][info ][safepoint      ] Total time for which application threads were stopped: 0.0015975 seconds, Stopping threads took: 0.0015279 seconds
[3.700s][info ][safepoint      ] Application time: 0.0006583 seconds
[3.700s][info ][safepoint      ] Entering safepoint region: BulkRevokeBias
[3.700s][info ][safepoint      ] Leaving safepoint region
[3.700s][info ][safepoint      ] Total time for which application threads were stopped: 0.0003487 seconds, Stopping threads took: 0.0001415 seconds
[3.733s][info ][safepoint      ] Application time: 0.0334348 seconds
[3.734s][info ][safepoint      ] Entering safepoint region: RevokeBias
[3.734s][info ][safepoint      ] Leaving safepoint region
[3.734s][info ][safepoint      ] Total time for which application threads were stopped: 0.0002246 seconds, Stopping threads took: 0.0000471 seconds
[3.734s][info ][safepoint      ] Application time: 0.0000696 seconds
[3.734s][info ][safepoint      ] Entering safepoint region: RevokeBias
[3.734s][info ][safepoint      ] Leaving safepoint region
[3.734s][info ][safepoint      ] Total time for which application threads were stopped: 0.0000916 seconds, Stopping threads took: 0.0000169 seconds
[3.766s][info ][safepoint      ] Application time: 0.0323799 seconds
[3.766s][info ][safepoint      ] Entering safepoint region: RevokeBias
[3.767s][info ][safepoint      ] Leaving safepoint region
[3.767s][info ][safepoint      ] Total time for which application threads were stopped: 0.0002298 seconds, Stopping threads took: 0.0000472 seconds
[3.769s][info ][safepoint      ] Application time: 0.0022011 seconds
[3.769s][info ][safepoint      ] Entering safepoint region: RevokeBias
[3.769s][info ][safepoint      ] Leaving safepoint region
[3.769s][info ][safepoint      ] Total time for which application threads were stopped: 0.0001415 seconds, Stopping threads took: 0.0000409 seconds
[3.769s][info ][safepoint      ] Application time: 0.0000602 seconds
[3.769s][info ][safepoint      ] Entering safepoint region: RevokeBias
[3.769s][info ][safepoint      ] Leaving safepoint region
[3.769s][info ][safepoint      ] Total time for which application threads were stopped: 0.0000764 seconds, Stopping threads took: 0.0000051 seconds
[3.772s][info ][safepoint      ] Application time: 0.0027005 seconds
[3.772s][info ][safepoint      ] Entering safepoint region: RevokeBias
[3.772s][info ][safepoint      ] Leaving safepoint region
[3.772s][info ][safepoint      ] Total time for which application threads were stopped: 0.0000794 seconds, Stopping threads took: 0.0000233 seconds
[3.774s][info ][safepoint      ] Application time: 0.0021530 seconds
[3.774s][info ][safepoint      ] Entering safepoint region: RevokeBias
[3.774s][info ][safepoint      ] Leaving safepoint region
[3.774s][info ][safepoint      ] Total time for which application threads were stopped: 0.0001084 seconds, Stopping threads took: 0.0000500 seconds
[3.792s][info ][safepoint      ] Application time: 0.0180046 seconds
[3.792s][info ][safepoint      ] Entering safepoint region: RevokeBias
[3.792s][info ][safepoint      ] Leaving safepoint region
[3.792s][info ][safepoint      ] Total time for which application threads were stopped: 0.0001236 seconds, Stopping threads took: 0.0000475 seconds
[3.793s][info ][safepoint      ] Application time: 0.0003586 seconds
[3.793s][info ][safepoint      ] Entering safepoint region: RevokeBias
[3.793s][info ][safepoint      ] Leaving safepoint region
[3.793s][info ][safepoint      ] Total time for which application threads were stopped: 0.0001234 seconds, Stopping threads took: 0.0000808 seconds
[3.802s][info ][safepoint      ] Application time: 0.0093198 seconds
[3.802s][info ][safepoint      ] Entering safepoint region: RevokeBias
[3.802s][info ][safepoint      ] Leaving safepoint region
[3.802s][info ][safepoint      ] Total time for which application threads were stopped: 0.0001516 seconds, Stopping threads took: 0.0000317 seconds
[3.803s][info ][safepoint      ] Application time: 0.0009285 seconds
[3.803s][info ][safepoint      ] Entering safepoint region: RevokeBias
[3.803s][info ][safepoint      ] Leaving safepoint region
[3.803s][info ][safepoint      ] Total time for which application threads were stopped: 0.0001046 seconds, Stopping threads took: 0.0000626 seconds
[3.803s][info ][safepoint      ] Application time: 0.0000519 seconds
[3.803s][info ][safepoint      ] Entering safepoint region: RevokeBias
[3.803s][info ][safepoint      ] Leaving safepoint region
[3.803s][info ][safepoint      ] Total time for which application threads were stopped: 0.0000575 seconds, Stopping threads took: 0.0000284 seconds
[3.804s][info ][safepoint      ] Application time: 0.0000381 seconds
[3.804s][info ][safepoint      ] Entering safepoint region: RevokeBias
[3.804s][info ][safepoint      ] Leaving safepoint region
[3.804s][info ][safepoint      ] Total time for which application threads were stopped: 0.0000634 seconds, Stopping threads took: 0.0000233 seconds
[3.804s][info ][safepoint      ] Application time: 0.0000392 seconds
[3.804s][info ][safepoint      ] Entering safepoint region: RevokeBias
[3.804s][info ][safepoint      ] Leaving safepoint region
[3.804s][info ][safepoint      ] Total time for which application threads were stopped: 0.0000693 seconds, Stopping threads took: 0.0000219 seconds
[3.804s][info ][safepoint      ] Application time: 0.0000380 seconds
[3.804s][info ][safepoint      ] Entering safepoint region: RevokeBias
[3.804s][info ][safepoint      ] Leaving safepoint region
[3.804s][info ][safepoint      ] Total time for which application threads were stopped: 0.0001098 seconds, Stopping threads took: 0.0000748 seconds
[3.804s][info ][safepoint      ] Application time: 0.0000374 seconds
[3.804s][info ][safepoint      ] Entering safepoint region: RevokeBias
[3.804s][info ][safepoint      ] Leaving safepoint region
[3.804s][info ][safepoint      ] Total time for which application threads were stopped: 0.0000597 seconds, Stopping threads took: 0.0000233 seconds
[3.804s][info ][safepoint      ] Application time: 0.0000371 seconds
[3.804s][info ][safepoint      ] Entering safepoint region: RevokeBias
[3.804s][info ][safepoint      ] Leaving safepoint region
[3.804s][info ][safepoint      ] Total time for which application threads were stopped: 0.0000909 seconds, Stopping threads took: 0.0000530 seconds
[3.804s][info ][safepoint      ] Application time: 0.0000374 seconds
[3.804s][info ][safepoint      ] Entering safepoint region: RevokeBias
[3.804s][info ][safepoint      ] Leaving safepoint region
[3.804s][info ][safepoint      ] Total time for which application threads were stopped: 0.0000658 seconds, Stopping threads took: 0.0000229 seconds
[3.804s][info ][safepoint      ] Application time: 0.0000395 seconds
[3.804s][info ][safepoint      ] Entering safepoint region: RevokeBias
[3.804s][info ][safepoint      ] Leaving safepoint region
[3.804s][info ][safepoint      ] Total time for which application threads were stopped: 0.0000843 seconds, Stopping threads took: 0.0000463 seconds
[3.804s][info ][safepoint      ] Application time: 0.0000393 seconds
[3.804s][info ][safepoint      ] Entering safepoint region: RevokeBias
[3.804s][info ][safepoint      ] Leaving safepoint region
[3.804s][info ][safepoint      ] Total time for which application threads were stopped: 0.0000745 seconds, Stopping threads took: 0.0000316 seconds
[3.805s][info ][safepoint      ] Application time: 0.0000390 seconds
[3.805s][info ][safepoint      ] Entering safepoint region: BulkRevokeBias
[3.805s][info ][safepoint      ] Leaving safepoint region
[3.805s][info ][safepoint      ] Total time for which application threads were stopped: 0.0001654 seconds, Stopping threads took: 0.0000061 seconds
[3.844s][info ][safepoint      ] Application time: 0.0391359 seconds
[3.844s][info ][safepoint      ] Entering safepoint region: RevokeBias
[3.844s][info ][safepoint      ] Leaving safepoint region
[3.844s][info ][safepoint      ] Total time for which application threads were stopped: 0.0004622 seconds, Stopping threads took: 0.0000326 seconds
[3.845s][info ][safepoint      ] Application time: 0.0008223 seconds
[3.845s][info ][safepoint      ] Entering safepoint region: RevokeBias
[3.845s][info ][safepoint      ] Leaving safepoint region
[3.845s][info ][safepoint      ] Total time for which application threads were stopped: 0.0002165 seconds, Stopping threads took: 0.0001384 seconds
[3.846s][info ][safepoint      ] Application time: 0.0005018 seconds
[3.846s][info ][safepoint      ] Entering safepoint region: RevokeBias
[3.846s][info ][safepoint      ] Leaving safepoint region
[3.846s][info ][safepoint      ] Total time for which application threads were stopped: 0.0001570 seconds, Stopping threads took: 0.0000805 seconds
[3.847s][info ][safepoint      ] Application time: 0.0010038 seconds
[3.847s][info ][safepoint      ] Entering safepoint region: RevokeBias
[3.847s][info ][safepoint      ] Leaving safepoint region
[3.847s][info ][safepoint      ] Total time for which application threads were stopped: 0.0003481 seconds, Stopping threads took: 0.0002071 seconds
[3.848s][info ][safepoint      ] Application time: 0.0002010 seconds
[3.848s][info ][safepoint      ] Entering safepoint region: RevokeBias
[3.848s][info ][safepoint      ] Leaving safepoint region
[3.848s][info ][safepoint      ] Total time for which application threads were stopped: 0.0002199 seconds, Stopping threads took: 0.0000996 seconds
[3.848s][info ][safepoint      ] Application time: 0.0006114 seconds
[3.849s][info ][safepoint      ] Entering safepoint region: BulkRevokeBias
[3.849s][info ][safepoint      ] Leaving safepoint region
[3.849s][info ][safepoint      ] Total time for which application threads were stopped: 0.0006289 seconds, Stopping threads took: 0.0000882 seconds
[3.851s][info ][safepoint      ] Application time: 0.0019783 seconds
[3.851s][info ][safepoint      ] Entering safepoint region: RevokeBias
[3.851s][info ][safepoint      ] Leaving safepoint region
[3.851s][info ][safepoint      ] Total time for which application threads were stopped: 0.0001942 seconds, Stopping threads took: 0.0001163 seconds
[3.856s][info ][safepoint      ] Application time: 0.0046388 seconds
[3.856s][info ][safepoint      ] Entering safepoint region: RevokeBias
[3.856s][info ][safepoint      ] Leaving safepoint region
[3.856s][info ][safepoint      ] Total time for which application threads were stopped: 0.0001986 seconds, Stopping threads took: 0.0001002 seconds
[3.870s][info ][safepoint      ] Application time: 0.0137621 seconds
[3.870s][info ][safepoint      ] Entering safepoint region: RevokeBias
[3.870s][info ][safepoint      ] Leaving safepoint region
[3.870s][info ][safepoint      ] Total time for which application threads were stopped: 0.0002187 seconds, Stopping threads took: 0.0001089 seconds
[3.871s][info ][safepoint      ] Application time: 0.0007689 seconds
[3.871s][info ][safepoint      ] Entering safepoint region: RevokeBias
[3.871s][info ][safepoint      ] Leaving safepoint region
[3.871s][info ][safepoint      ] Total time for which application threads were stopped: 0.0002499 seconds, Stopping threads took: 0.0000966 seconds
[3.872s][info ][safepoint      ] Application time: 0.0010415 seconds
[3.872s][info ][safepoint      ] Entering safepoint region: RevokeBias
[3.872s][info ][safepoint      ] Leaving safepoint region
[3.872s][info ][safepoint      ] Total time for which application threads were stopped: 0.0002017 seconds, Stopping threads took: 0.0001220 seconds
[3.873s][info ][safepoint      ] Application time: 0.0009570 seconds
[3.874s][info ][safepoint      ] Entering safepoint region: RevokeBias
[3.874s][info ][safepoint      ] Leaving safepoint region
[3.874s][info ][safepoint      ] Total time for which application threads were stopped: 0.0002708 seconds, Stopping threads took: 0.0001071 seconds
[3.874s][info ][safepoint      ] Application time: 0.0001941 seconds
[3.874s][info ][safepoint      ] Entering safepoint region: RevokeBias
[3.874s][info ][safepoint      ] Leaving safepoint region
[3.874s][info ][safepoint      ] Total time for which application threads were stopped: 0.0003151 seconds, Stopping threads took: 0.0001197 seconds
[3.875s][info ][safepoint      ] Application time: 0.0007241 seconds
[3.875s][info ][safepoint      ] Entering safepoint region: RevokeBias
[3.875s][info ][safepoint      ] Leaving safepoint region
[3.875s][info ][safepoint      ] Total time for which application threads were stopped: 0.0001770 seconds, Stopping threads took: 0.0000955 seconds
[3.876s][info ][safepoint      ] Application time: 0.0009995 seconds
[3.876s][info ][safepoint      ] Entering safepoint region: RevokeBias
[3.876s][info ][safepoint      ] Leaving safepoint region
[3.876s][info ][safepoint      ] Total time for which application threads were stopped: 0.0001958 seconds, Stopping threads took: 0.0001160 seconds
[3.877s][info ][safepoint      ] Application time: 0.0005521 seconds
[3.877s][info ][safepoint      ] Entering safepoint region: RevokeBias
[3.877s][info ][safepoint      ] Leaving safepoint region
[3.877s][info ][safepoint      ] Total time for which application threads were stopped: 0.0003845 seconds, Stopping threads took: 0.0001631 seconds
[3.880s][info ][safepoint      ] Application time: 0.0023140 seconds
[3.880s][info ][safepoint      ] Entering safepoint region: RevokeBias
[3.880s][info ][safepoint      ] Leaving safepoint region
[3.880s][info ][safepoint      ] Total time for which application threads were stopped: 0.0005665 seconds, Stopping threads took: 0.0004325 seconds
[3.883s][info ][safepoint      ] Application time: 0.0028207 seconds
[3.883s][info ][safepoint      ] Entering safepoint region: RevokeBias
[3.883s][info ][safepoint      ] Leaving safepoint region
[3.883s][info ][safepoint      ] Total time for which application threads were stopped: 0.0002984 seconds, Stopping threads took: 0.0001593 seconds
[3.885s][info ][safepoint      ] Application time: 0.0012935 seconds
[3.885s][info ][safepoint      ] Entering safepoint region: RevokeBias
[3.885s][info ][safepoint      ] Leaving safepoint region
[3.885s][info ][safepoint      ] Total time for which application threads were stopped: 0.0008011 seconds, Stopping threads took: 0.0007083 seconds
[3.890s][info ][safepoint      ] Application time: 0.0049498 seconds
[3.891s][info ][safepoint      ] Entering safepoint region: RevokeBias
[3.891s][info ][safepoint      ] Leaving safepoint region
[3.891s][info ][safepoint      ] Total time for which application threads were stopped: 0.0002984 seconds, Stopping threads took: 0.0001495 seconds
[3.897s][info ][safepoint      ] Application time: 0.0062249 seconds
[3.897s][info ][safepoint      ] Entering safepoint region: RevokeBias
[3.897s][info ][safepoint      ] Leaving safepoint region
[3.897s][info ][safepoint      ] Total time for which application threads were stopped: 0.0003389 seconds, Stopping threads took: 0.0001028 seconds
[3.902s][info ][safepoint      ] Application time: 0.0051299 seconds
[3.903s][info ][safepoint      ] Entering safepoint region: RevokeBias
[3.903s][info ][safepoint      ] Leaving safepoint region
[3.903s][info ][safepoint      ] Total time for which application threads were stopped: 0.0004778 seconds, Stopping threads took: 0.0002494 seconds
[3.905s][info ][safepoint      ] Application time: 0.0019928 seconds
[3.905s][info ][safepoint      ] Entering safepoint region: RevokeBias
[3.905s][info ][safepoint      ] Leaving safepoint region
[3.905s][info ][safepoint      ] Total time for which application threads were stopped: 0.0002748 seconds, Stopping threads took: 0.0000997 seconds
[3.908s][info ][safepoint      ] Application time: 0.0029101 seconds
[3.908s][info ][safepoint      ] Entering safepoint region: RevokeBias
[3.909s][info ][safepoint      ] Leaving safepoint region
[3.909s][info ][safepoint      ] Total time for which application threads were stopped: 0.0003558 seconds, Stopping threads took: 0.0001144 seconds
[3.911s][info ][safepoint      ] Application time: 0.0022571 seconds
[3.911s][info ][safepoint      ] Entering safepoint region: RevokeBias
[3.911s][info ][safepoint      ] Leaving safepoint region
[3.911s][info ][safepoint      ] Total time for which application threads were stopped: 0.0003294 seconds, Stopping threads took: 0.0001203 seconds
[3.911s][info ][safepoint      ] Application time: 0.0001504 seconds
[3.911s][info ][safepoint      ] Entering safepoint region: RevokeBias
[3.912s][info ][safepoint      ] Leaving safepoint region
[3.912s][info ][safepoint      ] Total time for which application threads were stopped: 0.0002794 seconds, Stopping threads took: 0.0001231 seconds
[3.913s][info ][safepoint      ] Application time: 0.0009986 seconds
[3.913s][info ][safepoint      ] Entering safepoint region: BulkRevokeBias
[3.913s][info ][safepoint      ] Leaving safepoint region
[3.913s][info ][safepoint      ] Total time for which application threads were stopped: 0.0008576 seconds, Stopping threads took: 0.0001249 seconds
[3.916s][info ][safepoint      ] Application time: 0.0027114 seconds
[3.920s][info ][safepoint      ] Entering safepoint region: RevokeBias
[3.920s][info ][safepoint      ] Leaving safepoint region
[3.920s][info ][safepoint      ] Total time for which application threads were stopped: 0.0039657 seconds, Stopping threads took: 0.0036257 seconds
[3.944s][info ][safepoint      ] Application time: 0.0242188 seconds
[3.945s][info ][safepoint      ] Entering safepoint region: RevokeBias
[3.945s][info ][safepoint      ] Leaving safepoint region
[3.945s][info ][safepoint      ] Total time for which application threads were stopped: 0.0005847 seconds, Stopping threads took: 0.0002128 seconds
[3.947s][info ][safepoint      ] Application time: 0.0018683 seconds
[3.948s][info ][safepoint      ] Entering safepoint region: RevokeBias
[3.950s][info ][safepoint      ] Leaving safepoint region
[3.950s][info ][safepoint      ] Total time for which application threads were stopped: 0.0035667 seconds, Stopping threads took: 0.0008659 seconds
[3.953s][info ][safepoint      ] Application time: 0.0022316 seconds
[3.959s][info ][safepoint      ] Entering safepoint region: RevokeBias
[3.959s][info ][safepoint      ] Leaving safepoint region
[3.959s][info ][safepoint      ] Total time for which application threads were stopped: 0.0066980 seconds, Stopping threads took: 0.0064302 seconds
[3.960s][info ][safepoint      ] Application time: 0.0005072 seconds
[3.960s][info ][safepoint      ] Entering safepoint region: RevokeBias
[3.960s][info ][safepoint      ] Leaving safepoint region
[3.960s][info ][safepoint      ] Total time for which application threads were stopped: 0.0003586 seconds, Stopping threads took: 0.0001237 seconds
[3.965s][info ][safepoint      ] Application time: 0.0045766 seconds
[3.965s][info ][safepoint      ] Entering safepoint region: RevokeBias
[3.965s][info ][safepoint      ] Leaving safepoint region
[3.965s][info ][safepoint      ] Total time for which application threads were stopped: 0.0004080 seconds, Stopping threads took: 0.0001620 seconds
[3.968s][info ][safepoint      ] Application time: 0.0026846 seconds
[3.969s][info ][safepoint      ] Entering safepoint region: RevokeBias
[3.969s][info ][safepoint      ] Leaving safepoint region
[3.969s][info ][safepoint      ] Total time for which application threads were stopped: 0.0008670 seconds, Stopping threads took: 0.0006371 seconds
[3.970s][info ][safepoint      ] Application time: 0.0004172 seconds
[3.970s][info ][safepoint      ] Entering safepoint region: RevokeBias
[3.970s][info ][safepoint      ] Leaving safepoint region
[3.970s][info ][safepoint      ] Total time for which application threads were stopped: 0.0002835 seconds, Stopping threads took: 0.0001437 seconds
[3.970s][info ][safepoint      ] Application time: 0.0003515 seconds
[3.970s][info ][safepoint      ] Entering safepoint region: RevokeBias
[3.971s][info ][safepoint      ] Leaving safepoint region
[3.971s][info ][safepoint      ] Total time for which application threads were stopped: 0.0004085 seconds, Stopping threads took: 0.0001736 seconds
[3.972s][info ][safepoint      ] Application time: 0.0012034 seconds
[3.972s][info ][safepoint      ] Entering safepoint region: RevokeBias
[3.972s][info ][safepoint      ] Leaving safepoint region
[3.972s][info ][safepoint      ] Total time for which application threads were stopped: 0.0002908 seconds, Stopping threads took: 0.0001018 seconds
[3.974s][info ][safepoint      ] Application time: 0.0019932 seconds
[3.975s][info ][safepoint      ] Entering safepoint region: RevokeBias
[3.975s][info ][safepoint      ] Leaving safepoint region
[3.975s][info ][safepoint      ] Total time for which application threads were stopped: 0.0008552 seconds, Stopping threads took: 0.0006304 seconds
[3.978s][info ][safepoint      ] Application time: 0.0028935 seconds
[3.981s][info ][safepoint      ] Entering safepoint region: BulkRevokeBias
[3.982s][info ][safepoint      ] Leaving safepoint region
[3.982s][info ][safepoint      ] Total time for which application threads were stopped: 0.0040291 seconds, Stopping threads took: 0.0030210 seconds
[4.062s][info ][safepoint      ] Application time: 0.0803472 seconds
[4.063s][info ][safepoint      ] Entering safepoint region: RevokeBias
[4.063s][info ][safepoint      ] Leaving safepoint region
[4.063s][info ][safepoint      ] Total time for which application threads were stopped: 0.0004527 seconds, Stopping threads took: 0.0001640 seconds
[4.074s][info ][safepoint      ] Application time: 0.0109074 seconds
[4.074s][info ][safepoint      ] Entering safepoint region: Deoptimize
[4.075s][info ][safepoint      ] Leaving safepoint region
[4.075s][info ][safepoint      ] Total time for which application threads were stopped: 0.0008829 seconds, Stopping threads took: 0.0001979 seconds
[4.108s][info ][safepoint      ] Application time: 0.0329435 seconds
[4.108s][info ][safepoint      ] Entering safepoint region: RevokeBias
[4.108s][info ][safepoint      ] Leaving safepoint region
[4.108s][info ][safepoint      ] Total time for which application threads were stopped: 0.0004770 seconds, Stopping threads took: 0.0002256 seconds
[4.114s][info ][safepoint      ] Application time: 0.0053745 seconds
[4.114s][info ][safepoint      ] Entering safepoint region: RevokeBias
[4.114s][info ][safepoint      ] Leaving safepoint region
[4.114s][info ][safepoint      ] Total time for which application threads were stopped: 0.0003430 seconds, Stopping threads took: 0.0001766 seconds
[4.131s][info ][safepoint      ] Application time: 0.0168988 seconds
[4.131s][info ][safepoint      ] Entering safepoint region: Deoptimize
[4.132s][info ][safepoint      ] Leaving safepoint region
[4.132s][info ][safepoint      ] Total time for which application threads were stopped: 0.0008682 seconds, Stopping threads took: 0.0002082 seconds
[4.134s][info ][safepoint      ] Application time: 0.0022105 seconds
[4.137s][info ][safepoint      ] Entering safepoint region: Deoptimize
[4.137s][info ][safepoint      ] Leaving safepoint region
[4.137s][info ][safepoint      ] Total time for which application threads were stopped: 0.0032062 seconds, Stopping threads took: 0.0025895 seconds
[4.173s][info ][safepoint      ] Application time: 0.0361443 seconds
[4.176s][info ][safepoint      ] Entering safepoint region: RevokeBias
[4.177s][info ][safepoint      ] Leaving safepoint region
[4.177s][info ][safepoint      ] Total time for which application threads were stopped: 0.0032798 seconds, Stopping threads took: 0.0030465 seconds
[4.211s][info ][safepoint      ] Application time: 0.0346746 seconds
[4.211s][info ][safepoint      ] Entering safepoint region: RevokeBias
[4.212s][info ][safepoint      ] Leaving safepoint region
[4.212s][info ][safepoint      ] Total time for which application threads were stopped: 0.0004587 seconds, Stopping threads took: 0.0001289 seconds
[4.248s][info ][safepoint      ] Application time: 0.0357871 seconds
[4.248s][info ][safepoint      ] Entering safepoint region: RevokeBias
[4.248s][info ][safepoint      ] Leaving safepoint region
[4.248s][info ][safepoint      ] Total time for which application threads were stopped: 0.0005361 seconds, Stopping threads took: 0.0001293 seconds
[4.252s][info ][safepoint      ] Application time: 0.0038113 seconds
[4.252s][info ][safepoint      ] Entering safepoint region: CollectForMetadataAllocation
[4.252s][info ][gc,start       ] GC(2) Pause Young (Metadata GC Threshold)
[4.306s][debug][gc,phases      ] GC(2) Scavenge 54.012ms
[4.306s][debug][gc,ref         ] GC(2) Skipped phase1 of Reference Processing due to unavailable references
[4.307s][debug][gc,ref         ] GC(2) Skipped phase3 of Reference Processing due to unavailable references
[4.307s][debug][gc,phases      ] GC(2) Reference Processing 0.296ms
[4.307s][debug][gc,phases      ] GC(2) Weak Processing 0.215ms
[4.308s][debug][gc,phases      ] GC(2) Scrub String Table 1.084ms
[4.308s][debug][gc,age         ] GC(2) Desired survivor size 536870912 bytes, new threshold 7 (max threshold 15)
[4.308s][info ][gc,heap        ] GC(2) PSYoungGen: 271114K->62445K(1572864K)
[4.308s][info ][gc,heap        ] GC(2) ParOldGen: 5695K->5711K(6144K)
[4.308s][info ][gc,metaspace   ] GC(2) Metaspace: 32929K->32929K(1079296K)
[4.308s][info ][gc             ] GC(2) Pause Young (Metadata GC Threshold) 270M->66M(1542M) 55.772ms
[4.308s][info ][gc,cpu         ] GC(2) User=0.17s Sys=0.04s Real=0.06s
[4.308s][debug][gc,phases      ] GC(3) Pre Compact 0.041ms
[4.308s][info ][gc,start       ] GC(3) Pause Full (Metadata GC Threshold)
[4.308s][info ][gc,phases,start] GC(3) Marking Phase
[4.362s][debug][gc,phases      ] GC(3) Par Mark 53.397ms
[4.362s][debug][gc,ref         ] GC(3) Skipped phase1 of Reference Processing due to unavailable references
[4.362s][debug][gc,ref         ] GC(3) Skipped phase3 of Reference Processing due to unavailable references
[4.362s][debug][gc,phases      ] GC(3) Reference Processing 0.190ms
[4.362s][debug][gc,phases      ] GC(3) Weak Processing 0.110ms
[4.363s][debug][gc,phases      ] GC(3) ClassLoaderData 0.742ms
[4.363s][debug][gc,phases      ] GC(3) Dictionary 0.018ms
[4.363s][debug][gc,phases      ] GC(3) ProtectionDomainCacheTable 0.004ms
[4.363s][debug][gc,phases      ] GC(3) ResolvedMethodTable 0.101ms
[4.376s][debug][gc,phases      ] GC(3) Class Unloading 13.630ms
[4.376s][debug][gc,phases      ] GC(3) Scrub String Table 0.388ms
[4.379s][debug][gc,phases      ] GC(3) Scrub Symbol Table 2.393ms
[4.379s][info ][gc,phases      ] GC(3) Marking Phase 70.461ms
[4.379s][info ][gc,phases,start] GC(3) Summary Phase
[4.379s][info ][gc,phases      ] GC(3) Summary Phase 0.010ms
[4.379s][info ][gc,phases,start] GC(3) Adjust Roots
[4.401s][info ][gc,phases      ] GC(3) Adjust Roots 22.578ms
[4.401s][info ][gc,phases,start] GC(3) Compaction Phase
[4.920s][info ][gc,phases      ] GC(3) Compaction Phase 518.860ms
[4.920s][info ][gc,phases,start] GC(3) Post Compact
[4.921s][info ][gc,phases      ] GC(3) Post Compact 0.627ms
[4.921s][info ][gc,heap        ] GC(3) PSYoungGen: 62445K->61768K(1572864K)
[4.921s][info ][gc,heap        ] GC(3) ParOldGen: 5711K->6106K(6144K)
[4.921s][info ][gc,metaspace   ] GC(3) Metaspace: 32929K->32822K(1079296K)
[4.921s][info ][gc             ] GC(3) Pause Full (Metadata GC Threshold) 66M->66M(1542M) 612.699ms
[4.921s][info ][gc,cpu         ] GC(3) User=2.28s Sys=0.03s Real=0.61s
[4.921s][info ][safepoint      ] Leaving safepoint region
[4.921s][info ][safepoint      ] Total time for which application threads were stopped: 0.6689865 seconds, Stopping threads took: 0.0001586 seconds
[4.929s][info ][safepoint      ] Application time: 0.0077977 seconds
[4.929s][info ][safepoint      ] Entering safepoint region: RevokeBias
[4.929s][info ][safepoint      ] Leaving safepoint region
[4.929s][info ][safepoint      ] Total time for which application threads were stopped: 0.0005170 seconds, Stopping threads took: 0.0002310 seconds
[4.930s][info ][safepoint      ] Application time: 0.0004918 seconds
[4.930s][info ][safepoint      ] Entering safepoint region: RevokeBias
[4.931s][info ][safepoint      ] Leaving safepoint region
[4.931s][info ][safepoint      ] Total time for which application threads were stopped: 0.0009932 seconds, Stopping threads took: 0.0005669 seconds
[4.934s][info ][safepoint      ] Application time: 0.0027120 seconds
[4.934s][info ][safepoint      ] Entering safepoint region: RevokeBias
[4.934s][info ][safepoint      ] Leaving safepoint region
[4.934s][info ][safepoint      ] Total time for which application threads were stopped: 0.0003543 seconds, Stopping threads took: 0.0001645 seconds
[4.939s][info ][safepoint      ] Application time: 0.0049361 seconds
[4.939s][info ][safepoint      ] Entering safepoint region: RevokeBias
[4.939s][info ][safepoint      ] Leaving safepoint region
[4.939s][info ][safepoint      ] Total time for which application threads were stopped: 0.0003377 seconds, Stopping threads took: 0.0000641 seconds
[4.945s][info ][safepoint      ] Application time: 0.0062863 seconds
[4.946s][info ][safepoint      ] Entering safepoint region: RevokeBias
[4.946s][info ][safepoint      ] Leaving safepoint region
[4.946s][info ][safepoint      ] Total time for which application threads were stopped: 0.0003625 seconds, Stopping threads took: 0.0001573 seconds
[4.949s][info ][safepoint      ] Application time: 0.0026903 seconds
[4.952s][info ][safepoint      ] Entering safepoint region: RevokeBias
[4.952s][info ][safepoint      ] Leaving safepoint region
[4.952s][info ][safepoint      ] Total time for which application threads were stopped: 0.0033007 seconds, Stopping threads took: 0.0031215 seconds
[4.960s][info ][safepoint      ] Application time: 0.0078098 seconds
[4.960s][info ][safepoint      ] Entering safepoint region: RevokeBias
[4.960s][info ][safepoint      ] Leaving safepoint region
[4.960s][info ][safepoint      ] Total time for which application threads were stopped: 0.0003168 seconds, Stopping threads took: 0.0001430 seconds
[4.961s][info ][safepoint      ] Application time: 0.0013714 seconds
[4.962s][info ][safepoint      ] Entering safepoint region: RevokeBias
[4.962s][info ][safepoint      ] Leaving safepoint region
[4.962s][info ][safepoint      ] Total time for which application threads were stopped: 0.0003574 seconds, Stopping threads took: 0.0001639 seconds
[4.965s][info ][safepoint      ] Application time: 0.0027659 seconds
[4.965s][info ][safepoint      ] Entering safepoint region: RevokeBias
[4.965s][info ][safepoint      ] Leaving safepoint region
[4.965s][info ][safepoint      ] Total time for which application threads were stopped: 0.0004855 seconds, Stopping threads took: 0.0001944 seconds
[4.966s][info ][safepoint      ] Application time: 0.0013582 seconds
[4.967s][info ][safepoint      ] Entering safepoint region: RevokeBias
[4.967s][info ][safepoint      ] Leaving safepoint region
[4.967s][info ][safepoint      ] Total time for which application threads were stopped: 0.0004715 seconds, Stopping threads took: 0.0002228 seconds
[4.975s][info ][safepoint      ] Application time: 0.0080892 seconds
[4.975s][info ][safepoint      ] Entering safepoint region: RevokeBias
[4.975s][info ][safepoint      ] Leaving safepoint region
[4.975s][info ][safepoint      ] Total time for which application threads were stopped: 0.0002774 seconds, Stopping threads took: 0.0000980 seconds
[4.978s][info ][safepoint      ] Application time: 0.0030182 seconds
[4.978s][info ][safepoint      ] Entering safepoint region: RevokeBias
[4.979s][info ][safepoint      ] Leaving safepoint region
[4.979s][info ][safepoint      ] Total time for which application threads were stopped: 0.0003740 seconds, Stopping threads took: 0.0001095 seconds
[4.996s][info ][safepoint      ] Application time: 0.0167559 seconds
[4.996s][info ][safepoint      ] Entering safepoint region: BulkRevokeBias
[4.997s][info ][safepoint      ] Leaving safepoint region
[4.997s][info ][safepoint      ] Total time for which application threads were stopped: 0.0012680 seconds, Stopping threads took: 0.0001402 seconds
[5.093s][info ][safepoint      ] Application time: 0.0965755 seconds
[5.094s][info ][safepoint      ] Entering safepoint region: Deoptimize
[5.094s][info ][safepoint      ] Leaving safepoint region
[5.094s][info ][safepoint      ] Total time for which application threads were stopped: 0.0008325 seconds, Stopping threads took: 0.0001176 seconds
[5.179s][info ][safepoint      ] Application time: 0.0849023 seconds
[5.179s][info ][safepoint      ] Entering safepoint region: ICBufferFull
[5.180s][info ][safepoint      ] Leaving safepoint region
[5.180s][info ][safepoint      ] Total time for which application threads were stopped: 0.0003298 seconds, Stopping threads took: 0.0001151 seconds
[5.195s][info ][safepoint      ] Application time: 0.0158054 seconds
[5.201s][info ][safepoint      ] Entering safepoint region: Deoptimize
[5.202s][info ][safepoint      ] Leaving safepoint region
[5.202s][info ][safepoint      ] Total time for which application threads were stopped: 0.0062095 seconds, Stopping threads took: 0.0053303 seconds
[5.296s][info ][safepoint      ] Application time: 0.0944521 seconds
[5.296s][info ][safepoint      ] Entering safepoint region: ICBufferFull
[5.297s][info ][safepoint      ] Leaving safepoint region
[5.297s][info ][safepoint      ] Total time for which application threads were stopped: 0.0004256 seconds, Stopping threads took: 0.0001160 seconds
[5.325s][info ][safepoint      ] Application time: 0.0287203 seconds
[5.326s][info ][safepoint      ] Entering safepoint region: Deoptimize
[5.327s][info ][safepoint      ] Leaving safepoint region
[5.327s][info ][safepoint      ] Total time for which application threads were stopped: 0.0019208 seconds, Stopping threads took: 0.0010257 seconds
[5.436s][info ][safepoint      ] Application time: 0.1085387 seconds
[5.436s][info ][safepoint      ] Entering safepoint region: Deoptimize
[5.437s][info ][safepoint      ] Leaving safepoint region
[5.437s][info ][safepoint      ] Total time for which application threads were stopped: 0.0010841 seconds, Stopping threads took: 0.0002326 seconds
[5.494s][info ][safepoint      ] Application time: 0.0575944 seconds
[5.495s][info ][safepoint      ] Entering safepoint region: Deoptimize
[5.495s][info ][safepoint      ] Leaving safepoint region
[5.495s][info ][safepoint      ] Total time for which application threads were stopped: 0.0008759 seconds, Stopping threads took: 0.0001358 seconds
[5.796s][info ][safepoint      ] Application time: 0.3006362 seconds
[5.796s][info ][safepoint      ] Entering safepoint region: ParallelGCFailedAllocation
[5.797s][debug][gc,phases      ] GC(4) Pre Compact 0.022ms
[5.797s][info ][gc,start       ] GC(4) Pause Full (Ergonomics)
[5.797s][info ][gc,phases,start] GC(4) Marking Phase
[5.925s][debug][gc,phases      ] GC(4) Par Mark 128.237ms
[5.925s][debug][gc,ref         ] GC(4) Skipped phase1 of Reference Processing due to unavailable references
[5.926s][debug][gc,ref         ] GC(4) Skipped phase3 of Reference Processing due to unavailable references
[5.926s][debug][gc,phases      ] GC(4) Reference Processing 0.476ms
[5.926s][debug][gc,phases      ] GC(4) Weak Processing 0.122ms
[5.926s][debug][gc,phases      ] GC(4) ClassLoaderData 0.523ms
[5.926s][debug][gc,phases      ] GC(4) ProtectionDomainCacheTable 0.004ms
[5.927s][debug][gc,phases      ] GC(4) ResolvedMethodTable 0.145ms
[5.929s][debug][gc,phases      ] GC(4) Class Unloading 2.645ms
[5.929s][debug][gc,phases      ] GC(4) Scrub String Table 0.390ms
[5.932s][debug][gc,phases      ] GC(4) Scrub Symbol Table 3.239ms
[5.932s][info ][gc,phases      ] GC(4) Marking Phase 135.585ms
[5.932s][info ][gc,phases,start] GC(4) Summary Phase
[5.932s][info ][gc,phases      ] GC(4) Summary Phase 0.035ms
[5.932s][info ][gc,phases,start] GC(4) Adjust Roots
[5.957s][info ][gc,phases      ] GC(4) Adjust Roots 25.061ms
[5.957s][info ][gc,phases,start] GC(4) Compaction Phase
[6.255s][info ][gc,phases      ] GC(4) Compaction Phase 297.290ms
[6.255s][info ][gc,phases,start] GC(4) Post Compact
[6.261s][info ][gc,phases      ] GC(4) Post Compact 5.902ms
[6.261s][info ][gc,heap        ] GC(4) PSYoungGen: 1110344K->128954K(1572864K)
[6.261s][info ][gc,heap        ] GC(4) ParOldGen: 6106K->6130K(18944K)
[6.261s][info ][gc,metaspace   ] GC(4) Metaspace: 40111K->40111K(1085440K)
[6.261s][info ][gc             ] GC(4) Pause Full (Ergonomics) 1090M->131M(1554M) 464.242ms
[6.261s][info ][gc,cpu         ] GC(4) User=1.64s Sys=0.06s Real=0.47s
[6.261s][info ][safepoint      ] Leaving safepoint region
[6.261s][info ][safepoint      ] Total time for which application threads were stopped: 0.4648807 seconds, Stopping threads took: 0.0003059 seconds
[6.262s][info ][safepoint      ] Application time: 0.0012874 seconds
[6.266s][info ][safepoint      ] Entering safepoint region: RevokeBias
[6.266s][info ][safepoint      ] Leaving safepoint region
[6.266s][info ][safepoint      ] Total time for which application threads were stopped: 0.0041802 seconds, Stopping threads took: 0.0040461 seconds
[6.267s][info ][safepoint      ] Application time: 0.0000961 seconds
[6.267s][info ][safepoint      ] Entering safepoint region: RevokeBias
[6.267s][info ][safepoint      ] Leaving safepoint region
[6.267s][info ][safepoint      ] Total time for which application threads were stopped: 0.0000784 seconds, Stopping threads took: 0.0000050 seconds
[6.371s][info ][safepoint      ] Application time: 0.1045630 seconds
[6.374s][info ][safepoint      ] Entering safepoint region: Deoptimize
[6.375s][info ][safepoint      ] Leaving safepoint region
[6.375s][info ][safepoint      ] Total time for which application threads were stopped: 0.0038783 seconds, Stopping threads took: 0.0030799 seconds
[6.406s][info ][safepoint      ] Application time: 0.0307953 seconds
[6.410s][info ][safepoint      ] Entering safepoint region: RevokeBias
[6.410s][info ][safepoint      ] Leaving safepoint region
[6.410s][info ][safepoint      ] Total time for which application threads were stopped: 0.0038352 seconds, Stopping threads took: 0.0036779 seconds
[6.450s][info ][safepoint      ] Application time: 0.0402900 seconds
[6.453s][info ][safepoint      ] Entering safepoint region: RevokeBias
[6.453s][info ][safepoint      ] Leaving safepoint region
[6.453s][info ][safepoint      ] Total time for which application threads were stopped: 0.0033947 seconds, Stopping threads took: 0.0032130 seconds
[6.454s][info ][safepoint      ] Application time: 0.0002317 seconds
[6.454s][info ][safepoint      ] Entering safepoint region: RevokeBias
[6.454s][info ][safepoint      ] Leaving safepoint region
[6.454s][info ][safepoint      ] Total time for which application threads were stopped: 0.0001921 seconds, Stopping threads took: 0.0000494 seconds
[6.454s][info ][safepoint      ] Application time: 0.0001286 seconds
[6.454s][info ][safepoint      ] Entering safepoint region: RevokeBias
[6.454s][info ][safepoint      ] Leaving safepoint region
[6.454s][info ][safepoint      ] Total time for which application threads were stopped: 0.0002599 seconds, Stopping threads took: 0.0001125 seconds
[6.457s][info ][safepoint      ] Application time: 0.0021903 seconds
[6.457s][info ][safepoint      ] Entering safepoint region: RevokeBias
[6.457s][info ][safepoint      ] Leaving safepoint region
[6.457s][info ][safepoint      ] Total time for which application threads were stopped: 0.0003978 seconds, Stopping threads took: 0.0002524 seconds
[6.457s][info ][safepoint      ] Application time: 0.0000554 seconds
[6.457s][info ][safepoint      ] Entering safepoint region: RevokeBias
[6.457s][info ][safepoint      ] Leaving safepoint region
[6.457s][info ][safepoint      ] Total time for which application threads were stopped: 0.0001677 seconds, Stopping threads took: 0.0000597 seconds
[6.457s][info ][safepoint      ] Application time: 0.0000601 seconds
[6.457s][info ][safepoint      ] Entering safepoint region: RevokeBias
[6.457s][info ][safepoint      ] Leaving safepoint region
[6.457s][info ][safepoint      ] Total time for which application threads were stopped: 0.0001883 seconds, Stopping threads took: 0.0000840 seconds
[6.458s][info ][safepoint      ] Application time: 0.0000750 seconds
[6.458s][info ][safepoint      ] Entering safepoint region: RevokeBias
[6.458s][info ][safepoint      ] Leaving safepoint region
[6.458s][info ][safepoint      ] Total time for which application threads were stopped: 0.0001453 seconds, Stopping threads took: 0.0000469 seconds
[6.458s][info ][safepoint      ] Application time: 0.0002755 seconds
[6.458s][info ][safepoint      ] Entering safepoint region: RevokeBias
[6.458s][info ][safepoint      ] Leaving safepoint region
[6.458s][info ][safepoint      ] Total time for which application threads were stopped: 0.0002732 seconds, Stopping threads took: 0.0001508 seconds
[6.467s][info ][safepoint      ] Application time: 0.0090346 seconds
[6.467s][info ][safepoint      ] Entering safepoint region: RevokeBias
[6.468s][info ][safepoint      ] Leaving safepoint region
[6.468s][info ][safepoint      ] Total time for which application threads were stopped: 0.0003771 seconds, Stopping threads took: 0.0001888 seconds
[6.473s][info ][safepoint      ] Application time: 0.0050595 seconds
[6.474s][info ][safepoint      ] Entering safepoint region: RevokeBias
[6.474s][info ][safepoint      ] Leaving safepoint region
[6.474s][info ][safepoint      ] Total time for which application threads were stopped: 0.0010650 seconds, Stopping threads took: 0.0008877 seconds
[6.491s][info ][safepoint      ] Application time: 0.0166655 seconds
[6.491s][info ][safepoint      ] Entering safepoint region: RevokeBias
[6.491s][info ][safepoint      ] Leaving safepoint region
[6.491s][info ][safepoint      ] Total time for which application threads were stopped: 0.0009124 seconds, Stopping threads took: 0.0007073 seconds
[6.492s][info ][safepoint      ] Application time: 0.0001726 seconds
[6.492s][info ][safepoint      ] Entering safepoint region: RevokeBias
[6.492s][info ][safepoint      ] Leaving safepoint region
[6.492s][info ][safepoint      ] Total time for which application threads were stopped: 0.0001811 seconds, Stopping threads took: 0.0000310 seconds
[6.493s][info ][safepoint      ] Application time: 0.0010512 seconds
[6.493s][info ][safepoint      ] Entering safepoint region: RevokeBias
[6.493s][info ][safepoint      ] Leaving safepoint region
[6.493s][info ][safepoint      ] Total time for which application threads were stopped: 0.0004916 seconds, Stopping threads took: 0.0003512 seconds
[6.497s][info ][safepoint      ] Application time: 0.0036124 seconds
[6.497s][info ][safepoint      ] Entering safepoint region: ParallelGCFailedAllocation
[6.497s][info ][gc,start       ] GC(5) Pause Young (Allocation Failure)
[6.608s][debug][gc,phases      ] GC(5) Scavenge 110.628ms
[6.608s][debug][gc,ref         ] GC(5) Skipped phase1 of Reference Processing due to unavailable references
[6.608s][debug][gc,ref         ] GC(5) Skipped phase3 of Reference Processing due to unavailable references
[6.608s][debug][gc,phases      ] GC(5) Reference Processing 0.367ms
[6.609s][debug][gc,phases      ] GC(5) Weak Processing 0.463ms
[6.611s][debug][gc,phases      ] GC(5) Scrub String Table 1.778ms
[6.611s][debug][gc,age         ] GC(5) Desired survivor size 536870912 bytes, new threshold 7 (max threshold 15)
[6.611s][info ][gc,heap        ] GC(5) PSYoungGen: 1048576K->132241K(1572864K)
[6.611s][info ][gc,heap        ] GC(5) ParOldGen: 6130K->6138K(18944K)
[6.611s][info ][gc,metaspace   ] GC(5) Metaspace: 40668K->40668K(1085440K)
[6.611s][info ][gc             ] GC(5) Pause Young (Allocation Failure) 1029M->135M(1554M) 113.453ms
[6.611s][info ][gc,cpu         ] GC(5) User=0.37s Sys=0.08s Real=0.11s
[6.611s][info ][safepoint      ] Leaving safepoint region
[6.611s][info ][safepoint      ] Total time for which application threads were stopped: 0.1137077 seconds, Stopping threads took: 0.0000407 seconds
[6.612s][info ][safepoint      ] Application time: 0.0009459 seconds
[6.612s][info ][safepoint      ] Entering safepoint region: RevokeBias
[6.612s][info ][safepoint      ] Leaving safepoint region
[6.612s][info ][safepoint      ] Total time for which application threads were stopped: 0.0004077 seconds, Stopping threads took: 0.0001901 seconds
[6.613s][info ][safepoint      ] Application time: 0.0005875 seconds
[6.613s][info ][safepoint      ] Entering safepoint region: RevokeBias
[6.613s][info ][safepoint      ] Leaving safepoint region
[6.613s][info ][safepoint      ] Total time for which application threads were stopped: 0.0003474 seconds, Stopping threads took: 0.0001326 seconds
[6.635s][info ][safepoint      ] Application time: 0.0222344 seconds
[6.641s][info ][safepoint      ] Entering safepoint region: RevokeBias
[6.641s][info ][safepoint      ] Leaving safepoint region
[6.641s][info ][safepoint      ] Total time for which application threads were stopped: 0.0057266 seconds, Stopping threads took: 0.0055251 seconds
[7.002s][info ][safepoint      ] Application time: 0.3609898 seconds
[7.006s][info ][safepoint      ] Entering safepoint region: ParallelGCFailedAllocation
[7.007s][info ][gc,start       ] GC(6) Pause Young (Allocation Failure)
[7.134s][debug][gc,phases      ] GC(6) Scavenge 126.770ms
[7.134s][debug][gc,ref         ] GC(6) Skipped phase1 of Reference Processing due to unavailable references
[7.134s][debug][gc,ref         ] GC(6) Skipped phase3 of Reference Processing due to unavailable references
[7.134s][debug][gc,phases      ] GC(6) Reference Processing 0.292ms
[7.135s][debug][gc,phases      ] GC(6) Weak Processing 0.459ms
[7.136s][debug][gc,phases      ] GC(6) Scrub String Table 1.655ms
[7.136s][debug][gc,age         ] GC(6) Desired survivor size 536870912 bytes, new threshold 7 (max threshold 15)
[7.136s][info ][gc,heap        ] GC(6) PSYoungGen: 1180817K->137819K(1572864K)
[7.136s][info ][gc,heap        ] GC(6) ParOldGen: 6138K->6154K(18944K)
[7.136s][info ][gc,metaspace   ] GC(6) Metaspace: 41070K->41070K(1087488K)
[7.136s][info ][gc             ] GC(6) Pause Young (Allocation Failure) 1159M->140M(1554M) 129.492ms
[7.136s][info ][gc,cpu         ] GC(6) User=0.37s Sys=0.14s Real=0.12s
[7.136s][info ][safepoint      ] Leaving safepoint region
[7.136s][info ][safepoint      ] Total time for which application threads were stopped: 0.1341679 seconds, Stopping threads took: 0.0039811 seconds
[7.356s][info ][safepoint      ] Application time: 0.2196023 seconds
[7.356s][info ][safepoint      ] Entering safepoint region: ParallelGCFailedAllocation
[7.357s][info ][gc,start       ] GC(7) Pause Young (Allocation Failure)
[7.451s][debug][gc,phases      ] GC(7) Scavenge 94.763ms
[7.451s][debug][gc,ref         ] GC(7) Skipped phase1 of Reference Processing due to unavailable references
[7.452s][debug][gc,ref         ] GC(7) Skipped phase3 of Reference Processing due to unavailable references
[7.452s][debug][gc,phases      ] GC(7) Reference Processing 0.241ms
[7.452s][debug][gc,phases      ] GC(7) Weak Processing 0.401ms
[7.454s][debug][gc,phases      ] GC(7) Scrub String Table 1.452ms
[7.454s][debug][gc,age         ] GC(7) Desired survivor size 200802304 bytes, new threshold 8 (max threshold 15)
[7.454s][info ][gc,heap        ] GC(7) PSYoungGen: 1186395K->143534K(1901056K)
[7.454s][info ][gc,heap        ] GC(7) ParOldGen: 6154K->6162K(18944K)
[7.454s][info ][gc,metaspace   ] GC(7) Metaspace: 41072K->41072K(1087488K)
[7.454s][info ][gc             ] GC(7) Pause Young (Allocation Failure) 1164M->146M(1875M) 97.046ms
[7.454s][info ][gc,cpu         ] GC(7) User=0.38s Sys=0.02s Real=0.10s
[7.454s][info ][safepoint      ] Leaving safepoint region
[7.454s][info ][safepoint      ] Total time for which application threads were stopped: 0.0976766 seconds, Stopping threads took: 0.0001992 seconds
[7.499s][info ][safepoint      ] Application time: 0.0448638 seconds
[7.501s][info ][safepoint      ] Entering safepoint region: RevokeBias
[7.501s][info ][safepoint      ] Leaving safepoint region
[7.501s][info ][safepoint      ] Total time for which application threads were stopped: 0.0028063 seconds, Stopping threads took: 0.0025548 seconds
[7.502s][info ][safepoint      ] Application time: 0.0003782 seconds
[7.502s][info ][safepoint      ] Entering safepoint region: RevokeBias
[7.502s][info ][safepoint      ] Leaving safepoint region
[7.502s][info ][safepoint      ] Total time for which application threads were stopped: 0.0005375 seconds, Stopping threads took: 0.0004410 seconds
[7.513s][info ][safepoint      ] Application time: 0.0102667 seconds
[7.513s][info ][safepoint      ] Entering safepoint region: RevokeBias
[7.513s][info ][safepoint      ] Leaving safepoint region
[7.513s][info ][safepoint      ] Total time for which application threads were stopped: 0.0002403 seconds, Stopping threads took: 0.0000906 seconds
[7.530s][info ][safepoint      ] Application time: 0.0166658 seconds
[7.530s][info ][safepoint      ] Entering safepoint region: RevokeBias
[7.530s][info ][safepoint      ] Leaving safepoint region
[7.530s][info ][safepoint      ] Total time for which application threads were stopped: 0.0003781 seconds, Stopping threads took: 0.0001938 seconds
[7.548s][info ][safepoint      ] Application time: 0.0180771 seconds
[7.548s][info ][safepoint      ] Entering safepoint region: RevokeBias
[7.548s][info ][safepoint      ] Leaving safepoint region
[7.548s][info ][safepoint      ] Total time for which application threads were stopped: 0.0003661 seconds, Stopping threads took: 0.0002004 seconds
[7.559s][info ][safepoint      ] Application time: 0.0102206 seconds
[7.564s][info ][safepoint      ] Entering safepoint region: BulkRevokeBias
[7.575s][info ][safepoint      ] Leaving safepoint region
[7.575s][info ][safepoint      ] Total time for which application threads were stopped: 0.0161465 seconds, Stopping threads took: 0.0053325 seconds
[7.648s][info ][safepoint      ] Application time: 0.0728115 seconds
[7.648s][info ][safepoint      ] Entering safepoint region: RevokeBias
[7.648s][info ][safepoint      ] Leaving safepoint region
[7.648s][info ][safepoint      ] Total time for which application threads were stopped: 0.0003346 seconds, Stopping threads took: 0.0001854 seconds
[7.766s][info ][safepoint      ] Application time: 0.1181010 seconds
[7.766s][info ][safepoint      ] Entering safepoint region: ParallelGCFailedAllocation
[7.767s][info ][gc,start       ] GC(8) Pause Young (Allocation Failure)
[7.879s][debug][gc,phases      ] GC(8) Scavenge 112.818ms
[7.879s][debug][gc,ref         ] GC(8) Skipped phase1 of Reference Processing due to unavailable references
[7.880s][debug][gc,ref         ] GC(8) Skipped phase3 of Reference Processing due to unavailable references
[7.880s][debug][gc,phases      ] GC(8) Reference Processing 0.289ms
[7.880s][debug][gc,phases      ] GC(8) Weak Processing 0.358ms
[7.881s][debug][gc,phases      ] GC(8) Scrub String Table 1.192ms
[7.881s][debug][gc,age         ] GC(8) Desired survivor size 207618048 bytes, new threshold 9 (max threshold 15)
[7.881s][info ][gc,heap        ] GC(8) PSYoungGen: 1520302K->140738K(1572864K)
[7.881s][info ][gc,heap        ] GC(8) ParOldGen: 6162K->6170K(18944K)
[7.881s][info ][gc,metaspace   ] GC(8) Metaspace: 42523K->42523K(1087488K)
[7.881s][info ][gc             ] GC(8) Pause Young (Allocation Failure) 1490M->143M(1554M) 114.826ms
[7.881s][info ][gc,cpu         ] GC(8) User=0.53s Sys=0.05s Real=0.11s
[7.881s][info ][safepoint      ] Leaving safepoint region
[7.881s][info ][safepoint      ] Total time for which application threads were stopped: 0.1152302 seconds, Stopping threads took: 0.0001852 seconds
[8.066s][info ][safepoint      ] Application time: 0.1844311 seconds
[8.070s][info ][safepoint      ] Entering safepoint region: Deoptimize
[8.071s][info ][safepoint      ] Leaving safepoint region
[8.071s][info ][safepoint      ] Total time for which application threads were stopped: 0.0047353 seconds, Stopping threads took: 0.0036512 seconds
[8.146s][info ][safepoint      ] Application time: 0.0755320 seconds
[8.146s][info ][safepoint      ] Entering safepoint region: ParallelGCFailedAllocation
[8.147s][info ][gc,start       ] GC(9) Pause Young (Allocation Failure)
[8.262s][debug][gc,phases      ] GC(9) Scavenge 115.108ms
[8.262s][debug][gc,ref         ] GC(9) Skipped phase1 of Reference Processing due to unavailable references
[8.262s][debug][gc,ref         ] GC(9) Skipped phase3 of Reference Processing due to unavailable references
[8.262s][debug][gc,phases      ] GC(9) Reference Processing 0.291ms
[8.262s][debug][gc,phases      ] GC(9) Weak Processing 0.326ms
[8.264s][debug][gc,phases      ] GC(9) Scrub String Table 1.146ms
[8.264s][debug][gc,age         ] GC(9) Desired survivor size 209715200 bytes, new threshold 10 (max threshold 15)
[8.264s][info ][gc,heap        ] GC(9) PSYoungGen: 1517506K->138162K(1890304K)
[8.264s][info ][gc,heap        ] GC(9) ParOldGen: 6170K->6178K(18944K)
[8.264s][info ][gc,metaspace   ] GC(9) Metaspace: 42970K->42970K(1087488K)
[8.264s][info ][gc             ] GC(9) Pause Young (Allocation Failure) 1487M->140M(1864M) 117.017ms
[8.264s][info ][gc,cpu         ] GC(9) User=0.34s Sys=0.12s Real=0.11s
[8.264s][info ][safepoint      ] Leaving safepoint region
[8.264s][info ][safepoint      ] Total time for which application threads were stopped: 0.1175411 seconds, Stopping threads took: 0.0001926 seconds
[8.580s][info ][safepoint      ] Application time: 0.3160970 seconds
[8.580s][info ][safepoint      ] Entering safepoint region: ParallelGCFailedAllocation
[8.580s][info ][gc,start       ] GC(10) Pause Young (Allocation Failure)
[8.695s][debug][gc,phases      ] GC(10) Scavenge 114.526ms
[8.695s][debug][gc,ref         ] GC(10) Skipped phase1 of Reference Processing due to unavailable references
[8.695s][debug][gc,ref         ] GC(10) Skipped phase3 of Reference Processing due to unavailable references
[8.695s][debug][gc,phases      ] GC(10) Reference Processing 0.285ms
[8.696s][debug][gc,phases      ] GC(10) Weak Processing 0.394ms
[8.697s][debug][gc,phases      ] GC(10) Scrub String Table 1.210ms
[8.697s][debug][gc,age         ] GC(10) Desired survivor size 210763776 bytes, new threshold 11 (max threshold 15)
[8.697s][info ][gc,heap        ] GC(10) PSYoungGen: 1825714K->139934K(1827840K)
[8.697s][info ][gc,heap        ] GC(10) ParOldGen: 6178K->6186K(18944K)
[8.697s][info ][gc,metaspace   ] GC(10) Metaspace: 43247K->43247K(1087488K)
[8.697s][info ][gc             ] GC(10) Pause Young (Allocation Failure) 1788M->142M(1803M) 116.610ms
[8.697s][info ][gc,cpu         ] GC(10) User=0.36s Sys=0.09s Real=0.11s
[8.697s][info ][safepoint      ] Leaving safepoint region
[8.697s][info ][safepoint      ] Total time for which application threads were stopped: 0.1170524 seconds, Stopping threads took: 0.0001947 seconds
[9.020s][info ][safepoint      ] Application time: 0.3232502 seconds
[9.021s][info ][safepoint      ] Entering safepoint region: ParallelGCFailedAllocation
[9.021s][info ][gc,start       ] GC(11) Pause Young (Allocation Failure)
[9.112s][debug][gc,phases      ] GC(11) Scavenge 90.857ms
[9.112s][debug][gc,ref         ] GC(11) Skipped phase1 of Reference Processing due to unavailable references
[9.112s][debug][gc,ref         ] GC(11) Skipped phase3 of Reference Processing due to unavailable references
[9.112s][debug][gc,phases      ] GC(11) Reference Processing 0.309ms
[9.112s][debug][gc,phases      ] GC(11) Weak Processing 0.329ms
[9.114s][debug][gc,phases      ] GC(11) Scrub String Table 1.096ms
[9.114s][debug][gc,age         ] GC(11) Desired survivor size 211288064 bytes, new threshold 12 (max threshold 15)
[9.114s][info ][gc,heap        ] GC(11) PSYoungGen: 1827486K->142334K(1890304K)
[9.114s][info ][gc,heap        ] GC(11) ParOldGen: 6186K->6186K(18944K)
[9.114s][info ][gc,metaspace   ] GC(11) Metaspace: 43265K->43265K(1087488K)
[9.114s][info ][gc             ] GC(11) Pause Young (Allocation Failure) 1790M->145M(1864M) 92.759ms
[9.114s][info ][gc,cpu         ] GC(11) User=0.36s Sys=0.01s Real=0.09s
[9.114s][info ][safepoint      ] Leaving safepoint region
[9.114s][info ][safepoint      ] Total time for which application threads were stopped: 0.0933869 seconds, Stopping threads took: 0.0002592 seconds
[9.354s][info ][safepoint      ] Application time: 0.2403512 seconds
[9.355s][info ][safepoint      ] Entering safepoint region: ICBufferFull
[9.355s][info ][safepoint      ] Leaving safepoint region
[9.355s][info ][safepoint      ] Total time for which application threads were stopped: 0.0011511 seconds, Stopping threads took: 0.0009550 seconds
[9.418s][info ][safepoint      ] Application time: 0.0629307 seconds
[9.418s][info ][safepoint      ] Entering safepoint region: ParallelGCFailedAllocation
[9.419s][info ][gc,start       ] GC(12) Pause Young (Allocation Failure)
[9.535s][debug][gc,phases      ] GC(12) Scavenge 115.900ms
[9.535s][debug][gc,ref         ] GC(12) Skipped phase1 of Reference Processing due to unavailable references
[9.535s][debug][gc,ref         ] GC(12) Skipped phase3 of Reference Processing due to unavailable references
[9.535s][debug][gc,phases      ] GC(12) Reference Processing 0.277ms
[9.535s][debug][gc,phases      ] GC(12) Weak Processing 0.385ms
[9.537s][debug][gc,phases      ] GC(12) Scrub String Table 1.328ms
[9.537s][debug][gc,age         ] GC(12) Desired survivor size 212860928 bytes, new threshold 13 (max threshold 15)
[9.537s][info ][gc,heap        ] GC(12) PSYoungGen: 1826814K->145517K(1830400K)
[9.537s][info ][gc,heap        ] GC(12) ParOldGen: 6186K->6186K(18944K)
[9.537s][info ][gc,metaspace   ] GC(12) Metaspace: 43274K->43274K(1089536K)
[9.537s][info ][gc             ] GC(12) Pause Young (Allocation Failure) 1790M->148M(1806M) 118.043ms
[9.537s][info ][gc,cpu         ] GC(12) User=0.40s Sys=0.03s Real=0.11s
[9.537s][info ][safepoint      ] Leaving safepoint region
[9.537s][info ][safepoint      ] Total time for which application threads were stopped: 0.1185202 seconds, Stopping threads took: 0.0002050 seconds
[9.573s][info ][safepoint      ] Application time: 0.0361662 seconds
[9.576s][info ][safepoint      ] Entering safepoint region: Deoptimize
[9.577s][info ][safepoint      ] Leaving safepoint region
[9.577s][info ][safepoint      ] Total time for which application threads were stopped: 0.0041832 seconds, Stopping threads took: 0.0031520 seconds
[9.680s][info ][safepoint      ] Application time: 0.1030256 seconds
[9.682s][info ][safepoint      ] Entering safepoint region: RevokeBias
[9.682s][info ][safepoint      ] Leaving safepoint region
[9.682s][info ][safepoint      ] Total time for which application threads were stopped: 0.0015760 seconds, Stopping threads took: 0.0013934 seconds
[9.682s][info ][safepoint      ] Application time: 0.0000710 seconds
[9.683s][info ][safepoint      ] Entering safepoint region: RevokeBias
[9.683s][info ][safepoint      ] Leaving safepoint region
[9.683s][info ][safepoint      ] Total time for which application threads were stopped: 0.0012878 seconds, Stopping threads took: 0.0010731 seconds
[9.683s][info ][safepoint      ] Application time: 0.0000607 seconds
[9.683s][info ][safepoint      ] Entering safepoint region: RevokeBias
[9.683s][info ][safepoint      ] Leaving safepoint region
[9.683s][info ][safepoint      ] Total time for which application threads were stopped: 0.0001292 seconds, Stopping threads took: 0.0000373 seconds
[9.685s][info ][safepoint      ] Application time: 0.0011952 seconds
[9.685s][info ][safepoint      ] Entering safepoint region: RevokeBias
[9.685s][info ][safepoint      ] Leaving safepoint region
[9.685s][info ][safepoint      ] Total time for which application threads were stopped: 0.0003344 seconds, Stopping threads took: 0.0002148 seconds
[9.841s][info ][safepoint      ] Application time: 0.1561154 seconds
[9.845s][info ][safepoint      ] Entering safepoint region: ParallelGCFailedAllocation
[9.846s][info ][gc,start       ] GC(13) Pause Young (Allocation Failure)
[9.938s][debug][gc,phases      ] GC(13) Scavenge 92.672ms
[9.938s][debug][gc,ref         ] GC(13) Skipped phase1 of Reference Processing due to unavailable references
[9.940s][debug][gc,ref         ] GC(13) Skipped phase3 of Reference Processing due to unavailable references
[9.940s][debug][gc,phases      ] GC(13) Reference Processing 1.225ms
[9.940s][debug][gc,phases      ] GC(13) Weak Processing 0.488ms
[9.944s][debug][gc,phases      ] GC(13) Scrub String Table 3.488ms
[9.944s][debug][gc,age         ] GC(13) Desired survivor size 213385216 bytes, new threshold 14 (max threshold 15)
[9.944s][info ][gc,heap        ] GC(13) PSYoungGen: 1829997K->146285K(1888256K)
[9.944s][info ][gc,heap        ] GC(13) ParOldGen: 6186K->6194K(18944K)
[9.944s][info ][gc,metaspace   ] GC(13) Metaspace: 44053K->44053K(1089536K)
[9.944s][info ][gc             ] GC(13) Pause Young (Allocation Failure) 1793M->148M(1862M) 98.149ms
[9.944s][info ][gc,cpu         ] GC(13) User=0.37s Sys=0.01s Real=0.09s
[9.944s][info ][safepoint      ] Leaving safepoint region
[9.944s][info ][safepoint      ] Total time for which application threads were stopped: 0.1026305 seconds, Stopping threads took: 0.0041491 seconds
[10.038s][info ][safepoint      ] Application time: 0.0939183 seconds
[10.038s][info ][safepoint      ] Entering safepoint region: Deoptimize
[10.047s][info ][safepoint      ] Leaving safepoint region
[10.047s][info ][safepoint      ] Total time for which application threads were stopped: 0.0089340 seconds, Stopping threads took: 0.0002201 seconds
[10.051s][info ][safepoint      ] Application time: 0.0039121 seconds
[10.051s][info ][safepoint      ] Entering safepoint region: Deoptimize
[10.052s][info ][safepoint      ] Leaving safepoint region
[10.052s][info ][safepoint      ] Total time for which application threads were stopped: 0.0013790 seconds, Stopping threads took: 0.0002853 seconds
[10.064s][info ][safepoint      ] Application time: 0.0114807 seconds
[10.064s][info ][safepoint      ] Entering safepoint region: RevokeBias
[10.064s][info ][safepoint      ] Leaving safepoint region
[10.064s][info ][safepoint      ] Total time for which application threads were stopped: 0.0003426 seconds, Stopping threads took: 0.0001985 seconds
[10.087s][info ][safepoint      ] Application time: 0.0231472 seconds
[10.094s][info ][safepoint      ] Entering safepoint region: RevokeBias
[10.095s][info ][safepoint      ] Leaving safepoint region
[10.095s][info ][safepoint      ] Total time for which application threads were stopped: 0.0074238 seconds, Stopping threads took: 0.0072080 seconds
[10.111s][info ][safepoint      ] Application time: 0.0165102 seconds
[10.111s][info ][safepoint      ] Entering safepoint region: Deoptimize
[10.113s][info ][safepoint      ] Leaving safepoint region
[10.113s][info ][safepoint      ] Total time for which application threads were stopped: 0.0014816 seconds, Stopping threads took: 0.0002656 seconds
[10.162s][info ][safepoint      ] Application time: 0.0493060 seconds
[10.162s][info ][safepoint      ] Entering safepoint region: RevokeBias
[10.163s][info ][safepoint      ] Leaving safepoint region
[10.163s][info ][safepoint      ] Total time for which application threads were stopped: 0.0006397 seconds, Stopping threads took: 0.0004173 seconds
[10.218s][info ][safepoint      ] Application time: 0.0556217 seconds
[10.218s][info ][safepoint      ] Entering safepoint region: RevokeBias
[10.219s][info ][safepoint      ] Leaving safepoint region
[10.219s][info ][safepoint      ] Total time for which application threads were stopped: 0.0004522 seconds, Stopping threads took: 0.0002164 seconds
[10.219s][info ][safepoint      ] Application time: 0.0004197 seconds
[10.219s][info ][safepoint      ] Entering safepoint region: RevokeBias
[10.219s][info ][safepoint      ] Leaving safepoint region
[10.219s][info ][safepoint      ] Total time for which application threads were stopped: 0.0002731 seconds, Stopping threads took: 0.0001716 seconds
[10.278s][info ][safepoint      ] Application time: 0.0586857 seconds
[10.278s][info ][safepoint      ] Entering safepoint region: RevokeBias
[10.279s][info ][safepoint      ] Leaving safepoint region
[10.279s][info ][safepoint      ] Total time for which application threads were stopped: 0.0006914 seconds, Stopping threads took: 0.0003231 seconds
[10.279s][info ][safepoint      ] Application time: 0.0002880 seconds
[10.279s][info ][safepoint      ] Entering safepoint region: RevokeBias
[10.279s][info ][safepoint      ] Leaving safepoint region
[10.279s][info ][safepoint      ] Total time for which application threads were stopped: 0.0003502 seconds, Stopping threads took: 0.0002155 seconds
[10.285s][info ][safepoint      ] Application time: 0.0056401 seconds
[10.289s][info ][safepoint      ] Entering safepoint region: ParallelGCFailedAllocation
[10.289s][info ][gc,start       ] GC(14) Pause Young (Allocation Failure)
[10.375s][debug][gc,phases      ] GC(14) Scavenge 86.521ms
[10.375s][debug][gc,ref         ] GC(14) Skipped phase1 of Reference Processing due to unavailable references
[10.376s][debug][gc,ref         ] GC(14) Skipped phase3 of Reference Processing due to unavailable references
[10.376s][debug][gc,phases      ] GC(14) Reference Processing 0.392ms
[10.376s][debug][gc,phases      ] GC(14) Weak Processing 0.372ms
[10.377s][debug][gc,phases      ] GC(14) Scrub String Table 1.375ms
[10.378s][debug][gc,age         ] GC(14) Desired survivor size 213909504 bytes, new threshold 15 (max threshold 15)
[10.378s][info ][gc,heap        ] GC(14) PSYoungGen: 1826669K->148587K(1829376K)
[10.378s][info ][gc,heap        ] GC(14) ParOldGen: 6194K->6202K(18944K)
[10.378s][info ][gc,metaspace   ] GC(14) Metaspace: 47576K->47576K(1091584K)
[10.378s][info ][gc             ] GC(14) Pause Young (Allocation Failure) 1789M->151M(1805M) 88.830ms
[10.378s][info ][gc,cpu         ] GC(14) User=0.37s Sys=0.00s Real=0.09s
[10.378s][info ][safepoint      ] Leaving safepoint region
[10.378s][info ][safepoint      ] Total time for which application threads were stopped: 0.0925202 seconds, Stopping threads took: 0.0034310 seconds
[10.427s][info ][safepoint      ] Application time: 0.0497844 seconds
[10.428s][info ][safepoint      ] Entering safepoint region: RevokeBias
[10.428s][info ][safepoint      ] Leaving safepoint region
[10.428s][info ][safepoint      ] Total time for which application threads were stopped: 0.0005828 seconds, Stopping threads took: 0.0003944 seconds
[10.457s][info ][safepoint      ] Application time: 0.0284880 seconds
[10.457s][info ][safepoint      ] Entering safepoint region: RevokeBias
[10.457s][info ][safepoint      ] Leaving safepoint region
[10.457s][info ][safepoint      ] Total time for which application threads were stopped: 0.0004072 seconds, Stopping threads took: 0.0001817 seconds
[10.457s][info ][safepoint      ] Application time: 0.0004227 seconds
[10.458s][info ][safepoint      ] Entering safepoint region: RevokeBias
[10.458s][info ][safepoint      ] Leaving safepoint region
[10.458s][info ][safepoint      ] Total time for which application threads were stopped: 0.0002646 seconds, Stopping threads took: 0.0001524 seconds
[10.523s][info ][safepoint      ] Application time: 0.0651013 seconds
[10.524s][info ][safepoint      ] Entering safepoint region: Deoptimize
[10.526s][info ][safepoint      ] Leaving safepoint region
[10.526s][info ][safepoint      ] Total time for which application threads were stopped: 0.0029547 seconds, Stopping threads took: 0.0008699 seconds
[10.531s][info ][safepoint      ] Application time: 0.0052159 seconds
[10.531s][info ][safepoint      ] Entering safepoint region: RevokeBias
[10.531s][info ][safepoint      ] Leaving safepoint region
[10.531s][info ][safepoint      ] Total time for which application threads were stopped: 0.0003748 seconds, Stopping threads took: 0.0002499 seconds
[10.541s][info ][safepoint      ] Application time: 0.0090402 seconds
[10.542s][info ][safepoint      ] Entering safepoint region: RevokeBias
[10.542s][info ][safepoint      ] Leaving safepoint region
[10.542s][info ][safepoint      ] Total time for which application threads were stopped: 0.0018267 seconds, Stopping threads took: 0.0016816 seconds
[10.543s][info ][safepoint      ] Application time: 0.0004091 seconds
[10.543s][info ][safepoint      ] Entering safepoint region: RevokeBias
[10.543s][info ][safepoint      ] Leaving safepoint region
[10.543s][info ][safepoint      ] Total time for which application threads were stopped: 0.0002826 seconds, Stopping threads took: 0.0001394 seconds
[10.544s][info ][safepoint      ] Application time: 0.0003138 seconds
[10.544s][info ][safepoint      ] Entering safepoint region: RevokeBias
[10.544s][info ][safepoint      ] Leaving safepoint region
[10.544s][info ][safepoint      ] Total time for which application threads were stopped: 0.0004124 seconds, Stopping threads took: 0.0003235 seconds
[10.568s][info ][safepoint      ] Application time: 0.0241487 seconds
[10.568s][info ][safepoint      ] Entering safepoint region: RevokeBias
[10.568s][info ][safepoint      ] Leaving safepoint region
[10.568s][info ][safepoint      ] Total time for which application threads were stopped: 0.0003552 seconds, Stopping threads took: 0.0001680 seconds
[10.569s][info ][safepoint      ] Application time: 0.0000728 seconds
[10.569s][info ][safepoint      ] Entering safepoint region: RevokeBias
[10.569s][info ][safepoint      ] Leaving safepoint region
[10.569s][info ][safepoint      ] Total time for which application threads were stopped: 0.0001852 seconds, Stopping threads took: 0.0000743 seconds
[10.587s][info ][safepoint      ] Application time: 0.0181350 seconds
[10.587s][info ][safepoint      ] Entering safepoint region: RevokeBias
[10.588s][info ][safepoint      ] Leaving safepoint region
[10.588s][info ][safepoint      ] Total time for which application threads were stopped: 0.0008417 seconds, Stopping threads took: 0.0003048 seconds
[10.588s][info ][safepoint      ] Application time: 0.0006193 seconds
[10.589s][info ][safepoint      ] Entering safepoint region: RevokeBias
[10.589s][info ][safepoint      ] Leaving safepoint region
[10.589s][info ][safepoint      ] Total time for which application threads were stopped: 0.0004143 seconds, Stopping threads took: 0.0001867 seconds
[10.590s][info ][safepoint      ] Application time: 0.0013305 seconds
[10.590s][info ][safepoint      ] Entering safepoint region: RevokeBias
[10.591s][info ][safepoint      ] Leaving safepoint region
[10.591s][info ][safepoint      ] Total time for which application threads were stopped: 0.0003022 seconds, Stopping threads took: 0.0001527 seconds
[10.676s][info ][safepoint      ] Application time: 0.0859655 seconds
[10.677s][info ][safepoint      ] Entering safepoint region: RevokeBias
[10.677s][info ][safepoint      ] Leaving safepoint region
[10.677s][info ][safepoint      ] Total time for which application threads were stopped: 0.0006289 seconds, Stopping threads took: 0.0004038 seconds
[10.679s][info ][safepoint      ] Application time: 0.0020019 seconds
[10.680s][info ][safepoint      ] Entering safepoint region: RevokeBias
[10.680s][info ][safepoint      ] Leaving safepoint region
[10.680s][info ][safepoint      ] Total time for which application threads were stopped: 0.0012443 seconds, Stopping threads took: 0.0010994 seconds
[10.681s][info ][safepoint      ] Application time: 0.0000696 seconds
[10.681s][info ][safepoint      ] Entering safepoint region: RevokeBias
[10.681s][info ][safepoint      ] Leaving safepoint region
[10.681s][info ][safepoint      ] Total time for which application threads were stopped: 0.0002193 seconds, Stopping threads took: 0.0000982 seconds
[10.689s][info ][safepoint      ] Application time: 0.0086220 seconds
[10.690s][info ][safepoint      ] Entering safepoint region: ParallelGCFailedAllocation
[10.690s][info ][gc,start       ] GC(15) Pause Young (Allocation Failure)
[10.796s][debug][gc,phases      ] GC(15) Scavenge 106.136ms
[10.796s][debug][gc,ref         ] GC(15) Skipped phase1 of Reference Processing due to unavailable references
[10.796s][debug][gc,ref         ] GC(15) Skipped phase3 of Reference Processing due to unavailable references
[10.797s][debug][gc,phases      ] GC(15) Reference Processing 0.440ms
[10.797s][debug][gc,phases      ] GC(15) Weak Processing 0.482ms
[10.799s][debug][gc,phases      ] GC(15) Scrub String Table 2.003ms
[10.799s][debug][gc,age         ] GC(15) Desired survivor size 217579520 bytes, new threshold 15 (max threshold 15)
[10.799s][info ][gc,heap        ] GC(15) PSYoungGen: 1828971K->157808K(1881088K)
[10.799s][info ][gc,heap        ] GC(15) ParOldGen: 6202K->6210K(18944K)
[10.799s][info ][gc,metaspace   ] GC(15) Metaspace: 49296K->49296K(1093632K)
[10.799s][info ][gc             ] GC(15) Pause Young (Allocation Failure) 1792M->160M(1855M) 109.256ms
[10.799s][info ][gc,cpu         ] GC(15) User=0.48s Sys=0.06s Real=0.11s
[10.799s][info ][safepoint      ] Leaving safepoint region
[10.799s][info ][safepoint      ] Total time for which application threads were stopped: 0.1097413 seconds, Stopping threads took: 0.0002337 seconds
[10.821s][info ][safepoint      ] Application time: 0.0216691 seconds
[10.821s][info ][safepoint      ] Entering safepoint region: RevokeBias
[10.821s][info ][safepoint      ] Leaving safepoint region
[10.821s][info ][safepoint      ] Total time for which application threads were stopped: 0.0003862 seconds, Stopping threads took: 0.0001914 seconds
[11.085s][info ][safepoint      ] Application time: 0.2637273 seconds
[11.085s][info ][safepoint      ] Entering safepoint region: ParallelGCFailedAllocation
[11.086s][info ][gc,start       ] GC(16) Pause Young (Allocation Failure)
[11.188s][debug][gc,phases      ] GC(16) Scavenge 102.726ms
[11.188s][debug][gc,ref         ] GC(16) Skipped phase1 of Reference Processing due to unavailable references
[11.189s][debug][gc,ref         ] GC(16) Skipped phase3 of Reference Processing due to unavailable references
[11.189s][debug][gc,phases      ] GC(16) Reference Processing 0.312ms
[11.189s][debug][gc,phases      ] GC(16) Weak Processing 0.323ms
[11.190s][debug][gc,phases      ] GC(16) Scrub String Table 1.140ms
[11.190s][debug][gc,age         ] GC(16) Desired survivor size 222822400 bytes, new threshold 15 (max threshold 15)
[11.190s][info ][gc,heap        ] GC(16) PSYoungGen: 1830000K->165331K(1837568K)
[11.190s][info ][gc,heap        ] GC(16) ParOldGen: 6210K->6218K(18944K)
[11.190s][info ][gc,metaspace   ] GC(16) Metaspace: 49514K->49514K(1093632K)
[11.190s][info ][gc             ] GC(16) Pause Young (Allocation Failure) 1793M->167M(1813M) 104.685ms
[11.190s][info ][gc,cpu         ] GC(16) User=0.41s Sys=0.01s Real=0.10s
[11.190s][info ][safepoint      ] Leaving safepoint region
[11.190s][info ][safepoint      ] Total time for which application threads were stopped: 0.1052633 seconds, Stopping threads took: 0.0002373 seconds
[11.335s][info ][safepoint      ] Application time: 0.1449428 seconds
[11.335s][info ][safepoint      ] Entering safepoint region: RevokeBias
[11.336s][info ][safepoint      ] Leaving safepoint region
[11.336s][info ][safepoint      ] Total time for which application threads were stopped: 0.0007463 seconds, Stopping threads took: 0.0002050 seconds
[11.336s][info ][safepoint      ] Application time: 0.0000600 seconds
[11.336s][info ][safepoint      ] Entering safepoint region: RevokeBias
[11.336s][info ][safepoint      ] Leaving safepoint region
[11.336s][info ][safepoint      ] Total time for which application threads were stopped: 0.0002198 seconds, Stopping threads took: 0.0000078 seconds
[11.337s][info ][safepoint      ] Application time: 0.0004649 seconds
[11.337s][info ][safepoint      ] Entering safepoint region: RevokeBias
[11.337s][info ][safepoint      ] Leaving safepoint region
[11.337s][info ][safepoint      ] Total time for which application threads were stopped: 0.0002679 seconds, Stopping threads took: 0.0001569 seconds
[11.475s][info ][safepoint      ] Application time: 0.1382510 seconds
[11.476s][info ][safepoint      ] Entering safepoint region: ParallelGCFailedAllocation
[11.476s][info ][gc,start       ] GC(17) Pause Young (Allocation Failure)
[11.579s][debug][gc,phases      ] GC(17) Scavenge 103.011ms
[11.579s][debug][gc,ref         ] GC(17) Skipped phase1 of Reference Processing due to unavailable references
[11.579s][debug][gc,ref         ] GC(17) Skipped phase3 of Reference Processing due to unavailable references
[11.579s][debug][gc,phases      ] GC(17) Reference Processing 0.416ms
[11.580s][debug][gc,phases      ] GC(17) Weak Processing 0.413ms
[11.581s][debug][gc,phases      ] GC(17) Scrub String Table 1.386ms
[11.581s][debug][gc,age         ] GC(17) Desired survivor size 231211008 bytes, new threshold 15 (max threshold 15)
[11.581s][info ][gc,heap        ] GC(17) PSYoungGen: 1837523K->178032K(1863168K)
[11.581s][info ][gc,heap        ] GC(17) ParOldGen: 6218K->6226K(18944K)
[11.581s][info ][gc,metaspace   ] GC(17) Metaspace: 49674K->49674K(1093632K)
[11.581s][info ][gc             ] GC(17) Pause Young (Allocation Failure) 1800M->179M(1838M) 105.415ms
[11.581s][info ][gc,cpu         ] GC(17) User=0.39s Sys=0.02s Real=0.11s
[11.581s][info ][safepoint      ] Leaving safepoint region
[11.581s][info ][safepoint      ] Total time for which application threads were stopped: 0.1060181 seconds, Stopping threads took: 0.0002187 seconds
[11.587s][info ][safepoint      ] Application time: 0.0054646 seconds
[11.587s][info ][safepoint      ] Entering safepoint region: RevokeBias
[11.587s][info ][safepoint      ] Leaving safepoint region
[11.587s][info ][safepoint      ] Total time for which application threads were stopped: 0.0003831 seconds, Stopping threads took: 0.0001948 seconds
[11.588s][info ][safepoint      ] Application time: 0.0004538 seconds
[11.588s][info ][safepoint      ] Entering safepoint region: RevokeBias
[11.588s][info ][safepoint      ] Leaving safepoint region
[11.588s][info ][safepoint      ] Total time for which application threads were stopped: 0.0003508 seconds, Stopping threads took: 0.0001669 seconds
[11.588s][info ][safepoint      ] Application time: 0.0000734 seconds
[11.588s][info ][safepoint      ] Entering safepoint region: RevokeBias
[11.588s][info ][safepoint      ] Leaving safepoint region
[11.588s][info ][safepoint      ] Total time for which application threads were stopped: 0.0001264 seconds, Stopping threads took: 0.0000092 seconds
[11.750s][info ][safepoint      ] Application time: 0.1616634 seconds
[11.754s][info ][safepoint      ] Entering safepoint region: BulkRevokeBias
[11.756s][info ][safepoint      ] Leaving safepoint region
[11.756s][info ][safepoint      ] Total time for which application threads were stopped: 0.0056396 seconds, Stopping threads took: 0.0038350 seconds
[11.867s][info ][safepoint      ] Application time: 0.1113510 seconds
[11.869s][info ][safepoint      ] Entering safepoint region: ICBufferFull
[11.870s][info ][safepoint      ] Leaving safepoint region
[11.870s][info ][safepoint      ] Total time for which application threads were stopped: 0.0026378 seconds, Stopping threads took: 0.0024185 seconds
[11.870s][info ][safepoint      ] Application time: 0.0004204 seconds
[11.870s][info ][safepoint      ] Entering safepoint region: ParallelGCFailedAllocation
[11.870s][info ][gc,start       ] GC(18) Pause Young (Allocation Failure)
[11.980s][debug][gc,phases      ] GC(18) Scavenge 109.995ms
[11.981s][debug][gc,ref         ] GC(18) Skipped phase1 of Reference Processing due to unavailable references
[11.981s][debug][gc,ref         ] GC(18) Skipped phase3 of Reference Processing due to unavailable references
[11.981s][debug][gc,phases      ] GC(18) Reference Processing 0.337ms
[11.981s][debug][gc,phases      ] GC(18) Weak Processing 0.377ms
[11.982s][debug][gc,phases      ] GC(18) Scrub String Table 1.206ms
[11.982s][debug][gc,age         ] GC(18) Desired survivor size 229113856 bytes, new threshold 15 (max threshold 15)
[11.983s][info ][gc,heap        ] GC(18) PSYoungGen: 1823600K->156925K(1871360K)
[11.983s][info ][gc,heap        ] GC(18) ParOldGen: 6226K->35560K(35840K)
[11.983s][info ][gc,metaspace   ] GC(18) Metaspace: 49973K->49973K(1093632K)
[11.983s][info ][gc             ] GC(18) Pause Young (Allocation Failure) 1786M->187M(1862M) 112.138ms
[11.983s][info ][gc,cpu         ] GC(18) User=0.42s Sys=0.02s Real=0.11s
[11.983s][debug][gc,phases      ] GC(19) Pre Compact 0.096ms
[11.983s][info ][gc,start       ] GC(19) Pause Full (Ergonomics)
[11.983s][info ][gc,phases,start] GC(19) Marking Phase
[12.115s][debug][gc,phases      ] GC(19) Par Mark 131.546ms
[12.115s][debug][gc,ref         ] GC(19) Skipped phase1 of Reference Processing due to unavailable references
[12.115s][debug][gc,ref         ] GC(19) Skipped phase3 of Reference Processing due to unavailable references
[12.115s][debug][gc,phases      ] GC(19) Reference Processing 0.263ms
[12.115s][debug][gc,phases      ] GC(19) Weak Processing 0.213ms
[12.117s][debug][gc,phases      ] GC(19) ClassLoaderData 1.518ms
[12.117s][debug][gc,phases      ] GC(19) Dictionary 0.025ms
[12.117s][debug][gc,phases      ] GC(19) ProtectionDomainCacheTable 0.005ms
[12.117s][debug][gc,phases      ] GC(19) ResolvedMethodTable 0.244ms
[12.179s][debug][gc,phases      ] GC(19) Class Unloading 63.611ms
[12.180s][debug][gc,phases      ] GC(19) Scrub String Table 0.522ms
[12.186s][debug][gc,phases      ] GC(19) Scrub Symbol Table 6.621ms
[12.186s][info ][gc,phases      ] GC(19) Marking Phase 203.444ms
[12.186s][info ][gc,phases,start] GC(19) Summary Phase
[12.186s][info ][gc,phases      ] GC(19) Summary Phase 0.015ms
[12.186s][info ][gc,phases,start] GC(19) Adjust Roots
[12.225s][info ][gc,phases      ] GC(19) Adjust Roots 39.025ms
[12.225s][info ][gc,phases,start] GC(19) Compaction Phase
[13.093s][info ][gc,phases      ] GC(19) Compaction Phase 868.035ms
[13.093s][info ][gc,phases,start] GC(19) Post Compact
[13.095s][info ][gc,phases      ] GC(19) Post Compact 2.014ms
[13.096s][info ][gc,heap        ] GC(19) PSYoungGen: 156925K->155272K(1871360K)
[13.096s][info ][gc,heap        ] GC(19) ParOldGen: 35560K->35773K(65536K)
[13.096s][info ][gc,metaspace   ] GC(19) Metaspace: 49973K->49945K(1093632K)
[13.096s][info ][gc             ] GC(19) Pause Full (Ergonomics) 187M->186M(1891M) 1112.854ms
[13.096s][info ][gc,cpu         ] GC(19) User=3.91s Sys=0.08s Real=1.11s
[13.096s][info ][safepoint      ] Leaving safepoint region
[13.096s][info ][safepoint      ] Total time for which application threads were stopped: 1.2255230 seconds, Stopping threads took: 0.0001380 seconds
[13.166s][info ][safepoint      ] Application time: 0.0706297 seconds
[13.167s][info ][safepoint      ] Entering safepoint region: ICBufferFull
[13.167s][info ][safepoint      ] Leaving safepoint region
[13.167s][info ][safepoint      ] Total time for which application threads were stopped: 0.0005879 seconds, Stopping threads took: 0.0002701 seconds
[13.226s][info ][safepoint      ] Application time: 0.0591943 seconds
[13.226s][info ][safepoint      ] Entering safepoint region: Deoptimize
[13.232s][info ][safepoint      ] Leaving safepoint region
[13.232s][info ][safepoint      ] Total time for which application threads were stopped: 0.0056740 seconds, Stopping threads took: 0.0002309 seconds
[13.398s][info ][safepoint      ] Application time: 0.1659308 seconds
[13.399s][info ][safepoint      ] Entering safepoint region: ParallelGCFailedAllocation
[13.399s][info ][gc,start       ] GC(20) Pause Young (Allocation Failure)
[13.497s][debug][gc,phases      ] GC(20) Scavenge 98.135ms
[13.498s][debug][gc,ref         ] GC(20) Skipped phase1 of Reference Processing due to unavailable references
[13.498s][debug][gc,ref         ] GC(20) Skipped phase3 of Reference Processing due to unavailable references
[13.498s][debug][gc,phases      ] GC(20) Reference Processing 0.175ms
[13.498s][debug][gc,phases      ] GC(20) Weak Processing 0.297ms
[13.500s][debug][gc,phases      ] GC(20) Scrub String Table 2.368ms
[13.500s][debug][gc,age         ] GC(20) Desired survivor size 225443840 bytes, new threshold 15 (max threshold 15)
[13.500s][info ][gc,heap        ] GC(20) PSYoungGen: 1800840K->111326K(1876992K)
[13.500s][info ][gc,heap        ] GC(20) ParOldGen: 35773K->67449K(67584K)
[13.500s][info ][gc,metaspace   ] GC(20) Metaspace: 50959K->50959K(1095680K)
[13.500s][info ][gc             ] GC(20) Pause Young (Allocation Failure) 1793M->174M(1899M) 101.159ms
[13.500s][info ][gc,cpu         ] GC(20) User=0.37s Sys=0.03s Real=0.10s
[13.501s][debug][gc,phases      ] GC(21) Pre Compact 0.049ms
[13.501s][info ][gc,start       ] GC(21) Pause Full (Ergonomics)
[13.501s][info ][gc,phases,start] GC(21) Marking Phase
[13.627s][debug][gc,phases      ] GC(21) Par Mark 126.408ms
[13.627s][debug][gc,ref         ] GC(21) Skipped phase1 of Reference Processing due to unavailable references
[13.628s][debug][gc,ref         ] GC(21) Skipped phase3 of Reference Processing due to unavailable references
[13.628s][debug][gc,phases      ] GC(21) Reference Processing 0.223ms
[13.628s][debug][gc,phases      ] GC(21) Weak Processing 0.127ms
[13.628s][debug][gc,phases      ] GC(21) ClassLoaderData 0.567ms
[13.628s][debug][gc,phases      ] GC(21) ProtectionDomainCacheTable 0.017ms
[13.629s][debug][gc,phases      ] GC(21) ResolvedMethodTable 0.176ms
[13.642s][debug][gc,phases      ] GC(21) Class Unloading 14.612ms
[13.643s][debug][gc,phases      ] GC(21) Scrub String Table 0.748ms
[13.650s][debug][gc,phases      ] GC(21) Scrub Symbol Table 6.529ms
[13.650s][info ][gc,phases      ] GC(21) Marking Phase 149.224ms
[13.650s][info ][gc,phases,start] GC(21) Summary Phase
[13.650s][info ][gc,phases      ] GC(21) Summary Phase 0.012ms
[13.650s][info ][gc,phases,start] GC(21) Adjust Roots
[13.681s][info ][gc,phases      ] GC(21) Adjust Roots 31.504ms
[13.681s][info ][gc,phases,start] GC(21) Compaction Phase
[14.299s][info ][gc,phases      ] GC(21) Compaction Phase 617.360ms
[14.299s][info ][gc,phases,start] GC(21) Post Compact
[14.300s][info ][gc,phases      ] GC(21) Post Compact 1.389ms
[14.300s][info ][gc,heap        ] GC(21) PSYoungGen: 111326K->110539K(1876992K)
[14.300s][info ][gc,heap        ] GC(21) ParOldGen: 67449K->67305K(114176K)
[14.300s][info ][gc,metaspace   ] GC(21) Metaspace: 50959K->50959K(1095680K)
[14.300s][info ][gc             ] GC(21) Pause Full (Ergonomics) 174M->173M(1944M) 799.837ms
[14.300s][info ][gc,cpu         ] GC(21) User=2.90s Sys=0.04s Real=0.80s
[14.300s][info ][safepoint      ] Leaving safepoint region
[14.300s][info ][safepoint      ] Total time for which application threads were stopped: 0.9025986 seconds, Stopping threads took: 0.0009776 seconds
[14.482s][info ][safepoint      ] Application time: 0.1818832 seconds
[14.483s][info ][safepoint      ] Entering safepoint region: Deoptimize
[14.484s][info ][safepoint      ] Leaving safepoint region
[14.484s][info ][safepoint      ] Total time for which application threads were stopped: 0.0015896 seconds, Stopping threads took: 0.0001749 seconds
[14.486s][info ][safepoint      ] Application time: 0.0023641 seconds
[14.490s][info ][safepoint      ] Entering safepoint region: Deoptimize
[14.491s][info ][safepoint      ] Leaving safepoint region
[14.491s][info ][safepoint      ] Total time for which application threads were stopped: 0.0049869 seconds, Stopping threads took: 0.0037762 seconds
[14.608s][info ][safepoint      ] Application time: 0.1161603 seconds
[14.609s][info ][safepoint      ] Entering safepoint region: ParallelGCFailedAllocation
[14.610s][info ][gc,start       ] GC(22) Pause Young (Allocation Failure)
[14.723s][debug][gc,phases      ] GC(22) Scavenge 113.003ms
[14.723s][debug][gc,ref         ] GC(22) Skipped phase1 of Reference Processing due to unavailable references
[14.723s][debug][gc,ref         ] GC(22) Skipped phase3 of Reference Processing due to unavailable references
[14.723s][debug][gc,phases      ] GC(22) Reference Processing 0.126ms
[14.723s][debug][gc,phases      ] GC(22) Weak Processing 0.233ms
[14.724s][debug][gc,phases      ] GC(22) Scrub String Table 0.531ms
[14.724s][debug][gc,age         ] GC(22) Desired survivor size 233832448 bytes, new threshold 15 (max threshold 15)
[14.724s][info ][gc,heap        ] GC(22) PSYoungGen: 1763787K->41145K(1694720K)
[14.724s][info ][gc,heap        ] GC(22) ParOldGen: 67305K->138010K(138240K)
[14.724s][info ][gc,metaspace   ] GC(22) Metaspace: 51881K->51881K(1095680K)
[14.724s][info ][gc             ] GC(22) Pause Young (Allocation Failure) 1788M->174M(1790M) 114.047ms
[14.724s][info ][gc,cpu         ] GC(22) User=0.38s Sys=0.05s Real=0.11s
[14.724s][debug][gc,phases      ] GC(23) Pre Compact 0.019ms
[14.724s][info ][gc,start       ] GC(23) Pause Full (Ergonomics)
[14.724s][info ][gc,phases,start] GC(23) Marking Phase
[14.853s][debug][gc,phases      ] GC(23) Par Mark 128.211ms
[14.853s][debug][gc,ref         ] GC(23) Skipped phase1 of Reference Processing due to unavailable references
[14.854s][debug][gc,ref         ] GC(23) Skipped phase3 of Reference Processing due to unavailable references
[14.854s][debug][gc,phases      ] GC(23) Reference Processing 0.157ms
[14.854s][debug][gc,phases      ] GC(23) Weak Processing 0.132ms
[14.854s][debug][gc,phases      ] GC(23) ClassLoaderData 0.496ms
[14.854s][debug][gc,phases      ] GC(23) ProtectionDomainCacheTable 0.004ms
[14.854s][debug][gc,phases      ] GC(23) ResolvedMethodTable 0.179ms
[14.859s][debug][gc,phases      ] GC(23) Class Unloading 4.888ms
[14.859s][debug][gc,phases      ] GC(23) Scrub String Table 0.474ms
[14.863s][debug][gc,phases      ] GC(23) Scrub Symbol Table 4.144ms
[14.863s][info ][gc,phases      ] GC(23) Marking Phase 139.521ms
[14.863s][info ][gc,phases,start] GC(23) Summary Phase
[14.863s][info ][gc,phases      ] GC(23) Summary Phase 0.012ms
[14.863s][info ][gc,phases,start] GC(23) Adjust Roots
[14.888s][info ][gc,phases      ] GC(23) Adjust Roots 24.134ms
[14.888s][info ][gc,phases,start] GC(23) Compaction Phase
[15.469s][info ][gc,phases      ] GC(23) Compaction Phase 581.881ms
[15.469s][info ][gc,phases,start] GC(23) Post Compact
[15.471s][info ][gc,phases      ] GC(23) Post Compact 1.195ms
[15.471s][info ][gc,heap        ] GC(23) PSYoungGen: 41145K->39945K(1694720K)
[15.471s][info ][gc,heap        ] GC(23) ParOldGen: 138010K->138237K(219648K)
[15.471s][info ][gc,metaspace   ] GC(23) Metaspace: 51881K->51881K(1095680K)
[15.471s][info ][gc             ] GC(23) Pause Full (Ergonomics) 174M->174M(1869M) 747.191ms
[15.471s][info ][gc,cpu         ] GC(23) User=2.74s Sys=0.04s Real=0.75s
[15.471s][info ][safepoint      ] Leaving safepoint region
[15.471s][info ][safepoint      ] Total time for which application threads were stopped: 0.8635273 seconds, Stopping threads took: 0.0018862 seconds
[15.766s][info ][safepoint      ] Application time: 0.2951102 seconds
[15.771s][info ][safepoint      ] Entering safepoint region: ParallelGCFailedAllocation
[15.771s][info ][gc,start       ] GC(24) Pause Young (Allocation Failure)
[15.814s][debug][gc,phases      ] GC(24) Scavenge 43.590ms
[15.814s][debug][gc,ref         ] GC(24) Skipped phase1 of Reference Processing due to unavailable references
[15.815s][debug][gc,ref         ] GC(24) Skipped phase3 of Reference Processing due to unavailable references
[15.815s][debug][gc,phases      ] GC(24) Reference Processing 0.107ms
[15.815s][debug][gc,phases      ] GC(24) Weak Processing 0.295ms
[15.816s][debug][gc,phases      ] GC(24) Scrub String Table 0.719ms
[15.816s][debug][gc,age         ] GC(24) Desired survivor size 238551040 bytes, new threshold 15 (max threshold 15)
[15.816s][info ][gc,heap        ] GC(24) PSYoungGen: 1693193K->38905K(1859584K)
[15.816s][info ][gc,heap        ] GC(24) ParOldGen: 138237K->140157K(219648K)
[15.816s][info ][gc,metaspace   ] GC(24) Metaspace: 52181K->52181K(1097728K)
[15.816s][info ][gc             ] GC(24) Pause Young (Allocation Failure) 1788M->174M(2030M) 44.872ms
[15.816s][info ][gc,cpu         ] GC(24) User=0.17s Sys=0.02s Real=0.04s
[15.816s][info ][safepoint      ] Leaving safepoint region
[15.816s][info ][safepoint      ] Total time for which application threads were stopped: 0.0495075 seconds, Stopping threads took: 0.0043301 seconds
[16.090s][info ][safepoint      ] Application time: 0.2743139 seconds
[16.090s][info ][safepoint      ] Entering safepoint region: ParallelGCFailedAllocation
[16.091s][info ][gc,start       ] GC(25) Pause Young (Allocation Failure)
[16.113s][debug][gc,phases      ] GC(25) Scavenge 22.032ms
[16.113s][debug][gc,ref         ] GC(25) Skipped phase1 of Reference Processing due to unavailable references
[16.113s][debug][gc,ref         ] GC(25) Skipped phase3 of Reference Processing due to unavailable references
[16.113s][debug][gc,phases      ] GC(25) Reference Processing 0.109ms
[16.113s][debug][gc,phases      ] GC(25) Weak Processing 0.230ms
[16.114s][debug][gc,phases      ] GC(25) Scrub String Table 0.746ms
[16.114s][debug][gc,age         ] GC(25) Desired survivor size 241172480 bytes, new threshold 15 (max threshold 15)
[16.114s][info ][gc,heap        ] GC(25) PSYoungGen: 1670137K->38217K(1669632K)
[16.114s][info ][gc,heap        ] GC(25) ParOldGen: 140157K->141117K(219648K)
[16.114s][info ][gc,metaspace   ] GC(25) Metaspace: 52437K->52437K(1097728K)
[16.114s][info ][gc             ] GC(25) Pause Young (Allocation Failure) 1767M->175M(1845M) 23.278ms
[16.114s][info ][gc,cpu         ] GC(25) User=0.08s Sys=0.00s Real=0.02s
[16.114s][info ][safepoint      ] Leaving safepoint region
[16.114s][info ][safepoint      ] Total time for which application threads were stopped: 0.0238099 seconds, Stopping threads took: 0.0001923 seconds
[16.407s][info ][safepoint      ] Application time: 0.2926206 seconds
[16.407s][info ][safepoint      ] Entering safepoint region: ParallelGCFailedAllocation
[16.407s][info ][gc,start       ] GC(26) Pause Young (Allocation Failure)
[16.424s][debug][gc,phases      ] GC(26) Scavenge 16.863ms
[16.424s][debug][gc,ref         ] GC(26) Skipped phase1 of Reference Processing due to unavailable references
[16.424s][debug][gc,ref         ] GC(26) Skipped phase3 of Reference Processing due to unavailable references
[16.424s][debug][gc,phases      ] GC(26) Reference Processing 0.099ms
[16.424s][debug][gc,phases      ] GC(26) Weak Processing 0.156ms
[16.425s][debug][gc,phases      ] GC(26) Scrub String Table 0.443ms
[16.425s][debug][gc,age         ] GC(26) Desired survivor size 241172480 bytes, new threshold 15 (max threshold 15)
[16.425s][info ][gc,heap        ] GC(26) PSYoungGen: 1669449K->36601K(1861632K)
[16.425s][info ][gc,heap        ] GC(26) ParOldGen: 141117K->142934K(219648K)
[16.425s][info ][gc,metaspace   ] GC(26) Metaspace: 52579K->52579K(1097728K)
[16.425s][info ][gc             ] GC(26) Pause Young (Allocation Failure) 1768M->175M(2032M) 17.755ms
[16.425s][info ][gc,cpu         ] GC(26) User=0.07s Sys=0.00s Real=0.01s
[16.425s][info ][safepoint      ] Leaving safepoint region
[16.425s][info ][safepoint      ] Total time for which application threads were stopped: 0.0181421 seconds, Stopping threads took: 0.0000635 seconds
[16.685s][info ][safepoint      ] Application time: 0.2604289 seconds
[16.686s][info ][safepoint      ] Entering safepoint region: ParallelGCFailedAllocation
[16.686s][info ][gc,start       ] GC(27) Pause Young (Allocation Failure)
[16.703s][debug][gc,phases      ] GC(27) Scavenge 16.704ms
[16.703s][debug][gc,ref         ] GC(27) Skipped phase1 of Reference Processing due to unavailable references
[16.703s][debug][gc,ref         ] GC(27) Skipped phase3 of Reference Processing due to unavailable references
[16.703s][debug][gc,phases      ] GC(27) Reference Processing 0.118ms
[16.703s][debug][gc,phases      ] GC(27) Weak Processing 0.180ms
[16.704s][debug][gc,phases      ] GC(27) Scrub String Table 0.497ms
[16.704s][debug][gc,age         ] GC(27) Desired survivor size 239075328 bytes, new threshold 15 (max threshold 15)
[16.704s][info ][gc,heap        ] GC(27) PSYoungGen: 1662713K->35721K(1861632K)
[16.704s][info ][gc,heap        ] GC(27) ParOldGen: 142934K->144030K(219648K)
[16.704s][info ][gc,metaspace   ] GC(27) Metaspace: 52601K->52601K(1097728K)
[16.704s][info ][gc             ] GC(27) Pause Young (Allocation Failure) 1763M->175M(2032M) 17.664ms
[16.704s][info ][gc,cpu         ] GC(27) User=0.05s Sys=0.01s Real=0.01s
[16.704s][info ][safepoint      ] Leaving safepoint region
[16.704s][info ][safepoint      ] Total time for which application threads were stopped: 0.0185838 seconds, Stopping threads took: 0.0006310 seconds
[16.990s][info ][safepoint      ] Application time: 0.2866370 seconds
[16.992s][info ][safepoint      ] Entering safepoint region: ParallelGCFailedAllocation
[16.992s][info ][gc,start       ] GC(28) Pause Young (Allocation Failure)
[17.007s][debug][gc,phases      ] GC(28) Scavenge 15.072ms
[17.007s][debug][gc,ref         ] GC(28) Skipped phase1 of Reference Processing due to unavailable references
[17.007s][debug][gc,ref         ] GC(28) Skipped phase3 of Reference Processing due to unavailable references
[17.008s][debug][gc,phases      ] GC(28) Reference Processing 0.098ms
[17.008s][debug][gc,phases      ] GC(28) Weak Processing 0.150ms
[17.008s][debug][gc,phases      ] GC(28) Scrub String Table 0.448ms
[17.008s][debug][gc,age         ] GC(28) Desired survivor size 235929600 bytes, new threshold 15 (max threshold 15)
[17.008s][info ][gc,heap        ] GC(28) PSYoungGen: 1661833K->34185K(1866752K)
[17.008s][info ][gc,heap        ] GC(28) ParOldGen: 144030K->145774K(219648K)
[17.008s][info ][gc,metaspace   ] GC(28) Metaspace: 52631K->52631K(1097728K)
[17.008s][info ][gc             ] GC(28) Pause Young (Allocation Failure) 1763M->175M(2037M) 15.936ms
[17.008s][info ][gc,cpu         ] GC(28) User=0.06s Sys=0.00s Real=0.02s
[17.008s][info ][safepoint      ] Leaving safepoint region
[17.008s][info ][safepoint      ] Total time for which application threads were stopped: 0.0178123 seconds, Stopping threads took: 0.0015773 seconds
[17.271s][info ][safepoint      ] Application time: 0.2629383 seconds
[17.271s][info ][safepoint      ] Entering safepoint region: ParallelGCFailedAllocation
[17.272s][info ][gc,start       ] GC(29) Pause Young (Allocation Failure)
[17.285s][debug][gc,phases      ] GC(29) Scavenge 13.361ms
[17.285s][debug][gc,ref         ] GC(29) Skipped phase1 of Reference Processing due to unavailable references
[17.285s][debug][gc,ref         ] GC(29) Skipped phase3 of Reference Processing due to unavailable references
[17.285s][debug][gc,phases      ] GC(29) Reference Processing 0.124ms
[17.285s][debug][gc,phases      ] GC(29) Weak Processing 0.220ms
[17.286s][debug][gc,phases      ] GC(29) Scrub String Table 0.714ms
[17.286s][debug][gc,age         ] GC(29) Desired survivor size 231735296 bytes, new threshold 15 (max threshold 15)
[17.286s][info ][gc,heap        ] GC(29) PSYoungGen: 1667465K->31945K(1863680K)
[17.286s][info ][gc,heap        ] GC(29) ParOldGen: 145774K->148270K(219648K)
[17.286s][info ][gc,metaspace   ] GC(29) Metaspace: 52667K->52667K(1097728K)
[17.286s][info ][gc             ] GC(29) Pause Young (Allocation Failure) 1770M->175M(2034M) 14.605ms
[17.286s][info ][gc,cpu         ] GC(29) User=0.04s Sys=0.01s Real=0.02s
[17.286s][info ][safepoint      ] Leaving safepoint region
[17.286s][info ][safepoint      ] Total time for which application threads were stopped: 0.0150831 seconds, Stopping threads took: 0.0001906 seconds
[17.500s][info ][safepoint      ] Application time: 0.2140167 seconds
[17.501s][info ][safepoint      ] Entering safepoint region: ICBufferFull
[17.501s][info ][safepoint      ] Leaving safepoint region
[17.501s][info ][safepoint      ] Total time for which application threads were stopped: 0.0005425 seconds, Stopping threads took: 0.0002029 seconds
[17.567s][info ][safepoint      ] Application time: 0.0662692 seconds
[17.567s][info ][safepoint      ] Entering safepoint region: ParallelGCFailedAllocation
[17.568s][info ][gc,start       ] GC(30) Pause Young (Allocation Failure)
[17.580s][debug][gc,phases      ] GC(30) Scavenge 12.033ms
[17.580s][debug][gc,ref         ] GC(30) Skipped phase1 of Reference Processing due to unavailable references
[17.580s][debug][gc,ref         ] GC(30) Skipped phase3 of Reference Processing due to unavailable references
[17.580s][debug][gc,phases      ] GC(30) Reference Processing 0.109ms
[17.580s][debug][gc,phases      ] GC(30) Weak Processing 0.163ms
[17.581s][debug][gc,phases      ] GC(30) Scrub String Table 0.447ms
[17.581s][debug][gc,age         ] GC(30) Desired survivor size 227016704 bytes, new threshold 15 (max threshold 15)
[17.581s][info ][gc,heap        ] GC(30) PSYoungGen: 1665225K->28985K(1875456K)
[17.581s][info ][gc,heap        ] GC(30) ParOldGen: 148270K->151486K(219648K)
[17.581s][info ][gc,metaspace   ] GC(30) Metaspace: 52690K->52690K(1097728K)
[17.581s][info ][gc             ] GC(30) Pause Young (Allocation Failure) 1770M->176M(2046M) 12.917ms
[17.581s][info ][gc,cpu         ] GC(30) User=0.06s Sys=0.00s Real=0.01s
[17.581s][info ][safepoint      ] Leaving safepoint region
[17.581s][info ][safepoint      ] Total time for which application threads were stopped: 0.0134453 seconds, Stopping threads took: 0.0001618 seconds
[17.920s][info ][safepoint      ] Application time: 0.3394042 seconds
[17.920s][info ][safepoint      ] Entering safepoint region: ParallelGCFailedAllocation
[17.921s][info ][gc,start       ] GC(31) Pause Young (Allocation Failure)
[17.930s][debug][gc,phases      ] GC(31) Scavenge 9.424ms
[17.930s][debug][gc,ref         ] GC(31) Skipped phase1 of Reference Processing due to unavailable references
[17.930s][debug][gc,ref         ] GC(31) Skipped phase3 of Reference Processing due to unavailable references
[17.930s][debug][gc,phases      ] GC(31) Reference Processing 0.080ms
[17.930s][debug][gc,phases      ] GC(31) Weak Processing 0.231ms
[17.931s][debug][gc,phases      ] GC(31) Scrub String Table 0.772ms
[17.931s][debug][gc,age         ] GC(31) Desired survivor size 220725248 bytes, new threshold 15 (max threshold 15)
[17.931s][info ][gc,heap        ] GC(31) PSYoungGen: 1678137K->28569K(1870848K)
[17.931s][info ][gc,heap        ] GC(31) ParOldGen: 151486K->152118K(219648K)
[17.931s][info ][gc,metaspace   ] GC(31) Metaspace: 52724K->52724K(1097728K)
[17.931s][info ][gc             ] GC(31) Pause Young (Allocation Failure) 1786M->176M(2041M) 10.676ms
[17.931s][info ][gc,cpu         ] GC(31) User=0.02s Sys=0.01s Real=0.01s
[17.932s][info ][safepoint      ] Leaving safepoint region
[17.932s][info ][safepoint      ] Total time for which application threads were stopped: 0.0113129 seconds, Stopping threads took: 0.0001868 seconds
[18.191s][info ][safepoint      ] Application time: 0.2593649 seconds
[18.191s][info ][safepoint      ] Entering safepoint region: ParallelGCFailedAllocation
[18.191s][info ][gc,start       ] GC(32) Pause Young (Allocation Failure)
[18.201s][debug][gc,phases      ] GC(32) Scavenge 9.905ms
[18.201s][debug][gc,ref         ] GC(32) Skipped phase1 of Reference Processing due to unavailable references
[18.201s][debug][gc,ref         ] GC(32) Skipped phase3 of Reference Processing due to unavailable references
[18.201s][debug][gc,phases      ] GC(32) Reference Processing 0.066ms
[18.202s][debug][gc,phases      ] GC(32) Weak Processing 0.149ms
[18.202s][debug][gc,phases      ] GC(32) Scrub String Table 0.435ms
[18.202s][debug][gc,age         ] GC(32) Desired survivor size 214433792 bytes, new threshold 15 (max threshold 15)
[18.202s][info ][gc,heap        ] GC(32) PSYoungGen: 1677721K->26792K(1887744K)
[18.202s][info ][gc,heap        ] GC(32) ParOldGen: 152118K->154448K(219648K)
[18.202s][info ][gc,metaspace   ] GC(32) Metaspace: 52732K->52732K(1097728K)
[18.202s][info ][gc             ] GC(32) Pause Young (Allocation Failure) 1786M->176M(2058M) 10.726ms
[18.202s][info ][gc,cpu         ] GC(32) User=0.02s Sys=0.01s Real=0.01s
[18.202s][info ][safepoint      ] Leaving safepoint region
[18.202s][info ][safepoint      ] Total time for which application threads were stopped: 0.0112656 seconds, Stopping threads took: 0.0002480 seconds
[18.479s][info ][safepoint      ] Application time: 0.2771939 seconds
[18.480s][info ][safepoint      ] Entering safepoint region: ParallelGCFailedAllocation
[18.480s][info ][gc,start       ] GC(33) Pause Young (Allocation Failure)
[18.491s][debug][gc,phases      ] GC(33) Scavenge 10.691ms
[18.491s][debug][gc,ref         ] GC(33) Skipped phase1 of Reference Processing due to unavailable references
[18.491s][debug][gc,ref         ] GC(33) Skipped phase3 of Reference Processing due to unavailable references
[18.491s][debug][gc,phases      ] GC(33) Reference Processing 0.059ms
[18.491s][debug][gc,phases      ] GC(33) Weak Processing 0.222ms
[18.492s][debug][gc,phases      ] GC(33) Scrub String Table 0.690ms
[18.492s][debug][gc,age         ] GC(33) Desired survivor size 208142336 bytes, new threshold 15 (max threshold 15)
[18.492s][info ][gc,heap        ] GC(33) PSYoungGen: 1698984K->23864K(1881600K)
[18.492s][info ][gc,heap        ] GC(33) ParOldGen: 154448K->158960K(219648K)
[18.492s][info ][gc,metaspace   ] GC(33) Metaspace: 52738K->52738K(1097728K)
[18.492s][info ][gc             ] GC(33) Pause Young (Allocation Failure) 1809M->178M(2052M) 11.831ms
[18.492s][info ][gc,cpu         ] GC(33) User=0.04s Sys=0.00s Real=0.01s
[18.492s][info ][safepoint      ] Leaving safepoint region
[18.492s][info ][safepoint      ] Total time for which application threads were stopped: 0.0123760 seconds, Stopping threads took: 0.0002225 seconds
[18.773s][info ][safepoint      ] Application time: 0.2810443 seconds
[18.773s][info ][safepoint      ] Entering safepoint region: ParallelGCFailedAllocation
[18.774s][info ][gc,start       ] GC(34) Pause Young (Allocation Failure)
[18.786s][debug][gc,phases      ] GC(34) Scavenge 12.469ms
[18.786s][debug][gc,ref         ] GC(34) Skipped phase1 of Reference Processing due to unavailable references
[18.786s][debug][gc,ref         ] GC(34) Skipped phase3 of Reference Processing due to unavailable references
[18.786s][debug][gc,phases      ] GC(34) Reference Processing 0.060ms
[18.786s][debug][gc,phases      ] GC(34) Weak Processing 0.127ms
[18.787s][debug][gc,phases      ] GC(34) Scrub String Table 0.620ms
[18.787s][debug][gc,age         ] GC(34) Desired survivor size 201850880 bytes, new threshold 15 (max threshold 15)
[18.787s][info ][gc,heap        ] GC(34) PSYoungGen: 1696056K->19768K(1900032K)
[18.787s][info ][gc,heap        ] GC(34) ParOldGen: 158960K->163821K(219648K)
[18.787s][info ][gc,metaspace   ] GC(34) Metaspace: 52776K->52776K(1097728K)
[18.787s][info ][gc             ] GC(34) Pause Young (Allocation Failure) 1811M->179M(2070M) 13.474ms
[18.787s][info ][gc,cpu         ] GC(34) User=0.05s Sys=0.00s Real=0.02s
[18.787s][info ][safepoint      ] Leaving safepoint region
[18.787s][info ][safepoint      ] Total time for which application threads were stopped: 0.0141680 seconds, Stopping threads took: 0.0003587 seconds
[19.076s][info ][safepoint      ] Application time: 0.2886245 seconds
[19.076s][info ][safepoint      ] Entering safepoint region: ParallelGCFailedAllocation
[19.076s][info ][gc,start       ] GC(35) Pause Young (Allocation Failure)
[19.086s][debug][gc,phases      ] GC(35) Scavenge 9.416ms
[19.086s][debug][gc,ref         ] GC(35) Skipped phase1 of Reference Processing due to unavailable references
[19.086s][debug][gc,ref         ] GC(35) Skipped phase3 of Reference Processing due to unavailable references
[19.086s][debug][gc,ref         ] GC(35) Skipped phase4 of Reference Processing due to unavailable references
[19.086s][debug][gc,phases      ] GC(35) Reference Processing 0.054ms
[19.086s][debug][gc,phases      ] GC(35) Weak Processing 0.119ms
[19.086s][debug][gc,phases      ] GC(35) Scrub String Table 0.383ms
[19.086s][debug][gc,age         ] GC(35) Desired survivor size 196083712 bytes, new threshold 15 (max threshold 15)
[19.086s][info ][gc,heap        ] GC(35) PSYoungGen: 1716536K->13000K(1893888K)
[19.086s][info ][gc,heap        ] GC(35) ParOldGen: 163821K->171646K(219648K)
[19.086s][info ][gc,metaspace   ] GC(35) Metaspace: 52782K->52782K(1097728K)
[19.086s][info ][gc             ] GC(35) Pause Young (Allocation Failure) 1836M->180M(2064M) 10.132ms
[19.086s][info ][gc,cpu         ] GC(35) User=0.03s Sys=0.02s Real=0.02s
[19.086s][info ][safepoint      ] Leaving safepoint region
[19.086s][info ][safepoint      ] Total time for which application threads were stopped: 0.0106256 seconds, Stopping threads took: 0.0002100 seconds
[19.435s][info ][safepoint      ] Application time: 0.3489536 seconds
[19.436s][info ][safepoint      ] Entering safepoint region: ParallelGCFailedAllocation
[19.437s][info ][gc,start       ] GC(36) Pause Young (Allocation Failure)
[19.450s][debug][gc,phases      ] GC(36) Scavenge 12.873ms
[19.450s][debug][gc,ref         ] GC(36) Skipped phase1 of Reference Processing due to unavailable references
[19.450s][debug][gc,ref         ] GC(36) Skipped phase3 of Reference Processing due to unavailable references
[19.450s][debug][gc,ref         ] GC(36) Skipped phase4 of Reference Processing due to unavailable references
[19.450s][debug][gc,phases      ] GC(36) Reference Processing 0.055ms
[19.450s][debug][gc,phases      ] GC(36) Weak Processing 0.199ms
[19.450s][debug][gc,phases      ] GC(36) Scrub String Table 0.661ms
[19.451s][debug][gc,age         ] GC(36) Desired survivor size 190316544 bytes, new threshold 15 (max threshold 15)
[19.451s][info ][gc,heap        ] GC(36) PSYoungGen: 1709768K->6808K(1911296K)
[19.451s][info ][gc,heap        ] GC(36) ParOldGen: 171646K->178944K(219648K)
[19.451s][info ][gc,metaspace   ] GC(36) Metaspace: 52806K->52806K(1097728K)
[19.451s][info ][gc             ] GC(36) Pause Young (Allocation Failure) 1837M->181M(2081M) 13.955ms
[19.451s][info ][gc,cpu         ] GC(36) User=0.04s Sys=0.01s Real=0.02s
[19.451s][info ][safepoint      ] Leaving safepoint region
[19.451s][info ][safepoint      ] Total time for which application threads were stopped: 0.0151639 seconds, Stopping threads took: 0.0009173 seconds
[19.719s][info ][safepoint      ] Application time: 0.2686283 seconds
[19.720s][info ][safepoint      ] Entering safepoint region: ParallelGCFailedAllocation
[19.720s][info ][gc,start       ] GC(37) Pause Young (Allocation Failure)
[19.729s][debug][gc,phases      ] GC(37) Scavenge 9.450ms
[19.729s][debug][gc,ref         ] GC(37) Skipped phase1 of Reference Processing due to unavailable references
[19.729s][debug][gc,ref         ] GC(37) Skipped phase3 of Reference Processing due to unavailable references
[19.729s][debug][gc,ref         ] GC(37) Skipped phase4 of Reference Processing due to unavailable references
[19.730s][debug][gc,phases      ] GC(37) Reference Processing 0.049ms
[19.730s][debug][gc,phases      ] GC(37) Weak Processing 0.123ms
[19.730s][debug][gc,phases      ] GC(37) Scrub String Table 0.388ms
[19.730s][debug][gc,age         ] GC(37) Desired survivor size 184025088 bytes, new threshold 15 (max threshold 15)
[19.730s][info ][gc,heap        ] GC(37) PSYoungGen: 1726616K->6952K(1905664K)
[19.730s][info ][gc,heap        ] GC(37) ParOldGen: 178944K->180456K(219648K)
[19.730s][info ][gc,metaspace   ] GC(37) Metaspace: 52817K->52817K(1097728K)
[19.730s][info ][gc             ] GC(37) Pause Young (Allocation Failure) 1860M->183M(2075M) 10.197ms
[19.730s][info ][gc,cpu         ] GC(37) User=0.04s Sys=0.00s Real=0.01s
[19.730s][info ][safepoint      ] Leaving safepoint region
[19.730s][info ][safepoint      ] Total time for which application threads were stopped: 0.0108915 seconds, Stopping threads took: 0.0004044 seconds
[20.108s][info ][safepoint      ] Application time: 0.3781249 seconds
[20.109s][info ][safepoint      ] Entering safepoint region: ParallelGCFailedAllocation
[20.109s][info ][gc,start       ] GC(38) Pause Young (Allocation Failure)
[20.117s][debug][gc,phases      ] GC(38) Scavenge 7.815ms
[20.117s][debug][gc,ref         ] GC(38) Skipped phase1 of Reference Processing due to unavailable references
[20.117s][debug][gc,ref         ] GC(38) Skipped phase2 of Reference Processing due to unavailable references
[20.117s][debug][gc,ref         ] GC(38) Skipped phase3 of Reference Processing due to unavailable references
[20.117s][debug][gc,ref         ] GC(38) Skipped phase4 of Reference Processing due to unavailable references
[20.117s][debug][gc,phases      ] GC(38) Reference Processing 0.038ms
[20.117s][debug][gc,phases      ] GC(38) Weak Processing 0.191ms
[20.118s][debug][gc,phases      ] GC(38) Scrub String Table 0.677ms
[20.118s][debug][gc,age         ] GC(38) Desired survivor size 177209344 bytes, new threshold 15 (max threshold 15)
[20.118s][info ][gc,heap        ] GC(38) PSYoungGen: 1726760K->7552K(1924096K)
[20.118s][info ][gc,heap        ] GC(38) ParOldGen: 180456K->180872K(219648K)
[20.118s][info ][gc,metaspace   ] GC(38) Metaspace: 52832K->52832K(1097728K)
[20.118s][info ][gc             ] GC(38) Pause Young (Allocation Failure) 1862M->184M(2093M) 8.878ms
[20.118s][info ][gc,cpu         ] GC(38) User=0.04s Sys=0.00s Real=0.01s
[20.118s][info ][safepoint      ] Leaving safepoint region
[20.118s][info ][safepoint      ] Total time for which application threads were stopped: 0.0093550 seconds, Stopping threads took: 0.0001701 seconds
[20.465s][info ][safepoint      ] Application time: 0.3476876 seconds
[20.466s][info ][safepoint      ] Entering safepoint region: ParallelGCFailedAllocation
[20.467s][info ][gc,start       ] GC(39) Pause Young (Allocation Failure)
[20.485s][debug][gc,phases      ] GC(39) Scavenge 17.764ms
[20.485s][debug][gc,ref         ] GC(39) Skipped phase1 of Reference Processing due to unavailable references
[20.485s][debug][gc,ref         ] GC(39) Skipped phase2 of Reference Processing due to unavailable references
[20.485s][debug][gc,ref         ] GC(39) Skipped phase3 of Reference Processing due to unavailable references
[20.485s][debug][gc,ref         ] GC(39) Skipped phase4 of Reference Processing due to unavailable references
[20.485s][debug][gc,phases      ] GC(39) Reference Processing 0.042ms
[20.485s][debug][gc,phases      ] GC(39) Weak Processing 0.116ms
[20.485s][debug][gc,phases      ] GC(39) Scrub String Table 0.376ms
[20.485s][debug][gc,age         ] GC(39) Desired survivor size 168296448 bytes, new threshold 15 (max threshold 15)
[20.485s][info ][gc,heap        ] GC(39) PSYoungGen: 1751936K->15840K(1917440K)
[20.485s][info ][gc,heap        ] GC(39) ParOldGen: 180872K->181080K(219648K)
[20.485s][info ][gc,metaspace   ] GC(39) Metaspace: 52837K->52837K(1097728K)
[20.485s][info ][gc             ] GC(39) Pause Young (Allocation Failure) 1887M->192M(2087M) 18.461ms
[20.485s][info ][gc,cpu         ] GC(39) User=0.07s Sys=0.00s Real=0.01s
[20.485s][info ][safepoint      ] Leaving safepoint region
[20.485s][info ][safepoint      ] Total time for which application threads were stopped: 0.0197786 seconds, Stopping threads took: 0.0010097 seconds
[20.542s][info ][safepoint      ] Application time: 0.0567325 seconds
[20.542s][info ][safepoint      ] Entering safepoint region: RevokeBias
[20.542s][info ][safepoint      ] Leaving safepoint region
[20.542s][info ][safepoint      ] Total time for which application threads were stopped: 0.0003831 seconds, Stopping threads took: 0.0002386 seconds
[20.555s][info ][safepoint      ] Application time: 0.0121859 seconds
[20.555s][info ][safepoint      ] Entering safepoint region: RevokeBias
[20.555s][info ][safepoint      ] Leaving safepoint region
[20.555s][info ][safepoint      ] Total time for which application threads were stopped: 0.0004165 seconds, Stopping threads took: 0.0002529 seconds
[20.556s][info ][safepoint      ] Application time: 0.0006673 seconds
[20.556s][info ][safepoint      ] Entering safepoint region: RevokeBias
[20.556s][info ][safepoint      ] Leaving safepoint region
[20.556s][info ][safepoint      ] Total time for which application threads were stopped: 0.0002727 seconds, Stopping threads took: 0.0001673 seconds
[20.621s][info ][safepoint      ] Application time: 0.0652719 seconds
[20.622s][info ][safepoint      ] Entering safepoint region: RevokeBias
[20.623s][info ][safepoint      ] Leaving safepoint region
[20.623s][info ][safepoint      ] Total time for which application threads were stopped: 0.0012936 seconds, Stopping threads took: 0.0011272 seconds
[20.656s][info ][safepoint      ] Application time: 0.0329852 seconds
[20.656s][info ][safepoint      ] Entering safepoint region: RevokeBias
[20.656s][info ][safepoint      ] Leaving safepoint region
[20.656s][info ][safepoint      ] Total time for which application threads were stopped: 0.0003307 seconds, Stopping threads took: 0.0001950 seconds
[20.825s][info ][safepoint      ] Application time: 0.1687920 seconds
[20.825s][info ][safepoint      ] Entering safepoint region: ParallelGCFailedAllocation
[20.826s][info ][gc,start       ] GC(40) Pause Young (Allocation Failure)
[20.841s][debug][gc,phases      ] GC(40) Scavenge 15.250ms
[20.841s][debug][gc,ref         ] GC(40) Skipped phase1 of Reference Processing due to unavailable references
[20.841s][debug][gc,ref         ] GC(40) Skipped phase3 of Reference Processing due to unavailable references
[20.841s][debug][gc,phases      ] GC(40) Reference Processing 0.053ms
[20.842s][debug][gc,phases      ] GC(40) Weak Processing 0.125ms
[20.842s][debug][gc,phases      ] GC(40) Scrub String Table 0.393ms
[20.842s][debug][gc,age         ] GC(40) Desired survivor size 159907840 bytes, new threshold 15 (max threshold 15)
[20.842s][info ][gc,heap        ] GC(40) PSYoungGen: 1760224K->16512K(1940992K)
[20.842s][info ][gc,heap        ] GC(40) ParOldGen: 181080K->181272K(219648K)
[20.842s][info ][gc,metaspace   ] GC(40) Metaspace: 54583K->54583K(1099776K)
[20.842s][info ][gc             ] GC(40) Pause Young (Allocation Failure) 1895M->193M(2110M) 16.030ms
[20.842s][info ][gc,cpu         ] GC(40) User=0.07s Sys=0.01s Real=0.01s
[20.842s][info ][safepoint      ] Leaving safepoint region
[20.842s][info ][safepoint      ] Total time for which application threads were stopped: 0.0171059 seconds, Stopping threads took: 0.0003593 seconds
[21.119s][info ][safepoint      ] Application time: 0.2766970 seconds
[21.121s][info ][safepoint      ] Entering safepoint region: RevokeBias
[21.121s][info ][safepoint      ] Leaving safepoint region
[21.121s][info ][safepoint      ] Total time for which application threads were stopped: 0.0019196 seconds, Stopping threads took: 0.0017736 seconds
[21.149s][info ][safepoint      ] Application time: 0.0283684 seconds
[21.149s][info ][safepoint      ] Entering safepoint region: RevokeBias
[21.150s][info ][safepoint      ] Leaving safepoint region
[21.150s][info ][safepoint      ] Total time for which application threads were stopped: 0.0005204 seconds, Stopping threads took: 0.0002285 seconds
[21.151s][info ][safepoint      ] Application time: 0.0012985 seconds
[21.151s][info ][safepoint      ] Entering safepoint region: RevokeBias
[21.152s][info ][safepoint      ] Leaving safepoint region
[21.152s][info ][safepoint      ] Total time for which application threads were stopped: 0.0011267 seconds, Stopping threads took: 0.0009632 seconds
[21.171s][info ][safepoint      ] Application time: 0.0192871 seconds
[21.172s][info ][safepoint      ] Entering safepoint region: RevokeBias
[21.172s][info ][safepoint      ] Leaving safepoint region
[21.172s][info ][safepoint      ] Total time for which application threads were stopped: 0.0004205 seconds, Stopping threads took: 0.0002714 seconds
[21.172s][info ][safepoint      ] Application time: 0.0000545 seconds
[21.172s][info ][safepoint      ] Entering safepoint region: RevokeBias
[21.172s][info ][safepoint      ] Leaving safepoint region
[21.172s][info ][safepoint      ] Total time for which application threads were stopped: 0.0001499 seconds, Stopping threads took: 0.0000766 seconds
[21.177s][info ][safepoint      ] Application time: 0.0053774 seconds
[21.178s][info ][safepoint      ] Entering safepoint region: RevokeBias
[21.178s][info ][safepoint      ] Leaving safepoint region
[21.178s][info ][safepoint      ] Total time for which application threads were stopped: 0.0002455 seconds, Stopping threads took: 0.0001376 seconds
[21.185s][info ][safepoint      ] Application time: 0.0074653 seconds
[21.186s][info ][safepoint      ] Entering safepoint region: RevokeBias
[21.186s][info ][safepoint      ] Leaving safepoint region
[21.186s][info ][safepoint      ] Total time for which application threads were stopped: 0.0004302 seconds, Stopping threads took: 0.0002928 seconds
[21.186s][info ][safepoint      ] Application time: 0.0000698 seconds
[21.186s][info ][safepoint      ] Entering safepoint region: RevokeBias
[21.186s][info ][safepoint      ] Leaving safepoint region
[21.186s][info ][safepoint      ] Total time for which application threads were stopped: 0.0001837 seconds, Stopping threads took: 0.0000865 seconds
[21.193s][info ][safepoint      ] Application time: 0.0068539 seconds
[21.193s][info ][safepoint      ] Entering safepoint region: RevokeBias
[21.193s][info ][safepoint      ] Leaving safepoint region
[21.193s][info ][safepoint      ] Total time for which application threads were stopped: 0.0002933 seconds, Stopping threads took: 0.0001640 seconds
[21.205s][info ][safepoint      ] Application time: 0.0119068 seconds
[21.209s][info ][safepoint      ] Entering safepoint region: ParallelGCFailedAllocation
[21.209s][info ][gc,start       ] GC(41) Pause Young (Allocation Failure)
[21.225s][debug][gc,phases      ] GC(41) Scavenge 15.783ms
[21.225s][debug][gc,ref         ] GC(41) Skipped phase1 of Reference Processing due to unavailable references
[21.225s][debug][gc,ref         ] GC(41) Skipped phase3 of Reference Processing due to unavailable references
[21.225s][debug][gc,phases      ] GC(41) Reference Processing 0.048ms
[21.225s][debug][gc,phases      ] GC(41) Weak Processing 0.129ms
[21.225s][debug][gc,phases      ] GC(41) Scrub String Table 0.441ms
[21.226s][debug][gc,age         ] GC(41) Desired survivor size 150994944 bytes, new threshold 15 (max threshold 15)
[21.226s][info ][gc,heap        ] GC(41) PSYoungGen: 1793152K->17120K(1932800K)
[21.226s][info ][gc,heap        ] GC(41) ParOldGen: 181272K->181512K(219648K)
[21.226s][info ][gc,metaspace   ] GC(41) Metaspace: 55640K->55640K(1099776K)
[21.226s][info ][gc             ] GC(41) Pause Young (Allocation Failure) 1928M->193M(2102M) 16.566ms
[21.226s][info ][gc,cpu         ] GC(41) User=0.06s Sys=0.00s Real=0.02s
[21.226s][info ][safepoint      ] Leaving safepoint region
[21.226s][info ][safepoint      ] Total time for which application threads were stopped: 0.0205592 seconds, Stopping threads took: 0.0037862 seconds
[21.247s][info ][safepoint      ] Application time: 0.0217133 seconds
[21.248s][info ][safepoint      ] Entering safepoint region: RevokeBias
[21.248s][info ][safepoint      ] Leaving safepoint region
[21.248s][info ][safepoint      ] Total time for which application threads were stopped: 0.0007644 seconds, Stopping threads took: 0.0004500 seconds
[21.248s][info ][safepoint      ] Application time: 0.0000875 seconds
[21.248s][info ][safepoint      ] Entering safepoint region: RevokeBias
[21.248s][info ][safepoint      ] Leaving safepoint region
[21.248s][info ][safepoint      ] Total time for which application threads were stopped: 0.0001443 seconds, Stopping threads took: 0.0000556 seconds
[21.294s][info ][safepoint      ] Application time: 0.0455646 seconds
[21.294s][info ][safepoint      ] Entering safepoint region: Deoptimize
[21.299s][info ][safepoint      ] Leaving safepoint region
[21.299s][info ][safepoint      ] Total time for which application threads were stopped: 0.0045932 seconds, Stopping threads took: 0.0002364 seconds
[21.345s][info ][safepoint      ] Application time: 0.0462187 seconds
[21.345s][info ][safepoint      ] Entering safepoint region: Deoptimize
[21.347s][info ][safepoint      ] Leaving safepoint region
[21.347s][info ][safepoint      ] Total time for which application threads were stopped: 0.0021562 seconds, Stopping threads took: 0.0003099 seconds
[21.383s][info ][safepoint      ] Application time: 0.0364903 seconds
[21.384s][info ][safepoint      ] Entering safepoint region: RevokeBias
[21.384s][info ][safepoint      ] Leaving safepoint region
[21.384s][info ][safepoint      ] Total time for which application threads were stopped: 0.0003387 seconds, Stopping threads took: 0.0001624 seconds
[21.385s][info ][safepoint      ] Application time: 0.0008627 seconds
[21.385s][info ][safepoint      ] Entering safepoint region: RevokeBias
[21.385s][info ][safepoint      ] Leaving safepoint region
[21.385s][info ][safepoint      ] Total time for which application threads were stopped: 0.0005501 seconds, Stopping threads took: 0.0004269 seconds
[21.385s][info ][safepoint      ] Application time: 0.0000678 seconds
[21.385s][info ][safepoint      ] Entering safepoint region: RevokeBias
[21.386s][info ][safepoint      ] Leaving safepoint region
[21.386s][info ][safepoint      ] Total time for which application threads were stopped: 0.0001427 seconds, Stopping threads took: 0.0000755 seconds
[21.386s][info ][safepoint      ] Application time: 0.0004788 seconds
[21.386s][info ][safepoint      ] Entering safepoint region: RevokeBias
[21.386s][info ][safepoint      ] Leaving safepoint region
[21.386s][info ][safepoint      ] Total time for which application threads were stopped: 0.0002813 seconds, Stopping threads took: 0.0001664 seconds
[21.386s][info ][safepoint      ] Application time: 0.0000486 seconds
[21.386s][info ][safepoint      ] Entering safepoint region: RevokeBias
[21.386s][info ][safepoint      ] Leaving safepoint region
[21.387s][info ][safepoint      ] Total time for which application threads were stopped: 0.0001473 seconds, Stopping threads took: 0.0000533 seconds
[21.477s][info ][safepoint      ] Application time: 0.0907767 seconds
[21.478s][info ][safepoint      ] Entering safepoint region: RevokeBias
[21.478s][info ][safepoint      ] Leaving safepoint region
[21.478s][info ][safepoint      ] Total time for which application threads were stopped: 0.0004662 seconds, Stopping threads took: 0.0001990 seconds
[21.522s][info ][safepoint      ] Application time: 0.0443501 seconds
[21.522s][info ][safepoint      ] Entering safepoint region: Deoptimize
[21.524s][info ][safepoint      ] Leaving safepoint region
[21.524s][info ][safepoint      ] Total time for which application threads were stopped: 0.0020914 seconds, Stopping threads took: 0.0002200 seconds
[21.526s][info ][safepoint      ] Application time: 0.0018881 seconds
[21.527s][info ][safepoint      ] Entering safepoint region: RevokeBias
[21.527s][info ][safepoint      ] Leaving safepoint region
[21.527s][info ][safepoint      ] Total time for which application threads were stopped: 0.0006829 seconds, Stopping threads took: 0.0005554 seconds
[21.527s][info ][safepoint      ] Application time: 0.0003629 seconds
[21.527s][info ][safepoint      ] Entering safepoint region: Deoptimize
[21.529s][info ][safepoint      ] Leaving safepoint region
[21.529s][info ][safepoint      ] Total time for which application threads were stopped: 0.0014965 seconds, Stopping threads took: 0.0001428 seconds
[21.535s][info ][safepoint      ] Application time: 0.0064563 seconds
[21.535s][info ][safepoint      ] Entering safepoint region: RevokeBias
[21.536s][info ][safepoint      ] Leaving safepoint region
[21.536s][info ][safepoint      ] Total time for which application threads were stopped: 0.0003151 seconds, Stopping threads took: 0.0001788 seconds
[21.550s][info ][safepoint      ] Application time: 0.0148260 seconds
[21.551s][info ][safepoint      ] Entering safepoint region: RevokeBias
[21.551s][info ][safepoint      ] Leaving safepoint region
[21.551s][info ][safepoint      ] Total time for which application threads were stopped: 0.0003556 seconds, Stopping threads took: 0.0001860 seconds
[21.559s][info ][safepoint      ] Application time: 0.0078440 seconds
[21.559s][info ][safepoint      ] Entering safepoint region: Deoptimize
[21.561s][info ][safepoint      ] Leaving safepoint region
[21.561s][info ][safepoint      ] Total time for which application threads were stopped: 0.0019170 seconds, Stopping threads took: 0.0001668 seconds
[21.638s][info ][safepoint      ] Application time: 0.0776104 seconds
[21.638s][info ][safepoint      ] Entering safepoint region: RevokeBias
[21.639s][info ][safepoint      ] Leaving safepoint region
[21.639s][info ][safepoint      ] Total time for which application threads were stopped: 0.0005072 seconds, Stopping threads took: 0.0002601 seconds
[21.662s][info ][safepoint      ] Application time: 0.0228853 seconds
[21.662s][info ][safepoint      ] Entering safepoint region: ParallelGCFailedAllocation
[21.662s][info ][gc,start       ] GC(42) Pause Young (Allocation Failure)
[21.678s][debug][gc,phases      ] GC(42) Scavenge 15.722ms
[21.678s][debug][gc,ref         ] GC(42) Skipped phase1 of Reference Processing due to unavailable references
[21.678s][debug][gc,ref         ] GC(42) Skipped phase3 of Reference Processing due to unavailable references
[21.678s][debug][gc,phases      ] GC(42) Reference Processing 0.059ms
[21.678s][debug][gc,phases      ] GC(42) Weak Processing 0.127ms
[21.679s][debug][gc,phases      ] GC(42) Scrub String Table 0.452ms
[21.679s][debug][gc,age         ] GC(42) Desired survivor size 142082048 bytes, new threshold 15 (max threshold 15)
[21.679s][info ][gc,heap        ] GC(42) PSYoungGen: 1793760K->19633K(1958400K)
[21.679s][info ][gc,heap        ] GC(42) ParOldGen: 181512K->181704K(219648K)
[21.679s][info ][gc,metaspace   ] GC(42) Metaspace: 60125K->60125K(1103872K)
[21.679s][info ][gc             ] GC(42) Pause Young (Allocation Failure) 1928M->196M(2127M) 16.525ms
[21.679s][info ][gc,cpu         ] GC(42) User=0.07s Sys=0.00s Real=0.02s
[21.679s][info ][safepoint      ] Leaving safepoint region
[21.679s][info ][safepoint      ] Total time for which application threads were stopped: 0.0169953 seconds, Stopping threads took: 0.0002191 seconds
[21.772s][info ][safepoint      ] Application time: 0.0935086 seconds
[21.772s][info ][safepoint      ] Entering safepoint region: ICBufferFull
[21.773s][info ][safepoint      ] Leaving safepoint region
[21.773s][info ][safepoint      ] Total time for which application threads were stopped: 0.0004799 seconds, Stopping threads took: 0.0002269 seconds
[21.849s][info ][safepoint      ] Application time: 0.0765531 seconds
[21.850s][info ][safepoint      ] Entering safepoint region: RevokeBias
[21.850s][info ][safepoint      ] Leaving safepoint region
[21.850s][info ][safepoint      ] Total time for which application threads were stopped: 0.0011788 seconds, Stopping threads took: 0.0009332 seconds
[21.859s][info ][safepoint      ] Application time: 0.0090119 seconds
[21.862s][info ][safepoint      ] Entering safepoint region: RevokeBias
[21.862s][info ][safepoint      ] Leaving safepoint region
[21.862s][info ][safepoint      ] Total time for which application threads were stopped: 0.0022340 seconds, Stopping threads took: 0.0020189 seconds
[21.923s][info ][safepoint      ] Application time: 0.0611927 seconds
[21.923s][info ][safepoint      ] Entering safepoint region: RevokeBias
[21.924s][info ][safepoint      ] Leaving safepoint region
[21.924s][info ][safepoint      ] Total time for which application threads were stopped: 0.0005244 seconds, Stopping threads took: 0.0002708 seconds
[22.080s][info ][safepoint      ] Application time: 0.1562812 seconds
[22.080s][info ][safepoint      ] Entering safepoint region: ICBufferFull
[22.080s][info ][safepoint      ] Leaving safepoint region
[22.080s][info ][safepoint      ] Total time for which application threads were stopped: 0.0005456 seconds, Stopping threads took: 0.0002921 seconds
[22.168s][info ][safepoint      ] Application time: 0.0879156 seconds
[22.169s][info ][safepoint      ] Entering safepoint region: RevokeBias
[22.169s][info ][safepoint      ] Leaving safepoint region
[22.169s][info ][safepoint      ] Total time for which application threads were stopped: 0.0008262 seconds, Stopping threads took: 0.0006106 seconds
[22.169s][info ][safepoint      ] Application time: 0.0000731 seconds
[22.169s][info ][safepoint      ] Entering safepoint region: RevokeBias
[22.169s][info ][safepoint      ] Leaving safepoint region
[22.169s][info ][safepoint      ] Total time for which application threads were stopped: 0.0001354 seconds, Stopping threads took: 0.0000519 seconds
[22.172s][info ][safepoint      ] Application time: 0.0022276 seconds
[22.172s][info ][safepoint      ] Entering safepoint region: RevokeBias
[22.172s][info ][safepoint      ] Leaving safepoint region
[22.172s][info ][safepoint      ] Total time for which application threads were stopped: 0.0003904 seconds, Stopping threads took: 0.0002671 seconds
[22.172s][info ][safepoint      ] Application time: 0.0000745 seconds
[22.172s][info ][safepoint      ] Entering safepoint region: RevokeBias
[22.172s][info ][safepoint      ] Leaving safepoint region
[22.172s][info ][safepoint      ] Total time for which application threads were stopped: 0.0001638 seconds, Stopping threads took: 0.0000894 seconds
[22.172s][info ][safepoint      ] Application time: 0.0001603 seconds
[22.173s][info ][safepoint      ] Entering safepoint region: RevokeBias
[22.173s][info ][safepoint      ] Leaving safepoint region
[22.173s][info ][safepoint      ] Total time for which application threads were stopped: 0.0002086 seconds, Stopping threads took: 0.0001251 seconds
[22.173s][info ][safepoint      ] Application time: 0.0000928 seconds
[22.173s][info ][safepoint      ] Entering safepoint region: RevokeBias
[22.173s][info ][safepoint      ] Leaving safepoint region
[22.173s][info ][safepoint      ] Total time for which application threads were stopped: 0.0001993 seconds, Stopping threads took: 0.0001164 seconds
[22.173s][info ][safepoint      ] Application time: 0.0000701 seconds
[22.173s][info ][safepoint      ] Entering safepoint region: RevokeBias
[22.173s][info ][safepoint      ] Leaving safepoint region
[22.173s][info ][safepoint      ] Total time for which application threads were stopped: 0.0001496 seconds, Stopping threads took: 0.0000719 seconds
[22.173s][info ][safepoint      ] Application time: 0.0000626 seconds
[22.173s][info ][safepoint      ] Entering safepoint region: RevokeBias
[22.173s][info ][safepoint      ] Leaving safepoint region
[22.173s][info ][safepoint      ] Total time for which application threads were stopped: 0.0002054 seconds, Stopping threads took: 0.0000580 seconds
[22.174s][info ][safepoint      ] Application time: 0.0001192 seconds
[22.174s][info ][safepoint      ] Entering safepoint region: RevokeBias
[22.174s][info ][safepoint      ] Leaving safepoint region
[22.174s][info ][safepoint      ] Total time for which application threads were stopped: 0.0002466 seconds, Stopping threads took: 0.0001079 seconds
[22.174s][info ][safepoint      ] Application time: 0.0001318 seconds
[22.178s][info ][safepoint      ] Entering safepoint region: RevokeBias
[22.178s][info ][safepoint      ] Leaving safepoint region
[22.178s][info ][safepoint      ] Total time for which application threads were stopped: 0.0039919 seconds, Stopping threads took: 0.0039021 seconds
[22.178s][info ][safepoint      ] Application time: 0.0003278 seconds
[22.179s][info ][safepoint      ] Entering safepoint region: RevokeBias
[22.179s][info ][safepoint      ] Leaving safepoint region
[22.179s][info ][safepoint      ] Total time for which application threads were stopped: 0.0009674 seconds, Stopping threads took: 0.0008774 seconds
[22.202s][info ][safepoint      ] Application time: 0.0229731 seconds
[22.203s][info ][safepoint      ] Entering safepoint region: ParallelGCFailedAllocation
[22.203s][info ][gc,start       ] GC(43) Pause Young (Allocation Failure)
[22.225s][debug][gc,phases      ] GC(43) Scavenge 22.090ms
[22.225s][debug][gc,ref         ] GC(43) Skipped phase1 of Reference Processing due to unavailable references
[22.225s][debug][gc,phases      ] GC(43) Reference Processing 0.079ms
[22.225s][debug][gc,phases      ] GC(43) Weak Processing 0.158ms
[22.226s][debug][gc,phases      ] GC(43) Scrub String Table 0.472ms
[22.226s][debug][gc,age         ] GC(43) Desired survivor size 133693440 bytes, new threshold 15 (max threshold 15)
[22.226s][info ][gc,heap        ] GC(43) PSYoungGen: 1830577K->39111K(1949696K)
[22.226s][info ][gc,heap        ] GC(43) ParOldGen: 181704K->181928K(219648K)
[22.226s][info ][gc,metaspace   ] GC(43) Metaspace: 61105K->61105K(1103872K)
[22.226s][info ][gc             ] GC(43) Pause Young (Allocation Failure) 1965M->215M(2118M) 22.971ms
[22.226s][info ][gc,cpu         ] GC(43) User=0.09s Sys=0.01s Real=0.03s
[22.226s][info ][safepoint      ] Leaving safepoint region
[22.226s][info ][safepoint      ] Total time for which application threads were stopped: 0.0236329 seconds, Stopping threads took: 0.0004261 seconds
[22.231s][info ][safepoint      ] Application time: 0.0048468 seconds
[22.231s][info ][safepoint      ] Entering safepoint region: RevokeBias
[22.231s][info ][safepoint      ] Leaving safepoint region
[22.231s][info ][safepoint      ] Total time for which application threads were stopped: 0.0004243 seconds, Stopping threads took: 0.0002819 seconds
[22.244s][info ][safepoint      ] Application time: 0.0123211 seconds
[22.245s][info ][safepoint      ] Entering safepoint region: RevokeBias
[22.245s][info ][safepoint      ] Leaving safepoint region
[22.245s][info ][safepoint      ] Total time for which application threads were stopped: 0.0011526 seconds, Stopping threads took: 0.0010232 seconds
[22.519s][info ][safepoint      ] Application time: 0.2737462 seconds
[22.521s][info ][safepoint      ] Entering safepoint region: RevokeBias
[22.522s][info ][safepoint      ] Leaving safepoint region
[22.522s][info ][safepoint      ] Total time for which application threads were stopped: 0.0029919 seconds, Stopping threads took: 0.0027098 seconds
[22.522s][info ][safepoint      ] Application time: 0.0003545 seconds
[22.526s][info ][safepoint      ] Entering safepoint region: RevokeBias
[22.526s][info ][safepoint      ] Leaving safepoint region
[22.526s][info ][safepoint      ] Total time for which application threads were stopped: 0.0040998 seconds, Stopping threads took: 0.0039796 seconds
[22.553s][info ][safepoint      ] Application time: 0.0274480 seconds
[22.557s][info ][safepoint      ] Entering safepoint region: RevokeBias
[22.558s][info ][safepoint      ] Leaving safepoint region
[22.558s][info ][safepoint      ] Total time for which application threads were stopped: 0.0041138 seconds, Stopping threads took: 0.0039664 seconds
[22.626s][info ][safepoint      ] Application time: 0.0679905 seconds
[22.629s][info ][safepoint      ] Entering safepoint region: ParallelGCFailedAllocation
[22.630s][info ][gc,start       ] GC(44) Pause Young (Allocation Failure)
[22.650s][debug][gc,phases      ] GC(44) Scavenge 20.400ms
[22.650s][debug][gc,ref         ] GC(44) Skipped phase1 of Reference Processing due to unavailable references
[22.650s][debug][gc,ref         ] GC(44) Skipped phase3 of Reference Processing due to unavailable references
[22.650s][debug][gc,phases      ] GC(44) Reference Processing 0.070ms
[22.650s][debug][gc,phases      ] GC(44) Weak Processing 0.152ms
[22.651s][debug][gc,phases      ] GC(44) Scrub String Table 0.514ms
[22.651s][debug][gc,age         ] GC(44) Desired survivor size 132120576 bytes, new threshold 15 (max threshold 15)
[22.651s][info ][gc,heap        ] GC(44) PSYoungGen: 1850055K->56752K(1968128K)
[22.651s][info ][gc,heap        ] GC(44) ParOldGen: 181928K->182168K(219648K)
[22.651s][info ][gc,metaspace   ] GC(44) Metaspace: 61269K->61269K(1103872K)
[22.651s][info ][gc             ] GC(44) Pause Young (Allocation Failure) 1984M->233M(2136M) 21.327ms
[22.651s][info ][gc,cpu         ] GC(44) User=0.08s Sys=0.00s Real=0.02s
[22.651s][info ][safepoint      ] Leaving safepoint region
[22.651s][info ][safepoint      ] Total time for which application threads were stopped: 0.0253628 seconds, Stopping threads took: 0.0038059 seconds
[22.797s][info ][safepoint      ] Application time: 0.1456864 seconds
[22.798s][info ][safepoint      ] Entering safepoint region: RevokeBias
[22.798s][info ][safepoint      ] Leaving safepoint region
[22.798s][info ][safepoint      ] Total time for which application threads were stopped: 0.0014507 seconds, Stopping threads took: 0.0012628 seconds
[22.810s][info ][safepoint      ] Application time: 0.0121567 seconds
[22.811s][info ][safepoint      ] Entering safepoint region: RevokeBias
[22.811s][info ][safepoint      ] Leaving safepoint region
[22.811s][info ][safepoint      ] Total time for which application threads were stopped: 0.0003699 seconds, Stopping threads took: 0.0002139 seconds
[23.079s][info ][safepoint      ] Application time: 0.2678455 seconds
[23.079s][info ][safepoint      ] Entering safepoint region: ParallelGCFailedAllocation
[23.079s][info ][gc,start       ] GC(45) Pause Young (Allocation Failure)
[23.102s][debug][gc,phases      ] GC(45) Scavenge 22.829ms
[23.102s][debug][gc,ref         ] GC(45) Skipped phase1 of Reference Processing due to unavailable references
[23.102s][debug][gc,phases      ] GC(45) Reference Processing 0.062ms
[23.102s][debug][gc,phases      ] GC(45) Weak Processing 0.128ms
[23.103s][debug][gc,phases      ] GC(45) Scrub String Table 0.436ms
[23.103s][debug][gc,age         ] GC(45) Desired survivor size 130547712 bytes, new threshold 15 (max threshold 15)
[23.103s][info ][gc,heap        ] GC(45) PSYoungGen: 1894320K->57472K(1966592K)
[23.103s][info ][gc,heap        ] GC(45) ParOldGen: 182168K->182408K(219648K)
[23.103s][info ][gc,metaspace   ] GC(45) Metaspace: 61405K->61405K(1105920K)
[23.103s][info ][gc             ] GC(45) Pause Young (Allocation Failure) 2027M->234M(2135M) 23.616ms
[23.103s][info ][gc,cpu         ] GC(45) User=0.09s Sys=0.00s Real=0.02s
[23.103s][info ][safepoint      ] Leaving safepoint region
[23.103s][info ][safepoint      ] Total time for which application threads were stopped: 0.0240900 seconds, Stopping threads took: 0.0001479 seconds
[23.103s][info ][safepoint      ] Application time: 0.0001762 seconds
[23.103s][info ][safepoint      ] Entering safepoint region: RevokeBias
[23.103s][info ][safepoint      ] Leaving safepoint region
[23.103s][info ][safepoint      ] Total time for which application threads were stopped: 0.0003000 seconds, Stopping threads took: 0.0001566 seconds
[23.423s][info ][safepoint      ] Application time: 0.3202188 seconds
[23.423s][info ][safepoint      ] Entering safepoint region: RevokeBias
[23.424s][info ][safepoint      ] Leaving safepoint region
[23.424s][info ][safepoint      ] Total time for which application threads were stopped: 0.0001351 seconds, Stopping threads took: 0.0000202 seconds
[24.346s][info ][safepoint      ] Application time: 0.9226904 seconds
[24.346s][info ][safepoint      ] Entering safepoint region: ICBufferFull
[24.347s][info ][safepoint      ] Leaving safepoint region
[24.347s][info ][safepoint      ] Total time for which application threads were stopped: 0.0003438 seconds, Stopping threads took: 0.0001154 seconds
[24.361s][info ][safepoint      ] Application time: 0.0146452 seconds
[24.361s][info ][safepoint      ] Entering safepoint region: ICBufferFull
[24.362s][info ][safepoint      ] Leaving safepoint region
[24.362s][info ][safepoint      ] Total time for which application threads were stopped: 0.0002891 seconds, Stopping threads took: 0.0000512 seconds
[24.364s][info ][safepoint      ] Application time: 0.0026159 seconds
[24.364s][info ][safepoint      ] Entering safepoint region: ICBufferFull
[24.364s][info ][safepoint      ] Leaving safepoint region
[24.364s][info ][safepoint      ] Total time for which application threads were stopped: 0.0001713 seconds, Stopping threads took: 0.0000124 seconds
[24.696s][info ][safepoint      ] Application time: 0.3311922 seconds
[24.696s][info ][safepoint      ] Entering safepoint region: ICBufferFull
[24.696s][info ][safepoint      ] Leaving safepoint region
[24.696s][info ][safepoint      ] Total time for which application threads were stopped: 0.0002372 seconds, Stopping threads took: 0.0000217 seconds
[25.452s][info ][safepoint      ] Application time: 0.7558609 seconds
[25.452s][info ][safepoint      ] Entering safepoint region: ICBufferFull
[25.452s][info ][safepoint      ] Leaving safepoint region
[25.452s][info ][safepoint      ] Total time for which application threads were stopped: 0.0002472 seconds, Stopping threads took: 0.0000227 seconds
[26.444s][info ][safepoint      ] Application time: 0.9923812 seconds
[26.445s][info ][safepoint      ] Entering safepoint region: ICBufferFull
[26.445s][info ][safepoint      ] Leaving safepoint region
[26.445s][info ][safepoint      ] Total time for which application threads were stopped: 0.0002250 seconds, Stopping threads took: 0.0000194 seconds
[27.445s][info ][safepoint      ] Application time: 1.0001009 seconds
[27.445s][info ][safepoint      ] Entering safepoint region: Cleanup
[27.445s][info ][safepoint      ] Leaving safepoint region
[27.445s][info ][safepoint      ] Total time for which application threads were stopped: 0.0002126 seconds, Stopping threads took: 0.0000258 seconds
[27.909s][info ][safepoint      ] Application time: 0.4637877 seconds
[27.909s][info ][safepoint      ] Entering safepoint region: RevokeBias
[27.909s][info ][safepoint      ] Leaving safepoint region
[27.909s][info ][safepoint      ] Total time for which application threads were stopped: 0.0001419 seconds, Stopping threads took: 0.0000191 seconds
[27.909s][info ][safepoint      ] Application time: 0.0003405 seconds
[27.909s][info ][safepoint      ] Entering safepoint region: RevokeBias
[27.909s][info ][safepoint      ] Leaving safepoint region
[27.909s][info ][safepoint      ] Total time for which application threads were stopped: 0.0000823 seconds, Stopping threads took: 0.0000338 seconds
[27.952s][info ][safepoint      ] Application time: 0.0425435 seconds
[27.952s][info ][safepoint      ] Entering safepoint region: RevokeBias
[27.952s][info ][safepoint      ] Leaving safepoint region
[27.952s][info ][safepoint      ] Total time for which application threads were stopped: 0.0001167 seconds, Stopping threads took: 0.0000192 seconds
[28.172s][info ][safepoint      ] Application time: 0.2203078 seconds
[28.173s][info ][safepoint      ] Entering safepoint region: RevokeBias
[28.173s][info ][safepoint      ] Leaving safepoint region
[28.173s][info ][safepoint      ] Total time for which application threads were stopped: 0.0001139 seconds, Stopping threads took: 0.0000198 seconds
[28.179s][info ][safepoint      ] Application time: 0.0064659 seconds
[28.179s][info ][safepoint      ] Entering safepoint region: RevokeBias
[28.179s][info ][safepoint      ] Leaving safepoint region
[28.179s][info ][safepoint      ] Total time for which application threads were stopped: 0.0000709 seconds, Stopping threads took: 0.0000134 seconds
[28.183s][info ][safepoint      ] Application time: 0.0038333 seconds
[28.183s][info ][safepoint      ] Entering safepoint region: RevokeBias
[28.183s][info ][safepoint      ] Leaving safepoint region
[28.183s][info ][safepoint      ] Total time for which application threads were stopped: 0.0000767 seconds, Stopping threads took: 0.0000122 seconds
[28.183s][info ][safepoint      ] Application time: 0.0000671 seconds
[28.183s][info ][safepoint      ] Entering safepoint region: RevokeBias
[28.183s][info ][safepoint      ] Leaving safepoint region
[28.183s][info ][safepoint      ] Total time for which application threads were stopped: 0.0000607 seconds, Stopping threads took: 0.0000211 seconds
[28.186s][info ][safepoint      ] Application time: 0.0028515 seconds
[28.186s][info ][safepoint      ] Entering safepoint region: RevokeBias
[28.186s][info ][safepoint      ] Leaving safepoint region
[28.186s][info ][safepoint      ] Total time for which application threads were stopped: 0.0000695 seconds, Stopping threads took: 0.0000297 seconds
[28.187s][info ][safepoint      ] Application time: 0.0003222 seconds
[28.187s][info ][safepoint      ] Entering safepoint region: RevokeBias
[28.187s][info ][safepoint      ] Leaving safepoint region
[28.187s][info ][safepoint      ] Total time for which application threads were stopped: 0.0000618 seconds, Stopping threads took: 0.0000287 seconds
[28.187s][info ][safepoint      ] Application time: 0.0000913 seconds
[28.187s][info ][safepoint      ] Entering safepoint region: RevokeBias
[28.187s][info ][safepoint      ] Leaving safepoint region
[28.187s][info ][safepoint      ] Total time for which application threads were stopped: 0.0000880 seconds, Stopping threads took: 0.0000493 seconds
[28.187s][info ][safepoint      ] Application time: 0.0000682 seconds
[28.187s][info ][safepoint      ] Entering safepoint region: RevokeBias
[28.187s][info ][safepoint      ] Leaving safepoint region
[28.187s][info ][safepoint      ] Total time for which application threads were stopped: 0.0000363 seconds, Stopping threads took: 0.0000082 seconds
[28.187s][info ][safepoint      ] Application time: 0.0000414 seconds
[28.187s][info ][safepoint      ] Entering safepoint region: RevokeBias
[28.187s][info ][safepoint      ] Leaving safepoint region
[28.187s][info ][safepoint      ] Total time for which application threads were stopped: 0.0000335 seconds, Stopping threads took: 0.0000076 seconds
[28.187s][info ][safepoint      ] Application time: 0.0000750 seconds
[28.187s][info ][safepoint      ] Entering safepoint region: RevokeBias
[28.187s][info ][safepoint      ] Leaving safepoint region
[28.187s][info ][safepoint      ] Total time for which application threads were stopped: 0.0000676 seconds, Stopping threads took: 0.0000406 seconds
[28.187s][info ][safepoint      ] Application time: 0.0000790 seconds
[28.187s][info ][safepoint      ] Entering safepoint region: RevokeBias
[28.187s][info ][safepoint      ] Leaving safepoint region
[28.187s][info ][safepoint      ] Total time for which application threads were stopped: 0.0000331 seconds, Stopping threads took: 0.0000074 seconds
[28.187s][info ][safepoint      ] Application time: 0.0000618 seconds
[28.187s][info ][safepoint      ] Entering safepoint region: RevokeBias
[28.187s][info ][safepoint      ] Leaving safepoint region
[28.187s][info ][safepoint      ] Total time for which application threads were stopped: 0.0000328 seconds, Stopping threads took: 0.0000076 seconds
[28.187s][info ][safepoint      ] Application time: 0.0000609 seconds
[28.187s][info ][safepoint      ] Entering safepoint region: RevokeBias
[28.187s][info ][safepoint      ] Leaving safepoint region
[28.187s][info ][safepoint      ] Total time for which application threads were stopped: 0.0000326 seconds, Stopping threads took: 0.0000072 seconds
[28.188s][info ][safepoint      ] Application time: 0.0000565 seconds
[28.188s][info ][safepoint      ] Entering safepoint region: RevokeBias
[28.188s][info ][safepoint      ] Leaving safepoint region
[28.188s][info ][safepoint      ] Total time for which application threads were stopped: 0.0000329 seconds, Stopping threads took: 0.0000077 seconds
[28.188s][info ][safepoint      ] Application time: 0.0000441 seconds
[28.188s][info ][safepoint      ] Entering safepoint region: RevokeBias
[28.188s][info ][safepoint      ] Leaving safepoint region
[28.188s][info ][safepoint      ] Total time for which application threads were stopped: 0.0000680 seconds, Stopping threads took: 0.0000406 seconds
[28.188s][info ][safepoint      ] Application time: 0.0000580 seconds
[28.188s][info ][safepoint      ] Entering safepoint region: RevokeBias
[28.188s][info ][safepoint      ] Leaving safepoint region
[28.188s][info ][safepoint      ] Total time for which application threads were stopped: 0.0000550 seconds, Stopping threads took: 0.0000273 seconds
[28.188s][info ][safepoint      ] Application time: 0.0000750 seconds
[28.188s][info ][safepoint      ] Entering safepoint region: RevokeBias
[28.188s][info ][safepoint      ] Leaving safepoint region
[28.188s][info ][safepoint      ] Total time for which application threads were stopped: 0.0000951 seconds, Stopping threads took: 0.0000432 seconds
[28.188s][info ][safepoint      ] Application time: 0.0000518 seconds
[28.188s][info ][safepoint      ] Entering safepoint region: RevokeBias
[28.188s][info ][safepoint      ] Leaving safepoint region
[28.188s][info ][safepoint      ] Total time for which application threads were stopped: 0.0000660 seconds, Stopping threads took: 0.0000367 seconds
[28.188s][info ][safepoint      ] Application time: 0.0000747 seconds
[28.188s][info ][safepoint      ] Entering safepoint region: RevokeBias
[28.188s][info ][safepoint      ] Leaving safepoint region
[28.188s][info ][safepoint      ] Total time for which application threads were stopped: 0.0000541 seconds, Stopping threads took: 0.0000270 seconds
[28.188s][info ][safepoint      ] Application time: 0.0000511 seconds
[28.188s][info ][safepoint      ] Entering safepoint region: RevokeBias
[28.188s][info ][safepoint      ] Leaving safepoint region
[28.188s][info ][safepoint      ] Total time for which application threads were stopped: 0.0000325 seconds, Stopping threads took: 0.0000071 seconds
[28.188s][info ][safepoint      ] Application time: 0.0000464 seconds
[28.188s][info ][safepoint      ] Entering safepoint region: RevokeBias
[28.188s][info ][safepoint      ] Leaving safepoint region
[28.188s][info ][safepoint      ] Total time for which application threads were stopped: 0.0000497 seconds, Stopping threads took: 0.0000237 seconds
[28.189s][info ][safepoint      ] Application time: 0.0004737 seconds
[28.189s][info ][safepoint      ] Entering safepoint region: RevokeBias
[28.189s][info ][safepoint      ] Leaving safepoint region
[28.189s][info ][safepoint      ] Total time for which application threads were stopped: 0.0000485 seconds, Stopping threads took: 0.0000114 seconds
[28.189s][info ][safepoint      ] Application time: 0.0001777 seconds
[28.189s][info ][safepoint      ] Entering safepoint region: RevokeBias
[28.189s][info ][safepoint      ] Leaving safepoint region
[28.189s][info ][safepoint      ] Total time for which application threads were stopped: 0.0000433 seconds, Stopping threads took: 0.0000102 seconds
[28.189s][info ][safepoint      ] Application time: 0.0001559 seconds
[28.189s][info ][safepoint      ] Entering safepoint region: RevokeBias
[28.189s][info ][safepoint      ] Leaving safepoint region
[28.189s][info ][safepoint      ] Total time for which application threads were stopped: 0.0000421 seconds, Stopping threads took: 0.0000102 seconds
[28.190s][info ][safepoint      ] Application time: 0.0009257 seconds
[28.190s][info ][safepoint      ] Entering safepoint region: RevokeBias
[28.190s][info ][safepoint      ] Leaving safepoint region
[28.190s][info ][safepoint      ] Total time for which application threads were stopped: 0.0000530 seconds, Stopping threads took: 0.0000114 seconds
[28.197s][info ][safepoint      ] Application time: 0.0062248 seconds
[28.197s][info ][safepoint      ] Entering safepoint region: RevokeBias
[28.197s][info ][safepoint      ] Leaving safepoint region
[28.197s][info ][safepoint      ] Total time for which application threads were stopped: 0.0002014 seconds, Stopping threads took: 0.0000795 seconds
[28.241s][info ][safepoint      ] Application time: 0.0438070 seconds
[28.241s][info ][safepoint      ] Entering safepoint region: RevokeBias
[28.241s][info ][safepoint      ] Leaving safepoint region
[28.241s][info ][safepoint      ] Total time for which application threads were stopped: 0.0001180 seconds, Stopping threads took: 0.0000225 seconds
[28.251s][info ][safepoint      ] Application time: 0.0103787 seconds
[28.251s][info ][safepoint      ] Entering safepoint region: RevokeBias
[28.252s][info ][safepoint      ] Leaving safepoint region
[28.252s][info ][safepoint      ] Total time for which application threads were stopped: 0.0001441 seconds, Stopping threads took: 0.0000537 seconds
[28.380s][info ][safepoint      ] Application time: 0.1281545 seconds
[28.380s][info ][safepoint      ] Entering safepoint region: ICBufferFull
[28.380s][info ][safepoint      ] Leaving safepoint region
[28.380s][info ][safepoint      ] Total time for which application threads were stopped: 0.0002290 seconds, Stopping threads took: 0.0000204 seconds
[29.203s][info ][safepoint      ] Application time: 0.8230261 seconds
[29.203s][info ][safepoint      ] Entering safepoint region: ICBufferFull
[29.203s][info ][safepoint      ] Leaving safepoint region
[29.203s][info ][safepoint      ] Total time for which application threads were stopped: 0.0002274 seconds, Stopping threads took: 0.0000206 seconds
[30.203s][info ][safepoint      ] Application time: 1.0001205 seconds
[30.203s][info ][safepoint      ] Entering safepoint region: Cleanup
[30.204s][info ][safepoint      ] Leaving safepoint region
[30.204s][info ][safepoint      ] Total time for which application threads were stopped: 0.0002440 seconds, Stopping threads took: 0.0000716 seconds
[31.204s][info ][safepoint      ] Application time: 1.0000770 seconds
[31.204s][info ][safepoint      ] Entering safepoint region: Cleanup
[31.204s][info ][safepoint      ] Leaving safepoint region
[31.204s][info ][safepoint      ] Total time for which application threads were stopped: 0.0001677 seconds, Stopping threads took: 0.0000200 seconds
[32.204s][info ][safepoint      ] Application time: 1.0001213 seconds
[32.204s][info ][safepoint      ] Entering safepoint region: Cleanup
[32.204s][info ][safepoint      ] Leaving safepoint region
[32.204s][info ][safepoint      ] Total time for which application threads were stopped: 0.0002500 seconds, Stopping threads took: 0.0000517 seconds
[33.037s][info ][safepoint      ] Application time: 0.8324357 seconds
[33.037s][info ][safepoint      ] Entering safepoint region: ICBufferFull
[33.037s][info ][safepoint      ] Leaving safepoint region
[33.037s][info ][safepoint      ] Total time for which application threads were stopped: 0.0005768 seconds, Stopping threads took: 0.0001830 seconds
[34.037s][info ][safepoint      ] Application time: 1.0000950 seconds
[34.038s][info ][safepoint      ] Entering safepoint region: Cleanup
[34.038s][info ][safepoint      ] Leaving safepoint region
[34.038s][info ][safepoint      ] Total time for which application threads were stopped: 0.0003366 seconds, Stopping threads took: 0.0000853 seconds
[34.396s][info ][safepoint      ] Application time: 0.3579832 seconds
[34.396s][info ][safepoint      ] Entering safepoint region: ParallelGCFailedAllocation
[34.396s][info ][gc,start       ] GC(46) Pause Young (Allocation Failure)
[34.425s][debug][gc,phases      ] GC(46) Scavenge 28.431ms
[34.425s][debug][gc,ref         ] GC(46) Skipped phase1 of Reference Processing due to unavailable references
[34.425s][debug][gc,phases      ] GC(46) Reference Processing 0.118ms
[34.425s][debug][gc,phases      ] GC(46) Weak Processing 0.159ms
[34.426s][debug][gc,phases      ] GC(46) Scrub String Table 0.813ms
[34.426s][debug][gc,age         ] GC(46) Desired survivor size 142606336 bytes, new threshold 15 (max threshold 15)
[34.426s][info ][gc,heap        ] GC(46) PSYoungGen: 1895040K->93810K(1946112K)
[34.426s][info ][gc,heap        ] GC(46) ParOldGen: 182408K->182680K(219648K)
[34.426s][info ][gc,metaspace   ] GC(46) Metaspace: 62049K->62049K(1105920K)
[34.426s][info ][gc             ] GC(46) Pause Young (Allocation Failure) 2028M->270M(2115M) 29.700ms
[34.426s][info ][gc,cpu         ] GC(46) User=0.11s Sys=0.01s Real=0.04s
[34.426s][info ][safepoint      ] Leaving safepoint region
[34.426s][info ][safepoint      ] Total time for which application threads were stopped: 0.0301329 seconds, Stopping threads took: 0.0000853 seconds
[35.426s][info ][safepoint      ] Application time: 1.0000969 seconds
[35.426s][info ][safepoint      ] Entering safepoint region: Cleanup
[35.426s][info ][safepoint      ] Leaving safepoint region
[35.426s][info ][safepoint      ] Total time for which application threads were stopped: 0.0002184 seconds, Stopping threads took: 0.0000445 seconds
[36.426s][info ][safepoint      ] Application time: 1.0000900 seconds
[36.426s][info ][safepoint      ] Entering safepoint region: Cleanup
[36.427s][info ][safepoint      ] Leaving safepoint region
[36.427s][info ][safepoint      ] Total time for which application threads were stopped: 0.0002205 seconds, Stopping threads took: 0.0000194 seconds
[36.528s][info ][safepoint      ] Application time: 0.1010845 seconds
[36.530s][info ][safepoint      ] Entering safepoint region: RevokeBias
[36.530s][info ][safepoint      ] Leaving safepoint region
[36.530s][info ][safepoint      ] Total time for which application threads were stopped: 0.0026384 seconds, Stopping threads took: 0.0025174 seconds
[36.531s][info ][safepoint      ] Application time: 0.0007712 seconds
[36.531s][info ][safepoint      ] Entering safepoint region: RevokeBias
[36.531s][info ][safepoint      ] Leaving safepoint region
[36.531s][info ][safepoint      ] Total time for which application threads were stopped: 0.0000533 seconds, Stopping threads took: 0.0000124 seconds
[36.538s][info ][safepoint      ] Application time: 0.0066015 seconds
[36.538s][info ][safepoint      ] Entering safepoint region: RevokeBias
[36.538s][info ][safepoint      ] Leaving safepoint region
[36.538s][info ][safepoint      ] Total time for which application threads were stopped: 0.0003528 seconds, Stopping threads took: 0.0000232 seconds
[36.539s][info ][safepoint      ] Application time: 0.0003274 seconds
[36.539s][info ][safepoint      ] Entering safepoint region: RevokeBias
[36.539s][info ][safepoint      ] Leaving safepoint region
[36.539s][info ][safepoint      ] Total time for which application threads were stopped: 0.0000855 seconds, Stopping threads took: 0.0000107 seconds
[36.539s][info ][safepoint      ] Application time: 0.0002947 seconds
[36.539s][info ][safepoint      ] Entering safepoint region: RevokeBias
[36.539s][info ][safepoint      ] Leaving safepoint region
[36.539s][info ][safepoint      ] Total time for which application threads were stopped: 0.0000554 seconds, Stopping threads took: 0.0000142 seconds
[37.539s][info ][safepoint      ] Application time: 1.0000896 seconds
[37.539s][info ][safepoint      ] Entering safepoint region: Cleanup
[37.539s][info ][safepoint      ] Leaving safepoint region
[37.539s][info ][safepoint      ] Total time for which application threads were stopped: 0.0001764 seconds, Stopping threads took: 0.0000477 seconds
[38.540s][info ][safepoint      ] Application time: 1.0001229 seconds
[38.540s][info ][safepoint      ] Entering safepoint region: Cleanup
[38.540s][info ][safepoint      ] Leaving safepoint region
[38.540s][info ][safepoint      ] Total time for which application threads were stopped: 0.0001533 seconds, Stopping threads took: 0.0000240 seconds
[39.540s][info ][safepoint      ] Application time: 1.0000968 seconds
[39.540s][info ][safepoint      ] Entering safepoint region: Cleanup
[39.540s][info ][safepoint      ] Leaving safepoint region
[39.540s][info ][safepoint      ] Total time for which application threads were stopped: 0.0001360 seconds, Stopping threads took: 0.0000225 seconds
[40.540s][info ][safepoint      ] Application time: 1.0000902 seconds
[40.540s][info ][safepoint      ] Entering safepoint region: Cleanup
[40.540s][info ][safepoint      ] Leaving safepoint region
[40.540s][info ][safepoint      ] Total time for which application threads were stopped: 0.0001367 seconds, Stopping threads took: 0.0000189 seconds
[41.540s][info ][safepoint      ] Application time: 1.0001276 seconds
[41.540s][info ][safepoint      ] Entering safepoint region: Cleanup
[41.541s][info ][safepoint      ] Leaving safepoint region
[41.541s][info ][safepoint      ] Total time for which application threads were stopped: 0.0001992 seconds, Stopping threads took: 0.0000544 seconds
[42.541s][info ][safepoint      ] Application time: 1.0000948 seconds
[42.541s][info ][safepoint      ] Entering safepoint region: Cleanup
[42.541s][info ][safepoint      ] Leaving safepoint region
[42.541s][info ][safepoint      ] Total time for which application threads were stopped: 0.0001680 seconds, Stopping threads took: 0.0000247 seconds
[43.541s][info ][safepoint      ] Application time: 1.0000758 seconds
[43.541s][info ][safepoint      ] Entering safepoint region: Cleanup
[43.541s][info ][safepoint      ] Leaving safepoint region
[43.541s][info ][safepoint      ] Total time for which application threads were stopped: 0.0002172 seconds, Stopping threads took: 0.0000371 seconds
[44.541s][info ][safepoint      ] Application time: 1.0000829 seconds
[44.541s][info ][safepoint      ] Entering safepoint region: Cleanup
[44.542s][info ][safepoint      ] Leaving safepoint region
[44.542s][info ][safepoint      ] Total time for which application threads were stopped: 0.0001787 seconds, Stopping threads took: 0.0000257 seconds
[45.542s][info ][safepoint      ] Application time: 1.0000593 seconds
[45.542s][info ][safepoint      ] Entering safepoint region: Cleanup
[45.542s][info ][safepoint      ] Leaving safepoint region
[45.542s][info ][safepoint      ] Total time for which application threads were stopped: 0.0001890 seconds, Stopping threads took: 0.0000342 seconds
[46.542s][info ][safepoint      ] Application time: 1.0000811 seconds
[46.543s][info ][safepoint      ] Entering safepoint region: Cleanup
[46.543s][info ][safepoint      ] Leaving safepoint region
[46.543s][info ][safepoint      ] Total time for which application threads were stopped: 0.0001412 seconds, Stopping threads took: 0.0000255 seconds
[47.543s][info ][safepoint      ] Application time: 1.0001308 seconds
[47.552s][info ][safepoint      ] Entering safepoint region: Cleanup
[47.553s][info ][safepoint      ] Leaving safepoint region
[47.553s][info ][safepoint      ] Total time for which application threads were stopped: 0.0097554 seconds, Stopping threads took: 0.0094052 seconds
[48.553s][info ][safepoint      ] Application time: 1.0006327 seconds
[48.553s][info ][safepoint      ] Entering safepoint region: Cleanup
[48.554s][info ][safepoint      ] Leaving safepoint region
[48.554s][info ][safepoint      ] Total time for which application threads were stopped: 0.0002933 seconds, Stopping threads took: 0.0000438 seconds
[49.554s][info ][safepoint      ] Application time: 1.0001201 seconds
[49.554s][info ][safepoint      ] Entering safepoint region: Cleanup
[49.554s][info ][safepoint      ] Leaving safepoint region
[49.554s][info ][safepoint      ] Total time for which application threads were stopped: 0.0001590 seconds, Stopping threads took: 0.0000232 seconds
[50.554s][info ][safepoint      ] Application time: 1.0000379 seconds
[50.554s][info ][safepoint      ] Entering safepoint region: Cleanup
[50.554s][info ][safepoint      ] Leaving safepoint region
[50.554s][info ][safepoint      ] Total time for which application threads were stopped: 0.0002407 seconds, Stopping threads took: 0.0000933 seconds
[51.554s][info ][safepoint      ] Application time: 1.0000782 seconds
[51.554s][info ][safepoint      ] Entering safepoint region: Cleanup
[51.554s][info ][safepoint      ] Leaving safepoint region
[51.554s][info ][safepoint      ] Total time for which application threads were stopped: 0.0001634 seconds, Stopping threads took: 0.0000237 seconds
[52.555s][info ][safepoint      ] Application time: 1.0000823 seconds
[52.555s][info ][safepoint      ] Entering safepoint region: Cleanup
[52.555s][info ][safepoint      ] Leaving safepoint region
[52.555s][info ][safepoint      ] Total time for which application threads were stopped: 0.0001479 seconds, Stopping threads took: 0.0000236 seconds
[53.555s][info ][safepoint      ] Application time: 1.0001192 seconds
[53.555s][info ][safepoint      ] Entering safepoint region: Cleanup
[53.555s][info ][safepoint      ] Leaving safepoint region
[53.555s][info ][safepoint      ] Total time for which application threads were stopped: 0.0001995 seconds, Stopping threads took: 0.0000737 seconds
[54.555s][info ][safepoint      ] Application time: 1.0000846 seconds
[54.555s][info ][safepoint      ] Entering safepoint region: Cleanup
[54.555s][info ][safepoint      ] Leaving safepoint region
[54.555s][info ][safepoint      ] Total time for which application threads were stopped: 0.0001702 seconds, Stopping threads took: 0.0000246 seconds
[55.399s][info ][safepoint      ] Application time: 0.8438985 seconds
[55.399s][info ][safepoint      ] Entering safepoint region: ParallelGCFailedAllocation
[55.400s][info ][gc,start       ] GC(47) Pause Young (Allocation Failure)
[55.430s][debug][gc,phases      ] GC(47) Scavenge 29.950ms
[55.430s][debug][gc,ref         ] GC(47) Skipped phase1 of Reference Processing due to unavailable references
[55.430s][debug][gc,phases      ] GC(47) Reference Processing 0.121ms
[55.430s][debug][gc,phases      ] GC(47) Weak Processing 0.152ms
[55.430s][debug][gc,phases      ] GC(47) Scrub String Table 0.518ms
[55.430s][debug][gc,age         ] GC(47) Desired survivor size 154140672 bytes, new threshold 15 (max threshold 15)
[55.430s][info ][gc,heap        ] GC(47) PSYoungGen: 1912434K->100786K(1919488K)
[55.430s][info ][gc,heap        ] GC(47) ParOldGen: 182680K->183192K(219648K)
[55.431s][info ][gc,metaspace   ] GC(47) Metaspace: 62326K->62326K(1105920K)
[55.431s][info ][gc             ] GC(47) Pause Young (Allocation Failure) 2046M->277M(2089M) 30.933ms
[55.431s][info ][gc,cpu         ] GC(47) User=0.11s Sys=0.01s Real=0.03s
[55.431s][info ][safepoint      ] Leaving safepoint region
[55.431s][info ][safepoint      ] Total time for which application threads were stopped: 0.0312293 seconds, Stopping threads took: 0.0000217 seconds
[56.431s][info ][safepoint      ] Application time: 1.0001027 seconds
[56.431s][info ][safepoint      ] Entering safepoint region: Cleanup
[56.431s][info ][safepoint      ] Leaving safepoint region
[56.431s][info ][safepoint      ] Total time for which application threads were stopped: 0.0001378 seconds, Stopping threads took: 0.0000223 seconds
[57.431s][info ][safepoint      ] Application time: 1.0001197 seconds
[57.431s][info ][safepoint      ] Entering safepoint region: Cleanup
[57.431s][info ][safepoint      ] Leaving safepoint region
[57.431s][info ][safepoint      ] Total time for which application threads were stopped: 0.0001368 seconds, Stopping threads took: 0.0000219 seconds
[58.431s][info ][safepoint      ] Application time: 1.0001050 seconds
[58.431s][info ][safepoint      ] Entering safepoint region: Cleanup
[58.432s][info ][safepoint      ] Leaving safepoint region
[58.432s][info ][safepoint      ] Total time for which application threads were stopped: 0.0003145 seconds, Stopping threads took: 0.0000834 seconds
[59.432s][info ][safepoint      ] Application time: 1.0001169 seconds
[59.432s][info ][safepoint      ] Entering safepoint region: Cleanup
[59.432s][info ][safepoint      ] Leaving safepoint region
[59.432s][info ][safepoint      ] Total time for which application threads were stopped: 0.0001430 seconds, Stopping threads took: 0.0000191 seconds
[60.432s][info ][safepoint      ] Application time: 1.0001219 seconds
[60.432s][info ][safepoint      ] Entering safepoint region: Cleanup
[60.432s][info ][safepoint      ] Leaving safepoint region
[60.432s][info ][safepoint      ] Total time for which application threads were stopped: 0.0002255 seconds, Stopping threads took: 0.0000223 seconds
[61.432s][info ][safepoint      ] Application time: 1.0001185 seconds
[61.432s][info ][safepoint      ] Entering safepoint region: Cleanup
[61.433s][info ][safepoint      ] Leaving safepoint region
[61.433s][info ][safepoint      ] Total time for which application threads were stopped: 0.0001290 seconds, Stopping threads took: 0.0000210 seconds
[62.433s][info ][safepoint      ] Application time: 1.0000895 seconds
[62.433s][info ][safepoint      ] Entering safepoint region: Cleanup
[62.433s][info ][safepoint      ] Leaving safepoint region
[62.433s][info ][safepoint      ] Total time for which application threads were stopped: 0.0007369 seconds, Stopping threads took: 0.0000234 seconds
[63.434s][info ][safepoint      ] Application time: 1.0000850 seconds
[63.434s][info ][safepoint      ] Entering safepoint region: Cleanup
[63.434s][info ][safepoint      ] Leaving safepoint region
[63.434s][info ][safepoint      ] Total time for which application threads were stopped: 0.0001681 seconds, Stopping threads took: 0.0000498 seconds
[64.434s][info ][safepoint      ] Application time: 1.0000902 seconds
[64.434s][info ][safepoint      ] Entering safepoint region: Cleanup
[64.434s][info ][safepoint      ] Leaving safepoint region
[64.434s][info ][safepoint      ] Total time for which application threads were stopped: 0.0001517 seconds, Stopping threads took: 0.0000233 seconds
[65.434s][info ][safepoint      ] Application time: 1.0000690 seconds
[65.434s][info ][safepoint      ] Entering safepoint region: Cleanup
[65.434s][info ][safepoint      ] Leaving safepoint region
[65.434s][info ][safepoint      ] Total time for which application threads were stopped: 0.0001444 seconds, Stopping threads took: 0.0000222 seconds
[66.434s][info ][safepoint      ] Application time: 1.0001204 seconds
[66.435s][info ][safepoint      ] Entering safepoint region: Cleanup
[66.435s][info ][safepoint      ] Leaving safepoint region
[66.435s][info ][safepoint      ] Total time for which application threads were stopped: 0.0001357 seconds, Stopping threads took: 0.0000228 seconds
[67.200s][info ][safepoint      ] Application time: 0.7657653 seconds
[67.201s][info ][safepoint      ] Entering safepoint region: ICBufferFull
[67.201s][info ][safepoint      ] Leaving safepoint region
[67.201s][info ][safepoint      ] Total time for which application threads were stopped: 0.0003648 seconds, Stopping threads took: 0.0000888 seconds
[68.201s][info ][safepoint      ] Application time: 1.0001401 seconds
[68.201s][info ][safepoint      ] Entering safepoint region: Cleanup
[68.201s][info ][safepoint      ] Leaving safepoint region
[68.201s][info ][safepoint      ] Total time for which application threads were stopped: 0.0002818 seconds, Stopping threads took: 0.0000444 seconds
[69.201s][info ][safepoint      ] Application time: 1.0001222 seconds
[69.202s][info ][safepoint      ] Entering safepoint region: Cleanup
[69.202s][info ][safepoint      ] Leaving safepoint region
[69.202s][info ][safepoint      ] Total time for which application threads were stopped: 0.0001809 seconds, Stopping threads took: 0.0000913 seconds
[70.202s][info ][safepoint      ] Application time: 1.0000972 seconds
[70.202s][info ][safepoint      ] Entering safepoint region: Cleanup
[70.202s][info ][safepoint      ] Leaving safepoint region
[70.202s][info ][safepoint      ] Total time for which application threads were stopped: 0.0001465 seconds, Stopping threads took: 0.0000402 seconds
[70.838s][info ][safepoint      ] Application time: 0.6364908 seconds
[70.838s][info ][safepoint      ] Entering safepoint region: RevokeBias
[70.839s][info ][safepoint      ] Leaving safepoint region
[70.839s][info ][safepoint      ] Total time for which application threads were stopped: 0.0001555 seconds, Stopping threads took: 0.0000204 seconds
[71.839s][info ][safepoint      ] Application time: 1.0001182 seconds
[71.839s][info ][safepoint      ] Entering safepoint region: Cleanup
[71.839s][info ][safepoint      ] Leaving safepoint region
[71.839s][info ][safepoint      ] Total time for which application threads were stopped: 0.0001081 seconds, Stopping threads took: 0.0000228 seconds
[72.839s][info ][safepoint      ] Application time: 1.0000696 seconds
[72.839s][info ][safepoint      ] Entering safepoint region: Cleanup
[72.839s][info ][safepoint      ] Leaving safepoint region
[72.839s][info ][safepoint      ] Total time for which application threads were stopped: 0.0001241 seconds, Stopping threads took: 0.0000194 seconds
[73.839s][info ][safepoint      ] Application time: 1.0000875 seconds
[73.839s][info ][safepoint      ] Entering safepoint region: Cleanup
[73.839s][info ][safepoint      ] Leaving safepoint region
[73.839s][info ][safepoint      ] Total time for which application threads were stopped: 0.0002576 seconds, Stopping threads took: 0.0000402 seconds
[74.840s][info ][safepoint      ] Application time: 1.0007379 seconds
[74.840s][info ][safepoint      ] Entering safepoint region: Cleanup
[74.840s][info ][safepoint      ] Leaving safepoint region
[74.840s][info ][safepoint      ] Total time for which application threads were stopped: 0.0001507 seconds, Stopping threads took: 0.0000206 seconds
[75.841s][info ][safepoint      ] Application time: 1.0000943 seconds
[75.841s][info ][safepoint      ] Entering safepoint region: Cleanup
[75.841s][info ][safepoint      ] Leaving safepoint region
[75.841s][info ][safepoint      ] Total time for which application threads were stopped: 0.0001128 seconds, Stopping threads took: 0.0000205 seconds
[76.605s][info ][safepoint      ] Application time: 0.7640999 seconds
[76.605s][info ][safepoint      ] Entering safepoint region: ParallelGCFailedAllocation
[76.605s][info ][gc,start       ] GC(48) Pause Young (Allocation Failure)
[76.639s][debug][gc,phases      ] GC(48) Scavenge 33.593ms
[76.639s][debug][gc,ref         ] GC(48) Skipped phase1 of Reference Processing due to unavailable references
[76.639s][debug][gc,ref         ] GC(48) Skipped phase3 of Reference Processing due to unavailable references
[76.639s][debug][gc,phases      ] GC(48) Reference Processing 0.112ms
[76.639s][debug][gc,phases      ] GC(48) Weak Processing 0.238ms
[76.640s][debug][gc,phases      ] GC(48) Scrub String Table 0.950ms
[76.640s][debug][gc,age         ] GC(48) Desired survivor size 165150720 bytes, new threshold 15 (max threshold 15)
[76.640s][info ][gc,heap        ] GC(48) PSYoungGen: 1919410K->105152K(1925120K)
[76.640s][info ][gc,heap        ] GC(48) ParOldGen: 183192K->184592K(219648K)
[76.640s][info ][gc,metaspace   ] GC(48) Metaspace: 63032K->63032K(1105920K)
[76.640s][info ][gc             ] GC(48) Pause Young (Allocation Failure) 2053M->282M(2094M) 35.066ms
[76.640s][info ][gc,cpu         ] GC(48) User=0.13s Sys=0.00s Real=0.04s
[76.640s][info ][safepoint      ] Leaving safepoint region
[76.640s][info ][safepoint      ] Total time for which application threads were stopped: 0.0353323 seconds, Stopping threads took: 0.0000186 seconds
[77.640s][info ][safepoint      ] Application time: 1.0000931 seconds
[77.640s][info ][safepoint      ] Entering safepoint region: Cleanup
[77.640s][info ][safepoint      ] Leaving safepoint region
[77.640s][info ][safepoint      ] Total time for which application threads were stopped: 0.0001357 seconds, Stopping threads took: 0.0000220 seconds
[78.641s][info ][safepoint      ] Application time: 1.0001160 seconds
[78.641s][info ][safepoint      ] Entering safepoint region: Cleanup
[78.641s][info ][safepoint      ] Leaving safepoint region
[78.641s][info ][safepoint      ] Total time for which application threads were stopped: 0.0001253 seconds, Stopping threads took: 0.0000230 seconds
[79.641s][info ][safepoint      ] Application time: 1.0000726 seconds
[79.641s][info ][safepoint      ] Entering safepoint region: Cleanup
[79.641s][info ][safepoint      ] Leaving safepoint region
[79.641s][info ][safepoint      ] Total time for which application threads were stopped: 0.0001764 seconds, Stopping threads took: 0.0000222 seconds
[80.641s][info ][safepoint      ] Application time: 1.0000958 seconds
[80.641s][info ][safepoint      ] Entering safepoint region: Cleanup
[80.641s][info ][safepoint      ] Leaving safepoint region
[80.641s][info ][safepoint      ] Total time for which application threads were stopped: 0.0001460 seconds, Stopping threads took: 0.0000210 seconds
[81.641s][info ][safepoint      ] Application time: 1.0000957 seconds
[81.641s][info ][safepoint      ] Entering safepoint region: Cleanup
[81.642s][info ][safepoint      ] Leaving safepoint region
[81.642s][info ][safepoint      ] Total time for which application threads were stopped: 0.0004556 seconds, Stopping threads took: 0.0000204 seconds
[82.642s][info ][safepoint      ] Application time: 1.0001093 seconds
[82.642s][info ][safepoint      ] Entering safepoint region: Cleanup
[82.642s][info ][safepoint      ] Leaving safepoint region
[82.642s][info ][safepoint      ] Total time for which application threads were stopped: 0.0002816 seconds, Stopping threads took: 0.0000821 seconds
[83.360s][info ][safepoint      ] Application time: 0.7173598 seconds
[83.360s][info ][safepoint      ] Entering safepoint region: RevokeBias
[83.360s][info ][safepoint      ] Leaving safepoint region
[83.360s][info ][safepoint      ] Total time for which application threads were stopped: 0.0001093 seconds, Stopping threads took: 0.0000201 seconds
[84.360s][info ][safepoint      ] Application time: 1.0001307 seconds
[84.360s][info ][safepoint      ] Entering safepoint region: Cleanup
[84.360s][info ][safepoint      ] Leaving safepoint region
[84.360s][info ][safepoint      ] Total time for which application threads were stopped: 0.0000960 seconds, Stopping threads took: 0.0000197 seconds
[86.360s][info ][safepoint      ] Application time: 2.0001873 seconds
[86.360s][info ][safepoint      ] Entering safepoint region: Cleanup
[86.360s][info ][safepoint      ] Leaving safepoint region
[86.360s][info ][safepoint      ] Total time for which application threads were stopped: 0.0001045 seconds, Stopping threads took: 0.0000212 seconds
[87.360s][info ][safepoint      ] Application time: 1.0000822 seconds
[87.361s][info ][safepoint      ] Entering safepoint region: Cleanup
[87.361s][info ][safepoint      ] Leaving safepoint region
[87.361s][info ][safepoint      ] Total time for which application threads were stopped: 0.0001037 seconds, Stopping threads took: 0.0000221 seconds
[88.361s][info ][safepoint      ] Application time: 1.0001266 seconds
[88.361s][info ][safepoint      ] Entering safepoint region: Cleanup
[88.361s][info ][safepoint      ] Leaving safepoint region
[88.361s][info ][safepoint      ] Total time for which application threads were stopped: 0.0001611 seconds, Stopping threads took: 0.0000468 seconds
[89.361s][info ][safepoint      ] Application time: 1.0000872 seconds
[89.361s][info ][safepoint      ] Entering safepoint region: Cleanup
[89.361s][info ][safepoint      ] Leaving safepoint region
[89.361s][info ][safepoint      ] Total time for which application threads were stopped: 0.0001031 seconds, Stopping threads took: 0.0000212 seconds
[90.361s][info ][safepoint      ] Application time: 1.0000864 seconds
[90.361s][info ][safepoint      ] Entering safepoint region: Cleanup
[90.361s][info ][safepoint      ] Leaving safepoint region
[90.361s][info ][safepoint      ] Total time for which application threads were stopped: 0.0001284 seconds, Stopping threads took: 0.0000193 seconds
[91.362s][info ][safepoint      ] Application time: 1.0000914 seconds
[91.362s][info ][safepoint      ] Entering safepoint region: Cleanup
[91.362s][info ][safepoint      ] Leaving safepoint region
[91.362s][info ][safepoint      ] Total time for which application threads were stopped: 0.0000987 seconds, Stopping threads took: 0.0000207 seconds
[92.362s][info ][safepoint      ] Application time: 1.0000945 seconds
[92.362s][info ][safepoint      ] Entering safepoint region: Cleanup
[92.362s][info ][safepoint      ] Leaving safepoint region
[92.362s][info ][safepoint      ] Total time for which application threads were stopped: 0.0000952 seconds, Stopping threads took: 0.0000186 seconds
[93.362s][info ][safepoint      ] Application time: 1.0000870 seconds
[93.362s][info ][safepoint      ] Entering safepoint region: Cleanup
[93.362s][info ][safepoint      ] Leaving safepoint region
[93.362s][info ][safepoint      ] Total time for which application threads were stopped: 0.0001631 seconds, Stopping threads took: 0.0000198 seconds
[94.362s][info ][safepoint      ] Application time: 1.0000895 seconds
[94.362s][info ][safepoint      ] Entering safepoint region: Cleanup
[94.363s][info ][safepoint      ] Leaving safepoint region
[94.363s][info ][safepoint      ] Total time for which application threads were stopped: 0.0001731 seconds, Stopping threads took: 0.0000593 seconds
[95.363s][info ][safepoint      ] Application time: 1.0000810 seconds
[95.363s][info ][safepoint      ] Entering safepoint region: Cleanup
[95.363s][info ][safepoint      ] Leaving safepoint region
[95.363s][info ][safepoint      ] Total time for which application threads were stopped: 0.0001460 seconds, Stopping threads took: 0.0000359 seconds
[96.363s][info ][safepoint      ] Application time: 1.0000799 seconds
[96.363s][info ][safepoint      ] Entering safepoint region: Cleanup
[96.363s][info ][safepoint      ] Leaving safepoint region
[96.363s][info ][safepoint      ] Total time for which application threads were stopped: 0.0001098 seconds, Stopping threads took: 0.0000215 seconds
[97.363s][info ][safepoint      ] Application time: 1.0001081 seconds
[97.363s][info ][safepoint      ] Entering safepoint region: Cleanup
[97.363s][info ][safepoint      ] Leaving safepoint region
[97.363s][info ][safepoint      ] Total time for which application threads were stopped: 0.0001013 seconds, Stopping threads took: 0.0000185 seconds
[98.363s][info ][safepoint      ] Application time: 1.0000668 seconds
[98.363s][info ][safepoint      ] Entering safepoint region: Cleanup
[98.363s][info ][safepoint      ] Leaving safepoint region
[98.363s][info ][safepoint      ] Total time for which application threads were stopped: 0.0000915 seconds, Stopping threads took: 0.0000193 seconds
[99.364s][info ][safepoint      ] Application time: 1.0000707 seconds
[99.364s][info ][safepoint      ] Entering safepoint region: Cleanup
[99.364s][info ][safepoint      ] Leaving safepoint region
[99.364s][info ][safepoint      ] Total time for which application threads were stopped: 0.0001003 seconds, Stopping threads took: 0.0000235 seconds
[100.364s][info ][safepoint      ] Application time: 1.0000803 seconds
[100.364s][info ][safepoint      ] Entering safepoint region: Cleanup
[100.364s][info ][safepoint      ] Leaving safepoint region
[100.364s][info ][safepoint      ] Total time for which application threads were stopped: 0.0002624 seconds, Stopping threads took: 0.0000339 seconds
[101.364s][info ][safepoint      ] Application time: 1.0001188 seconds
[101.364s][info ][safepoint      ] Entering safepoint region: Cleanup
[101.364s][info ][safepoint      ] Leaving safepoint region
[101.364s][info ][safepoint      ] Total time for which application threads were stopped: 0.0000955 seconds, Stopping threads took: 0.0000199 seconds
[102.364s][info ][safepoint      ] Application time: 1.0000835 seconds
[102.364s][info ][safepoint      ] Entering safepoint region: Cleanup
[102.365s][info ][safepoint      ] Leaving safepoint region
[102.365s][info ][safepoint      ] Total time for which application threads were stopped: 0.0000954 seconds, Stopping threads took: 0.0000220 seconds
[103.365s][info ][safepoint      ] Application time: 1.0001172 seconds
[103.365s][info ][safepoint      ] Entering safepoint region: Cleanup
[103.365s][info ][safepoint      ] Leaving safepoint region
[103.365s][info ][safepoint      ] Total time for which application threads were stopped: 0.0000853 seconds, Stopping threads took: 0.0000192 seconds
[103.445s][info ][safepoint      ] Application time: 0.0803282 seconds
[103.445s][info ][safepoint      ] Entering safepoint region: ParallelGCFailedAllocation
[103.445s][info ][gc,start       ] GC(49) Pause Young (Allocation Failure)
[103.476s][debug][gc,phases      ] GC(49) Scavenge 30.448ms
[103.476s][debug][gc,ref         ] GC(49) Skipped phase1 of Reference Processing due to unavailable references
[103.476s][debug][gc,ref         ] GC(49) Skipped phase3 of Reference Processing due to unavailable references
[103.476s][debug][gc,phases      ] GC(49) Reference Processing 0.093ms
[103.476s][debug][gc,phases      ] GC(49) Weak Processing 0.137ms
[103.477s][debug][gc,phases      ] GC(49) Scrub String Table 0.666ms
[103.477s][debug][gc,age         ] GC(49) Desired survivor size 173015040 bytes, new threshold 15 (max threshold 15)
[103.477s][info ][gc,heap        ] GC(49) PSYoungGen: 1879744K->104770K(1879552K)
[103.477s][info ][gc,heap        ] GC(49) ParOldGen: 184592K->184880K(219648K)
[103.477s][info ][gc,metaspace   ] GC(49) Metaspace: 63190K->63190K(1105920K)
[103.477s][info ][gc             ] GC(49) Pause Young (Allocation Failure) 2015M->282M(2050M) 31.556ms
[103.477s][info ][gc,cpu         ] GC(49) User=0.12s Sys=0.00s Real=0.02s
[103.477s][info ][safepoint      ] Leaving safepoint region
[103.477s][info ][safepoint      ] Total time for which application threads were stopped: 0.0317995 seconds, Stopping threads took: 0.0000192 seconds
[103.477s][info ][safepoint      ] Application time: 0.0003427 seconds
[103.477s][info ][safepoint      ] Entering safepoint region: RevokeBias
[103.477s][info ][safepoint      ] Leaving safepoint region
[103.477s][info ][safepoint      ] Total time for which application threads were stopped: 0.0001412 seconds, Stopping threads took: 0.0000400 seconds
[103.478s][info ][safepoint      ] Application time: 0.0000651 seconds
[103.478s][info ][safepoint      ] Entering safepoint region: RevokeBias
[103.478s][info ][safepoint      ] Leaving safepoint region
[103.478s][info ][safepoint      ] Total time for which application threads were stopped: 0.0000857 seconds, Stopping threads took: 0.0000438 seconds
[105.478s][info ][safepoint      ] Application time: 2.0001971 seconds
[105.478s][info ][safepoint      ] Entering safepoint region: Cleanup
[105.478s][info ][safepoint      ] Leaving safepoint region
[105.478s][info ][safepoint      ] Total time for which application threads were stopped: 0.0000991 seconds, Stopping threads took: 0.0000220 seconds
[107.478s][info ][safepoint      ] Application time: 2.0001914 seconds
[107.478s][info ][safepoint      ] Entering safepoint region: Cleanup
[107.478s][info ][safepoint      ] Leaving safepoint region
[107.478s][info ][safepoint      ] Total time for which application threads were stopped: 0.0001010 seconds, Stopping threads took: 0.0000232 seconds
[108.478s][info ][safepoint      ] Application time: 1.0000795 seconds
[108.478s][info ][safepoint      ] Entering safepoint region: Cleanup
[108.478s][info ][safepoint      ] Leaving safepoint region
[108.478s][info ][safepoint      ] Total time for which application threads were stopped: 0.0000976 seconds, Stopping threads took: 0.0000226 seconds
[110.479s][info ][safepoint      ] Application time: 2.0002990 seconds
[110.479s][info ][safepoint      ] Entering safepoint region: Cleanup
[110.479s][info ][safepoint      ] Leaving safepoint region
[110.479s][info ][safepoint      ] Total time for which application threads were stopped: 0.0001010 seconds, Stopping threads took: 0.0000228 seconds
[113.479s][info ][safepoint      ] Application time: 3.0003585 seconds
[113.479s][info ][safepoint      ] Entering safepoint region: Cleanup
[113.479s][info ][safepoint      ] Leaving safepoint region
[113.479s][info ][safepoint      ] Total time for which application threads were stopped: 0.0001079 seconds, Stopping threads took: 0.0000224 seconds
[118.480s][info ][safepoint      ] Application time: 5.0006014 seconds
[118.480s][info ][safepoint      ] Entering safepoint region: Cleanup
[118.480s][info ][safepoint      ] Leaving safepoint region
[118.480s][info ][safepoint      ] Total time for which application threads were stopped: 0.0001001 seconds, Stopping threads took: 0.0000214 seconds
[122.481s][info ][safepoint      ] Application time: 4.0003835 seconds
[122.481s][info ][safepoint      ] Entering safepoint region: Cleanup
[122.481s][info ][safepoint      ] Leaving safepoint region
[122.481s][info ][safepoint      ] Total time for which application threads were stopped: 0.0001150 seconds, Stopping threads took: 0.0000225 seconds
[128.481s][info ][safepoint      ] Application time: 6.0005474 seconds
[128.481s][info ][safepoint      ] Entering safepoint region: Cleanup
[128.481s][info ][safepoint      ] Leaving safepoint region
[128.482s][info ][safepoint      ] Total time for which application threads were stopped: 0.0001487 seconds, Stopping threads took: 0.0000544 seconds
[129.482s][info ][safepoint      ] Application time: 1.0000971 seconds
[129.482s][info ][safepoint      ] Entering safepoint region: Cleanup
[129.482s][info ][safepoint      ] Leaving safepoint region
[129.482s][info ][safepoint      ] Total time for which application threads were stopped: 0.0000958 seconds, Stopping threads took: 0.0000200 seconds
[130.245s][info ][safepoint      ] Application time: 0.7632767 seconds
[130.245s][info ][safepoint      ] Entering safepoint region: ParallelGCFailedAllocation
[130.245s][info ][gc,start       ] GC(50) Pause Young (Allocation Failure)
[130.273s][debug][gc,phases      ] GC(50) Scavenge 27.564ms
[130.273s][debug][gc,ref         ] GC(50) Skipped phase1 of Reference Processing due to unavailable references
[130.273s][debug][gc,ref         ] GC(50) Skipped phase3 of Reference Processing due to unavailable references
[130.273s][debug][gc,phases      ] GC(50) Reference Processing 0.088ms
[130.273s][debug][gc,phases      ] GC(50) Weak Processing 0.152ms
[130.274s][debug][gc,phases      ] GC(50) Scrub String Table 0.517ms
[130.274s][debug][gc,age         ] GC(50) Desired survivor size 178782208 bytes, new threshold 15 (max threshold 15)
[130.274s][info ][gc,heap        ] GC(50) PSYoungGen: 1879362K->104562K(1916928K)
[130.274s][info ][gc,heap        ] GC(50) ParOldGen: 184880K->185152K(219648K)
[130.274s][info ][gc,metaspace   ] GC(50) Metaspace: 63202K->63202K(1105920K)
[130.274s][info ][gc             ] GC(50) Pause Young (Allocation Failure) 2015M->282M(2086M) 28.504ms
[130.274s][info ][gc,cpu         ] GC(50) User=0.11s Sys=0.00s Real=0.03s
[130.274s][info ][safepoint      ] Leaving safepoint region
[130.274s][info ][safepoint      ] Total time for which application threads were stopped: 0.0287114 seconds, Stopping threads took: 0.0000358 seconds
[131.274s][info ][safepoint      ] Application time: 1.0001149 seconds
[131.274s][info ][safepoint      ] Entering safepoint region: Cleanup
[131.274s][info ][safepoint      ] Leaving safepoint region
[131.274s][info ][safepoint      ] Total time for which application threads were stopped: 0.0000958 seconds, Stopping threads took: 0.0000210 seconds
[133.274s][info ][safepoint      ] Application time: 2.0001589 seconds
[133.274s][info ][safepoint      ] Entering safepoint region: Cleanup
[133.274s][info ][safepoint      ] Leaving safepoint region
[133.274s][info ][safepoint      ] Total time for which application threads were stopped: 0.0001027 seconds, Stopping threads took: 0.0000220 seconds
[135.275s][info ][safepoint      ] Application time: 2.0001638 seconds
[135.275s][info ][safepoint      ] Entering safepoint region: Cleanup
[135.275s][info ][safepoint      ] Leaving safepoint region
[135.275s][info ][safepoint      ] Total time for which application threads were stopped: 0.0000949 seconds, Stopping threads took: 0.0000203 seconds
[136.176s][info ][safepoint      ] Application time: 0.9009776 seconds
[136.176s][info ][safepoint      ] Entering safepoint region: RevokeBias
[136.176s][info ][safepoint      ] Leaving safepoint region
[136.176s][info ][safepoint      ] Total time for which application threads were stopped: 0.0000944 seconds, Stopping threads took: 0.0000191 seconds
[136.178s][info ][safepoint      ] Application time: 0.0026919 seconds
[136.178s][info ][safepoint      ] Entering safepoint region: RevokeBias
[136.179s][info ][safepoint      ] Leaving safepoint region
[136.179s][info ][safepoint      ] Total time for which application threads were stopped: 0.0000625 seconds, Stopping threads took: 0.0000114 seconds
[136.180s][info ][safepoint      ] Application time: 0.0011364 seconds
[136.180s][info ][safepoint      ] Entering safepoint region: RevokeBias
[136.180s][info ][safepoint      ] Leaving safepoint region
[136.180s][info ][safepoint      ] Total time for which application threads were stopped: 0.0001143 seconds, Stopping threads took: 0.0000807 seconds
[136.180s][info ][safepoint      ] Application time: 0.0001436 seconds
[136.180s][info ][safepoint      ] Entering safepoint region: RevokeBias
[136.180s][info ][safepoint      ] Leaving safepoint region
[136.180s][info ][safepoint      ] Total time for which application threads were stopped: 0.0000382 seconds, Stopping threads took: 0.0000091 seconds
[137.180s][info ][safepoint      ] Application time: 1.0000825 seconds
[137.180s][info ][safepoint      ] Entering safepoint region: Cleanup
[137.180s][info ][safepoint      ] Leaving safepoint region
[137.180s][info ][safepoint      ] Total time for which application threads were stopped: 0.0000908 seconds, Stopping threads took: 0.0000191 seconds
[138.180s][info ][safepoint      ] Application time: 1.0000778 seconds
[138.180s][info ][safepoint      ] Entering safepoint region: Cleanup
[138.180s][info ][safepoint      ] Leaving safepoint region
[138.180s][info ][safepoint      ] Total time for which application threads were stopped: 0.0000915 seconds, Stopping threads took: 0.0000208 seconds
[139.181s][info ][safepoint      ] Application time: 1.0000848 seconds
[139.181s][info ][safepoint      ] Entering safepoint region: Cleanup
[139.181s][info ][safepoint      ] Leaving safepoint region
[139.181s][info ][safepoint      ] Total time for which application threads were stopped: 0.0000891 seconds, Stopping threads took: 0.0000229 seconds
[141.181s][info ][safepoint      ] Application time: 2.0001380 seconds
[141.181s][info ][safepoint      ] Entering safepoint region: Cleanup
[141.181s][info ][safepoint      ] Leaving safepoint region
[141.181s][info ][safepoint      ] Total time for which application threads were stopped: 0.0000999 seconds, Stopping threads took: 0.0000205 seconds
[142.181s][info ][safepoint      ] Application time: 1.0000886 seconds
[142.181s][info ][safepoint      ] Entering safepoint region: Cleanup
[142.181s][info ][safepoint      ] Leaving safepoint region
[142.181s][info ][safepoint      ] Total time for which application threads were stopped: 0.0000864 seconds, Stopping threads took: 0.0000194 seconds
[143.181s][info ][safepoint      ] Application time: 1.0000622 seconds
[143.181s][info ][safepoint      ] Entering safepoint region: Cleanup
[143.181s][info ][safepoint      ] Leaving safepoint region
[143.181s][info ][safepoint      ] Total time for which application threads were stopped: 0.0000827 seconds, Stopping threads took: 0.0000181 seconds
[143.359s][info ][safepoint      ] Application time: 0.1779283 seconds
[143.359s][info ][safepoint      ] Entering safepoint region: RevokeBias
[143.359s][info ][safepoint      ] Leaving safepoint region
[143.359s][info ][safepoint      ] Total time for which application threads were stopped: 0.0000977 seconds, Stopping threads took: 0.0000174 seconds
[146.123s][info ][safepoint      ] Application time: 2.7639198 seconds
[146.123s][info ][safepoint      ] Entering safepoint region: RevokeBias
[146.123s][info ][safepoint      ] Leaving safepoint region
[146.123s][info ][safepoint      ] Total time for which application threads were stopped: 0.0000889 seconds, Stopping threads took: 0.0000190 seconds
[147.124s][info ][safepoint      ] Application time: 1.0008944 seconds
[147.124s][info ][safepoint      ] Entering safepoint region: Cleanup
[147.125s][info ][safepoint      ] Leaving safepoint region
[147.125s][info ][safepoint      ] Total time for which application threads were stopped: 0.0000853 seconds, Stopping threads took: 0.0000196 seconds
[151.125s][info ][safepoint      ] Application time: 4.0003681 seconds
[151.125s][info ][safepoint      ] Entering safepoint region: Cleanup
[151.125s][info ][safepoint      ] Leaving safepoint region
[151.125s][info ][safepoint      ] Total time for which application threads were stopped: 0.0000861 seconds, Stopping threads took: 0.0000199 seconds
[153.125s][info ][safepoint      ] Application time: 2.0001547 seconds
[153.125s][info ][safepoint      ] Entering safepoint region: Cleanup
[153.125s][info ][safepoint      ] Leaving safepoint region
[153.125s][info ][safepoint      ] Total time for which application threads were stopped: 0.0000970 seconds, Stopping threads took: 0.0000197 seconds
[154.125s][info ][safepoint      ] Application time: 1.0000793 seconds
[154.125s][info ][safepoint      ] Entering safepoint region: Cleanup
[154.126s][info ][safepoint      ] Leaving safepoint region
[154.126s][info ][safepoint      ] Total time for which application threads were stopped: 0.0000897 seconds, Stopping threads took: 0.0000212 seconds
[155.126s][info ][safepoint      ] Application time: 1.0000729 seconds
[155.126s][info ][safepoint      ] Entering safepoint region: Cleanup
[155.126s][info ][safepoint      ] Leaving safepoint region
[155.126s][info ][safepoint      ] Total time for which application threads were stopped: 0.0000840 seconds, Stopping threads took: 0.0000198 seconds
[155.647s][info ][safepoint      ] Application time: 0.5209209 seconds
[155.647s][info ][safepoint      ] Entering safepoint region: ParallelGCFailedAllocation
[155.647s][info ][gc,start       ] GC(51) Pause Young (Allocation Failure)
[155.677s][debug][gc,phases      ] GC(51) Scavenge 30.036ms
[155.677s][debug][gc,ref         ] GC(51) Skipped phase1 of Reference Processing due to unavailable references
[155.677s][debug][gc,ref         ] GC(51) Skipped phase3 of Reference Processing due to unavailable references
[155.677s][debug][gc,phases      ] GC(51) Reference Processing 0.103ms
[155.677s][debug][gc,phases      ] GC(51) Weak Processing 0.258ms
[155.679s][debug][gc,phases      ] GC(51) Scrub String Table 1.134ms
[155.679s][debug][gc,age         ] GC(51) Desired survivor size 182452224 bytes, new threshold 15 (max threshold 15)
[155.679s][info ][gc,heap        ] GC(51) PSYoungGen: 1852530K->103810K(1851904K)
[155.679s][info ][gc,heap        ] GC(51) ParOldGen: 185152K->185864K(219648K)
[155.679s][info ][gc,metaspace   ] GC(51) Metaspace: 63240K->63240K(1105920K)
[155.679s][info ][gc             ] GC(51) Pause Young (Allocation Failure) 1989M->282M(2023M) 31.802ms
[155.679s][info ][gc,cpu         ] GC(51) User=0.12s Sys=0.00s Real=0.03s
[155.679s][info ][safepoint      ] Leaving safepoint region
[155.679s][info ][safepoint      ] Total time for which application threads were stopped: 0.0320381 seconds, Stopping threads took: 0.0000364 seconds
[156.679s][info ][safepoint      ] Application time: 1.0001420 seconds
[156.679s][info ][safepoint      ] Entering safepoint region: Cleanup
[156.679s][info ][safepoint      ] Leaving safepoint region
[156.679s][info ][safepoint      ] Total time for which application threads were stopped: 0.0001523 seconds, Stopping threads took: 0.0000340 seconds
[157.679s][info ][safepoint      ] Application time: 1.0001009 seconds
[157.679s][info ][safepoint      ] Entering safepoint region: Cleanup
[157.679s][info ][safepoint      ] Leaving safepoint region
[157.679s][info ][safepoint      ] Total time for which application threads were stopped: 0.0001663 seconds, Stopping threads took: 0.0000611 seconds
[158.680s][info ][safepoint      ] Application time: 1.0000870 seconds
[158.680s][info ][safepoint      ] Entering safepoint region: Cleanup
[158.680s][info ][safepoint      ] Leaving safepoint region
[158.680s][info ][safepoint      ] Total time for which application threads were stopped: 0.0001367 seconds, Stopping threads took: 0.0000351 seconds
[160.680s][info ][safepoint      ] Application time: 2.0005327 seconds
[160.680s][info ][safepoint      ] Entering safepoint region: Cleanup
[160.680s][info ][safepoint      ] Leaving safepoint region
[160.680s][info ][safepoint      ] Total time for which application threads were stopped: 0.0001212 seconds, Stopping threads took: 0.0000256 seconds
[162.681s][info ][safepoint      ] Application time: 2.0001928 seconds
[162.681s][info ][safepoint      ] Entering safepoint region: Cleanup
[162.681s][info ][safepoint      ] Leaving safepoint region
[162.681s][info ][safepoint      ] Total time for which application threads were stopped: 0.0000956 seconds, Stopping threads took: 0.0000184 seconds
[163.681s][info ][safepoint      ] Application time: 1.0001104 seconds
[163.681s][info ][safepoint      ] Entering safepoint region: Cleanup
[163.681s][info ][safepoint      ] Leaving safepoint region
[163.681s][info ][safepoint      ] Total time for which application threads were stopped: 0.0000957 seconds, Stopping threads took: 0.0000191 seconds
[166.681s][info ][safepoint      ] Application time: 3.0002452 seconds
[166.681s][info ][safepoint      ] Entering safepoint region: Cleanup
[166.681s][info ][safepoint      ] Leaving safepoint region
[166.681s][info ][safepoint      ] Total time for which application threads were stopped: 0.0000889 seconds, Stopping threads took: 0.0000183 seconds
[171.682s][info ][safepoint      ] Application time: 5.0004466 seconds
[171.682s][info ][safepoint      ] Entering safepoint region: Cleanup
[171.682s][info ][safepoint      ] Leaving safepoint region
[171.682s][info ][safepoint      ] Total time for which application threads were stopped: 0.0000934 seconds, Stopping threads took: 0.0000202 seconds
[175.682s][info ][safepoint      ] Application time: 4.0003444 seconds
[175.682s][info ][safepoint      ] Entering safepoint region: Cleanup
[175.682s][info ][safepoint      ] Leaving safepoint region
[175.682s][info ][safepoint      ] Total time for which application threads were stopped: 0.0001122 seconds, Stopping threads took: 0.0000224 seconds
[176.683s][info ][safepoint      ] Application time: 1.0000874 seconds
[176.683s][info ][safepoint      ] Entering safepoint region: Cleanup
[176.683s][info ][safepoint      ] Leaving safepoint region
[176.683s][info ][safepoint      ] Total time for which application threads were stopped: 0.0001099 seconds, Stopping threads took: 0.0000215 seconds
[179.683s][info ][safepoint      ] Application time: 3.0002626 seconds
[179.683s][info ][safepoint      ] Entering safepoint region: Cleanup
[179.683s][info ][safepoint      ] Leaving safepoint region
[179.683s][info ][safepoint      ] Total time for which application threads were stopped: 0.0001146 seconds, Stopping threads took: 0.0000373 seconds
[180.448s][info ][safepoint      ] Application time: 0.7649379 seconds
[180.448s][info ][safepoint      ] Entering safepoint region: ParallelGCFailedAllocation
[180.448s][info ][gc,start       ] GC(52) Pause Young (Allocation Failure)
[180.476s][debug][gc,phases      ] GC(52) Scavenge 27.922ms
[180.476s][debug][gc,ref         ] GC(52) Skipped phase1 of Reference Processing due to unavailable references
[180.476s][debug][gc,ref         ] GC(52) Skipped phase3 of Reference Processing due to unavailable references
[180.476s][debug][gc,phases      ] GC(52) Reference Processing 0.087ms
[180.476s][debug][gc,phases      ] GC(52) Weak Processing 0.148ms
[180.477s][debug][gc,phases      ] GC(52) Scrub String Table 0.506ms
[180.477s][debug][gc,age         ] GC(52) Desired survivor size 184025088 bytes, new threshold 15 (max threshold 15)
[180.477s][info ][gc,heap        ] GC(52) PSYoungGen: 1851778K->102994K(1915904K)
[180.477s][info ][gc,heap        ] GC(52) ParOldGen: 185864K->187480K(219648K)
[180.477s][info ][gc,metaspace   ] GC(52) Metaspace: 63242K->63242K(1105920K)
[180.477s][info ][gc             ] GC(52) Pause Young (Allocation Failure) 1989M->283M(2085M) 28.832ms
[180.477s][info ][gc,cpu         ] GC(52) User=0.11s Sys=0.00s Real=0.02s
[180.477s][info ][safepoint      ] Leaving safepoint region
[180.477s][info ][safepoint      ] Total time for which application threads were stopped: 0.0290462 seconds, Stopping threads took: 0.0000198 seconds
[187.479s][info ][safepoint      ] Application time: 7.0019182 seconds
[187.479s][info ][safepoint      ] Entering safepoint region: Cleanup
[187.479s][info ][safepoint      ] Leaving safepoint region
[187.479s][info ][safepoint      ] Total time for which application threads were stopped: 0.0001188 seconds, Stopping threads took: 0.0000413 seconds
[190.480s][info ][safepoint      ] Application time: 3.0002957 seconds
[190.480s][info ][safepoint      ] Entering safepoint region: Cleanup
[190.480s][info ][safepoint      ] Leaving safepoint region
[190.480s][info ][safepoint      ] Total time for which application threads were stopped: 0.0001114 seconds, Stopping threads took: 0.0000192 seconds
[191.480s][info ][safepoint      ] Application time: 1.0000877 seconds
[191.480s][info ][safepoint      ] Entering safepoint region: Cleanup
[191.480s][info ][safepoint      ] Leaving safepoint region
[191.480s][info ][safepoint      ] Total time for which application threads were stopped: 0.0000952 seconds, Stopping threads took: 0.0000205 seconds
[192.480s][info ][safepoint      ] Application time: 1.0000734 seconds
[192.480s][info ][safepoint      ] Entering safepoint region: Cleanup
[192.480s][info ][safepoint      ] Leaving safepoint region
[192.480s][info ][safepoint      ] Total time for which application threads were stopped: 0.0001035 seconds, Stopping threads took: 0.0000191 seconds
[194.480s][info ][safepoint      ] Application time: 2.0002046 seconds
[194.480s][info ][safepoint      ] Entering safepoint region: Cleanup
[194.480s][info ][safepoint      ] Leaving safepoint region
[194.481s][info ][safepoint      ] Total time for which application threads were stopped: 0.0003014 seconds, Stopping threads took: 0.0000212 seconds
[203.359s][info ][safepoint      ] Application time: 8.8786270 seconds
[203.359s][info ][safepoint      ] Entering safepoint region: RevokeBias
[203.359s][info ][safepoint      ] Leaving safepoint region
[203.359s][info ][safepoint      ] Total time for which application threads were stopped: 0.0000886 seconds, Stopping threads took: 0.0000186 seconds
[205.545s][info ][safepoint      ] Application time: 2.1857586 seconds
[205.545s][info ][safepoint      ] Entering safepoint region: ParallelGCFailedAllocation
[205.545s][info ][gc,start       ] GC(53) Pause Young (Allocation Failure)
[205.573s][debug][gc,phases      ] GC(53) Scavenge 27.900ms
[205.573s][debug][gc,ref         ] GC(53) Skipped phase1 of Reference Processing due to unavailable references
[205.573s][debug][gc,ref         ] GC(53) Skipped phase3 of Reference Processing due to unavailable references
[205.573s][debug][gc,phases      ] GC(53) Reference Processing 0.092ms
[205.574s][debug][gc,phases      ] GC(53) Weak Processing 0.206ms
[205.574s][debug][gc,phases      ] GC(53) Scrub String Table 0.562ms
[205.574s][debug][gc,age         ] GC(53) Desired survivor size 184549376 bytes, new threshold 15 (max threshold 15)
[205.574s][info ][gc,heap        ] GC(53) PSYoungGen: 1840722K->101906K(1840128K)
[205.574s][info ][gc,heap        ] GC(53) ParOldGen: 187480K->188568K(219648K)
[205.574s][info ][gc,metaspace   ] GC(53) Metaspace: 63250K->63250K(1105920K)
[205.574s][info ][gc             ] GC(53) Pause Young (Allocation Failure) 1980M->283M(2011M) 28.938ms
[205.574s][info ][gc,cpu         ] GC(53) User=0.10s Sys=0.01s Real=0.02s
[205.574s][info ][safepoint      ] Leaving safepoint region
[205.574s][info ][safepoint      ] Total time for which application threads were stopped: 0.0291646 seconds, Stopping threads took: 0.0000455 seconds
[212.575s][info ][safepoint      ] Application time: 7.0007128 seconds
[212.575s][info ][safepoint      ] Entering safepoint region: Cleanup
[212.575s][info ][safepoint      ] Leaving safepoint region
[212.575s][info ][safepoint      ] Total time for which application threads were stopped: 0.0002744 seconds, Stopping threads took: 0.0000864 seconds
[213.576s][info ][safepoint      ] Application time: 1.0000791 seconds
[213.576s][info ][safepoint      ] Entering safepoint region: Cleanup
[213.576s][info ][safepoint      ] Leaving safepoint region
[213.576s][info ][safepoint      ] Total time for which application threads were stopped: 0.0000997 seconds, Stopping threads took: 0.0000193 seconds
[215.576s][info ][safepoint      ] Application time: 2.0001782 seconds
[215.576s][info ][safepoint      ] Entering safepoint region: Cleanup
[215.576s][info ][safepoint      ] Leaving safepoint region
[215.576s][info ][safepoint      ] Total time for which application threads were stopped: 0.0001109 seconds, Stopping threads took: 0.0000200 seconds
[216.576s][info ][safepoint      ] Application time: 1.0001147 seconds
[216.576s][info ][safepoint      ] Entering safepoint region: Cleanup
[216.576s][info ][safepoint      ] Leaving safepoint region
[216.576s][info ][safepoint      ] Total time for which application threads were stopped: 0.0001576 seconds, Stopping threads took: 0.0000187 seconds
[217.576s][info ][safepoint      ] Application time: 1.0000951 seconds
[217.576s][info ][safepoint      ] Entering safepoint region: Cleanup
[217.577s][info ][safepoint      ] Leaving safepoint region
[217.577s][info ][safepoint      ] Total time for which application threads were stopped: 0.0001492 seconds, Stopping threads took: 0.0000373 seconds
[217.832s][info ][safepoint      ] Application time: 0.2551736 seconds
[217.832s][info ][safepoint      ] Entering safepoint region: RevokeBias
[217.832s][info ][safepoint      ] Leaving safepoint region
[217.832s][info ][safepoint      ] Total time for which application threads were stopped: 0.0001287 seconds, Stopping threads took: 0.0000202 seconds
[218.832s][info ][safepoint      ] Application time: 1.0001190 seconds
[218.832s][info ][safepoint      ] Entering safepoint region: Cleanup
[218.832s][info ][safepoint      ] Leaving safepoint region
[218.832s][info ][safepoint      ] Total time for which application threads were stopped: 0.0000977 seconds, Stopping threads took: 0.0000209 seconds
[219.833s][info ][safepoint      ] Application time: 1.0008682 seconds
[219.833s][info ][safepoint      ] Entering safepoint region: Cleanup
[219.833s][info ][safepoint      ] Leaving safepoint region
[219.833s][info ][safepoint      ] Total time for which application threads were stopped: 0.0001155 seconds, Stopping threads took: 0.0000208 seconds
[220.833s][info ][safepoint      ] Application time: 1.0000801 seconds
[220.833s][info ][safepoint      ] Entering safepoint region: Cleanup
[220.833s][info ][safepoint      ] Leaving safepoint region
[220.833s][info ][safepoint      ] Total time for which application threads were stopped: 0.0001001 seconds, Stopping threads took: 0.0000210 seconds
[221.834s][info ][safepoint      ] Application time: 1.0000951 seconds
[221.834s][info ][safepoint      ] Entering safepoint region: Cleanup
[221.834s][info ][safepoint      ] Leaving safepoint region
[221.834s][info ][safepoint      ] Total time for which application threads were stopped: 0.0001277 seconds, Stopping threads took: 0.0000213 seconds
[222.029s][info ][safepoint      ] Application time: 0.1951145 seconds
[222.029s][info ][safepoint      ] Entering safepoint region: RevokeBias
[222.029s][info ][safepoint      ] Leaving safepoint region
[222.029s][info ][safepoint      ] Total time for which application threads were stopped: 0.0001191 seconds, Stopping threads took: 0.0000268 seconds
[223.029s][info ][safepoint      ] Application time: 1.0000965 seconds
[223.029s][info ][safepoint      ] Entering safepoint region: Cleanup
[223.029s][info ][safepoint      ] Leaving safepoint region
[223.029s][info ][safepoint      ] Total time for which application threads were stopped: 0.0001517 seconds, Stopping threads took: 0.0000633 seconds
[224.029s][info ][safepoint      ] Application time: 1.0001115 seconds
[224.030s][info ][safepoint      ] Entering safepoint region: Cleanup
[224.030s][info ][safepoint      ] Leaving safepoint region
[224.030s][info ][safepoint      ] Total time for which application threads were stopped: 0.0001097 seconds, Stopping threads took: 0.0000200 seconds
[225.030s][info ][safepoint      ] Application time: 1.0000774 seconds
[225.030s][info ][safepoint      ] Entering safepoint region: Cleanup
[225.030s][info ][safepoint      ] Leaving safepoint region
[225.030s][info ][safepoint      ] Total time for which application threads were stopped: 0.0000987 seconds, Stopping threads took: 0.0000196 seconds
[226.030s][info ][safepoint      ] Application time: 1.0000771 seconds
[226.030s][info ][safepoint      ] Entering safepoint region: Cleanup
[226.030s][info ][safepoint      ] Leaving safepoint region
[226.030s][info ][safepoint      ] Total time for which application threads were stopped: 0.0001054 seconds, Stopping threads took: 0.0000189 seconds
[227.030s][info ][safepoint      ] Application time: 1.0000828 seconds
[227.030s][info ][safepoint      ] Entering safepoint region: Cleanup
[227.030s][info ][safepoint      ] Leaving safepoint region
[227.030s][info ][safepoint      ] Total time for which application threads were stopped: 0.0000913 seconds, Stopping threads took: 0.0000210 seconds
[228.030s][info ][safepoint      ] Application time: 1.0000795 seconds
[228.030s][info ][safepoint      ] Entering safepoint region: Cleanup
[228.031s][info ][safepoint      ] Leaving safepoint region
[228.031s][info ][safepoint      ] Total time for which application threads were stopped: 0.0000997 seconds, Stopping threads took: 0.0000234 seconds
[229.033s][info ][safepoint      ] Application time: 1.0019853 seconds
[229.033s][info ][safepoint      ] Entering safepoint region: Cleanup
[229.033s][info ][safepoint      ] Leaving safepoint region
[229.033s][info ][safepoint      ] Total time for which application threads were stopped: 0.0000965 seconds, Stopping threads took: 0.0000214 seconds
[230.115s][info ][safepoint      ] Application time: 1.0824943 seconds
[230.115s][info ][safepoint      ] Entering safepoint region: ParallelGCFailedAllocation
[230.115s][info ][gc,start       ] GC(54) Pause Young (Allocation Failure)
[230.146s][debug][gc,phases      ] GC(54) Scavenge 30.895ms
[230.146s][debug][gc,ref         ] GC(54) Skipped phase1 of Reference Processing due to unavailable references
[230.146s][debug][gc,ref         ] GC(54) Skipped phase3 of Reference Processing due to unavailable references
[230.146s][debug][gc,phases      ] GC(54) Reference Processing 0.106ms
[230.147s][debug][gc,phases      ] GC(54) Weak Processing 0.153ms
[230.147s][debug][gc,phases      ] GC(54) Scrub String Table 0.721ms
[230.147s][debug][gc,age         ] GC(54) Desired survivor size 180879360 bytes, new threshold 15 (max threshold 15)
[230.147s][info ][gc,heap        ] GC(54) PSYoungGen: 1839634K->93696K(1920512K)
[230.147s][info ][gc,heap        ] GC(54) ParOldGen: 188568K->197008K(219648K)
[230.147s][info ][gc,metaspace   ] GC(54) Metaspace: 63431K->63431K(1107968K)
[230.147s][info ][gc             ] GC(54) Pause Young (Allocation Failure) 1980M->283M(2090M) 32.056ms
[230.147s][info ][gc,cpu         ] GC(54) User=0.11s Sys=0.01s Real=0.04s
[230.147s][info ][safepoint      ] Leaving safepoint region
[230.147s][info ][safepoint      ] Total time for which application threads were stopped: 0.0322782 seconds, Stopping threads took: 0.0000439 seconds
[231.148s][info ][safepoint      ] Application time: 1.0000955 seconds
[231.148s][info ][safepoint      ] Entering safepoint region: Cleanup
[231.148s][info ][safepoint      ] Leaving safepoint region
[231.148s][info ][safepoint      ] Total time for which application threads were stopped: 0.0001323 seconds, Stopping threads took: 0.0000402 seconds
[232.148s][info ][safepoint      ] Application time: 1.0000983 seconds
[232.148s][info ][safepoint      ] Entering safepoint region: Cleanup
[232.148s][info ][safepoint      ] Leaving safepoint region
[232.148s][info ][safepoint      ] Total time for which application threads were stopped: 0.0001158 seconds, Stopping threads took: 0.0000368 seconds
[234.148s][info ][safepoint      ] Application time: 2.0001511 seconds
[234.148s][info ][safepoint      ] Entering safepoint region: Cleanup
[234.148s][info ][safepoint      ] Leaving safepoint region
[234.148s][info ][safepoint      ] Total time for which application threads were stopped: 0.0001299 seconds, Stopping threads took: 0.0000390 seconds
[235.148s][info ][safepoint      ] Application time: 1.0000822 seconds
[235.148s][info ][safepoint      ] Entering safepoint region: Cleanup
[235.149s][info ][safepoint      ] Leaving safepoint region
[235.149s][info ][safepoint      ] Total time for which application threads were stopped: 0.0001130 seconds, Stopping threads took: 0.0000379 seconds
[236.149s][info ][safepoint      ] Application time: 1.0000923 seconds
[236.149s][info ][safepoint      ] Entering safepoint region: Cleanup
[236.149s][info ][safepoint      ] Leaving safepoint region
[236.149s][info ][safepoint      ] Total time for which application threads were stopped: 0.0001201 seconds, Stopping threads took: 0.0000415 seconds
[237.149s][info ][safepoint      ] Application time: 1.0000809 seconds
[237.149s][info ][safepoint      ] Entering safepoint region: Cleanup
[237.149s][info ][safepoint      ] Leaving safepoint region
[237.149s][info ][safepoint      ] Total time for which application threads were stopped: 0.0001459 seconds, Stopping threads took: 0.0000556 seconds
[238.149s][info ][safepoint      ] Application time: 1.0001383 seconds
[238.149s][info ][safepoint      ] Entering safepoint region: Cleanup
[238.149s][info ][safepoint      ] Leaving safepoint region
[238.149s][info ][safepoint      ] Total time for which application threads were stopped: 0.0000846 seconds, Stopping threads took: 0.0000198 seconds
[240.150s][info ][safepoint      ] Application time: 2.0002594 seconds
[240.150s][info ][safepoint      ] Entering safepoint region: Cleanup
[240.150s][info ][safepoint      ] Leaving safepoint region
[240.150s][info ][safepoint      ] Total time for which application threads were stopped: 0.0000822 seconds, Stopping threads took: 0.0000178 seconds
[241.150s][info ][safepoint      ] Application time: 1.0001163 seconds
[241.150s][info ][safepoint      ] Entering safepoint region: Cleanup
[241.150s][info ][safepoint      ] Leaving safepoint region
[241.150s][info ][safepoint      ] Total time for which application threads were stopped: 0.0000883 seconds, Stopping threads took: 0.0000187 seconds
[242.150s][info ][safepoint      ] Application time: 1.0000834 seconds
[242.150s][info ][safepoint      ] Entering safepoint region: Cleanup
[242.150s][info ][safepoint      ] Leaving safepoint region
[242.150s][info ][safepoint      ] Total time for which application threads were stopped: 0.0000928 seconds, Stopping threads took: 0.0000189 seconds
[243.150s][info ][safepoint      ] Application time: 1.0000819 seconds
[243.150s][info ][safepoint      ] Entering safepoint region: Cleanup
[243.150s][info ][safepoint      ] Leaving safepoint region
[243.150s][info ][safepoint      ] Total time for which application threads were stopped: 0.0001796 seconds, Stopping threads took: 0.0001029 seconds
[244.151s][info ][safepoint      ] Application time: 1.0000698 seconds
[244.151s][info ][safepoint      ] Entering safepoint region: Cleanup
[244.151s][info ][safepoint      ] Leaving safepoint region
[244.151s][info ][safepoint      ] Total time for which application threads were stopped: 0.0001238 seconds, Stopping threads took: 0.0000193 seconds
[245.151s][info ][safepoint      ] Application time: 1.0000767 seconds
[245.151s][info ][safepoint      ] Entering safepoint region: Cleanup
[245.151s][info ][safepoint      ] Leaving safepoint region
[245.151s][info ][safepoint      ] Total time for which application threads were stopped: 0.0000953 seconds, Stopping threads took: 0.0000206 seconds
[245.200s][info ][safepoint      ] Application time: 0.0487493 seconds
[245.200s][info ][safepoint      ] Entering safepoint region: Deoptimize
[245.206s][info ][safepoint      ] Leaving safepoint region
[245.206s][info ][safepoint      ] Total time for which application threads were stopped: 0.0059059 seconds, Stopping threads took: 0.0000189 seconds
[246.206s][info ][safepoint      ] Application time: 1.0001155 seconds
[246.206s][info ][safepoint      ] Entering safepoint region: Cleanup
[246.206s][info ][safepoint      ] Leaving safepoint region
[246.206s][info ][safepoint      ] Total time for which application threads were stopped: 0.0001211 seconds, Stopping threads took: 0.0000318 seconds
[247.206s][info ][safepoint      ] Application time: 1.0000845 seconds
[247.206s][info ][safepoint      ] Entering safepoint region: Cleanup
[247.206s][info ][safepoint      ] Leaving safepoint region
[247.206s][info ][safepoint      ] Total time for which application threads were stopped: 0.0000941 seconds, Stopping threads took: 0.0000190 seconds
[248.206s][info ][safepoint      ] Application time: 1.0001026 seconds
[248.206s][info ][safepoint      ] Entering safepoint region: Cleanup
[248.206s][info ][safepoint      ] Leaving safepoint region
[248.206s][info ][safepoint      ] Total time for which application threads were stopped: 0.0001122 seconds, Stopping threads took: 0.0000396 seconds
[249.207s][info ][safepoint      ] Application time: 1.0001376 seconds
[249.207s][info ][safepoint      ] Entering safepoint region: Cleanup
[249.207s][info ][safepoint      ] Leaving safepoint region
[249.207s][info ][safepoint      ] Total time for which application threads were stopped: 0.0001909 seconds, Stopping threads took: 0.0000182 seconds
[250.207s][info ][safepoint      ] Application time: 1.0002584 seconds
[250.207s][info ][safepoint      ] Entering safepoint region: Cleanup
[250.207s][info ][safepoint      ] Leaving safepoint region
[250.207s][info ][safepoint      ] Total time for which application threads were stopped: 0.0002894 seconds, Stopping threads took: 0.0001173 seconds
[251.207s][info ][safepoint      ] Application time: 1.0001198 seconds
[251.207s][info ][safepoint      ] Entering safepoint region: Cleanup
[251.208s][info ][safepoint      ] Leaving safepoint region
[251.208s][info ][safepoint      ] Total time for which application threads were stopped: 0.0000894 seconds, Stopping threads took: 0.0000172 seconds
[252.208s][info ][safepoint      ] Application time: 1.0000715 seconds
[252.208s][info ][safepoint      ] Entering safepoint region: Cleanup
[252.208s][info ][safepoint      ] Leaving safepoint region
[252.208s][info ][safepoint      ] Total time for which application threads were stopped: 0.0001105 seconds, Stopping threads took: 0.0000196 seconds
[253.208s][info ][safepoint      ] Application time: 1.0000786 seconds
[253.208s][info ][safepoint      ] Entering safepoint region: Cleanup
[253.208s][info ][safepoint      ] Leaving safepoint region
[253.208s][info ][safepoint      ] Total time for which application threads were stopped: 0.0001027 seconds, Stopping threads took: 0.0000181 seconds
[254.208s][info ][safepoint      ] Application time: 1.0000781 seconds
[254.208s][info ][safepoint      ] Entering safepoint region: Cleanup
[254.208s][info ][safepoint      ] Leaving safepoint region
[254.208s][info ][safepoint      ] Total time for which application threads were stopped: 0.0000923 seconds, Stopping threads took: 0.0000175 seconds
[255.208s][info ][safepoint      ] Application time: 1.0001065 seconds
[255.208s][info ][safepoint      ] Entering safepoint region: Cleanup
[255.209s][info ][safepoint      ] Leaving safepoint region
[255.209s][info ][safepoint      ] Total time for which application threads were stopped: 0.0001995 seconds, Stopping threads took: 0.0000175 seconds
[256.209s][info ][safepoint      ] Application time: 1.0000987 seconds
[256.209s][info ][safepoint      ] Entering safepoint region: Cleanup
[256.209s][info ][safepoint      ] Leaving safepoint region
[256.209s][info ][safepoint      ] Total time for which application threads were stopped: 0.0000869 seconds, Stopping threads took: 0.0000176 seconds
[256.695s][info ][safepoint      ] Application time: 0.4860550 seconds
[256.695s][info ][safepoint      ] Entering safepoint region: ParallelGCFailedAllocation
[256.695s][info ][gc,start       ] GC(55) Pause Young (Allocation Failure)
[256.718s][debug][gc,phases      ] GC(55) Scavenge 22.901ms
[256.718s][debug][gc,ref         ] GC(55) Skipped phase1 of Reference Processing due to unavailable references
[256.718s][debug][gc,ref         ] GC(55) Skipped phase3 of Reference Processing due to unavailable references
[256.718s][debug][gc,phases      ] GC(55) Reference Processing 0.084ms
[256.718s][debug][gc,phases      ] GC(55) Weak Processing 0.136ms
[256.719s][debug][gc,phases      ] GC(55) Scrub String Table 0.717ms
[256.719s][debug][gc,age         ] GC(55) Desired survivor size 176685056 bytes, new threshold 15 (max threshold 15)
[256.719s][info ][gc,heap        ] GC(55) PSYoungGen: 1833984K->93165K(1916928K)
[256.719s][info ][gc,heap        ] GC(55) ParOldGen: 197008K->197900K(219648K)
[256.719s][info ][gc,metaspace   ] GC(55) Metaspace: 63564K->63564K(1107968K)
[256.719s][info ][gc             ] GC(55) Pause Young (Allocation Failure) 1983M->284M(2086M) 24.031ms
[256.719s][info ][gc,cpu         ] GC(55) User=0.08s Sys=0.00s Real=0.03s
[256.719s][info ][safepoint      ] Leaving safepoint region
[256.719s][info ][safepoint      ] Total time for which application threads were stopped: 0.0242612 seconds, Stopping threads took: 0.0000199 seconds
[257.719s][info ][safepoint      ] Application time: 1.0000573 seconds
[257.719s][info ][safepoint      ] Entering safepoint region: Cleanup
[257.719s][info ][safepoint      ] Leaving safepoint region
[257.719s][info ][safepoint      ] Total time for which application threads were stopped: 0.0000941 seconds, Stopping threads took: 0.0000181 seconds
[258.719s][info ][safepoint      ] Application time: 1.0001103 seconds
[258.719s][info ][safepoint      ] Entering safepoint region: Cleanup
[258.720s][info ][safepoint      ] Leaving safepoint region
[258.720s][info ][safepoint      ] Total time for which application threads were stopped: 0.0000897 seconds, Stopping threads took: 0.0000180 seconds
[260.720s][info ][safepoint      ] Application time: 2.0002206 seconds
[260.720s][info ][safepoint      ] Entering safepoint region: Cleanup
[260.720s][info ][safepoint      ] Leaving safepoint region
[260.720s][info ][safepoint      ] Total time for which application threads were stopped: 0.0000888 seconds, Stopping threads took: 0.0000171 seconds
[261.720s][info ][safepoint      ] Application time: 1.0000836 seconds
[261.720s][info ][safepoint      ] Entering safepoint region: Cleanup
[261.720s][info ][safepoint      ] Leaving safepoint region
[261.720s][info ][safepoint      ] Total time for which application threads were stopped: 0.0000848 seconds, Stopping threads took: 0.0000173 seconds
[262.720s][info ][safepoint      ] Application time: 1.0001066 seconds
[262.720s][info ][safepoint      ] Entering safepoint region: Cleanup
[262.720s][info ][safepoint      ] Leaving safepoint region
[262.720s][info ][safepoint      ] Total time for which application threads were stopped: 0.0000871 seconds, Stopping threads took: 0.0000165 seconds
[263.359s][info ][safepoint      ] Application time: 0.6389620 seconds
[263.359s][info ][safepoint      ] Entering safepoint region: RevokeBias
[263.359s][info ][safepoint      ] Leaving safepoint region
[263.359s][info ][safepoint      ] Total time for which application threads were stopped: 0.0000949 seconds, Stopping threads took: 0.0000170 seconds
[264.360s][info ][safepoint      ] Application time: 1.0001246 seconds
[264.360s][info ][safepoint      ] Entering safepoint region: Cleanup
[264.360s][info ][safepoint      ] Leaving safepoint region
[264.360s][info ][safepoint      ] Total time for which application threads were stopped: 0.0000829 seconds, Stopping threads took: 0.0000168 seconds
[266.360s][info ][safepoint      ] Application time: 2.0001880 seconds
[266.360s][info ][safepoint      ] Entering safepoint region: Cleanup
[266.360s][info ][safepoint      ] Leaving safepoint region
[266.360s][info ][safepoint      ] Total time for which application threads were stopped: 0.0001037 seconds, Stopping threads took: 0.0000162 seconds
[267.360s][info ][safepoint      ] Application time: 1.0000762 seconds
[267.360s][info ][safepoint      ] Entering safepoint region: Cleanup
[267.360s][info ][safepoint      ] Leaving safepoint region
[267.360s][info ][safepoint      ] Total time for which application threads were stopped: 0.0001386 seconds, Stopping threads took: 0.0000395 seconds
[268.360s][info ][safepoint      ] Application time: 1.0000832 seconds
[268.360s][info ][safepoint      ] Entering safepoint region: Cleanup
[268.360s][info ][safepoint      ] Leaving safepoint region
[268.360s][info ][safepoint      ] Total time for which application threads were stopped: 0.0000888 seconds, Stopping threads took: 0.0000160 seconds
[269.361s][info ][safepoint      ] Application time: 1.0000669 seconds
[269.361s][info ][safepoint      ] Entering safepoint region: Cleanup
[269.361s][info ][safepoint      ] Leaving safepoint region
[269.361s][info ][safepoint      ] Total time for which application threads were stopped: 0.0000919 seconds, Stopping threads took: 0.0000144 seconds
[270.361s][info ][safepoint      ] Application time: 1.0000898 seconds
[270.361s][info ][safepoint      ] Entering safepoint region: Cleanup
[270.361s][info ][safepoint      ] Leaving safepoint region
[270.361s][info ][safepoint      ] Total time for which application threads were stopped: 0.0001351 seconds, Stopping threads took: 0.0000373 seconds
[271.361s][info ][safepoint      ] Application time: 1.0000806 seconds
[271.361s][info ][safepoint      ] Entering safepoint region: Cleanup
[271.361s][info ][safepoint      ] Leaving safepoint region
[271.361s][info ][safepoint      ] Total time for which application threads were stopped: 0.0001033 seconds, Stopping threads took: 0.0000165 seconds
[272.361s][info ][safepoint      ] Application time: 1.0000989 seconds
[272.361s][info ][safepoint      ] Entering safepoint region: Cleanup
[272.361s][info ][safepoint      ] Leaving safepoint region
[272.361s][info ][safepoint      ] Total time for which application threads were stopped: 0.0000843 seconds, Stopping threads took: 0.0000174 seconds
[275.362s][info ][safepoint      ] Application time: 3.0002624 seconds
[275.362s][info ][safepoint      ] Entering safepoint region: Cleanup
[275.362s][info ][safepoint      ] Leaving safepoint region
[275.362s][info ][safepoint      ] Total time for which application threads were stopped: 0.0000819 seconds, Stopping threads took: 0.0000168 seconds
[276.362s][info ][safepoint      ] Application time: 1.0000919 seconds
[276.362s][info ][safepoint      ] Entering safepoint region: Cleanup
[276.362s][info ][safepoint      ] Leaving safepoint region
[276.362s][info ][safepoint      ] Total time for which application threads were stopped: 0.0000908 seconds, Stopping threads took: 0.0000181 seconds
[277.363s][info ][safepoint      ] Application time: 1.0006181 seconds
[277.363s][info ][safepoint      ] Entering safepoint region: Cleanup
[277.363s][info ][safepoint      ] Leaving safepoint region
[277.363s][info ][safepoint      ] Total time for which application threads were stopped: 0.0001091 seconds, Stopping threads took: 0.0000320 seconds
[280.363s][info ][safepoint      ] Application time: 3.0003693 seconds
[280.363s][info ][safepoint      ] Entering safepoint region: Cleanup
[280.364s][info ][safepoint      ] Leaving safepoint region
[280.364s][info ][safepoint      ] Total time for which application threads were stopped: 0.0003306 seconds, Stopping threads took: 0.0001525 seconds
[281.364s][info ][safepoint      ] Application time: 1.0004269 seconds
[281.364s][info ][safepoint      ] Entering safepoint region: Cleanup
[281.364s][info ][safepoint      ] Leaving safepoint region
[281.364s][info ][safepoint      ] Total time for which application threads were stopped: 0.0000902 seconds, Stopping threads took: 0.0000178 seconds
[282.364s][info ][safepoint      ] Application time: 1.0001112 seconds
[282.364s][info ][safepoint      ] Entering safepoint region: Cleanup
[282.364s][info ][safepoint      ] Leaving safepoint region
[282.364s][info ][safepoint      ] Total time for which application threads were stopped: 0.0000829 seconds, Stopping threads took: 0.0000169 seconds
[283.364s][info ][safepoint      ] Application time: 1.0000970 seconds
[283.365s][info ][safepoint      ] Entering safepoint region: Cleanup
[283.365s][info ][safepoint      ] Leaving safepoint region
[283.365s][info ][safepoint      ] Total time for which application threads were stopped: 0.0001142 seconds, Stopping threads took: 0.0000192 seconds
[284.365s][info ][safepoint      ] Application time: 1.0000899 seconds
[284.365s][info ][safepoint      ] Entering safepoint region: Cleanup
[284.365s][info ][safepoint      ] Leaving safepoint region
[284.365s][info ][safepoint      ] Total time for which application threads were stopped: 0.0000843 seconds, Stopping threads took: 0.0000189 seconds
[285.365s][info ][safepoint      ] Application time: 1.0001257 seconds
[285.365s][info ][safepoint      ] Entering safepoint region: Cleanup
[285.365s][info ][safepoint      ] Leaving safepoint region
[285.365s][info ][safepoint      ] Total time for which application threads were stopped: 0.0000895 seconds, Stopping threads took: 0.0000176 seconds
[285.596s][info ][safepoint      ] Application time: 0.2304889 seconds
[285.596s][info ][safepoint      ] Entering safepoint region: ParallelGCFailedAllocation
[285.596s][info ][gc,start       ] GC(56) Pause Young (Allocation Failure)
[285.615s][debug][gc,phases      ] GC(56) Scavenge 19.573ms
[285.615s][debug][gc,ref         ] GC(56) Skipped phase1 of Reference Processing due to unavailable references
[285.616s][debug][gc,ref         ] GC(56) Skipped phase3 of Reference Processing due to unavailable references
[285.616s][debug][gc,phases      ] GC(56) Reference Processing 0.089ms
[285.616s][debug][gc,phases      ] GC(56) Weak Processing 0.161ms
[285.617s][debug][gc,phases      ] GC(56) Scrub String Table 0.754ms
[285.617s][debug][gc,age         ] GC(56) Desired survivor size 172490752 bytes, new threshold 15 (max threshold 15)
[285.617s][info ][gc,heap        ] GC(56) PSYoungGen: 1833453K->93152K(1928704K)
[285.617s][info ][gc,heap        ] GC(56) ParOldGen: 197900K->198772K(219648K)
[285.617s][info ][gc,metaspace   ] GC(56) Metaspace: 63674K->63674K(1107968K)
[285.617s][info ][gc             ] GC(56) Pause Young (Allocation Failure) 1983M->285M(2098M) 20.786ms
[285.617s][info ][gc,cpu         ] GC(56) User=0.08s Sys=0.00s Real=0.02s
[285.617s][info ][safepoint      ] Leaving safepoint region
[285.617s][info ][safepoint      ] Total time for which application threads were stopped: 0.0209835 seconds, Stopping threads took: 0.0000173 seconds
[286.617s][info ][safepoint      ] Application time: 1.0002635 seconds
[286.617s][info ][safepoint      ] Entering safepoint region: Cleanup
[286.617s][info ][safepoint      ] Leaving safepoint region
[286.617s][info ][safepoint      ] Total time for which application threads were stopped: 0.0001901 seconds, Stopping threads took: 0.0000592 seconds
[287.617s][info ][safepoint      ] Application time: 1.0000901 seconds
[287.617s][info ][safepoint      ] Entering safepoint region: Cleanup
[287.617s][info ][safepoint      ] Leaving safepoint region
[287.617s][info ][safepoint      ] Total time for which application threads were stopped: 0.0000887 seconds, Stopping threads took: 0.0000185 seconds
[288.617s][info ][safepoint      ] Application time: 1.0000466 seconds
[288.617s][info ][safepoint      ] Entering safepoint region: Cleanup
[288.618s][info ][safepoint      ] Leaving safepoint region
[288.618s][info ][safepoint      ] Total time for which application threads were stopped: 0.0000895 seconds, Stopping threads took: 0.0000188 seconds
[289.618s][info ][safepoint      ] Application time: 1.0001104 seconds
[289.618s][info ][safepoint      ] Entering safepoint region: Cleanup
[289.618s][info ][safepoint      ] Leaving safepoint region
[289.618s][info ][safepoint      ] Total time for which application threads were stopped: 0.0000821 seconds, Stopping threads took: 0.0000164 seconds
[290.618s][info ][safepoint      ] Application time: 1.0000783 seconds
[290.618s][info ][safepoint      ] Entering safepoint region: Cleanup
[290.618s][info ][safepoint      ] Leaving safepoint region
[290.618s][info ][safepoint      ] Total time for which application threads were stopped: 0.0000855 seconds, Stopping threads took: 0.0000182 seconds
[292.618s][info ][safepoint      ] Application time: 2.0001871 seconds
[292.618s][info ][safepoint      ] Entering safepoint region: Cleanup
[292.618s][info ][safepoint      ] Leaving safepoint region
[292.618s][info ][safepoint      ] Total time for which application threads were stopped: 0.0001242 seconds, Stopping threads took: 0.0000275 seconds
[294.619s][info ][safepoint      ] Application time: 2.0001542 seconds
[294.619s][info ][safepoint      ] Entering safepoint region: Cleanup
[294.619s][info ][safepoint      ] Leaving safepoint region
[294.619s][info ][safepoint      ] Total time for which application threads were stopped: 0.0000989 seconds, Stopping threads took: 0.0000213 seconds
[295.619s][info ][safepoint      ] Application time: 1.0003537 seconds
[295.619s][info ][safepoint      ] Entering safepoint region: Cleanup
[295.619s][info ][safepoint      ] Leaving safepoint region
[295.619s][info ][safepoint      ] Total time for which application threads were stopped: 0.0001827 seconds, Stopping threads took: 0.0000279 seconds
[297.619s][info ][safepoint      ] Application time: 2.0001331 seconds
[297.619s][info ][safepoint      ] Entering safepoint region: Cleanup
[297.620s][info ][safepoint      ] Leaving safepoint region
[297.620s][info ][safepoint      ] Total time for which application threads were stopped: 0.0001005 seconds, Stopping threads took: 0.0000220 seconds
[298.620s][info ][safepoint      ] Application time: 1.0000460 seconds
[298.620s][info ][safepoint      ] Entering safepoint region: Cleanup
[298.620s][info ][safepoint      ] Leaving safepoint region
[298.620s][info ][safepoint      ] Total time for which application threads were stopped: 0.0000879 seconds, Stopping threads took: 0.0000187 seconds
[299.620s][info ][safepoint      ] Application time: 1.0000699 seconds
[299.620s][info ][safepoint      ] Entering safepoint region: Cleanup
[299.620s][info ][safepoint      ] Leaving safepoint region
[299.620s][info ][safepoint      ] Total time for which application threads were stopped: 0.0000890 seconds, Stopping threads took: 0.0000181 seconds
[300.620s][info ][safepoint      ] Application time: 1.0000834 seconds
[300.620s][info ][safepoint      ] Entering safepoint region: Cleanup
[300.620s][info ][safepoint      ] Leaving safepoint region
[300.620s][info ][safepoint      ] Total time for which application threads were stopped: 0.0001383 seconds, Stopping threads took: 0.0000686 seconds
[306.621s][info ][safepoint      ] Application time: 6.0005712 seconds
[306.621s][info ][safepoint      ] Entering safepoint region: Cleanup
[306.621s][info ][safepoint      ] Leaving safepoint region
[306.621s][info ][safepoint      ] Total time for which application threads were stopped: 0.0003037 seconds, Stopping threads took: 0.0000832 seconds
[308.621s][info ][safepoint      ] Application time: 2.0002248 seconds
[308.621s][info ][safepoint      ] Entering safepoint region: Cleanup
[308.622s][info ][safepoint      ] Leaving safepoint region
[308.622s][info ][safepoint      ] Total time for which application threads were stopped: 0.0000843 seconds, Stopping threads took: 0.0000166 seconds
[310.622s][info ][safepoint      ] Application time: 2.0001859 seconds
[310.622s][info ][safepoint      ] Entering safepoint region: Cleanup
[310.622s][info ][safepoint      ] Leaving safepoint region
[310.622s][info ][safepoint      ] Total time for which application threads were stopped: 0.0001021 seconds, Stopping threads took: 0.0000326 seconds
[311.622s][info ][safepoint      ] Application time: 1.0001268 seconds
[311.622s][info ][safepoint      ] Entering safepoint region: Cleanup
[311.622s][info ][safepoint      ] Leaving safepoint region
[311.622s][info ][safepoint      ] Total time for which application threads were stopped: 0.0000928 seconds, Stopping threads took: 0.0000200 seconds
[314.622s][info ][safepoint      ] Application time: 3.0002031 seconds
[314.622s][info ][safepoint      ] Entering safepoint region: Cleanup
[314.622s][info ][safepoint      ] Leaving safepoint region
[314.622s][info ][safepoint      ] Total time for which application threads were stopped: 0.0000873 seconds, Stopping threads took: 0.0000186 seconds
[316.623s][info ][safepoint      ] Application time: 2.0001191 seconds
[316.623s][info ][safepoint      ] Entering safepoint region: Cleanup
[316.623s][info ][safepoint      ] Leaving safepoint region
[316.623s][info ][safepoint      ] Total time for which application threads were stopped: 0.0001226 seconds, Stopping threads took: 0.0000212 seconds
[317.996s][info ][safepoint      ] Application time: 1.3731808 seconds
[317.996s][info ][safepoint      ] Entering safepoint region: ParallelGCFailedAllocation
[317.996s][info ][gc,start       ] GC(57) Pause Young (Allocation Failure)
[318.014s][debug][gc,phases      ] GC(57) Scavenge 18.269ms
[318.014s][debug][gc,ref         ] GC(57) Skipped phase1 of Reference Processing due to unavailable references
[318.015s][debug][gc,ref         ] GC(57) Skipped phase3 of Reference Processing due to unavailable references
[318.015s][debug][gc,phases      ] GC(57) Reference Processing 0.077ms
[318.015s][debug][gc,phases      ] GC(57) Weak Processing 0.134ms
[318.015s][debug][gc,phases      ] GC(57) Scrub String Table 0.688ms
[318.015s][debug][gc,age         ] GC(57) Desired survivor size 167247872 bytes, new threshold 15 (max threshold 15)
[318.015s][info ][gc,heap        ] GC(57) PSYoungGen: 1849312K->89952K(1924608K)
[318.015s][info ][gc,heap        ] GC(57) ParOldGen: 198772K->201409K(219648K)
[318.015s][info ][gc,metaspace   ] GC(57) Metaspace: 63723K->63723K(1107968K)
[318.015s][info ][gc             ] GC(57) Pause Young (Allocation Failure) 2000M->284M(2094M) 19.342ms
[318.015s][info ][gc,cpu         ] GC(57) User=0.07s Sys=0.00s Real=0.02s
[318.016s][info ][safepoint      ] Leaving safepoint region
[318.016s][info ][safepoint      ] Total time for which application threads were stopped: 0.0195469 seconds, Stopping threads took: 0.0000186 seconds
[323.359s][info ][safepoint      ] Application time: 5.3437776 seconds
[323.359s][info ][safepoint      ] Entering safepoint region: RevokeBias
[323.359s][info ][safepoint      ] Leaving safepoint region
[323.359s][info ][safepoint      ] Total time for which application threads were stopped: 0.0000843 seconds, Stopping threads took: 0.0000163 seconds
[327.360s][info ][safepoint      ] Application time: 4.0004001 seconds
[327.360s][info ][safepoint      ] Entering safepoint region: Cleanup
[327.360s][info ][safepoint      ] Leaving safepoint region
[327.360s][info ][safepoint      ] Total time for which application threads were stopped: 0.0000833 seconds, Stopping threads took: 0.0000171 seconds
[328.360s][info ][safepoint      ] Application time: 1.0001072 seconds
[328.360s][info ][safepoint      ] Entering safepoint region: Cleanup
[328.360s][info ][safepoint      ] Leaving safepoint region
[328.360s][info ][safepoint      ] Total time for which application threads were stopped: 0.0001193 seconds, Stopping threads took: 0.0000515 seconds
[330.360s][info ][safepoint      ] Application time: 2.0001575 seconds
[330.360s][info ][safepoint      ] Entering safepoint region: Cleanup
[330.361s][info ][safepoint      ] Leaving safepoint region
[330.361s][info ][safepoint      ] Total time for which application threads were stopped: 0.0001343 seconds, Stopping threads took: 0.0000163 seconds
[331.361s][info ][safepoint      ] Application time: 1.0000874 seconds
[331.361s][info ][safepoint      ] Entering safepoint region: Cleanup
[331.361s][info ][safepoint      ] Leaving safepoint region
[331.361s][info ][safepoint      ] Total time for which application threads were stopped: 0.0001060 seconds, Stopping threads took: 0.0000170 seconds
[332.361s][info ][safepoint      ] Application time: 1.0000791 seconds
[332.361s][info ][safepoint      ] Entering safepoint region: Cleanup
[332.361s][info ][safepoint      ] Leaving safepoint region
[332.361s][info ][safepoint      ] Total time for which application threads were stopped: 0.0000898 seconds, Stopping threads took: 0.0000170 seconds
[333.361s][info ][safepoint      ] Application time: 1.0001160 seconds
[333.361s][info ][safepoint      ] Entering safepoint region: Cleanup
[333.361s][info ][safepoint      ] Leaving safepoint region
[333.361s][info ][safepoint      ] Total time for which application threads were stopped: 0.0000989 seconds, Stopping threads took: 0.0000171 seconds
[337.362s][info ][safepoint      ] Application time: 4.0003892 seconds
[337.362s][info ][safepoint      ] Entering safepoint region: Cleanup
[337.362s][info ][safepoint      ] Leaving safepoint region
[337.362s][info ][safepoint      ] Total time for which application threads were stopped: 0.0001220 seconds, Stopping threads took: 0.0000485 seconds
[340.362s][info ][safepoint      ] Application time: 3.0003202 seconds
[340.362s][info ][safepoint      ] Entering safepoint region: Cleanup
[340.362s][info ][safepoint      ] Leaving safepoint region
[340.362s][info ][safepoint      ] Total time for which application threads were stopped: 0.0002502 seconds, Stopping threads took: 0.0000776 seconds
[341.363s][info ][safepoint      ] Application time: 1.0001172 seconds
[341.363s][info ][safepoint      ] Entering safepoint region: Cleanup
[341.363s][info ][safepoint      ] Leaving safepoint region
[341.363s][info ][safepoint      ] Total time for which application threads were stopped: 0.0000901 seconds, Stopping threads took: 0.0000171 seconds
[342.363s][info ][safepoint      ] Application time: 1.0000464 seconds
[342.363s][info ][safepoint      ] Entering safepoint region: Cleanup
[342.363s][info ][safepoint      ] Leaving safepoint region
[342.363s][info ][safepoint      ] Total time for which application threads were stopped: 0.0000966 seconds, Stopping threads took: 0.0000167 seconds
[343.363s][info ][safepoint      ] Application time: 1.0000771 seconds
[343.363s][info ][safepoint      ] Entering safepoint region: Cleanup
[343.363s][info ][safepoint      ] Leaving safepoint region
[343.363s][info ][safepoint      ] Total time for which application threads were stopped: 0.0000995 seconds, Stopping threads took: 0.0000169 seconds
[344.363s][info ][safepoint      ] Application time: 1.0001147 seconds
[344.363s][info ][safepoint      ] Entering safepoint region: Cleanup
[344.363s][info ][safepoint      ] Leaving safepoint region
[344.363s][info ][safepoint      ] Total time for which application threads were stopped: 0.0001237 seconds, Stopping threads took: 0.0000544 seconds
[345.363s][info ][safepoint      ] Application time: 1.0000320 seconds
[345.363s][info ][safepoint      ] Entering safepoint region: Cleanup
[345.363s][info ][safepoint      ] Leaving safepoint region
[345.363s][info ][safepoint      ] Total time for which application threads were stopped: 0.0001065 seconds, Stopping threads took: 0.0000165 seconds
[346.364s][info ][safepoint      ] Application time: 1.0001065 seconds
[346.364s][info ][safepoint      ] Entering safepoint region: Cleanup
[346.364s][info ][safepoint      ] Leaving safepoint region
[346.364s][info ][safepoint      ] Total time for which application threads were stopped: 0.0000894 seconds, Stopping threads took: 0.0000179 seconds
[347.351s][info ][safepoint      ] Application time: 0.9875400 seconds
[347.351s][info ][safepoint      ] Entering safepoint region: ParallelGCFailedAllocation
[347.351s][info ][gc,start       ] GC(58) Pause Young (Allocation Failure)
[347.381s][debug][gc,phases      ] GC(58) Scavenge 29.561ms
[347.381s][debug][gc,ref         ] GC(58) Skipped phase1 of Reference Processing due to unavailable references
[347.381s][debug][gc,ref         ] GC(58) Skipped phase3 of Reference Processing due to unavailable references
[347.381s][debug][gc,phases      ] GC(58) Reference Processing 0.078ms
[347.381s][debug][gc,phases      ] GC(58) Weak Processing 0.176ms
[347.382s][debug][gc,phases      ] GC(58) Scrub String Table 0.723ms
[347.382s][debug][gc,age         ] GC(58) Desired survivor size 160432128 bytes, new threshold 15 (max threshold 15)
[347.382s][info ][gc,heap        ] GC(58) PSYoungGen: 1846112K->71344K(1940480K)
[347.382s][info ][gc,heap        ] GC(58) ParOldGen: 201409K->220349K(221184K)
[347.382s][info ][gc,metaspace   ] GC(58) Metaspace: 63752K->63752K(1107968K)
[347.382s][info ][gc             ] GC(58) Pause Young (Allocation Failure) 1999M->284M(2111M) 30.727ms
[347.382s][info ][gc,cpu         ] GC(58) User=0.06s Sys=0.02s Real=0.03s
[347.382s][debug][gc,phases      ] GC(59) Pre Compact 0.020ms
[347.382s][info ][gc,start       ] GC(59) Pause Full (Ergonomics)
[347.382s][info ][gc,phases,start] GC(59) Marking Phase
[347.559s][debug][gc,phases      ] GC(59) Par Mark 176.124ms
[347.559s][debug][gc,ref         ] GC(59) Skipped phase1 of Reference Processing due to unavailable references
[347.560s][debug][gc,ref         ] GC(59) Skipped phase3 of Reference Processing due to unavailable references
[347.560s][debug][gc,phases      ] GC(59) Reference Processing 0.505ms
[347.560s][debug][gc,phases      ] GC(59) Weak Processing 0.143ms
[347.561s][debug][gc,phases      ] GC(59) ClassLoaderData 0.871ms
[347.561s][debug][gc,phases      ] GC(59) ProtectionDomainCacheTable 0.007ms
[347.561s][debug][gc,phases      ] GC(59) ResolvedMethodTable 0.240ms
[347.575s][debug][gc,phases      ] GC(59) Class Unloading 14.942ms
[347.575s][debug][gc,phases      ] GC(59) Scrub String Table 0.462ms
[347.582s][debug][gc,phases      ] GC(59) Scrub Symbol Table 7.340ms
[347.583s][info ][gc,phases      ] GC(59) Marking Phase 200.167ms
[347.583s][info ][gc,phases,start] GC(59) Summary Phase
[347.583s][info ][gc,phases      ] GC(59) Summary Phase 0.014ms
[347.583s][info ][gc,phases,start] GC(59) Adjust Roots
[347.620s][info ][gc,phases      ] GC(59) Adjust Roots 37.766ms
[347.620s][info ][gc,phases,start] GC(59) Compaction Phase
[348.290s][info ][gc,phases      ] GC(59) Compaction Phase 669.181ms
[348.290s][info ][gc,phases,start] GC(59) Post Compact
[348.292s][info ][gc,phases      ] GC(59) Post Compact 2.245ms
[348.292s][info ][gc,heap        ] GC(59) PSYoungGen: 71344K->68418K(1940480K)
[348.292s][info ][gc,heap        ] GC(59) ParOldGen: 220349K->215494K(283136K)
[348.292s][info ][gc,metaspace   ] GC(59) Metaspace: 63752K->63752K(1107968K)
[348.292s][info ][gc             ] GC(59) Pause Full (Ergonomics) 284M->277M(2171M) 909.761ms
[348.292s][info ][gc,cpu         ] GC(59) User=3.28s Sys=0.09s Real=0.91s
[348.292s][info ][safepoint      ] Leaving safepoint region
[348.292s][info ][safepoint      ] Total time for which application threads were stopped: 0.9408692 seconds, Stopping threads took: 0.0000173 seconds
[349.292s][info ][safepoint      ] Application time: 1.0001081 seconds
[349.292s][info ][safepoint      ] Entering safepoint region: Cleanup
[349.292s][info ][safepoint      ] Leaving safepoint region
[349.292s][info ][safepoint      ] Total time for which application threads were stopped: 0.0001189 seconds, Stopping threads took: 0.0000197 seconds
[351.293s][info ][safepoint      ] Application time: 2.0001342 seconds
[351.293s][info ][safepoint      ] Entering safepoint region: Cleanup
[351.293s][info ][safepoint      ] Leaving safepoint region
[351.293s][info ][safepoint      ] Total time for which application threads were stopped: 0.0001301 seconds, Stopping threads took: 0.0000478 seconds
[354.293s][info ][safepoint      ] Application time: 3.0002456 seconds
[354.293s][info ][safepoint      ] Entering safepoint region: Cleanup
[354.293s][info ][safepoint      ] Leaving safepoint region
[354.293s][info ][safepoint      ] Total time for which application threads were stopped: 0.0001647 seconds, Stopping threads took: 0.0000665 seconds
[355.293s][info ][safepoint      ] Application time: 1.0000980 seconds
[355.293s][info ][safepoint      ] Entering safepoint region: Cleanup
[355.294s][info ][safepoint      ] Leaving safepoint region
[355.294s][info ][safepoint      ] Total time for which application threads were stopped: 0.0001558 seconds, Stopping threads took: 0.0000750 seconds
[356.294s][info ][safepoint      ] Application time: 1.0000950 seconds
[356.296s][info ][safepoint      ] Entering safepoint region: Cleanup
[356.296s][info ][safepoint      ] Leaving safepoint region
[356.296s][info ][safepoint      ] Total time for which application threads were stopped: 0.0022671 seconds, Stopping threads took: 0.0021832 seconds
[357.296s][info ][safepoint      ] Application time: 1.0001174 seconds
[357.296s][info ][safepoint      ] Entering safepoint region: Cleanup
[357.296s][info ][safepoint      ] Leaving safepoint region
[357.296s][info ][safepoint      ] Total time for which application threads were stopped: 0.0001398 seconds, Stopping threads took: 0.0000408 seconds
[359.296s][info ][safepoint      ] Application time: 2.0002385 seconds
[359.297s][info ][safepoint      ] Entering safepoint region: Cleanup
[359.297s][info ][safepoint      ] Leaving safepoint region
[359.297s][info ][safepoint      ] Total time for which application threads were stopped: 0.0001495 seconds, Stopping threads took: 0.0000680 seconds
[361.264s][info ][safepoint      ] Application time: 1.9672676 seconds
[361.264s][info ][safepoint      ] Entering safepoint region: Deoptimize
[361.266s][info ][safepoint      ] Leaving safepoint region
[361.266s][info ][safepoint      ] Total time for which application threads were stopped: 0.0018464 seconds, Stopping threads took: 0.0000305 seconds
[362.266s][info ][safepoint      ] Application time: 1.0000995 seconds
[362.266s][info ][safepoint      ] Entering safepoint region: Cleanup
[362.266s][info ][safepoint      ] Leaving safepoint region
[362.266s][info ][safepoint      ] Total time for which application threads were stopped: 0.0004188 seconds, Stopping threads took: 0.0000756 seconds
[363.267s][info ][safepoint      ] Application time: 1.0000878 seconds
[363.267s][info ][safepoint      ] Entering safepoint region: Cleanup
[363.267s][info ][safepoint      ] Leaving safepoint region
[363.267s][info ][safepoint      ] Total time for which application threads were stopped: 0.0000969 seconds, Stopping threads took: 0.0000158 seconds
[364.267s][info ][safepoint      ] Application time: 1.0001180 seconds
[364.267s][info ][safepoint      ] Entering safepoint region: Cleanup
[364.267s][info ][safepoint      ] Leaving safepoint region
[364.267s][info ][safepoint      ] Total time for which application threads were stopped: 0.0000879 seconds, Stopping threads took: 0.0000168 seconds
[365.267s][info ][safepoint      ] Application time: 1.0001153 seconds
[365.267s][info ][safepoint      ] Entering safepoint region: Cleanup
[365.267s][info ][safepoint      ] Leaving safepoint region
[365.267s][info ][safepoint      ] Total time for which application threads were stopped: 0.0000805 seconds, Stopping threads took: 0.0000163 seconds
[366.267s][info ][safepoint      ] Application time: 1.0001138 seconds
[366.267s][info ][safepoint      ] Entering safepoint region: Cleanup
[366.267s][info ][safepoint      ] Leaving safepoint region
[366.267s][info ][safepoint      ] Total time for which application threads were stopped: 0.0000887 seconds, Stopping threads took: 0.0000162 seconds
[367.267s][info ][safepoint      ] Application time: 1.0001081 seconds
[367.268s][info ][safepoint      ] Entering safepoint region: Cleanup
[367.268s][info ][safepoint      ] Leaving safepoint region
[367.268s][info ][safepoint      ] Total time for which application threads were stopped: 0.0001086 seconds, Stopping threads took: 0.0000176 seconds
[368.268s][info ][safepoint      ] Application time: 1.0000580 seconds
[368.268s][info ][safepoint      ] Entering safepoint region: Cleanup
[368.268s][info ][safepoint      ] Leaving safepoint region
[368.268s][info ][safepoint      ] Total time for which application threads were stopped: 0.0001747 seconds, Stopping threads took: 0.0000869 seconds
[369.268s][info ][safepoint      ] Application time: 1.0001197 seconds
[369.268s][info ][safepoint      ] Entering safepoint region: Cleanup
[369.268s][info ][safepoint      ] Leaving safepoint region
[369.268s][info ][safepoint      ] Total time for which application threads were stopped: 0.0000877 seconds, Stopping threads took: 0.0000171 seconds
[370.268s][info ][safepoint      ] Application time: 1.0000812 seconds
[370.268s][info ][safepoint      ] Entering safepoint region: Cleanup
[370.268s][info ][safepoint      ] Leaving safepoint region
[370.268s][info ][safepoint      ] Total time for which application threads were stopped: 0.0001008 seconds, Stopping threads took: 0.0000173 seconds
[371.268s][info ][safepoint      ] Application time: 1.0001059 seconds
[371.269s][info ][safepoint      ] Entering safepoint region: Cleanup
[371.269s][info ][safepoint      ] Leaving safepoint region
[371.269s][info ][safepoint      ] Total time for which application threads were stopped: 0.0001009 seconds, Stopping threads took: 0.0000165 seconds
[373.269s][info ][safepoint      ] Application time: 2.0001948 seconds
[373.269s][info ][safepoint      ] Entering safepoint region: Cleanup
[373.269s][info ][safepoint      ] Leaving safepoint region
[373.269s][info ][safepoint      ] Total time for which application threads were stopped: 0.0001089 seconds, Stopping threads took: 0.0000376 seconds
[374.545s][info ][safepoint      ] Application time: 1.2761332 seconds
[374.545s][info ][safepoint      ] Entering safepoint region: ParallelGCFailedAllocation
[374.545s][info ][gc,start       ] GC(60) Pause Young (Allocation Failure)
[374.593s][debug][gc,phases      ] GC(60) Scavenge 47.681ms
[374.593s][debug][gc,ref         ] GC(60) Skipped phase1 of Reference Processing due to unavailable references
[374.593s][debug][gc,ref         ] GC(60) Skipped phase3 of Reference Processing due to unavailable references
[374.593s][debug][gc,phases      ] GC(60) Reference Processing 0.055ms
[374.594s][debug][gc,phases      ] GC(60) Weak Processing 0.772ms
[374.595s][debug][gc,phases      ] GC(60) Scrub String Table 0.786ms
[374.595s][debug][gc,age         ] GC(60) Desired survivor size 157810688 bytes, new threshold 15 (max threshold 15)
[374.595s][info ][gc,heap        ] GC(60) PSYoungGen: 1845570K->51776K(1933824K)
[374.595s][info ][gc,heap        ] GC(60) ParOldGen: 215494K->232600K(283136K)
[374.595s][info ][gc,metaspace   ] GC(60) Metaspace: 63842K->63842K(1107968K)
[374.595s][info ][gc             ] GC(60) Pause Young (Allocation Failure) 2012M->277M(2165M) 49.497ms
[374.595s][info ][gc,cpu         ] GC(60) User=0.17s Sys=0.01s Real=0.04s
[374.595s][info ][safepoint      ] Leaving safepoint region
[374.595s][info ][safepoint      ] Total time for which application threads were stopped: 0.0497342 seconds, Stopping threads took: 0.0000365 seconds
[375.595s][info ][safepoint      ] Application time: 1.0001137 seconds
[375.595s][info ][safepoint      ] Entering safepoint region: Cleanup
[375.595s][info ][safepoint      ] Leaving safepoint region
[375.595s][info ][safepoint      ] Total time for which application threads were stopped: 0.0001224 seconds, Stopping threads took: 0.0000406 seconds
[375.985s][info ][safepoint      ] Application time: 0.3894803 seconds
[375.985s][info ][safepoint      ] Entering safepoint region: RevokeBias
[375.985s][info ][safepoint      ] Leaving safepoint region
[375.985s][info ][safepoint      ] Total time for which application threads were stopped: 0.0000851 seconds, Stopping threads took: 0.0000187 seconds
[376.985s][info ][safepoint      ] Application time: 1.0001245 seconds
[376.985s][info ][safepoint      ] Entering safepoint region: Cleanup
[376.985s][info ][safepoint      ] Leaving safepoint region
[376.985s][info ][safepoint      ] Total time for which application threads were stopped: 0.0001308 seconds, Stopping threads took: 0.0000181 seconds
[377.985s][info ][safepoint      ] Application time: 1.0001211 seconds
[377.985s][info ][safepoint      ] Entering safepoint region: Cleanup
[377.985s][info ][safepoint      ] Leaving safepoint region
[377.985s][info ][safepoint      ] Total time for which application threads were stopped: 0.0000997 seconds, Stopping threads took: 0.0000202 seconds
[379.986s][info ][safepoint      ] Application time: 2.0001938 seconds
[379.986s][info ][safepoint      ] Entering safepoint region: Cleanup
[379.986s][info ][safepoint      ] Leaving safepoint region
[379.986s][info ][safepoint      ] Total time for which application threads were stopped: 0.0000868 seconds, Stopping threads took: 0.0000187 seconds
[380.986s][info ][safepoint      ] Application time: 1.0000480 seconds
[380.986s][info ][safepoint      ] Entering safepoint region: Cleanup
[380.986s][info ][safepoint      ] Leaving safepoint region
[380.986s][info ][safepoint      ] Total time for which application threads were stopped: 0.0001043 seconds, Stopping threads took: 0.0000175 seconds
[381.986s][info ][safepoint      ] Application time: 1.0000947 seconds
[381.986s][info ][safepoint      ] Entering safepoint region: Cleanup
[381.986s][info ][safepoint      ] Leaving safepoint region
[381.986s][info ][safepoint      ] Total time for which application threads were stopped: 0.0000872 seconds, Stopping threads took: 0.0000188 seconds
[382.986s][info ][safepoint      ] Application time: 1.0001326 seconds
[382.986s][info ][safepoint      ] Entering safepoint region: Cleanup
[382.987s][info ][safepoint      ] Leaving safepoint region
[382.987s][info ][safepoint      ] Total time for which application threads were stopped: 0.0002228 seconds, Stopping threads took: 0.0000584 seconds
[383.359s][info ][safepoint      ] Application time: 0.3728149 seconds
[383.359s][info ][safepoint      ] Entering safepoint region: RevokeBias
[383.359s][info ][safepoint      ] Leaving safepoint region
[383.360s][info ][safepoint      ] Total time for which application threads were stopped: 0.0000875 seconds, Stopping threads took: 0.0000165 seconds
[385.360s][info ][safepoint      ] Application time: 2.0002406 seconds
[385.360s][info ][safepoint      ] Entering safepoint region: Cleanup
[385.360s][info ][safepoint      ] Leaving safepoint region
[385.360s][info ][safepoint      ] Total time for which application threads were stopped: 0.0001970 seconds, Stopping threads took: 0.0000769 seconds
[386.362s][info ][safepoint      ] Application time: 1.0016957 seconds
[386.362s][info ][safepoint      ] Entering safepoint region: Cleanup
[386.362s][info ][safepoint      ] Leaving safepoint region
[386.362s][info ][safepoint      ] Total time for which application threads were stopped: 0.0000974 seconds, Stopping threads took: 0.0000205 seconds
[387.362s][info ][safepoint      ] Application time: 1.0001251 seconds
[387.362s][info ][safepoint      ] Entering safepoint region: Cleanup
[387.362s][info ][safepoint      ] Leaving safepoint region
[387.362s][info ][safepoint      ] Total time for which application threads were stopped: 0.0001231 seconds, Stopping threads took: 0.0000219 seconds
[388.362s][info ][safepoint      ] Application time: 1.0001701 seconds
[388.362s][info ][safepoint      ] Entering safepoint region: Cleanup
[388.362s][info ][safepoint      ] Leaving safepoint region
[388.362s][info ][safepoint      ] Total time for which application threads were stopped: 0.0001087 seconds, Stopping threads took: 0.0000226 seconds
[388.721s][info ][safepoint      ] Application time: 0.3584377 seconds
[388.721s][info ][safepoint      ] Entering safepoint region: RevokeBias
[388.721s][info ][safepoint      ] Leaving safepoint region
[388.721s][info ][safepoint      ] Total time for which application threads were stopped: 0.0001040 seconds, Stopping threads took: 0.0000129 seconds
[389.721s][info ][safepoint      ] Application time: 1.0000846 seconds
[389.721s][info ][safepoint      ] Entering safepoint region: Cleanup
[389.722s][info ][safepoint      ] Leaving safepoint region
[389.722s][info ][safepoint      ] Total time for which application threads were stopped: 0.0004043 seconds, Stopping threads took: 0.0000184 seconds
[390.722s][info ][safepoint      ] Application time: 1.0000875 seconds
[390.722s][info ][safepoint      ] Entering safepoint region: Cleanup
[390.722s][info ][safepoint      ] Leaving safepoint region
[390.722s][info ][safepoint      ] Total time for which application threads were stopped: 0.0000861 seconds, Stopping threads took: 0.0000178 seconds
[392.722s][info ][safepoint      ] Application time: 2.0001603 seconds
[392.722s][info ][safepoint      ] Entering safepoint region: Cleanup
[392.722s][info ][safepoint      ] Leaving safepoint region
[392.722s][info ][safepoint      ] Total time for which application threads were stopped: 0.0002111 seconds, Stopping threads took: 0.0000215 seconds
[393.722s][info ][safepoint      ] Application time: 1.0000977 seconds
[393.722s][info ][safepoint      ] Entering safepoint region: Cleanup
[393.723s][info ][safepoint      ] Leaving safepoint region
[393.723s][info ][safepoint      ] Total time for which application threads were stopped: 0.0000832 seconds, Stopping threads took: 0.0000176 seconds
[394.723s][info ][safepoint      ] Application time: 1.0001108 seconds
[394.723s][info ][safepoint      ] Entering safepoint region: Cleanup
[394.723s][info ][safepoint      ] Leaving safepoint region
[394.723s][info ][safepoint      ] Total time for which application threads were stopped: 0.0000941 seconds, Stopping threads took: 0.0000201 seconds
[395.723s][info ][safepoint      ] Application time: 1.0000808 seconds
[395.723s][info ][safepoint      ] Entering safepoint region: Cleanup
[395.723s][info ][safepoint      ] Leaving safepoint region
[395.723s][info ][safepoint      ] Total time for which application threads were stopped: 0.0000867 seconds, Stopping threads took: 0.0000192 seconds
[396.723s][info ][safepoint      ] Application time: 1.0000791 seconds
[396.723s][info ][safepoint      ] Entering safepoint region: Cleanup
[396.723s][info ][safepoint      ] Leaving safepoint region
[396.723s][info ][safepoint      ] Total time for which application threads were stopped: 0.0000888 seconds, Stopping threads took: 0.0000185 seconds
[399.724s][info ][safepoint      ] Application time: 3.0003715 seconds
[399.724s][info ][safepoint      ] Entering safepoint region: Cleanup
[399.724s][info ][safepoint      ] Leaving safepoint region
[399.724s][info ][safepoint      ] Total time for which application threads were stopped: 0.0002510 seconds, Stopping threads took: 0.0000823 seconds
[401.296s][info ][safepoint      ] Application time: 1.5719487 seconds
[401.296s][info ][safepoint      ] Entering safepoint region: ParallelGCFailedAllocation
[401.296s][info ][gc,start       ] GC(61) Pause Young (Allocation Failure)
[401.315s][debug][gc,phases      ] GC(61) Scavenge 19.236ms
[401.315s][debug][gc,ref         ] GC(61) Skipped phase1 of Reference Processing due to unavailable references
[401.315s][debug][gc,ref         ] GC(61) Skipped phase3 of Reference Processing due to unavailable references
[401.315s][debug][gc,phases      ] GC(61) Reference Processing 0.049ms
[401.316s][debug][gc,phases      ] GC(61) Weak Processing 0.186ms
[401.317s][debug][gc,phases      ] GC(61) Scrub String Table 0.867ms
[401.317s][debug][gc,age         ] GC(61) Desired survivor size 154140672 bytes, new threshold 15 (max threshold 15)
[401.317s][info ][gc,heap        ] GC(61) PSYoungGen: 1828928K->52368K(1946624K)
[401.317s][info ][gc,heap        ] GC(61) ParOldGen: 232600K->233032K(283136K)
[401.317s][info ][gc,metaspace   ] GC(61) Metaspace: 63854K->63854K(1107968K)
[401.317s][info ][gc             ] GC(61) Pause Young (Allocation Failure) 2013M->278M(2177M) 20.539ms
[401.317s][info ][gc,cpu         ] GC(61) User=0.04s Sys=0.02s Real=0.02s
[401.317s][info ][safepoint      ] Leaving safepoint region
[401.317s][info ][safepoint      ] Total time for which application threads were stopped: 0.0207702 seconds, Stopping threads took: 0.0000183 seconds
[404.319s][info ][safepoint      ] Application time: 3.0023906 seconds
[404.319s][info ][safepoint      ] Entering safepoint region: Cleanup
[404.319s][info ][safepoint      ] Leaving safepoint region
[404.319s][info ][safepoint      ] Total time for which application threads were stopped: 0.0000992 seconds, Stopping threads took: 0.0000195 seconds
[405.319s][info ][safepoint      ] Application time: 1.0000886 seconds
[405.319s][info ][safepoint      ] Entering safepoint region: Cleanup
[405.319s][info ][safepoint      ] Leaving safepoint region
[405.319s][info ][safepoint      ] Total time for which application threads were stopped: 0.0001012 seconds, Stopping threads took: 0.0000217 seconds
[409.320s][info ][safepoint      ] Application time: 4.0009141 seconds
[409.320s][info ][safepoint      ] Entering safepoint region: Cleanup
[409.321s][info ][safepoint      ] Leaving safepoint region
[409.321s][info ][safepoint      ] Total time for which application threads were stopped: 0.0001410 seconds, Stopping threads took: 0.0000575 seconds
[411.321s][info ][safepoint      ] Application time: 2.0003384 seconds
[411.321s][info ][safepoint      ] Entering safepoint region: Cleanup
[411.321s][info ][safepoint      ] Leaving safepoint region
[411.321s][info ][safepoint      ] Total time for which application threads were stopped: 0.0002118 seconds, Stopping threads took: 0.0000714 seconds
[415.322s][info ][safepoint      ] Application time: 4.0003883 seconds
[415.322s][info ][safepoint      ] Entering safepoint region: Cleanup
[415.322s][info ][safepoint      ] Leaving safepoint region
[415.322s][info ][safepoint      ] Total time for which application threads were stopped: 0.0001814 seconds, Stopping threads took: 0.0000785 seconds
[416.322s][info ][safepoint      ] Application time: 1.0000894 seconds
[416.322s][info ][safepoint      ] Entering safepoint region: Cleanup
[416.322s][info ][safepoint      ] Leaving safepoint region
[416.322s][info ][safepoint      ] Total time for which application threads were stopped: 0.0000897 seconds, Stopping threads took: 0.0000211 seconds
[421.322s][info ][safepoint      ] Application time: 5.0004216 seconds
[421.323s][info ][safepoint      ] Entering safepoint region: Cleanup
[421.323s][info ][safepoint      ] Leaving safepoint region
[421.323s][info ][safepoint      ] Total time for which application threads were stopped: 0.0001022 seconds, Stopping threads took: 0.0000343 seconds
[422.323s][info ][safepoint      ] Application time: 1.0001055 seconds
[422.323s][info ][safepoint      ] Entering safepoint region: Cleanup
[422.323s][info ][safepoint      ] Leaving safepoint region
[422.323s][info ][safepoint      ] Total time for which application threads were stopped: 0.0000804 seconds, Stopping threads took: 0.0000161 seconds
[428.945s][info ][safepoint      ] Application time: 6.6217268 seconds
[428.945s][info ][safepoint      ] Entering safepoint region: ParallelGCFailedAllocation
[428.945s][info ][gc,start       ] GC(62) Pause Young (Allocation Failure)
[428.962s][debug][gc,phases      ] GC(62) Scavenge 17.366ms
[428.962s][debug][gc,ref         ] GC(62) Skipped phase1 of Reference Processing due to unavailable references
[428.962s][debug][gc,ref         ] GC(62) Skipped phase3 of Reference Processing due to unavailable references
[428.962s][debug][gc,phases      ] GC(62) Reference Processing 0.055ms
[428.963s][debug][gc,phases      ] GC(62) Weak Processing 0.151ms
[428.963s][debug][gc,phases      ] GC(62) Scrub String Table 0.766ms
[428.963s][debug][gc,age         ] GC(62) Desired survivor size 156237824 bytes, new threshold 15 (max threshold 15)
[428.963s][info ][gc,heap        ] GC(62) PSYoungGen: 1844880K->17072K(1943040K)
[428.963s][info ][gc,heap        ] GC(62) ParOldGen: 233032K->268129K(283136K)
[428.963s][info ][gc,metaspace   ] GC(62) Metaspace: 63866K->63866K(1107968K)
[428.963s][info ][gc             ] GC(62) Pause Young (Allocation Failure) 2029M->278M(2174M) 18.577ms
[428.963s][info ][gc,cpu         ] GC(62) User=0.06s Sys=0.01s Real=0.02s
[428.963s][debug][gc,phases      ] GC(63) Pre Compact 0.020ms
[428.963s][info ][gc,start       ] GC(63) Pause Full (Ergonomics)
[428.963s][info ][gc,phases,start] GC(63) Marking Phase
[429.132s][debug][gc,phases      ] GC(63) Par Mark 168.562ms
[429.133s][debug][gc,ref         ] GC(63) Skipped phase1 of Reference Processing due to unavailable references
[429.133s][debug][gc,ref         ] GC(63) Skipped phase3 of Reference Processing due to unavailable references
[429.133s][debug][gc,phases      ] GC(63) Reference Processing 0.369ms
[429.133s][debug][gc,phases      ] GC(63) Weak Processing 0.235ms
[429.134s][debug][gc,phases      ] GC(63) ClassLoaderData 0.552ms
[429.134s][debug][gc,phases      ] GC(63) ProtectionDomainCacheTable 0.007ms
[429.134s][debug][gc,phases      ] GC(63) ResolvedMethodTable 0.245ms
[429.149s][debug][gc,phases      ] GC(63) Class Unloading 16.300ms
[429.150s][debug][gc,phases      ] GC(63) Scrub String Table 0.481ms
[429.157s][debug][gc,phases      ] GC(63) Scrub Symbol Table 7.465ms
[429.157s][info ][gc,phases      ] GC(63) Marking Phase 194.023ms
[429.157s][info ][gc,phases,start] GC(63) Summary Phase
[429.157s][info ][gc,phases      ] GC(63) Summary Phase 0.029ms
[429.158s][info ][gc,phases,start] GC(63) Adjust Roots
[429.177s][info ][gc,phases      ] GC(63) Adjust Roots 19.360ms
[429.177s][info ][gc,phases,start] GC(63) Compaction Phase
[429.436s][info ][gc,phases      ] GC(63) Compaction Phase 258.881ms
[429.436s][info ][gc,phases,start] GC(63) Post Compact
[429.438s][info ][gc,phases      ] GC(63) Post Compact 2.273ms
[429.438s][info ][gc,heap        ] GC(63) PSYoungGen: 17072K->1617K(1943040K)
[429.438s][info ][gc,heap        ] GC(63) ParOldGen: 268129K->282997K(385536K)
[429.438s][info ][gc,metaspace   ] GC(63) Metaspace: 63866K->63866K(1107968K)
[429.439s][info ][gc             ] GC(63) Pause Full (Ergonomics) 278M->277M(2274M) 475.069ms
[429.439s][info ][gc,cpu         ] GC(63) User=1.69s Sys=0.03s Real=0.48s
[429.439s][info ][safepoint      ] Leaving safepoint region
[429.439s][info ][safepoint      ] Total time for which application threads were stopped: 0.4939775 seconds, Stopping threads took: 0.0000178 seconds
[436.439s][info ][safepoint      ] Application time: 7.0005885 seconds
[436.439s][info ][safepoint      ] Entering safepoint region: Cleanup
[436.439s][info ][safepoint      ] Leaving safepoint region
[436.439s][info ][safepoint      ] Total time for which application threads were stopped: 0.0002000 seconds, Stopping threads took: 0.0000436 seconds
[437.440s][info ][safepoint      ] Application time: 1.0001143 seconds
[437.440s][info ][safepoint      ] Entering safepoint region: Cleanup
[437.440s][info ][safepoint      ] Leaving safepoint region
[437.440s][info ][safepoint      ] Total time for which application threads were stopped: 0.0000837 seconds, Stopping threads took: 0.0000183 seconds
[438.440s][info ][safepoint      ] Application time: 1.0001397 seconds
[438.440s][info ][safepoint      ] Entering safepoint region: Cleanup
[438.440s][info ][safepoint      ] Leaving safepoint region
[438.440s][info ][safepoint      ] Total time for which application threads were stopped: 0.0000834 seconds, Stopping threads took: 0.0000182 seconds
[440.440s][info ][safepoint      ] Application time: 2.0002251 seconds
[440.440s][info ][safepoint      ] Entering safepoint region: Cleanup
[440.440s][info ][safepoint      ] Leaving safepoint region
[440.440s][info ][safepoint      ] Total time for which application threads were stopped: 0.0000893 seconds, Stopping threads took: 0.0000177 seconds
[441.440s][info ][safepoint      ] Application time: 1.0000777 seconds
[441.440s][info ][safepoint      ] Entering safepoint region: Cleanup
[441.441s][info ][safepoint      ] Leaving safepoint region
[441.441s][info ][safepoint      ] Total time for which application threads were stopped: 0.0000845 seconds, Stopping threads took: 0.0000182 seconds
[442.441s][info ][safepoint      ] Application time: 1.0001068 seconds
[442.441s][info ][safepoint      ] Entering safepoint region: Cleanup
[442.441s][info ][safepoint      ] Leaving safepoint region
[442.441s][info ][safepoint      ] Total time for which application threads were stopped: 0.0000883 seconds, Stopping threads took: 0.0000194 seconds
[444.441s][info ][safepoint      ] Application time: 2.0001438 seconds
[444.441s][info ][safepoint      ] Entering safepoint region: Cleanup
[444.441s][info ][safepoint      ] Leaving safepoint region
[444.441s][info ][safepoint      ] Total time for which application threads were stopped: 0.0000930 seconds, Stopping threads took: 0.0000207 seconds
[448.441s][info ][safepoint      ] Application time: 4.0003941 seconds
[448.441s][info ][safepoint      ] Entering safepoint region: Cleanup
[448.442s][info ][safepoint      ] Leaving safepoint region
[448.442s][info ][safepoint      ] Total time for which application threads were stopped: 0.0000840 seconds, Stopping threads took: 0.0000190 seconds
[448.732s][info ][safepoint      ] Application time: 0.2901223 seconds
[448.732s][info ][safepoint      ] Entering safepoint region: RevokeBias
[448.732s][info ][safepoint      ] Leaving safepoint region
[448.732s][info ][safepoint      ] Total time for which application threads were stopped: 0.0000808 seconds, Stopping threads took: 0.0000171 seconds
[448.736s][info ][safepoint      ] Application time: 0.0039046 seconds
[448.736s][info ][safepoint      ] Entering safepoint region: RevokeBias
[448.736s][info ][safepoint      ] Leaving safepoint region
[448.736s][info ][safepoint      ] Total time for which application threads were stopped: 0.0000459 seconds, Stopping threads took: 0.0000111 seconds
[453.570s][info ][safepoint      ] Application time: 4.8345633 seconds
[453.570s][info ][safepoint      ] Entering safepoint region: RevokeBias
[453.571s][info ][safepoint      ] Leaving safepoint region
[453.571s][info ][safepoint      ] Total time for which application threads were stopped: 0.0001973 seconds, Stopping threads took: 0.0000601 seconds
[454.572s][info ][safepoint      ] Application time: 1.0011845 seconds
[454.572s][info ][safepoint      ] Entering safepoint region: Cleanup
[454.572s][info ][safepoint      ] Leaving safepoint region
[454.572s][info ][safepoint      ] Total time for which application threads were stopped: 0.0000709 seconds, Stopping threads took: 0.0000162 seconds
[456.746s][info ][safepoint      ] Application time: 2.1742918 seconds
[456.746s][info ][safepoint      ] Entering safepoint region: ParallelGCFailedAllocation
[456.746s][info ][gc,start       ] GC(64) Pause Young (Allocation Failure)
[456.788s][debug][gc,phases      ] GC(64) Scavenge 41.687ms
[456.788s][debug][gc,ref         ] GC(64) Skipped phase1 of Reference Processing due to unavailable references
[456.788s][debug][gc,ref         ] GC(64) Skipped phase2 of Reference Processing due to unavailable references
[456.788s][debug][gc,ref         ] GC(64) Skipped phase3 of Reference Processing due to unavailable references
[456.788s][debug][gc,ref         ] GC(64) Skipped phase4 of Reference Processing due to unavailable references
[456.788s][debug][gc,phases      ] GC(64) Reference Processing 0.052ms
[456.788s][debug][gc,phases      ] GC(64) Weak Processing 0.216ms
[456.790s][debug][gc,phases      ] GC(64) Scrub String Table 1.068ms
[456.790s][debug][gc,age         ] GC(64) Desired survivor size 159383552 bytes, new threshold 15 (max threshold 15)
[456.790s][info ][gc,heap        ] GC(64) PSYoungGen: 1794129K->1952K(1938432K)
[456.790s][info ][gc,heap        ] GC(64) ParOldGen: 282997K->283853K(385536K)
[456.790s][info ][gc,metaspace   ] GC(64) Metaspace: 63895K->63895K(1107968K)
[456.790s][info ][gc             ] GC(64) Pause Young (Allocation Failure) 2028M->279M(2269M) 43.188ms
[456.790s][info ][gc,cpu         ] GC(64) User=0.13s Sys=0.04s Real=0.04s
[456.790s][info ][safepoint      ] Leaving safepoint region
[456.790s][info ][safepoint      ] Total time for which application threads were stopped: 0.0434773 seconds, Stopping threads took: 0.0001010 seconds
[465.791s][info ][safepoint      ] Application time: 9.0009662 seconds
[465.791s][info ][safepoint      ] Entering safepoint region: Cleanup
[465.791s][info ][safepoint      ] Leaving safepoint region
[465.791s][info ][safepoint      ] Total time for which application threads were stopped: 0.0001976 seconds, Stopping threads took: 0.0000517 seconds
[472.792s][info ][safepoint      ] Application time: 7.0008609 seconds
[472.792s][info ][safepoint      ] Entering safepoint region: Cleanup
[472.792s][info ][safepoint      ] Leaving safepoint region
[472.792s][info ][safepoint      ] Total time for which application threads were stopped: 0.0001222 seconds, Stopping threads took: 0.0000430 seconds
[473.792s][info ][safepoint      ] Application time: 1.0001270 seconds
[473.792s][info ][safepoint      ] Entering safepoint region: Cleanup
[473.792s][info ][safepoint      ] Leaving safepoint region
[473.792s][info ][safepoint      ] Total time for which application threads were stopped: 0.0000998 seconds, Stopping threads took: 0.0000175 seconds
[474.792s][info ][safepoint      ] Application time: 1.0001243 seconds
[474.792s][info ][safepoint      ] Entering safepoint region: Cleanup
[474.793s][info ][safepoint      ] Leaving safepoint region
[474.793s][info ][safepoint      ] Total time for which application threads were stopped: 0.0002081 seconds, Stopping threads took: 0.0000195 seconds
[476.793s][info ][safepoint      ] Application time: 2.0002172 seconds
[476.793s][info ][safepoint      ] Entering safepoint region: Cleanup
[476.793s][info ][safepoint      ] Leaving safepoint region
[476.793s][info ][safepoint      ] Total time for which application threads were stopped: 0.0001803 seconds, Stopping threads took: 0.0000601 seconds
[477.793s][info ][safepoint      ] Application time: 1.0001478 seconds
[477.793s][info ][safepoint      ] Entering safepoint region: Cleanup
[477.793s][info ][safepoint      ] Leaving safepoint region
[477.793s][info ][safepoint      ] Total time for which application threads were stopped: 0.0001475 seconds, Stopping threads took: 0.0000560 seconds
[478.794s][info ][safepoint      ] Application time: 1.0000807 seconds
[478.797s][info ][safepoint      ] Entering safepoint region: Cleanup
[478.797s][info ][safepoint      ] Leaving safepoint region
[478.797s][info ][safepoint      ] Total time for which application threads were stopped: 0.0031722 seconds, Stopping threads took: 0.0030921 seconds
[483.797s][info ][safepoint      ] Application time: 5.0005138 seconds
[483.797s][info ][safepoint      ] Entering safepoint region: Cleanup
[483.797s][info ][safepoint      ] Leaving safepoint region
[483.797s][info ][safepoint      ] Total time for which application threads were stopped: 0.0001097 seconds, Stopping threads took: 0.0000358 seconds
[484.798s][info ][safepoint      ] Application time: 1.0001152 seconds
[484.798s][info ][safepoint      ] Entering safepoint region: Cleanup
[484.798s][info ][safepoint      ] Leaving safepoint region
[484.798s][info ][safepoint      ] Total time for which application threads were stopped: 0.0001147 seconds, Stopping threads took: 0.0000396 seconds
[485.798s][info ][safepoint      ] Application time: 1.0001170 seconds
[485.798s][info ][safepoint      ] Entering safepoint region: Cleanup
[485.798s][info ][safepoint      ] Leaving safepoint region
[485.798s][info ][safepoint      ] Total time for which application threads were stopped: 0.0001105 seconds, Stopping threads took: 0.0000420 seconds
[487.798s][info ][safepoint      ] Application time: 2.0001985 seconds
[487.798s][info ][safepoint      ] Entering safepoint region: Cleanup
[487.798s][info ][safepoint      ] Leaving safepoint region
[487.798s][info ][safepoint      ] Total time for which application threads were stopped: 0.0000788 seconds, Stopping threads took: 0.0000158 seconds
[489.644s][info ][safepoint      ] Application time: 1.8454281 seconds
[489.644s][info ][safepoint      ] Entering safepoint region: ParallelGCFailedAllocation
[489.644s][info ][gc,start       ] GC(65) Pause Young (Allocation Failure)
[489.649s][debug][gc,phases      ] GC(65) Scavenge 5.312ms
[489.649s][debug][gc,ref         ] GC(65) Skipped phase1 of Reference Processing due to unavailable references
[489.649s][debug][gc,ref         ] GC(65) Skipped phase3 of Reference Processing due to unavailable references
[489.649s][debug][gc,phases      ] GC(65) Reference Processing 0.042ms
[489.649s][debug][gc,phases      ] GC(65) Weak Processing 0.117ms
[489.650s][debug][gc,phases      ] GC(65) Scrub String Table 0.662ms
[489.650s][debug][gc,age         ] GC(65) Desired survivor size 160432128 bytes, new threshold 15 (max threshold 15)
[489.650s][info ][gc,heap        ] GC(65) PSYoungGen: 1787808K->2672K(1788928K)
[489.650s][info ][gc,heap        ] GC(65) ParOldGen: 283853K->284513K(385536K)
[489.650s][info ][gc,metaspace   ] GC(65) Metaspace: 63906K->63906K(1107968K)
[489.650s][info ][gc             ] GC(65) Pause Young (Allocation Failure) 2023M->280M(2123M) 6.304ms
[489.650s][info ][gc,cpu         ] GC(65) User=0.01s Sys=0.01s Real=0.01s
[489.650s][info ][safepoint      ] Leaving safepoint region
[489.650s][info ][safepoint      ] Total time for which application threads were stopped: 0.0065104 seconds, Stopping threads took: 0.0000176 seconds
[491.650s][info ][safepoint      ] Application time: 2.0001866 seconds
[491.650s][info ][safepoint      ] Entering safepoint region: Cleanup
[491.651s][info ][safepoint      ] Leaving safepoint region
[491.651s][info ][safepoint      ] Total time for which application threads were stopped: 0.0001497 seconds, Stopping threads took: 0.0000245 seconds
[493.651s][info ][safepoint      ] Application time: 2.0003657 seconds
[493.651s][info ][safepoint      ] Entering safepoint region: Cleanup
[493.651s][info ][safepoint      ] Leaving safepoint region
[493.651s][info ][safepoint      ] Total time for which application threads were stopped: 0.0001161 seconds, Stopping threads took: 0.0000369 seconds
[494.651s][info ][safepoint      ] Application time: 1.0000856 seconds
[494.651s][info ][safepoint      ] Entering safepoint region: Cleanup
[494.651s][info ][safepoint      ] Leaving safepoint region
[494.651s][info ][safepoint      ] Total time for which application threads were stopped: 0.0000832 seconds, Stopping threads took: 0.0000168 seconds
[504.652s][info ][safepoint      ] Application time: 10.0011066 seconds
[504.652s][info ][safepoint      ] Entering safepoint region: Cleanup
[504.653s][info ][safepoint      ] Leaving safepoint region
[504.653s][info ][safepoint      ] Total time for which application threads were stopped: 0.0000979 seconds, Stopping threads took: 0.0000360 seconds
[512.653s][info ][safepoint      ] Application time: 8.0006815 seconds
[512.653s][info ][safepoint      ] Entering safepoint region: Cleanup
[512.653s][info ][safepoint      ] Leaving safepoint region
[512.653s][info ][safepoint      ] Total time for which application threads were stopped: 0.0000831 seconds, Stopping threads took: 0.0000176 seconds
[529.497s][info ][safepoint      ] Application time: 16.8434272 seconds
[529.497s][info ][safepoint      ] Entering safepoint region: ParallelGCFailedAllocation
[529.497s][info ][gc,start       ] GC(66) Pause Young (Allocation Failure)
[529.503s][debug][gc,phases      ] GC(66) Scavenge 5.828ms
[529.503s][debug][gc,ref         ] GC(66) Skipped phase1 of Reference Processing due to unavailable references
[529.503s][debug][gc,ref         ] GC(66) Skipped phase3 of Reference Processing due to unavailable references
[529.503s][debug][gc,phases      ] GC(66) Reference Processing 0.042ms
[529.503s][debug][gc,phases      ] GC(66) Weak Processing 0.198ms
[529.504s][debug][gc,phases      ] GC(66) Scrub String Table 0.981ms
[529.504s][debug][gc,age         ] GC(66) Desired survivor size 159383552 bytes, new threshold 15 (max threshold 15)
[529.504s][info ][gc,heap        ] GC(66) PSYoungGen: 1788528K->4336K(1941504K)
[529.504s][info ][gc,heap        ] GC(66) ParOldGen: 284513K->284537K(385536K)
[529.504s][info ][gc,metaspace   ] GC(66) Metaspace: 63910K->63910K(1107968K)
[529.504s][info ][gc             ] GC(66) Pause Young (Allocation Failure) 2024M->282M(2272M) 7.213ms
[529.504s][info ][gc,cpu         ] GC(66) User=0.02s Sys=0.00s Real=0.01s
[529.504s][info ][safepoint      ] Leaving safepoint region
[529.504s][info ][safepoint      ] Total time for which application threads were stopped: 0.0074519 seconds, Stopping threads took: 0.0000352 seconds
[554.282s][info ][safepoint      ] Application time: 24.7772984 seconds
[554.282s][info ][safepoint      ] Entering safepoint region: RevokeBias
[554.282s][info ][safepoint      ] Leaving safepoint region
[554.282s][info ][safepoint      ] Total time for which application threads were stopped: 0.0002332 seconds, Stopping threads took: 0.0000642 seconds
[554.285s][info ][safepoint      ] Application time: 0.0032442 seconds
[554.285s][info ][safepoint      ] Entering safepoint region: RevokeBias
[554.285s][info ][safepoint      ] Leaving safepoint region
[554.285s][info ][safepoint      ] Total time for which application threads were stopped: 0.0000885 seconds, Stopping threads took: 0.0000531 seconds
[554.286s][info ][safepoint      ] Application time: 0.0011077 seconds
[554.286s][info ][safepoint      ] Entering safepoint region: RevokeBias
[554.286s][info ][safepoint      ] Leaving safepoint region
[554.286s][info ][safepoint      ] Total time for which application threads were stopped: 0.0000561 seconds, Stopping threads took: 0.0000103 seconds
[570.245s][info ][safepoint      ] Application time: 15.9586067 seconds
[570.245s][info ][safepoint      ] Entering safepoint region: ParallelGCFailedAllocation
[570.245s][info ][gc,start       ] GC(67) Pause Young (Allocation Failure)
[570.252s][debug][gc,phases      ] GC(67) Scavenge 6.584ms
[570.252s][debug][gc,ref         ] GC(67) Skipped phase1 of Reference Processing due to unavailable references
[570.252s][debug][gc,ref         ] GC(67) Skipped phase3 of Reference Processing due to unavailable references
[570.252s][debug][gc,ref         ] GC(67) Skipped phase4 of Reference Processing due to unavailable references
[570.252s][debug][gc,phases      ] GC(67) Reference Processing 0.042ms
[570.252s][debug][gc,phases      ] GC(67) Weak Processing 0.128ms
[570.253s][debug][gc,phases      ] GC(67) Scrub String Table 0.789ms
[570.253s][debug][gc,age         ] GC(67) Desired survivor size 156762112 bytes, new threshold 15 (max threshold 15)
[570.253s][info ][gc,heap        ] GC(67) PSYoungGen: 1789168K->4352K(1940480K)
[570.253s][info ][gc,heap        ] GC(67) ParOldGen: 284537K->284537K(385536K)
[570.253s][info ][gc,metaspace   ] GC(67) Metaspace: 63910K->63910K(1107968K)
[570.253s][info ][gc             ] GC(67) Pause Young (Allocation Failure) 2025M->282M(2271M) 7.697ms
[570.253s][info ][gc,cpu         ] GC(67) User=0.02s Sys=0.01s Real=0.00s
[570.253s][info ][safepoint      ] Leaving safepoint region
[570.253s][info ][safepoint      ] Total time for which application threads were stopped: 0.0080345 seconds, Stopping threads took: 0.0000661 seconds
[611.095s][info ][safepoint      ] Application time: 40.8421980 seconds
[611.095s][info ][safepoint      ] Entering safepoint region: ParallelGCFailedAllocation
[611.096s][info ][gc,start       ] GC(68) Pause Young (Allocation Failure)
[611.102s][debug][gc,phases      ] GC(68) Scavenge 6.370ms
[611.102s][debug][gc,ref         ] GC(68) Skipped phase1 of Reference Processing due to unavailable references
[611.102s][debug][gc,ref         ] GC(68) Skipped phase3 of Reference Processing due to unavailable references
[611.102s][debug][gc,ref         ] GC(68) Skipped phase4 of Reference Processing due to unavailable references
[611.102s][debug][gc,phases      ] GC(68) Reference Processing 0.108ms
[611.103s][debug][gc,phases      ] GC(68) Weak Processing 0.491ms
[611.104s][debug][gc,phases      ] GC(68) Scrub String Table 0.822ms
[611.104s][debug][gc,age         ] GC(68) Desired survivor size 153092096 bytes, new threshold 15 (max threshold 15)
[611.104s][info ][gc,heap        ] GC(68) PSYoungGen: 1789184K->4320K(1947648K)
[611.104s][info ][gc,heap        ] GC(68) ParOldGen: 284537K->284545K(385536K)
[611.104s][info ][gc,metaspace   ] GC(68) Metaspace: 63910K->63910K(1107968K)
[611.104s][info ][gc             ] GC(68) Pause Young (Allocation Failure) 2025M->282M(2278M) 7.980ms
[611.104s][info ][gc,cpu         ] GC(68) User=0.02s Sys=0.01s Real=0.01s
[611.104s][info ][safepoint      ] Leaving safepoint region
[611.104s][info ][safepoint      ] Total time for which application threads were stopped: 0.0084001 seconds, Stopping threads took: 0.0000801 seconds
[614.286s][info ][safepoint      ] Application time: 3.1826089 seconds
[614.286s][info ][safepoint      ] Entering safepoint region: RevokeBias
[614.287s][info ][safepoint      ] Leaving safepoint region
[614.287s][info ][safepoint      ] Total time for which application threads were stopped: 0.0001201 seconds, Stopping threads took: 0.0000166 seconds
[616.287s][info ][safepoint      ] Application time: 2.0002302 seconds
[616.287s][info ][safepoint      ] Entering safepoint region: Cleanup
[616.287s][info ][safepoint      ] Leaving safepoint region
[616.287s][info ][safepoint      ] Total time for which application threads were stopped: 0.0001285 seconds, Stopping threads took: 0.0000168 seconds
[651.296s][info ][safepoint      ] Application time: 35.0091373 seconds
[651.296s][info ][safepoint      ] Entering safepoint region: ParallelGCFailedAllocation
[651.296s][info ][gc,start       ] GC(69) Pause Young (Allocation Failure)
[651.303s][debug][gc,phases      ] GC(69) Scavenge 6.308ms
[651.303s][debug][gc,ref         ] GC(69) Skipped phase1 of Reference Processing due to unavailable references
[651.303s][debug][gc,ref         ] GC(69) Skipped phase3 of Reference Processing due to unavailable references
[651.303s][debug][gc,phases      ] GC(69) Reference Processing 0.045ms
[651.303s][debug][gc,phases      ] GC(69) Weak Processing 0.126ms
[651.304s][debug][gc,phases      ] GC(69) Scrub String Table 0.807ms
[651.304s][debug][gc,age         ] GC(69) Desired survivor size 148897792 bytes, new threshold 15 (max threshold 15)
[651.304s][info ][gc,heap        ] GC(69) PSYoungGen: 1798880K->4272K(1944064K)
[651.304s][info ][gc,heap        ] GC(69) ParOldGen: 284545K->284601K(385536K)
[651.304s][info ][gc,metaspace   ] GC(69) Metaspace: 63910K->63910K(1107968K)
[651.304s][info ][gc             ] GC(69) Pause Young (Allocation Failure) 2034M->282M(2275M) 7.454ms
[651.304s][info ][gc,cpu         ] GC(69) User=0.02s Sys=0.01s Real=0.01s
[651.304s][info ][safepoint      ] Leaving safepoint region
[651.304s][info ][safepoint      ] Total time for which application threads were stopped: 0.0078148 seconds, Stopping threads took: 0.0000787 seconds
[658.305s][info ][safepoint      ] Application time: 7.0006355 seconds
[658.305s][info ][safepoint      ] Entering safepoint region: Cleanup
[658.305s][info ][safepoint      ] Leaving safepoint region
[658.305s][info ][safepoint      ] Total time for which application threads were stopped: 0.0000842 seconds, Stopping threads took: 0.0000182 seconds
[674.286s][info ][safepoint      ] Application time: 15.9817728 seconds
[674.287s][info ][safepoint      ] Entering safepoint region: RevokeBias
[674.287s][info ][safepoint      ] Leaving safepoint region
[674.287s][info ][safepoint      ] Total time for which application threads were stopped: 0.0001976 seconds, Stopping threads took: 0.0000567 seconds
[675.991s][info ][safepoint      ] Application time: 1.7046713 seconds
[675.991s][info ][safepoint      ] Entering safepoint region: RevokeBias
[675.992s][info ][safepoint      ] Leaving safepoint region
[675.992s][info ][safepoint      ] Total time for which application threads were stopped: 0.0001042 seconds, Stopping threads took: 0.0000174 seconds
[677.003s][info ][safepoint      ] Application time: 1.0115239 seconds
[677.003s][info ][safepoint      ] Entering safepoint region: RevokeBias
[677.003s][info ][safepoint      ] Leaving safepoint region
[677.003s][info ][safepoint      ] Total time for which application threads were stopped: 0.0003445 seconds, Stopping threads took: 0.0000143 seconds
[681.009s][info ][safepoint      ] Application time: 4.0054684 seconds
[681.009s][info ][safepoint      ] Entering safepoint region: Cleanup
[681.009s][info ][safepoint      ] Leaving safepoint region
[681.009s][info ][safepoint      ] Total time for which application threads were stopped: 0.0000968 seconds, Stopping threads took: 0.0000148 seconds
[682.009s][info ][safepoint      ] Application time: 1.0001093 seconds
[682.009s][info ][safepoint      ] Entering safepoint region: Cleanup
[682.009s][info ][safepoint      ] Leaving safepoint region
[682.009s][info ][safepoint      ] Total time for which application threads were stopped: 0.0001005 seconds, Stopping threads took: 0.0000472 seconds
[683.009s][info ][safepoint      ] Application time: 1.0001117 seconds
[683.009s][info ][safepoint      ] Entering safepoint region: Cleanup
[683.010s][info ][safepoint      ] Leaving safepoint region
[683.010s][info ][safepoint      ] Total time for which application threads were stopped: 0.0000725 seconds, Stopping threads took: 0.0000150 seconds
[684.010s][info ][safepoint      ] Application time: 1.0000836 seconds
[684.010s][info ][safepoint      ] Entering safepoint region: Cleanup
[684.010s][info ][safepoint      ] Leaving safepoint region
[684.010s][info ][safepoint      ] Total time for which application threads were stopped: 0.0000692 seconds, Stopping threads took: 0.0000148 seconds
[687.010s][info ][safepoint      ] Application time: 3.0003126 seconds
[687.010s][info ][safepoint      ] Entering safepoint region: Cleanup
[687.010s][info ][safepoint      ] Leaving safepoint region
[687.010s][info ][safepoint      ] Total time for which application threads were stopped: 0.0001740 seconds, Stopping threads took: 0.0000446 seconds
[688.010s][info ][safepoint      ] Application time: 1.0000814 seconds
[688.010s][info ][safepoint      ] Entering safepoint region: Cleanup
[688.010s][info ][safepoint      ] Leaving safepoint region
[688.010s][info ][safepoint      ] Total time for which application threads were stopped: 0.0000846 seconds, Stopping threads took: 0.0000154 seconds
[689.014s][info ][safepoint      ] Application time: 1.0035199 seconds
[689.014s][info ][safepoint      ] Entering safepoint region: Cleanup
[689.014s][info ][safepoint      ] Leaving safepoint region
[689.014s][info ][safepoint      ] Total time for which application threads were stopped: 0.0001457 seconds, Stopping threads took: 0.0000492 seconds
[690.014s][info ][safepoint      ] Application time: 1.0001843 seconds
[690.014s][info ][safepoint      ] Entering safepoint region: Cleanup
[690.014s][info ][safepoint      ] Leaving safepoint region
[690.014s][info ][safepoint      ] Total time for which application threads were stopped: 0.0001014 seconds, Stopping threads took: 0.0000177 seconds
[690.847s][info ][safepoint      ] Application time: 0.8320418 seconds
[690.847s][info ][safepoint      ] Entering safepoint region: ParallelGCFailedAllocation
[690.847s][info ][gc,start       ] GC(70) Pause Young (Allocation Failure)
[690.853s][debug][gc,phases      ] GC(70) Scavenge 6.413ms
[690.853s][debug][gc,ref         ] GC(70) Skipped phase1 of Reference Processing due to unavailable references
[690.853s][debug][gc,ref         ] GC(70) Skipped phase3 of Reference Processing due to unavailable references
[690.853s][debug][gc,phases      ] GC(70) Reference Processing 0.043ms
[690.853s][debug][gc,phases      ] GC(70) Weak Processing 0.203ms
[690.855s][debug][gc,phases      ] GC(70) Scrub String Table 1.024ms
[690.855s][debug][gc,age         ] GC(70) Desired survivor size 143654912 bytes, new threshold 15 (max threshold 15)
[690.855s][info ][gc,heap        ] GC(70) PSYoungGen: 1798832K->4992K(1956864K)
[690.855s][info ][gc,heap        ] GC(70) ParOldGen: 284601K->284601K(385536K)
[690.855s][info ][gc,metaspace   ] GC(70) Metaspace: 63915K->63915K(1107968K)
[690.855s][info ][gc             ] GC(70) Pause Young (Allocation Failure) 2034M->282M(2287M) 7.867ms
[690.855s][info ][gc,cpu         ] GC(70) User=0.02s Sys=0.00s Real=0.00s
[690.855s][info ][safepoint      ] Leaving safepoint region
[690.855s][info ][safepoint      ] Total time for which application threads were stopped: 0.0080878 seconds, Stopping threads took: 0.0000173 seconds
[692.855s][info ][safepoint      ] Application time: 2.0001707 seconds
[692.855s][info ][safepoint      ] Entering safepoint region: Cleanup
[692.855s][info ][safepoint      ] Leaving safepoint region
[692.855s][info ][safepoint      ] Total time for which application threads were stopped: 0.0000802 seconds, Stopping threads took: 0.0000182 seconds
[695.855s][info ][safepoint      ] Application time: 3.0002582 seconds
[695.855s][info ][safepoint      ] Entering safepoint region: Cleanup
[695.855s][info ][safepoint      ] Leaving safepoint region
[695.855s][info ][safepoint      ] Total time for which application threads were stopped: 0.0000805 seconds, Stopping threads took: 0.0000180 seconds
[696.855s][info ][safepoint      ] Application time: 1.0001099 seconds
[696.855s][info ][safepoint      ] Entering safepoint region: Cleanup
[696.856s][info ][safepoint      ] Leaving safepoint region
[696.856s][info ][safepoint      ] Total time for which application threads were stopped: 0.0000818 seconds, Stopping threads took: 0.0000176 seconds
[698.856s][info ][safepoint      ] Application time: 2.0007790 seconds
[698.856s][info ][safepoint      ] Entering safepoint region: Cleanup
[698.856s][info ][safepoint      ] Leaving safepoint region
[698.856s][info ][safepoint      ] Total time for which application threads were stopped: 0.0000796 seconds, Stopping threads took: 0.0000157 seconds
[701.857s][info ][safepoint      ] Application time: 3.0002298 seconds
[701.857s][info ][safepoint      ] Entering safepoint region: Cleanup
[701.857s][info ][safepoint      ] Leaving safepoint region
[701.857s][info ][safepoint      ] Total time for which application threads were stopped: 0.0000826 seconds, Stopping threads took: 0.0000171 seconds
[702.857s][info ][safepoint      ] Application time: 1.0001071 seconds
[702.857s][info ][safepoint      ] Entering safepoint region: Cleanup
[702.857s][info ][safepoint      ] Leaving safepoint region
[702.857s][info ][safepoint      ] Total time for which application threads were stopped: 0.0000807 seconds, Stopping threads took: 0.0000171 seconds
[706.857s][info ][safepoint      ] Application time: 4.0003059 seconds
[706.857s][info ][safepoint      ] Entering safepoint region: Cleanup
[706.857s][info ][safepoint      ] Leaving safepoint region
[706.857s][info ][safepoint      ] Total time for which application threads were stopped: 0.0000804 seconds, Stopping threads took: 0.0000170 seconds
[707.858s][info ][safepoint      ] Application time: 1.0001163 seconds
[707.858s][info ][safepoint      ] Entering safepoint region: Cleanup
[707.858s][info ][safepoint      ] Leaving safepoint region
[707.858s][info ][safepoint      ] Total time for which application threads were stopped: 0.0000771 seconds, Stopping threads took: 0.0000160 seconds
[712.858s][info ][safepoint      ] Application time: 5.0006384 seconds
[712.858s][info ][safepoint      ] Entering safepoint region: Cleanup
[712.859s][info ][safepoint      ] Leaving safepoint region
[712.859s][info ][safepoint      ] Total time for which application threads were stopped: 0.0002287 seconds, Stopping threads took: 0.0000632 seconds
[714.859s][info ][safepoint      ] Application time: 2.0001993 seconds
[714.859s][info ][safepoint      ] Entering safepoint region: Cleanup
[714.859s][info ][safepoint      ] Leaving safepoint region
[714.859s][info ][safepoint      ] Total time for which application threads were stopped: 0.0000970 seconds, Stopping threads took: 0.0000332 seconds
[723.860s][info ][safepoint      ] Application time: 9.0008214 seconds
[723.860s][info ][safepoint      ] Entering safepoint region: Cleanup
[723.860s][info ][safepoint      ] Leaving safepoint region
[723.860s][info ][safepoint      ] Total time for which application threads were stopped: 0.0000788 seconds, Stopping threads took: 0.0000173 seconds
[729.847s][info ][safepoint      ] Application time: 5.9868977 seconds
[729.847s][info ][safepoint      ] Entering safepoint region: ParallelGCFailedAllocation
[729.847s][info ][gc,start       ] GC(71) Pause Young (Allocation Failure)
[729.854s][debug][gc,phases      ] GC(71) Scavenge 6.494ms
[729.854s][debug][gc,ref         ] GC(71) Skipped phase1 of Reference Processing due to unavailable references
[729.854s][debug][gc,ref         ] GC(71) Skipped phase3 of Reference Processing due to unavailable references
[729.854s][debug][gc,phases      ] GC(71) Reference Processing 0.041ms
[729.854s][debug][gc,phases      ] GC(71) Weak Processing 0.128ms
[729.855s][debug][gc,phases      ] GC(71) Scrub String Table 0.779ms
[729.855s][debug][gc,age         ] GC(71) Desired survivor size 137887744 bytes, new threshold 15 (max threshold 15)
[729.855s][info ][gc,heap        ] GC(71) PSYoungGen: 1816448K->5200K(1951744K)
[729.855s][info ][gc,heap        ] GC(71) ParOldGen: 284601K->284617K(385536K)
[729.855s][info ][gc,metaspace   ] GC(71) Metaspace: 63922K->63922K(1107968K)
[729.855s][info ][gc             ] GC(71) Pause Young (Allocation Failure) 2051M->283M(2282M) 7.616ms
[729.855s][info ][gc,cpu         ] GC(71) User=0.02s Sys=0.01s Real=0.00s
[729.855s][info ][safepoint      ] Leaving safepoint region
[729.855s][info ][safepoint      ] Total time for which application threads were stopped: 0.0079596 seconds, Stopping threads took: 0.0000618 seconds
[736.856s][info ][safepoint      ] Application time: 7.0007212 seconds
[736.856s][info ][safepoint      ] Entering safepoint region: Cleanup
[736.856s][info ][safepoint      ] Leaving safepoint region
[736.856s][info ][safepoint      ] Total time for which application threads were stopped: 0.0001855 seconds, Stopping threads took: 0.0000777 seconds
[740.856s][info ][safepoint      ] Application time: 4.0004345 seconds
[740.856s][info ][safepoint      ] Entering safepoint region: Cleanup
[740.856s][info ][safepoint      ] Leaving safepoint region
[740.856s][info ][safepoint      ] Total time for which application threads were stopped: 0.0000802 seconds, Stopping threads took: 0.0000166 seconds
[741.856s][info ][safepoint      ] Application time: 1.0001148 seconds
[741.856s][info ][safepoint      ] Entering safepoint region: Cleanup
[741.857s][info ][safepoint      ] Leaving safepoint region
[741.857s][info ][safepoint      ] Total time for which application threads were stopped: 0.0000795 seconds, Stopping threads took: 0.0000162 seconds
[742.857s][info ][safepoint      ] Application time: 1.0001144 seconds
[742.857s][info ][safepoint      ] Entering safepoint region: Cleanup
[742.857s][info ][safepoint      ] Leaving safepoint region
[742.857s][info ][safepoint      ] Total time for which application threads were stopped: 0.0001367 seconds, Stopping threads took: 0.0000328 seconds
[744.857s][info ][safepoint      ] Application time: 2.0001644 seconds
[744.857s][info ][safepoint      ] Entering safepoint region: Cleanup
[744.857s][info ][safepoint      ] Leaving safepoint region
[744.857s][info ][safepoint      ] Total time for which application threads were stopped: 0.0000866 seconds, Stopping threads took: 0.0000184 seconds
[757.858s][info ][safepoint      ] Application time: 13.0011096 seconds
[757.858s][info ][safepoint      ] Entering safepoint region: Cleanup
[757.858s][info ][safepoint      ] Leaving safepoint region
[757.858s][info ][safepoint      ] Total time for which application threads were stopped: 0.0002252 seconds, Stopping threads took: 0.0000729 seconds
[770.595s][info ][safepoint      ] Application time: 12.7365366 seconds
[770.595s][info ][safepoint      ] Entering safepoint region: ParallelGCFailedAllocation
[770.595s][info ][gc,start       ] GC(72) Pause Young (Allocation Failure)
[770.607s][debug][gc,phases      ] GC(72) Scavenge 11.763ms
[770.607s][debug][gc,ref         ] GC(72) Skipped phase1 of Reference Processing due to unavailable references
[770.607s][debug][gc,ref         ] GC(72) Skipped phase3 of Reference Processing due to unavailable references
[770.607s][debug][gc,phases      ] GC(72) Reference Processing 0.058ms
[770.607s][debug][gc,phases      ] GC(72) Weak Processing 0.131ms
[770.608s][debug][gc,phases      ] GC(72) Scrub String Table 0.851ms
[770.608s][debug][gc,age         ] GC(72) Desired survivor size 132120576 bytes, new threshold 15 (max threshold 15)
[770.608s][info ][gc,heap        ] GC(72) PSYoungGen: 1816656K->5136K(1968128K)
[770.608s][info ][gc,heap        ] GC(72) ParOldGen: 284617K->284745K(385536K)
[770.608s][info ][gc,metaspace   ] GC(72) Metaspace: 63933K->63933K(1107968K)
[770.608s][info ][gc             ] GC(72) Pause Young (Allocation Failure) 2052M->283M(2298M) 12.989ms
[770.608s][info ][gc,cpu         ] GC(72) User=0.03s Sys=0.02s Real=0.02s
[770.608s][info ][safepoint      ] Leaving safepoint region
[770.608s][info ][safepoint      ] Total time for which application threads were stopped: 0.0133893 seconds, Stopping threads took: 0.0000948 seconds
[772.476s][info ][safepoint      ] Application time: 1.8678945 seconds
[772.476s][info ][safepoint      ] Entering safepoint region: RevokeBias
[772.477s][info ][safepoint      ] Leaving safepoint region
[772.477s][info ][safepoint      ] Total time for which application threads were stopped: 0.0001114 seconds, Stopping threads took: 0.0000176 seconds
[777.477s][info ][safepoint      ] Application time: 5.0004918 seconds
[777.477s][info ][safepoint      ] Entering safepoint region: Cleanup
[777.477s][info ][safepoint      ] Leaving safepoint region
[777.477s][info ][safepoint      ] Total time for which application threads were stopped: 0.0001153 seconds, Stopping threads took: 0.0000351 seconds
[782.883s][info ][safepoint      ] Application time: 5.4061160 seconds
[782.883s][info ][safepoint      ] Entering safepoint region: RevokeBias
[782.883s][info ][safepoint      ] Leaving safepoint region
[782.883s][info ][safepoint      ] Total time for which application threads were stopped: 0.0000943 seconds, Stopping threads took: 0.0000343 seconds
[783.884s][info ][safepoint      ] Application time: 1.0000902 seconds
[783.884s][info ][safepoint      ] Entering safepoint region: Cleanup
[783.884s][info ][safepoint      ] Leaving safepoint region
[783.884s][info ][safepoint      ] Total time for which application threads were stopped: 0.0000810 seconds, Stopping threads took: 0.0000186 seconds
[793.885s][info ][safepoint      ] Application time: 10.0008380 seconds
[793.885s][info ][safepoint      ] Entering safepoint region: Cleanup
[793.885s][info ][safepoint      ] Leaving safepoint region
[793.885s][info ][safepoint      ] Total time for which application threads were stopped: 0.0002163 seconds, Stopping threads took: 0.0000689 seconds
[812.043s][info ][safepoint      ] Application time: 18.1582891 seconds
[812.043s][info ][safepoint      ] Entering safepoint region: ParallelGCFailedAllocation
[812.043s][info ][gc,start       ] GC(73) Pause Young (Allocation Failure)
[812.050s][debug][gc,phases      ] GC(73) Scavenge 6.805ms
[812.050s][debug][gc,ref         ] GC(73) Skipped phase1 of Reference Processing due to unavailable references
[812.050s][debug][gc,ref         ] GC(73) Skipped phase3 of Reference Processing due to unavailable references
[812.050s][debug][gc,ref         ] GC(73) Skipped phase4 of Reference Processing due to unavailable references
[812.050s][debug][gc,phases      ] GC(73) Reference Processing 0.043ms
[812.050s][debug][gc,phases      ] GC(73) Weak Processing 0.215ms
[812.052s][debug][gc,phases      ] GC(73) Scrub String Table 1.109ms
[812.052s][debug][gc,age         ] GC(73) Desired survivor size 126353408 bytes, new threshold 15 (max threshold 15)
[812.052s][info ][gc,heap        ] GC(73) PSYoungGen: 1838608K->5120K(1962496K)
[812.052s][info ][gc,heap        ] GC(73) ParOldGen: 284745K->284769K(385536K)
[812.052s][info ][gc,metaspace   ] GC(73) Metaspace: 63933K->63933K(1107968K)
[812.052s][info ][gc             ] GC(73) Pause Young (Allocation Failure) 2073M->283M(2293M) 8.331ms
[812.052s][info ][gc,cpu         ] GC(73) User=0.03s Sys=0.01s Real=0.01s
[812.052s][info ][safepoint      ] Leaving safepoint region
[812.052s][info ][safepoint      ] Total time for which application threads were stopped: 0.0085400 seconds, Stopping threads took: 0.0000345 seconds
[834.054s][info ][safepoint      ] Application time: 22.0026230 seconds
[834.054s][info ][safepoint      ] Entering safepoint region: Cleanup
[834.055s][info ][safepoint      ] Leaving safepoint region
[834.055s][info ][safepoint      ] Total time for which application threads were stopped: 0.0002446 seconds, Stopping threads took: 0.0000917 seconds
[845.200s][info ][safepoint      ] Application time: 11.1457158 seconds
[845.200s][info ][safepoint      ] Entering safepoint region: Deoptimize
[845.208s][info ][safepoint      ] Leaving safepoint region
[845.208s][info ][safepoint      ] Total time for which application threads were stopped: 0.0080671 seconds, Stopping threads took: 0.0000315 seconds
[846.209s][info ][safepoint      ] Application time: 1.0001087 seconds
[846.209s][info ][safepoint      ] Entering safepoint region: Cleanup
[846.209s][info ][safepoint      ] Leaving safepoint region
[846.209s][info ][safepoint      ] Total time for which application threads were stopped: 0.0001346 seconds, Stopping threads took: 0.0000266 seconds
[847.209s][info ][safepoint      ] Application time: 1.0001093 seconds
[847.209s][info ][safepoint      ] Entering safepoint region: Cleanup
[847.209s][info ][safepoint      ] Leaving safepoint region
[847.209s][info ][safepoint      ] Total time for which application threads were stopped: 0.0001010 seconds, Stopping threads took: 0.0000325 seconds
[848.209s][info ][safepoint      ] Application time: 1.0001008 seconds
[848.209s][info ][safepoint      ] Entering safepoint region: Cleanup
[848.209s][info ][safepoint      ] Leaving safepoint region
[848.209s][info ][safepoint      ] Total time for which application threads were stopped: 0.0000752 seconds, Stopping threads took: 0.0000156 seconds
[849.209s][info ][safepoint      ] Application time: 1.0001112 seconds
[849.209s][info ][safepoint      ] Entering safepoint region: Cleanup
[849.209s][info ][safepoint      ] Leaving safepoint region
[849.209s][info ][safepoint      ] Total time for which application threads were stopped: 0.0000747 seconds, Stopping threads took: 0.0000165 seconds
[850.210s][info ][safepoint      ] Application time: 1.0001129 seconds
[850.210s][info ][safepoint      ] Entering safepoint region: Cleanup
[850.210s][info ][safepoint      ] Leaving safepoint region
[850.210s][info ][safepoint      ] Total time for which application threads were stopped: 0.0000857 seconds, Stopping threads took: 0.0000169 seconds
[852.210s][info ][safepoint      ] Application time: 2.0001474 seconds
[852.210s][info ][safepoint      ] Entering safepoint region: Cleanup
[852.210s][info ][safepoint      ] Leaving safepoint region
[852.210s][info ][safepoint      ] Total time for which application threads were stopped: 0.0001085 seconds, Stopping threads took: 0.0000419 seconds
[852.947s][info ][safepoint      ] Application time: 0.7367083 seconds
[852.947s][info ][safepoint      ] Entering safepoint region: ParallelGCFailedAllocation
[852.947s][info ][gc,start       ] GC(74) Pause Young (Allocation Failure)
[852.953s][debug][gc,phases      ] GC(74) Scavenge 6.074ms
[852.953s][debug][gc,ref         ] GC(74) Skipped phase1 of Reference Processing due to unavailable references
[852.953s][debug][gc,ref         ] GC(74) Skipped phase3 of Reference Processing due to unavailable references
[852.953s][debug][gc,phases      ] GC(74) Reference Processing 0.047ms
[852.953s][debug][gc,phases      ] GC(74) Weak Processing 0.230ms
[852.954s][debug][gc,phases      ] GC(74) Scrub String Table 1.036ms
[852.954s][debug][gc,age         ] GC(74) Desired survivor size 120061952 bytes, new threshold 15 (max threshold 15)
[852.954s][info ][gc,heap        ] GC(74) PSYoungGen: 1838592K->5200K(1979904K)
[852.954s][info ][gc,heap        ] GC(74) ParOldGen: 284769K->284793K(385536K)
[852.954s][info ][gc,metaspace   ] GC(74) Metaspace: 63956K->63956K(1107968K)
[852.954s][info ][gc             ] GC(74) Pause Young (Allocation Failure) 2073M->283M(2310M) 7.550ms
[852.954s][info ][gc,cpu         ] GC(74) User=0.03s Sys=0.00s Real=0.00s
[852.954s][info ][safepoint      ] Leaving safepoint region
[852.954s][info ][safepoint      ] Total time for which application threads were stopped: 0.0077450 seconds, Stopping threads took: 0.0000159 seconds
[861.956s][info ][safepoint      ] Application time: 9.0012498 seconds
[861.956s][info ][safepoint      ] Entering safepoint region: Cleanup
[861.956s][info ][safepoint      ] Leaving safepoint region
[861.956s][info ][safepoint      ] Total time for which application threads were stopped: 0.0001741 seconds, Stopping threads took: 0.0000484 seconds
[864.956s][info ][safepoint      ] Application time: 3.0002287 seconds
[864.956s][info ][safepoint      ] Entering safepoint region: Cleanup
[864.956s][info ][safepoint      ] Leaving safepoint region
[864.956s][info ][safepoint      ] Total time for which application threads were stopped: 0.0000933 seconds, Stopping threads took: 0.0000334 seconds
[870.957s][info ][safepoint      ] Application time: 6.0005244 seconds
[870.957s][info ][safepoint      ] Entering safepoint region: Cleanup
[870.957s][info ][safepoint      ] Leaving safepoint region
[870.957s][info ][safepoint      ] Total time for which application threads were stopped: 0.0001226 seconds, Stopping threads took: 0.0000419 seconds
[873.957s][info ][safepoint      ] Application time: 3.0002445 seconds
[873.957s][info ][safepoint      ] Entering safepoint region: Cleanup
[873.957s][info ][safepoint      ] Leaving safepoint region
[873.957s][info ][safepoint      ] Total time for which application threads were stopped: 0.0000755 seconds, Stopping threads took: 0.0000168 seconds
[880.958s][info ][safepoint      ] Application time: 7.0006194 seconds
[880.958s][info ][safepoint      ] Entering safepoint region: Cleanup
[880.958s][info ][safepoint      ] Leaving safepoint region
[880.958s][info ][safepoint      ] Total time for which application threads were stopped: 0.0002235 seconds, Stopping threads took: 0.0000704 seconds
[885.959s][info ][safepoint      ] Application time: 5.0004215 seconds
[885.959s][info ][safepoint      ] Entering safepoint region: Cleanup
[885.959s][info ][safepoint      ] Leaving safepoint region
[885.959s][info ][safepoint      ] Total time for which application threads were stopped: 0.0000770 seconds, Stopping threads took: 0.0000160 seconds
[886.959s][info ][safepoint      ] Application time: 1.0001047 seconds
[886.959s][info ][safepoint      ] Entering safepoint region: Cleanup
[886.959s][info ][safepoint      ] Leaving safepoint region
[886.959s][info ][safepoint      ] Total time for which application threads were stopped: 0.0000770 seconds, Stopping threads took: 0.0000163 seconds
[889.959s][info ][safepoint      ] Application time: 3.0002959 seconds
[889.959s][info ][safepoint      ] Entering safepoint region: Cleanup
[889.959s][info ][safepoint      ] Leaving safepoint region
[889.959s][info ][safepoint      ] Total time for which application threads were stopped: 0.0000892 seconds, Stopping threads took: 0.0000170 seconds
[890.960s][info ][safepoint      ] Application time: 1.0000730 seconds
[890.960s][info ][safepoint      ] Entering safepoint region: Cleanup
[890.960s][info ][safepoint      ] Leaving safepoint region
[890.960s][info ][safepoint      ] Total time for which application threads were stopped: 0.0001012 seconds, Stopping threads took: 0.0000173 seconds
[891.960s][info ][safepoint      ] Application time: 1.0000868 seconds
[891.960s][info ][safepoint      ] Entering safepoint region: Cleanup
[891.960s][info ][safepoint      ] Leaving safepoint region
[891.960s][info ][safepoint      ] Total time for which application threads were stopped: 0.0000822 seconds, Stopping threads took: 0.0000159 seconds
[892.498s][info ][safepoint      ] Application time: 0.5380555 seconds
[892.498s][info ][safepoint      ] Entering safepoint region: ParallelGCFailedAllocation
[892.498s][info ][gc,start       ] GC(75) Pause Young (Allocation Failure)
[892.505s][debug][gc,phases      ] GC(75) Scavenge 6.475ms
[892.505s][debug][gc,ref         ] GC(75) Skipped phase1 of Reference Processing due to unavailable references
[892.505s][debug][gc,ref         ] GC(75) Skipped phase3 of Reference Processing due to unavailable references
[892.505s][debug][gc,ref         ] GC(75) Skipped phase4 of Reference Processing due to unavailable references
[892.505s][debug][gc,phases      ] GC(75) Reference Processing 0.043ms
[892.505s][debug][gc,phases      ] GC(75) Weak Processing 0.122ms
[892.506s][debug][gc,phases      ] GC(75) Scrub String Table 0.715ms
[892.506s][debug][gc,age         ] GC(75) Desired survivor size 114294784 bytes, new threshold 15 (max threshold 15)
[892.506s][info ][gc,heap        ] GC(75) PSYoungGen: 1861712K->5184K(1973760K)
[892.506s][info ][gc,heap        ] GC(75) ParOldGen: 284793K->284825K(385536K)
[892.506s][info ][gc,metaspace   ] GC(75) Metaspace: 63983K->63983K(1107968K)
[892.506s][info ][gc             ] GC(75) Pause Young (Allocation Failure) 2096M->283M(2304M) 7.600ms
[892.506s][info ][gc,cpu         ] GC(75) User=0.02s Sys=0.01s Real=0.01s
[892.506s][info ][safepoint      ] Leaving safepoint region
[892.506s][info ][safepoint      ] Total time for which application threads were stopped: 0.0077805 seconds, Stopping threads took: 0.0000164 seconds
[893.506s][info ][safepoint      ] Application time: 1.0000910 seconds
[893.506s][info ][safepoint      ] Entering safepoint region: Cleanup
[893.506s][info ][safepoint      ] Leaving safepoint region
[893.506s][info ][safepoint      ] Total time for which application threads were stopped: 0.0000969 seconds, Stopping threads took: 0.0000359 seconds
[895.506s][info ][safepoint      ] Application time: 2.0001821 seconds
[895.506s][info ][safepoint      ] Entering safepoint region: Cleanup
[895.506s][info ][safepoint      ] Leaving safepoint region
[895.506s][info ][safepoint      ] Total time for which application threads were stopped: 0.0000754 seconds, Stopping threads took: 0.0000169 seconds
[897.507s][info ][safepoint      ] Application time: 2.0002040 seconds
[897.507s][info ][safepoint      ] Entering safepoint region: Cleanup
[897.507s][info ][safepoint      ] Leaving safepoint region
[897.507s][info ][safepoint      ] Total time for which application threads were stopped: 0.0000744 seconds, Stopping threads took: 0.0000165 seconds
[899.507s][info ][safepoint      ] Application time: 2.0001763 seconds
[899.507s][info ][safepoint      ] Entering safepoint region: Cleanup
[899.507s][info ][safepoint      ] Leaving safepoint region
[899.507s][info ][safepoint      ] Total time for which application threads were stopped: 0.0000725 seconds, Stopping threads took: 0.0000160 seconds
[903.507s][info ][safepoint      ] Application time: 4.0004119 seconds
[903.507s][info ][safepoint      ] Entering safepoint region: Cleanup
[903.508s][info ][safepoint      ] Leaving safepoint region
[903.508s][info ][safepoint      ] Total time for which application threads were stopped: 0.0002260 seconds, Stopping threads took: 0.0000726 seconds
[905.508s][info ][safepoint      ] Application time: 2.0001971 seconds
[905.508s][info ][safepoint      ] Entering safepoint region: Cleanup
[905.508s][info ][safepoint      ] Leaving safepoint region
[905.508s][info ][safepoint      ] Total time for which application threads were stopped: 0.0000765 seconds, Stopping threads took: 0.0000162 seconds
[906.508s][info ][safepoint      ] Application time: 1.0001056 seconds
[906.508s][info ][safepoint      ] Entering safepoint region: Cleanup
[906.508s][info ][safepoint      ] Leaving safepoint region
[906.508s][info ][safepoint      ] Total time for which application threads were stopped: 0.0000763 seconds, Stopping threads took: 0.0000170 seconds
[907.508s][info ][safepoint      ] Application time: 1.0000735 seconds
[907.508s][info ][safepoint      ] Entering safepoint region: Cleanup
[907.508s][info ][safepoint      ] Leaving safepoint region
[907.508s][info ][safepoint      ] Total time for which application threads were stopped: 0.0000956 seconds, Stopping threads took: 0.0000167 seconds
[909.509s][info ][safepoint      ] Application time: 2.0001943 seconds
[909.509s][info ][safepoint      ] Entering safepoint region: Cleanup
[909.509s][info ][safepoint      ] Leaving safepoint region
[909.509s][info ][safepoint      ] Total time for which application threads were stopped: 0.0000761 seconds, Stopping threads took: 0.0000169 seconds
[916.510s][info ][safepoint      ] Application time: 7.0008487 seconds
[916.510s][info ][safepoint      ] Entering safepoint region: Cleanup
[916.510s][info ][safepoint      ] Leaving safepoint region
[916.510s][info ][safepoint      ] Total time for which application threads were stopped: 0.0003883 seconds, Stopping threads took: 0.0000449 seconds
[917.510s][info ][safepoint      ] Application time: 1.0000772 seconds
[917.510s][info ][safepoint      ] Entering safepoint region: Cleanup
[917.510s][info ][safepoint      ] Leaving safepoint region
[917.510s][info ][safepoint      ] Total time for which application threads were stopped: 0.0000841 seconds, Stopping threads took: 0.0000184 seconds
[922.511s][info ][safepoint      ] Application time: 5.0004749 seconds
[922.511s][info ][safepoint      ] Entering safepoint region: Cleanup
[922.511s][info ][safepoint      ] Leaving safepoint region
[922.511s][info ][safepoint      ] Total time for which application threads were stopped: 0.0000820 seconds, Stopping threads took: 0.0000179 seconds
[923.511s][info ][safepoint      ] Application time: 1.0000909 seconds
[923.511s][info ][safepoint      ] Entering safepoint region: Cleanup
[923.511s][info ][safepoint      ] Leaving safepoint region
[923.511s][info ][safepoint      ] Total time for which application threads were stopped: 0.0000963 seconds, Stopping threads took: 0.0000213 seconds
[925.511s][info ][safepoint      ] Application time: 2.0001719 seconds
[925.511s][info ][safepoint      ] Entering safepoint region: Cleanup
[925.511s][info ][safepoint      ] Leaving safepoint region
[925.511s][info ][safepoint      ] Total time for which application threads were stopped: 0.0001116 seconds, Stopping threads took: 0.0000200 seconds
[927.512s][info ][safepoint      ] Application time: 2.0001917 seconds
[927.512s][info ][safepoint      ] Entering safepoint region: Cleanup
[927.512s][info ][safepoint      ] Leaving safepoint region
[927.512s][info ][safepoint      ] Total time for which application threads were stopped: 0.0000887 seconds, Stopping threads took: 0.0000192 seconds
[930.301s][info ][safepoint      ] Application time: 2.7890519 seconds
[930.301s][info ][safepoint      ] Entering safepoint region: ParallelGCFailedAllocation
[930.301s][info ][gc,start       ] GC(76) Pause Young (Allocation Failure)
[930.309s][debug][gc,phases      ] GC(76) Scavenge 8.360ms
[930.309s][debug][gc,ref         ] GC(76) Skipped phase1 of Reference Processing due to unavailable references
[930.309s][debug][gc,ref         ] GC(76) Skipped phase3 of Reference Processing due to unavailable references
[930.309s][debug][gc,phases      ] GC(76) Reference Processing 0.046ms
[930.310s][debug][gc,phases      ] GC(76) Weak Processing 0.128ms
[930.310s][debug][gc,phases      ] GC(76) Scrub String Table 0.665ms
[930.310s][debug][gc,age         ] GC(76) Desired survivor size 108003328 bytes, new threshold 15 (max threshold 15)
[930.310s][info ][gc,heap        ] GC(76) PSYoungGen: 1861696K->5776K(1991680K)
[930.310s][info ][gc,heap        ] GC(76) ParOldGen: 284825K->284857K(385536K)
[930.310s][info ][gc,metaspace   ] GC(76) Metaspace: 64021K->64021K(1107968K)
[930.310s][info ][gc             ] GC(76) Pause Young (Allocation Failure) 2096M->283M(2321M) 9.384ms
[930.310s][info ][gc,cpu         ] GC(76) User=0.02s Sys=0.02s Real=0.01s
[930.310s][info ][safepoint      ] Leaving safepoint region
[930.310s][info ][safepoint      ] Total time for which application threads were stopped: 0.0095804 seconds, Stopping threads took: 0.0000192 seconds
[933.311s][info ][safepoint      ] Application time: 3.0003188 seconds
[933.311s][info ][safepoint      ] Entering safepoint region: Cleanup
[933.311s][info ][safepoint      ] Leaving safepoint region
[933.311s][info ][safepoint      ] Total time for which application threads were stopped: 0.0000842 seconds, Stopping threads took: 0.0000183 seconds
[936.311s][info ][safepoint      ] Application time: 3.0002329 seconds
[936.311s][info ][safepoint      ] Entering safepoint region: Cleanup
[936.311s][info ][safepoint      ] Leaving safepoint region
[936.311s][info ][safepoint      ] Total time for which application threads were stopped: 0.0000920 seconds, Stopping threads took: 0.0000173 seconds
[942.312s][info ][safepoint      ] Application time: 6.0005057 seconds
[942.312s][info ][safepoint      ] Entering safepoint region: Cleanup
[942.312s][info ][safepoint      ] Leaving safepoint region
[942.312s][info ][safepoint      ] Total time for which application threads were stopped: 0.0002492 seconds, Stopping threads took: 0.0000898 seconds
[945.312s][info ][safepoint      ] Application time: 3.0002411 seconds
[945.312s][info ][safepoint      ] Entering safepoint region: Cleanup
[945.312s][info ][safepoint      ] Leaving safepoint region
[945.312s][info ][safepoint      ] Total time for which application threads were stopped: 0.0001089 seconds, Stopping threads took: 0.0000183 seconds
[947.313s][info ][safepoint      ] Application time: 2.0001761 seconds
[947.313s][info ][safepoint      ] Entering safepoint region: Cleanup
[947.313s][info ][safepoint      ] Leaving safepoint region
[947.313s][info ][safepoint      ] Total time for which application threads were stopped: 0.0000824 seconds, Stopping threads took: 0.0000173 seconds
[950.313s][info ][safepoint      ] Application time: 3.0002622 seconds
[950.313s][info ][safepoint      ] Entering safepoint region: Cleanup
[950.313s][info ][safepoint      ] Leaving safepoint region
[950.313s][info ][safepoint      ] Total time for which application threads were stopped: 0.0000880 seconds, Stopping threads took: 0.0000210 seconds
[951.313s][info ][safepoint      ] Application time: 1.0000710 seconds
[951.313s][info ][safepoint      ] Entering safepoint region: Cleanup
[951.313s][info ][safepoint      ] Leaving safepoint region
[951.313s][info ][safepoint      ] Total time for which application threads were stopped: 0.0001159 seconds, Stopping threads took: 0.0000184 seconds
[953.313s][info ][safepoint      ] Application time: 2.0001516 seconds
[953.313s][info ][safepoint      ] Entering safepoint region: Cleanup
[953.314s][info ][safepoint      ] Leaving safepoint region
[953.314s][info ][safepoint      ] Total time for which application threads were stopped: 0.0000835 seconds, Stopping threads took: 0.0000175 seconds
[958.314s][info ][safepoint      ] Application time: 5.0004767 seconds
[958.314s][info ][safepoint      ] Entering safepoint region: Cleanup
[958.314s][info ][safepoint      ] Leaving safepoint region
[958.314s][info ][safepoint      ] Total time for which application threads were stopped: 0.0001289 seconds, Stopping threads took: 0.0000408 seconds
[960.314s][info ][safepoint      ] Application time: 2.0002451 seconds
[960.315s][info ][safepoint      ] Entering safepoint region: Cleanup
[960.315s][info ][safepoint      ] Leaving safepoint region
[960.315s][info ][safepoint      ] Total time for which application threads were stopped: 0.0001838 seconds, Stopping threads took: 0.0000377 seconds
[961.315s][info ][safepoint      ] Application time: 1.0001481 seconds
[961.315s][info ][safepoint      ] Entering safepoint region: Cleanup
[961.315s][info ][safepoint      ] Leaving safepoint region
[961.315s][info ][safepoint      ] Total time for which application threads were stopped: 0.0000847 seconds, Stopping threads took: 0.0000187 seconds
[962.315s][info ][safepoint      ] Application time: 1.0000705 seconds
[962.315s][info ][safepoint      ] Entering safepoint region: Cleanup
[962.315s][info ][safepoint      ] Leaving safepoint region
[962.315s][info ][safepoint      ] Total time for which application threads were stopped: 0.0001078 seconds, Stopping threads took: 0.0000440 seconds
[964.315s][info ][safepoint      ] Application time: 2.0001394 seconds
[964.315s][info ][safepoint      ] Entering safepoint region: Cleanup
[964.315s][info ][safepoint      ] Leaving safepoint region
[964.315s][info ][safepoint      ] Total time for which application threads were stopped: 0.0000937 seconds, Stopping threads took: 0.0000210 seconds
[969.693s][info ][safepoint      ] Application time: 5.3778683 seconds
[969.693s][info ][safepoint      ] Entering safepoint region: ParallelGCFailedAllocation
[969.694s][info ][gc,start       ] GC(77) Pause Young (Allocation Failure)
[969.701s][debug][gc,phases      ] GC(77) Scavenge 6.919ms
[969.701s][debug][gc,ref         ] GC(77) Skipped phase1 of Reference Processing due to unavailable references
[969.701s][debug][gc,ref         ] GC(77) Skipped phase3 of Reference Processing due to unavailable references
[969.701s][debug][gc,phases      ] GC(77) Reference Processing 0.042ms
[969.701s][debug][gc,phases      ] GC(77) Weak Processing 0.125ms
[969.701s][debug][gc,phases      ] GC(77) Scrub String Table 0.750ms
[969.701s][debug][gc,age         ] GC(77) Desired survivor size 102236160 bytes, new threshold 15 (max threshold 15)
[969.702s][info ][gc,heap        ] GC(77) PSYoungGen: 1885840K->5760K(1985536K)
[969.702s][info ][gc,heap        ] GC(77) ParOldGen: 284857K->284889K(385536K)
[969.702s][info ][gc,metaspace   ] GC(77) Metaspace: 64029K->64029K(1107968K)
[969.702s][info ][gc             ] GC(77) Pause Young (Allocation Failure) 2119M->283M(2315M) 8.137ms
[969.702s][info ][gc,cpu         ] GC(77) User=0.03s Sys=0.01s Real=0.01s
[969.702s][info ][safepoint      ] Leaving safepoint region
[969.702s][info ][safepoint      ] Total time for which application threads were stopped: 0.0083360 seconds, Stopping threads took: 0.0000190 seconds
[976.450s][info ][safepoint      ] Application time: 6.7478679 seconds
[976.450s][info ][safepoint      ] Entering safepoint region: RevokeBias
[976.450s][info ][safepoint      ] Leaving safepoint region
[976.450s][info ][safepoint      ] Total time for which application threads were stopped: 0.0001470 seconds, Stopping threads took: 0.0000340 seconds
[977.450s][info ][safepoint      ] Application time: 1.0001050 seconds
[977.452s][info ][safepoint      ] Entering safepoint region: Cleanup
[977.452s][info ][safepoint      ] Leaving safepoint region
[977.452s][info ][safepoint      ] Total time for which application threads were stopped: 0.0018871 seconds, Stopping threads took: 0.0017445 seconds
[978.452s][info ][safepoint      ] Application time: 1.0001247 seconds
[978.452s][info ][safepoint      ] Entering safepoint region: Cleanup
[978.452s][info ][safepoint      ] Leaving safepoint region
[978.452s][info ][safepoint      ] Total time for which application threads were stopped: 0.0000733 seconds, Stopping threads took: 0.0000157 seconds
[982.453s][info ][safepoint      ] Application time: 4.0004826 seconds
[982.453s][info ][safepoint      ] Entering safepoint region: Cleanup
[982.453s][info ][safepoint      ] Leaving safepoint region
[982.453s][info ][safepoint      ] Total time for which application threads were stopped: 0.0001643 seconds, Stopping threads took: 0.0000386 seconds
[982.982s][info ][safepoint      ] Application time: 0.5291124 seconds
[982.982s][info ][safepoint      ] Entering safepoint region: RevokeBias
[982.982s][info ][safepoint      ] Leaving safepoint region
[982.982s][info ][safepoint      ] Total time for which application threads were stopped: 0.0001017 seconds, Stopping threads took: 0.0000183 seconds
[984.982s][info ][safepoint      ] Application time: 2.0001980 seconds
[984.982s][info ][safepoint      ] Entering safepoint region: Cleanup
[984.982s][info ][safepoint      ] Leaving safepoint region
[984.982s][info ][safepoint      ] Total time for which application threads were stopped: 0.0000745 seconds, Stopping threads took: 0.0000161 seconds
[985.982s][info ][safepoint      ] Application time: 1.0000768 seconds
[985.982s][info ][safepoint      ] Entering safepoint region: Cleanup
[985.983s][info ][safepoint      ] Leaving safepoint region
[985.983s][info ][safepoint      ] Total time for which application threads were stopped: 0.0001268 seconds, Stopping threads took: 0.0000208 seconds
[987.983s][info ][safepoint      ] Application time: 2.0001858 seconds
[987.983s][info ][safepoint      ] Entering safepoint region: Cleanup
[987.983s][info ][safepoint      ] Leaving safepoint region
[987.983s][info ][safepoint      ] Total time for which application threads were stopped: 0.0000887 seconds, Stopping threads took: 0.0000183 seconds
[991.983s][info ][safepoint      ] Application time: 4.0003923 seconds
[991.983s][info ][safepoint      ] Entering safepoint region: Cleanup
[991.983s][info ][safepoint      ] Leaving safepoint region
[991.983s][info ][safepoint      ] Total time for which application threads were stopped: 0.0000819 seconds, Stopping threads took: 0.0000185 seconds
[993.984s][info ][safepoint      ] Application time: 2.0001660 seconds
[993.984s][info ][safepoint      ] Entering safepoint region: Cleanup
[993.984s][info ][safepoint      ] Leaving safepoint region
[993.984s][info ][safepoint      ] Total time for which application threads were stopped: 0.0000876 seconds, Stopping threads took: 0.0000204 seconds
[994.984s][info ][safepoint      ] Application time: 1.0000905 seconds
[994.984s][info ][safepoint      ] Entering safepoint region: Cleanup
[994.984s][info ][safepoint      ] Leaving safepoint region
[994.984s][info ][safepoint      ] Total time for which application threads were stopped: 0.0001268 seconds, Stopping threads took: 0.0000377 seconds
[996.984s][info ][safepoint      ] Application time: 2.0002295 seconds
[996.984s][info ][safepoint      ] Entering safepoint region: Cleanup
[996.984s][info ][safepoint      ] Leaving safepoint region
[996.984s][info ][safepoint      ] Total time for which application threads were stopped: 0.0000788 seconds, Stopping threads took: 0.0000179 seconds
[998.985s][info ][safepoint      ] Application time: 2.0001685 seconds
[998.985s][info ][safepoint      ] Entering safepoint region: Cleanup
[998.985s][info ][safepoint      ] Leaving safepoint region
[998.985s][info ][safepoint      ] Total time for which application threads were stopped: 0.0000790 seconds, Stopping threads took: 0.0000177 seconds
[999.985s][info ][safepoint      ] Application time: 1.0000942 seconds
[999.985s][info ][safepoint      ] Entering safepoint region: Cleanup
[999.985s][info ][safepoint      ] Leaving safepoint region
[999.985s][info ][safepoint      ] Total time for which application threads were stopped: 0.0002235 seconds, Stopping threads took: 0.0000708 seconds
[1003.985s][info ][safepoint      ] Application time: 4.0003698 seconds
[1003.985s][info ][safepoint      ] Entering safepoint region: Cleanup
[1003.986s][info ][safepoint      ] Leaving safepoint region
[1003.986s][info ][safepoint      ] Total time for which application threads were stopped: 0.0001459 seconds, Stopping threads took: 0.0000405 seconds
[1004.986s][info ][safepoint      ] Application time: 1.0001135 seconds
[1004.986s][info ][safepoint      ] Entering safepoint region: Cleanup
[1004.986s][info ][safepoint      ] Leaving safepoint region
[1004.986s][info ][safepoint      ] Total time for which application threads were stopped: 0.0000913 seconds, Stopping threads took: 0.0000189 seconds
[1005.986s][info ][safepoint      ] Application time: 1.0001112 seconds
[1005.986s][info ][safepoint      ] Entering safepoint region: Cleanup
[1005.986s][info ][safepoint      ] Leaving safepoint region
[1005.986s][info ][safepoint      ] Total time for which application threads were stopped: 0.0001605 seconds, Stopping threads took: 0.0000398 seconds
[1006.986s][info ][safepoint      ] Application time: 1.0000975 seconds
[1006.986s][info ][safepoint      ] Entering safepoint region: Cleanup
[1006.986s][info ][safepoint      ] Leaving safepoint region
[1006.986s][info ][safepoint      ] Total time for which application threads were stopped: 0.0000860 seconds, Stopping threads took: 0.0000195 seconds
[1008.446s][info ][safepoint      ] Application time: 1.4593427 seconds
[1008.446s][info ][safepoint      ] Entering safepoint region: ParallelGCFailedAllocation
[1008.446s][info ][gc,start       ] GC(78) Pause Young (Allocation Failure)
[1008.453s][debug][gc,phases      ] GC(78) Scavenge 7.382ms
[1008.453s][debug][gc,ref         ] GC(78) Skipped phase1 of Reference Processing due to unavailable references
[1008.453s][debug][gc,ref         ] GC(78) Skipped phase3 of Reference Processing due to unavailable references
[1008.453s][debug][gc,phases      ] GC(78) Reference Processing 0.042ms
[1008.454s][debug][gc,phases      ] GC(78) Weak Processing 0.140ms
[1008.455s][debug][gc,phases      ] GC(78) Scrub String Table 1.631ms
[1008.455s][debug][gc,age         ] GC(78) Desired survivor size 96468992 bytes, new threshold 15 (max threshold 15)
[1008.455s][info ][gc,heap        ] GC(78) PSYoungGen: 1885824K->5936K(2002944K)
[1008.455s][info ][gc,heap        ] GC(78) ParOldGen: 284889K->284889K(385536K)
[1008.455s][info ][gc,metaspace   ] GC(78) Metaspace: 64044K->64044K(1107968K)
[1008.455s][info ][gc             ] GC(78) Pause Young (Allocation Failure) 2119M->284M(2332M) 9.378ms
[1008.455s][info ][gc,cpu         ] GC(78) User=0.02s Sys=0.00s Real=0.00s
[1008.455s][info ][safepoint      ] Leaving safepoint region
[1008.455s][info ][safepoint      ] Total time for which application threads were stopped: 0.0095762 seconds, Stopping threads took: 0.0000173 seconds
[1011.456s][info ][safepoint      ] Application time: 3.0002928 seconds
[1011.456s][info ][safepoint      ] Entering safepoint region: Cleanup
[1011.456s][info ][safepoint      ] Leaving safepoint region
[1011.456s][info ][safepoint      ] Total time for which application threads were stopped: 0.0000982 seconds, Stopping threads took: 0.0000185 seconds
[1012.456s][info ][safepoint      ] Application time: 1.0000803 seconds
[1012.456s][info ][safepoint      ] Entering safepoint region: Cleanup
[1012.456s][info ][safepoint      ] Leaving safepoint region
[1012.456s][info ][safepoint      ] Total time for which application threads were stopped: 0.0000794 seconds, Stopping threads took: 0.0000174 seconds
[1015.456s][info ][safepoint      ] Application time: 3.0002727 seconds
[1015.456s][info ][safepoint      ] Entering safepoint region: Cleanup
[1015.456s][info ][safepoint      ] Leaving safepoint region
[1015.456s][info ][safepoint      ] Total time for which application threads were stopped: 0.0000949 seconds, Stopping threads took: 0.0000170 seconds
[1019.457s][info ][safepoint      ] Application time: 4.0003710 seconds
[1019.457s][info ][safepoint      ] Entering safepoint region: Cleanup
[1019.457s][info ][safepoint      ] Leaving safepoint region
[1019.457s][info ][safepoint      ] Total time for which application threads were stopped: 0.0000766 seconds, Stopping threads took: 0.0000161 seconds
[1020.457s][info ][safepoint      ] Application time: 1.0000635 seconds
[1020.457s][info ][safepoint      ] Entering safepoint region: Cleanup
[1020.457s][info ][safepoint      ] Leaving safepoint region
[1020.457s][info ][safepoint      ] Total time for which application threads were stopped: 0.0000814 seconds, Stopping threads took: 0.0000166 seconds
[1026.458s][info ][safepoint      ] Application time: 6.0005530 seconds
[1026.458s][info ][safepoint      ] Entering safepoint region: Cleanup
[1026.458s][info ][safepoint      ] Leaving safepoint region
[1026.458s][info ][safepoint      ] Total time for which application threads were stopped: 0.0000775 seconds, Stopping threads took: 0.0000171 seconds
[1028.458s][info ][safepoint      ] Application time: 2.0001947 seconds
[1028.458s][info ][safepoint      ] Entering safepoint region: Cleanup
[1028.458s][info ][safepoint      ] Leaving safepoint region
[1028.458s][info ][safepoint      ] Total time for which application threads were stopped: 0.0000802 seconds, Stopping threads took: 0.0000184 seconds
[1032.458s][info ][safepoint      ] Application time: 4.0003536 seconds
[1032.458s][info ][safepoint      ] Entering safepoint region: Cleanup
[1032.459s][info ][safepoint      ] Leaving safepoint region
[1032.459s][info ][safepoint      ] Total time for which application threads were stopped: 0.0000826 seconds, Stopping threads took: 0.0000175 seconds
[1033.459s][info ][safepoint      ] Application time: 1.0000808 seconds
[1033.459s][info ][safepoint      ] Entering safepoint region: Cleanup
[1033.459s][info ][safepoint      ] Leaving safepoint region
[1033.459s][info ][safepoint      ] Total time for which application threads were stopped: 0.0000998 seconds, Stopping threads took: 0.0000181 seconds
[1034.459s][info ][safepoint      ] Application time: 1.0001098 seconds
[1034.459s][info ][safepoint      ] Entering safepoint region: Cleanup
[1034.459s][info ][safepoint      ] Leaving safepoint region
[1034.459s][info ][safepoint      ] Total time for which application threads were stopped: 0.0000803 seconds, Stopping threads took: 0.0000188 seconds
[1035.459s][info ][safepoint      ] Application time: 1.0000876 seconds
[1035.459s][info ][safepoint      ] Entering safepoint region: Cleanup
[1035.459s][info ][safepoint      ] Leaving safepoint region
[1035.459s][info ][safepoint      ] Total time for which application threads were stopped: 0.0000768 seconds, Stopping threads took: 0.0000178 seconds
[1038.460s][info ][safepoint      ] Application time: 3.0002956 seconds
[1038.460s][info ][safepoint      ] Entering safepoint region: Cleanup
[1038.460s][info ][safepoint      ] Leaving safepoint region
[1038.460s][info ][safepoint      ] Total time for which application threads were stopped: 0.0002466 seconds, Stopping threads took: 0.0001366 seconds
[1049.495s][info ][safepoint      ] Application time: 11.0353264 seconds
[1049.495s][info ][safepoint      ] Entering safepoint region: ParallelGCFailedAllocation
[1049.495s][info ][gc,start       ] GC(79) Pause Young (Allocation Failure)
[1049.503s][debug][gc,phases      ] GC(79) Scavenge 7.838ms
[1049.503s][debug][gc,ref         ] GC(79) Skipped phase1 of Reference Processing due to unavailable references
[1049.503s][debug][gc,ref         ] GC(79) Skipped phase3 of Reference Processing due to unavailable references
[1049.503s][debug][gc,phases      ] GC(79) Reference Processing 0.041ms
[1049.504s][debug][gc,phases      ] GC(79) Weak Processing 0.211ms
[1049.505s][debug][gc,phases      ] GC(79) Scrub String Table 1.105ms
[1049.505s][debug][gc,age         ] GC(79) Desired survivor size 90701824 bytes, new threshold 15 (max threshold 15)
[1049.505s][info ][gc,heap        ] GC(79) PSYoungGen: 1909040K->5328K(1997312K)
[1049.505s][info ][gc,heap        ] GC(79) ParOldGen: 284889K->285529K(385536K)
[1049.505s][info ][gc,metaspace   ] GC(79) Metaspace: 64057K->64057K(1107968K)
[1049.505s][info ][gc             ] GC(79) Pause Young (Allocation Failure) 2142M->284M(2327M) 9.377ms
[1049.505s][info ][gc,cpu         ] GC(79) User=0.03s Sys=0.00s Real=0.01s
[1049.505s][info ][safepoint      ] Leaving safepoint region
[1049.505s][info ][safepoint      ] Total time for which application threads were stopped: 0.0096361 seconds, Stopping threads took: 0.0000363 seconds
[1055.712s][info ][safepoint      ] Application time: 6.2071199 seconds
[1055.712s][info ][safepoint      ] Entering safepoint region: RevokeBias
[1055.712s][info ][safepoint      ] Leaving safepoint region
[1055.712s][info ][safepoint      ] Total time for which application threads were stopped: 0.0001294 seconds, Stopping threads took: 0.0000512 seconds
[1055.712s][info ][safepoint      ] Application time: 0.0002064 seconds
[1055.712s][info ][safepoint      ] Entering safepoint region: RevokeBias
[1055.712s][info ][safepoint      ] Leaving safepoint region
[1055.712s][info ][safepoint      ] Total time for which application threads were stopped: 0.0000562 seconds, Stopping threads took: 0.0000109 seconds
[1059.713s][info ][safepoint      ] Application time: 4.0003786 seconds
[1059.713s][info ][safepoint      ] Entering safepoint region: Cleanup
[1059.713s][info ][safepoint      ] Leaving safepoint region
[1059.713s][info ][safepoint      ] Total time for which application threads were stopped: 0.0000823 seconds, Stopping threads took: 0.0000180 seconds
[1061.713s][info ][safepoint      ] Application time: 2.0002048 seconds
[1061.713s][info ][safepoint      ] Entering safepoint region: Cleanup
[1061.713s][info ][safepoint      ] Leaving safepoint region
[1061.713s][info ][safepoint      ] Total time for which application threads were stopped: 0.0000695 seconds, Stopping threads took: 0.0000164 seconds
[1067.714s][info ][safepoint      ] Application time: 6.0004821 seconds
[1067.714s][info ][safepoint      ] Entering safepoint region: Cleanup
[1067.714s][info ][safepoint      ] Leaving safepoint region
[1067.714s][info ][safepoint      ] Total time for which application threads were stopped: 0.0000775 seconds, Stopping threads took: 0.0000189 seconds
[1080.717s][info ][safepoint      ] Application time: 13.0033420 seconds
[1080.717s][info ][safepoint      ] Entering safepoint region: Cleanup
[1080.717s][info ][safepoint      ] Leaving safepoint region
[1080.717s][info ][safepoint      ] Total time for which application threads were stopped: 0.0002386 seconds, Stopping threads took: 0.0000999 seconds
[1081.718s][info ][safepoint      ] Application time: 1.0001194 seconds
[1081.718s][info ][safepoint      ] Entering safepoint region: Cleanup
[1081.718s][info ][safepoint      ] Leaving safepoint region
[1081.718s][info ][safepoint      ] Total time for which application threads were stopped: 0.0000715 seconds, Stopping threads took: 0.0000158 seconds
[1082.718s][info ][safepoint      ] Application time: 1.0001192 seconds
[1082.718s][info ][safepoint      ] Entering safepoint region: Cleanup
[1082.718s][info ][safepoint      ] Leaving safepoint region
[1082.718s][info ][safepoint      ] Total time for which application threads were stopped: 0.0000856 seconds, Stopping threads took: 0.0000166 seconds
[1085.718s][info ][safepoint      ] Application time: 3.0002869 seconds
[1085.718s][info ][safepoint      ] Entering safepoint region: Cleanup
[1085.718s][info ][safepoint      ] Leaving safepoint region
[1085.718s][info ][safepoint      ] Total time for which application threads were stopped: 0.0000841 seconds, Stopping threads took: 0.0000197 seconds
[1086.718s][info ][safepoint      ] Application time: 1.0000597 seconds
[1086.718s][info ][safepoint      ] Entering safepoint region: Cleanup
[1086.719s][info ][safepoint      ] Leaving safepoint region
[1086.719s][info ][safepoint      ] Total time for which application threads were stopped: 0.0000834 seconds, Stopping threads took: 0.0000177 seconds
[1089.946s][info ][safepoint      ] Application time: 3.2277072 seconds
[1089.946s][info ][safepoint      ] Entering safepoint region: ParallelGCFailedAllocation
[1089.946s][info ][gc,start       ] GC(80) Pause Young (Allocation Failure)
[1089.954s][debug][gc,phases      ] GC(80) Scavenge 8.012ms
[1089.955s][debug][gc,ref         ] GC(80) Skipped phase1 of Reference Processing due to unavailable references
[1089.955s][debug][gc,ref         ] GC(80) Skipped phase3 of Reference Processing due to unavailable references
[1089.955s][debug][gc,ref         ] GC(80) Skipped phase4 of Reference Processing due to unavailable references
[1089.955s][debug][gc,phases      ] GC(80) Reference Processing 0.046ms
[1089.955s][debug][gc,phases      ] GC(80) Weak Processing 0.126ms
[1089.955s][debug][gc,phases      ] GC(80) Scrub String Table 0.727ms
[1089.955s][debug][gc,age         ] GC(80) Desired survivor size 85458944 bytes, new threshold 15 (max threshold 15)
[1089.955s][info ][gc,heap        ] GC(80) PSYoungGen: 1908432K->4736K(2013696K)
[1089.955s][info ][gc,heap        ] GC(80) ParOldGen: 285529K->286257K(385536K)
[1089.955s][info ][gc,metaspace   ] GC(80) Metaspace: 64063K->64063K(1107968K)
[1089.955s][info ][gc             ] GC(80) Pause Young (Allocation Failure) 2142M->284M(2343M) 9.085ms
[1089.956s][info ][gc,cpu         ] GC(80) User=0.03s Sys=0.00s Real=0.00s
[1089.956s][info ][safepoint      ] Leaving safepoint region
[1089.956s][info ][safepoint      ] Total time for which application threads were stopped: 0.0092752 seconds, Stopping threads took: 0.0000170 seconds
[1090.956s][info ][safepoint      ] Application time: 1.0001047 seconds
[1090.956s][info ][safepoint      ] Entering safepoint region: Cleanup
[1090.956s][info ][safepoint      ] Leaving safepoint region
[1090.956s][info ][safepoint      ] Total time for which application threads were stopped: 0.0001432 seconds, Stopping threads took: 0.0000715 seconds
[1097.957s][info ][safepoint      ] Application time: 7.0006463 seconds
[1097.957s][info ][safepoint      ] Entering safepoint region: Cleanup
[1097.957s][info ][safepoint      ] Leaving safepoint region
[1097.957s][info ][safepoint      ] Total time for which application threads were stopped: 0.0002196 seconds, Stopping threads took: 0.0000671 seconds
[1098.957s][info ][safepoint      ] Application time: 1.0001160 seconds
[1098.957s][info ][safepoint      ] Entering safepoint region: Cleanup
[1098.957s][info ][safepoint      ] Leaving safepoint region
[1098.957s][info ][safepoint      ] Total time for which application threads were stopped: 0.0001039 seconds, Stopping threads took: 0.0000177 seconds
[1106.958s][info ][safepoint      ] Application time: 8.0007736 seconds
[1106.958s][info ][safepoint      ] Entering safepoint region: Cleanup
[1106.958s][info ][safepoint      ] Leaving safepoint region
[1106.958s][info ][safepoint      ] Total time for which application threads were stopped: 0.0000834 seconds, Stopping threads took: 0.0000199 seconds
[1109.958s][info ][safepoint      ] Application time: 3.0002828 seconds
[1109.958s][info ][safepoint      ] Entering safepoint region: Cleanup
[1109.958s][info ][safepoint      ] Leaving safepoint region
[1109.958s][info ][safepoint      ] Total time for which application threads were stopped: 0.0000809 seconds, Stopping threads took: 0.0000169 seconds
[1114.959s][info ][safepoint      ] Application time: 5.0003597 seconds
[1114.959s][info ][safepoint      ] Entering safepoint region: Cleanup
[1114.959s][info ][safepoint      ] Leaving safepoint region
[1114.959s][info ][safepoint      ] Total time for which application threads were stopped: 0.0000986 seconds, Stopping threads took: 0.0000336 seconds
[1119.959s][info ][safepoint      ] Application time: 5.0004895 seconds
[1119.959s][info ][safepoint      ] Entering safepoint region: Cleanup
[1119.959s][info ][safepoint      ] Leaving safepoint region
[1119.959s][info ][safepoint      ] Total time for which application threads were stopped: 0.0000800 seconds, Stopping threads took: 0.0000176 seconds
[1123.960s][info ][safepoint      ] Application time: 4.0004089 seconds
[1123.960s][info ][safepoint      ] Entering safepoint region: Cleanup
[1123.960s][info ][safepoint      ] Leaving safepoint region
[1123.960s][info ][safepoint      ] Total time for which application threads were stopped: 0.0002213 seconds, Stopping threads took: 0.0000725 seconds
[1124.960s][info ][safepoint      ] Application time: 1.0001181 seconds
[1124.960s][info ][safepoint      ] Entering safepoint region: Cleanup
[1124.960s][info ][safepoint      ] Leaving safepoint region
[1124.960s][info ][safepoint      ] Total time for which application threads were stopped: 0.0001197 seconds, Stopping threads took: 0.0000277 seconds
[1128.245s][info ][safepoint      ] Application time: 3.2840445 seconds
[1128.245s][info ][safepoint      ] Entering safepoint region: ParallelGCFailedAllocation
[1128.245s][info ][gc,start       ] GC(81) Pause Young (Allocation Failure)
[1128.253s][debug][gc,phases      ] GC(81) Scavenge 7.867ms
[1128.253s][debug][gc,ref         ] GC(81) Skipped phase1 of Reference Processing due to unavailable references
[1128.253s][debug][gc,ref         ] GC(81) Skipped phase3 of Reference Processing due to unavailable references
[1128.253s][debug][gc,phases      ] GC(81) Reference Processing 0.042ms
[1128.253s][debug][gc,phases      ] GC(81) Weak Processing 0.125ms
[1128.254s][debug][gc,phases      ] GC(81) Scrub String Table 0.729ms
[1128.254s][debug][gc,age         ] GC(81) Desired survivor size 80740352 bytes, new threshold 15 (max threshold 15)
[1128.254s][info ][gc,heap        ] GC(81) PSYoungGen: 1929856K->3312K(2008576K)
[1128.254s][info ][gc,heap        ] GC(81) ParOldGen: 286257K->287865K(385536K)
[1128.254s][info ][gc,metaspace   ] GC(81) Metaspace: 64068K->64068K(1107968K)
[1128.254s][info ][gc             ] GC(81) Pause Young (Allocation Failure) 2164M->284M(2338M) 8.928ms
[1128.254s][info ][gc,cpu         ] GC(81) User=0.03s Sys=0.01s Real=0.01s
[1128.254s][info ][safepoint      ] Leaving safepoint region
[1128.254s][info ][safepoint      ] Total time for which application threads were stopped: 0.0091458 seconds, Stopping threads took: 0.0000175 seconds
[1130.254s][info ][safepoint      ] Application time: 2.0001984 seconds
[1130.254s][info ][safepoint      ] Entering safepoint region: Cleanup
[1130.254s][info ][safepoint      ] Leaving safepoint region
[1130.254s][info ][safepoint      ] Total time for which application threads were stopped: 0.0000871 seconds, Stopping threads took: 0.0000168 seconds
[1133.257s][info ][safepoint      ] Application time: 3.0034628 seconds
[1133.258s][info ][safepoint      ] Entering safepoint region: Cleanup
[1133.258s][info ][safepoint      ] Leaving safepoint region
[1133.258s][info ][safepoint      ] Total time for which application threads were stopped: 0.0000837 seconds, Stopping threads took: 0.0000172 seconds
[1138.258s][info ][safepoint      ] Application time: 5.0005654 seconds
[1138.258s][info ][safepoint      ] Entering safepoint region: Cleanup
[1138.258s][info ][safepoint      ] Leaving safepoint region
[1138.258s][info ][safepoint      ] Total time for which application threads were stopped: 0.0001902 seconds, Stopping threads took: 0.0000391 seconds
[1139.259s][info ][safepoint      ] Application time: 1.0001141 seconds
[1139.259s][info ][safepoint      ] Entering safepoint region: Cleanup
[1139.259s][info ][safepoint      ] Leaving safepoint region
[1139.259s][info ][safepoint      ] Total time for which application threads were stopped: 0.0000793 seconds, Stopping threads took: 0.0000165 seconds
[1140.259s][info ][safepoint      ] Application time: 1.0001011 seconds
[1140.259s][info ][safepoint      ] Entering safepoint region: Cleanup
[1140.259s][info ][safepoint      ] Leaving safepoint region
[1140.259s][info ][safepoint      ] Total time for which application threads were stopped: 0.0001661 seconds, Stopping threads took: 0.0000784 seconds
[1141.259s][info ][safepoint      ] Application time: 1.0001015 seconds
[1141.259s][info ][safepoint      ] Entering safepoint region: Cleanup
[1141.259s][info ][safepoint      ] Leaving safepoint region
[1141.259s][info ][safepoint      ] Total time for which application threads were stopped: 0.0000869 seconds, Stopping threads took: 0.0000189 seconds
[1142.259s][info ][safepoint      ] Application time: 1.0001245 seconds
[1142.259s][info ][safepoint      ] Entering safepoint region: Cleanup
[1142.259s][info ][safepoint      ] Leaving safepoint region
[1142.259s][info ][safepoint      ] Total time for which application threads were stopped: 0.0000802 seconds, Stopping threads took: 0.0000180 seconds
[1145.260s][info ][safepoint      ] Application time: 3.0002215 seconds
[1145.260s][info ][safepoint      ] Entering safepoint region: Cleanup
[1145.260s][info ][safepoint      ] Leaving safepoint region
[1145.260s][info ][safepoint      ] Total time for which application threads were stopped: 0.0000799 seconds, Stopping threads took: 0.0000171 seconds
[1146.260s][info ][safepoint      ] Application time: 1.0001209 seconds
[1146.260s][info ][safepoint      ] Entering safepoint region: Cleanup
[1146.260s][info ][safepoint      ] Leaving safepoint region
[1146.260s][info ][safepoint      ] Total time for which application threads were stopped: 0.0000784 seconds, Stopping threads took: 0.0000180 seconds
[1148.260s][info ][safepoint      ] Application time: 2.0002024 seconds
[1148.260s][info ][safepoint      ] Entering safepoint region: Cleanup
[1148.261s][info ][safepoint      ] Leaving safepoint region
[1148.261s][info ][safepoint      ] Total time for which application threads were stopped: 0.0002176 seconds, Stopping threads took: 0.0000626 seconds
[1153.633s][info ][safepoint      ] Application time: 5.3723513 seconds
[1153.633s][info ][safepoint      ] Entering safepoint region: RevokeBias
[1153.633s][info ][safepoint      ] Leaving safepoint region
[1153.633s][info ][safepoint      ] Total time for which application threads were stopped: 0.0001415 seconds, Stopping threads took: 0.0000376 seconds
[1153.633s][info ][safepoint      ] Application time: 0.0001950 seconds
[1153.633s][info ][safepoint      ] Entering safepoint region: RevokeBias
[1153.633s][info ][safepoint      ] Leaving safepoint region
[1153.633s][info ][safepoint      ] Total time for which application threads were stopped: 0.0000749 seconds, Stopping threads took: 0.0000117 seconds
[1155.634s][info ][safepoint      ] Application time: 2.0002004 seconds
[1155.634s][info ][safepoint      ] Entering safepoint region: Cleanup
[1155.634s][info ][safepoint      ] Leaving safepoint region
[1155.634s][info ][safepoint      ] Total time for which application threads were stopped: 0.0001127 seconds, Stopping threads took: 0.0000418 seconds
[1157.634s][info ][safepoint      ] Application time: 2.0001876 seconds
[1157.634s][info ][safepoint      ] Entering safepoint region: Cleanup
[1157.634s][info ][safepoint      ] Leaving safepoint region
[1157.634s][info ][safepoint      ] Total time for which application threads were stopped: 0.0000986 seconds, Stopping threads took: 0.0000184 seconds
[1162.635s][info ][safepoint      ] Application time: 5.0004871 seconds
[1162.635s][info ][safepoint      ] Entering safepoint region: Cleanup
[1162.635s][info ][safepoint      ] Leaving safepoint region
[1162.635s][info ][safepoint      ] Total time for which application threads were stopped: 0.0001207 seconds, Stopping threads took: 0.0000593 seconds
[1163.746s][info ][safepoint      ] Application time: 1.1111012 seconds
[1163.746s][info ][safepoint      ] Entering safepoint region: ParallelGCFailedAllocation
[1163.746s][info ][gc,start       ] GC(82) Pause Young (Allocation Failure)
[1163.753s][debug][gc,phases      ] GC(82) Scavenge 6.486ms
[1163.753s][debug][gc,ref         ] GC(82) Skipped phase1 of Reference Processing due to unavailable references
[1163.753s][debug][gc,ref         ] GC(82) Skipped phase3 of Reference Processing due to unavailable references
[1163.753s][debug][gc,ref         ] GC(82) Skipped phase4 of Reference Processing due to unavailable references
[1163.753s][debug][gc,phases      ] GC(82) Reference Processing 0.046ms
[1163.753s][debug][gc,phases      ] GC(82) Weak Processing 0.126ms
[1163.753s][debug][gc,phases      ] GC(82) Scrub String Table 0.739ms
[1163.754s][debug][gc,age         ] GC(82) Desired survivor size 76021760 bytes, new threshold 15 (max threshold 15)
[1163.754s][info ][gc,heap        ] GC(82) PSYoungGen: 1928432K->3328K(2022912K)
[1163.754s][info ][gc,heap        ] GC(82) ParOldGen: 287865K->287865K(385536K)
[1163.754s][info ][gc,metaspace   ] GC(82) Metaspace: 64084K->64084K(1107968K)
[1163.754s][info ][gc             ] GC(82) Pause Young (Allocation Failure) 2164M->284M(2352M) 7.554ms
[1163.754s][info ][gc,cpu         ] GC(82) User=0.03s Sys=0.00s Real=0.00s
[1163.754s][info ][safepoint      ] Leaving safepoint region
[1163.754s][info ][safepoint      ] Total time for which application threads were stopped: 0.0077590 seconds, Stopping threads took: 0.0000169 seconds
[1167.754s][info ][safepoint      ] Application time: 4.0003483 seconds
[1167.754s][info ][safepoint      ] Entering safepoint region: Cleanup
[1167.754s][info ][safepoint      ] Leaving safepoint region
[1167.754s][info ][safepoint      ] Total time for which application threads were stopped: 0.0000836 seconds, Stopping threads took: 0.0000176 seconds
[1169.754s][info ][safepoint      ] Application time: 2.0002368 seconds
[1169.754s][info ][safepoint      ] Entering safepoint region: Cleanup
[1169.755s][info ][safepoint      ] Leaving safepoint region
[1169.755s][info ][safepoint      ] Total time for which application threads were stopped: 0.0001459 seconds, Stopping threads took: 0.0000576 seconds
[1171.755s][info ][safepoint      ] Application time: 2.0002267 seconds
[1171.755s][info ][safepoint      ] Entering safepoint region: Cleanup
[1171.755s][info ][safepoint      ] Leaving safepoint region
[1171.755s][info ][safepoint      ] Total time for which application threads were stopped: 0.0001530 seconds, Stopping threads took: 0.0000387 seconds
[1173.755s][info ][safepoint      ] Application time: 2.0001528 seconds
[1173.755s][info ][safepoint      ] Entering safepoint region: Cleanup
[1173.755s][info ][safepoint      ] Leaving safepoint region
[1173.755s][info ][safepoint      ] Total time for which application threads were stopped: 0.0000724 seconds, Stopping threads took: 0.0000167 seconds
[1174.755s][info ][safepoint      ] Application time: 1.0000773 seconds
[1174.755s][info ][safepoint      ] Entering safepoint region: Cleanup
[1174.755s][info ][safepoint      ] Leaving safepoint region
[1174.755s][info ][safepoint      ] Total time for which application threads were stopped: 0.0000925 seconds, Stopping threads took: 0.0000176 seconds
[1177.756s][info ][safepoint      ] Application time: 3.0002584 seconds
[1177.756s][info ][safepoint      ] Entering safepoint region: Cleanup
[1177.756s][info ][safepoint      ] Leaving safepoint region
[1177.756s][info ][safepoint      ] Total time for which application threads were stopped: 0.0000763 seconds, Stopping threads took: 0.0000172 seconds
[1180.756s][info ][safepoint      ] Application time: 3.0002549 seconds
[1180.756s][info ][safepoint      ] Entering safepoint region: Cleanup
[1180.756s][info ][safepoint      ] Leaving safepoint region
[1180.756s][info ][safepoint      ] Total time for which application threads were stopped: 0.0000887 seconds, Stopping threads took: 0.0000312 seconds
[1182.756s][info ][safepoint      ] Application time: 2.0001960 seconds
[1182.756s][info ][safepoint      ] Entering safepoint region: Cleanup
[1182.757s][info ][safepoint      ] Leaving safepoint region
[1182.757s][info ][safepoint      ] Total time for which application threads were stopped: 0.0000848 seconds, Stopping threads took: 0.0000197 seconds
[1183.757s][info ][safepoint      ] Application time: 1.0000934 seconds
[1183.757s][info ][safepoint      ] Entering safepoint region: Cleanup
[1183.757s][info ][safepoint      ] Leaving safepoint region
[1183.757s][info ][safepoint      ] Total time for which application threads were stopped: 0.0000766 seconds, Stopping threads took: 0.0000162 seconds
[1186.757s][info ][safepoint      ] Application time: 3.0003142 seconds
[1186.757s][info ][safepoint      ] Entering safepoint region: Cleanup
[1186.757s][info ][safepoint      ] Leaving safepoint region
[1186.757s][info ][safepoint      ] Total time for which application threads were stopped: 0.0002724 seconds, Stopping threads took: 0.0000163 seconds
[1187.757s][info ][safepoint      ] Application time: 1.0000830 seconds
[1187.757s][info ][safepoint      ] Entering safepoint region: Cleanup
[1187.758s][info ][safepoint      ] Leaving safepoint region
[1187.758s][info ][safepoint      ] Total time for which application threads were stopped: 0.0000799 seconds, Stopping threads took: 0.0000164 seconds
[1189.758s][info ][safepoint      ] Application time: 2.0001441 seconds
[1189.758s][info ][safepoint      ] Entering safepoint region: Cleanup
[1189.758s][info ][safepoint      ] Leaving safepoint region
[1189.758s][info ][safepoint      ] Total time for which application threads were stopped: 0.0000833 seconds, Stopping threads took: 0.0000169 seconds
[1190.758s][info ][safepoint      ] Application time: 1.0000776 seconds
[1190.758s][info ][safepoint      ] Entering safepoint region: Cleanup
[1190.758s][info ][safepoint      ] Leaving safepoint region
[1190.758s][info ][safepoint      ] Total time for which application threads were stopped: 0.0000821 seconds, Stopping threads took: 0.0000172 seconds
[1191.758s][info ][safepoint      ] Application time: 1.0000967 seconds
[1191.758s][info ][safepoint      ] Entering safepoint region: Cleanup
[1191.758s][info ][safepoint      ] Leaving safepoint region
[1191.758s][info ][safepoint      ] Total time for which application threads were stopped: 0.0000801 seconds, Stopping threads took: 0.0000166 seconds
[1200.794s][info ][safepoint      ] Application time: 9.0359308 seconds
[1200.794s][info ][safepoint      ] Entering safepoint region: ParallelGCFailedAllocation
[1200.795s][info ][gc,start       ] GC(83) Pause Young (Allocation Failure)
[1200.803s][debug][gc,phases      ] GC(83) Scavenge 8.571ms
[1200.803s][debug][gc,ref         ] GC(83) Skipped phase1 of Reference Processing due to unavailable references
[1200.803s][debug][gc,ref         ] GC(83) Skipped phase3 of Reference Processing due to unavailable references
[1200.803s][debug][gc,phases      ] GC(83) Reference Processing 0.063ms
[1200.803s][debug][gc,phases      ] GC(83) Weak Processing 0.129ms
[1200.804s][debug][gc,phases      ] GC(83) Scrub String Table 0.780ms
[1200.804s][debug][gc,age         ] GC(83) Desired survivor size 70778880 bytes, new threshold 15 (max threshold 15)
[1200.804s][info ][gc,heap        ] GC(83) PSYoungGen: 1947392K->9408K(2018304K)
[1200.804s][info ][gc,heap        ] GC(83) ParOldGen: 287865K->287873K(385536K)
[1200.804s][info ][gc,metaspace   ] GC(83) Metaspace: 64190K->64190K(1107968K)
[1200.804s][info ][gc             ] GC(83) Pause Young (Allocation Failure) 2182M->290M(2347M) 9.724ms
[1200.804s][info ][gc,cpu         ] GC(83) User=0.03s Sys=0.00s Real=0.01s
[1200.804s][info ][safepoint      ] Leaving safepoint region
[1200.804s][info ][safepoint      ] Total time for which application threads were stopped: 0.0100876 seconds, Stopping threads took: 0.0000653 seconds
[1202.805s][info ][safepoint      ] Application time: 2.0002309 seconds
[1202.805s][info ][safepoint      ] Entering safepoint region: Cleanup
[1202.805s][info ][safepoint      ] Leaving safepoint region
[1202.805s][info ][safepoint      ] Total time for which application threads were stopped: 0.0001545 seconds, Stopping threads took: 0.0000458 seconds
[1203.805s][info ][safepoint      ] Application time: 1.0000818 seconds
[1203.805s][info ][safepoint      ] Entering safepoint region: Cleanup
[1203.805s][info ][safepoint      ] Leaving safepoint region
[1203.805s][info ][safepoint      ] Total time for which application threads were stopped: 0.0001511 seconds, Stopping threads took: 0.0000695 seconds
[1204.805s][info ][safepoint      ] Application time: 1.0001185 seconds
[1204.805s][info ][safepoint      ] Entering safepoint region: Cleanup
[1204.805s][info ][safepoint      ] Leaving safepoint region
[1204.805s][info ][safepoint      ] Total time for which application threads were stopped: 0.0000966 seconds, Stopping threads took: 0.0000185 seconds
[1205.805s][info ][safepoint      ] Application time: 1.0000814 seconds
[1205.805s][info ][safepoint      ] Entering safepoint region: Cleanup
[1205.806s][info ][safepoint      ] Leaving safepoint region
[1205.806s][info ][safepoint      ] Total time for which application threads were stopped: 0.0001757 seconds, Stopping threads took: 0.0000350 seconds
[1206.806s][info ][safepoint      ] Application time: 1.0000912 seconds
[1206.806s][info ][safepoint      ] Entering safepoint region: Cleanup
[1206.806s][info ][safepoint      ] Leaving safepoint region
[1206.806s][info ][safepoint      ] Total time for which application threads were stopped: 0.0000855 seconds, Stopping threads took: 0.0000177 seconds
[1207.806s][info ][safepoint      ] Application time: 1.0000709 seconds
[1207.806s][info ][safepoint      ] Entering safepoint region: Cleanup
[1207.806s][info ][safepoint      ] Leaving safepoint region
[1207.806s][info ][safepoint      ] Total time for which application threads were stopped: 0.0001055 seconds, Stopping threads took: 0.0000185 seconds
[1208.806s][info ][safepoint      ] Application time: 1.0000846 seconds
[1208.806s][info ][safepoint      ] Entering safepoint region: Cleanup
[1208.806s][info ][safepoint      ] Leaving safepoint region
[1208.806s][info ][safepoint      ] Total time for which application threads were stopped: 0.0000812 seconds, Stopping threads took: 0.0000174 seconds
[1209.806s][info ][safepoint      ] Application time: 1.0000517 seconds
[1209.806s][info ][safepoint      ] Entering safepoint region: Cleanup
[1209.806s][info ][safepoint      ] Leaving safepoint region
[1209.806s][info ][safepoint      ] Total time for which application threads were stopped: 0.0000890 seconds, Stopping threads took: 0.0000190 seconds
[1210.806s][info ][safepoint      ] Application time: 1.0000833 seconds
[1210.807s][info ][safepoint      ] Entering safepoint region: Cleanup
[1210.807s][info ][safepoint      ] Leaving safepoint region
[1210.807s][info ][safepoint      ] Total time for which application threads were stopped: 0.0001317 seconds, Stopping threads took: 0.0000397 seconds
[1216.807s][info ][safepoint      ] Application time: 6.0006417 seconds
[1216.807s][info ][safepoint      ] Entering safepoint region: Cleanup
[1216.808s][info ][safepoint      ] Leaving safepoint region
[1216.808s][info ][safepoint      ] Total time for which application threads were stopped: 0.0001888 seconds, Stopping threads took: 0.0000276 seconds
[1227.808s][info ][safepoint      ] Application time: 11.0009594 seconds
[1227.809s][info ][safepoint      ] Entering safepoint region: Cleanup
[1227.809s][info ][safepoint      ] Leaving safepoint region
[1227.809s][info ][safepoint      ] Total time for which application threads were stopped: 0.0000977 seconds, Stopping threads took: 0.0000184 seconds
[1246.996s][info ][safepoint      ] Application time: 19.1878095 seconds
[1246.996s][info ][safepoint      ] Entering safepoint region: ParallelGCFailedAllocation
[1246.997s][info ][gc,start       ] GC(84) Pause Young (Allocation Failure)
[1247.004s][debug][gc,phases      ] GC(84) Scavenge 7.683ms
[1247.004s][debug][gc,ref         ] GC(84) Skipped phase1 of Reference Processing due to unavailable references
[1247.004s][debug][gc,ref         ] GC(84) Skipped phase3 of Reference Processing due to unavailable references
[1247.004s][debug][gc,phases      ] GC(84) Reference Processing 0.045ms
[1247.005s][debug][gc,phases      ] GC(84) Weak Processing 0.127ms
[1247.006s][debug][gc,phases      ] GC(84) Scrub String Table 1.080ms
[1247.006s][debug][gc,age         ] GC(84) Desired survivor size 66060288 bytes, new threshold 15 (max threshold 15)
[1247.006s][info ][gc,heap        ] GC(84) PSYoungGen: 1953472K->6544K(2032640K)
[1247.006s][info ][gc,heap        ] GC(84) ParOldGen: 287873K->287905K(385536K)
[1247.006s][info ][gc,metaspace   ] GC(84) Metaspace: 64202K->64202K(1107968K)
[1247.006s][info ][gc             ] GC(84) Pause Young (Allocation Failure) 2188M->287M(2361M) 9.138ms
[1247.006s][info ][gc,cpu         ] GC(84) User=0.02s Sys=0.01s Real=0.02s
[1247.006s][info ][safepoint      ] Leaving safepoint region
[1247.006s][info ][safepoint      ] Total time for which application threads were stopped: 0.0093887 seconds, Stopping threads took: 0.0000356 seconds
[1275.989s][info ][safepoint      ] Application time: 28.9830709 seconds
[1275.989s][info ][safepoint      ] Entering safepoint region: RevokeBias
[1275.989s][info ][safepoint      ] Leaving safepoint region
[1275.989s][info ][safepoint      ] Total time for which application threads were stopped: 0.0002693 seconds, Stopping threads took: 0.0000682 seconds
[1275.990s][info ][safepoint      ] Application time: 0.0006315 seconds
[1275.990s][info ][safepoint      ] Entering safepoint region: RevokeBias
[1275.990s][info ][safepoint      ] Leaving safepoint region
[1275.990s][info ][safepoint      ] Total time for which application threads were stopped: 0.0000619 seconds, Stopping threads took: 0.0000127 seconds
[1276.596s][info ][safepoint      ] Application time: 0.6063258 seconds
[1276.596s][info ][safepoint      ] Entering safepoint region: RevokeBias
[1276.596s][info ][safepoint      ] Leaving safepoint region
[1276.596s][info ][safepoint      ] Total time for which application threads were stopped: 0.0001413 seconds, Stopping threads took: 0.0000508 seconds
[1287.271s][info ][safepoint      ] Application time: 10.6748518 seconds
[1287.271s][info ][safepoint      ] Entering safepoint region: RevokeBias
[1287.272s][info ][safepoint      ] Leaving safepoint region
[1287.272s][info ][safepoint      ] Total time for which application threads were stopped: 0.0001153 seconds, Stopping threads took: 0.0000378 seconds
[1299.646s][info ][safepoint      ] Application time: 12.3740474 seconds
[1299.646s][info ][safepoint      ] Entering safepoint region: ParallelGCFailedAllocation
[1299.646s][info ][gc,start       ] GC(85) Pause Young (Allocation Failure)
[1299.653s][debug][gc,phases      ] GC(85) Scavenge 7.434ms
[1299.653s][debug][gc,ref         ] GC(85) Skipped phase1 of Reference Processing due to unavailable references
[1299.653s][debug][gc,ref         ] GC(85) Skipped phase3 of Reference Processing due to unavailable references
[1299.653s][debug][gc,ref         ] GC(85) Skipped phase4 of Reference Processing due to unavailable references
[1299.653s][debug][gc,phases      ] GC(85) Reference Processing 0.051ms
[1299.654s][debug][gc,phases      ] GC(85) Weak Processing 0.212ms
[1299.655s][debug][gc,phases      ] GC(85) Scrub String Table 1.112ms
[1299.655s][debug][gc,age         ] GC(85) Desired survivor size 61865984 bytes, new threshold 15 (max threshold 15)
[1299.655s][info ][gc,heap        ] GC(85) PSYoungGen: 1970064K->5776K(2028032K)
[1299.655s][info ][gc,heap        ] GC(85) ParOldGen: 287905K->288617K(385536K)
[1299.655s][info ][gc,metaspace   ] GC(85) Metaspace: 64202K->64202K(1107968K)
[1299.655s][info ][gc             ] GC(85) Pause Young (Allocation Failure) 2205M->287M(2357M) 8.985ms
[1299.655s][info ][gc,cpu         ] GC(85) User=0.02s Sys=0.01s Real=0.00s
[1299.655s][info ][safepoint      ] Leaving safepoint region
[1299.655s][info ][safepoint      ] Total time for which application threads were stopped: 0.0091893 seconds, Stopping threads took: 0.0000162 seconds
[1347.271s][info ][safepoint      ] Application time: 47.6166194 seconds
[1347.272s][info ][safepoint      ] Entering safepoint region: RevokeBias
[1347.272s][info ][safepoint      ] Leaving safepoint region
[1347.272s][info ][safepoint      ] Total time for which application threads were stopped: 0.0001895 seconds, Stopping threads took: 0.0000718 seconds
[1352.395s][info ][safepoint      ] Application time: 5.1229454 seconds
[1352.395s][info ][safepoint      ] Entering safepoint region: ParallelGCFailedAllocation
[1352.395s][info ][gc,start       ] GC(86) Pause Young (Allocation Failure)
[1352.402s][debug][gc,phases      ] GC(86) Scavenge 7.229ms
[1352.402s][debug][gc,ref         ] GC(86) Skipped phase1 of Reference Processing due to unavailable references
[1352.402s][debug][gc,ref         ] GC(86) Skipped phase3 of Reference Processing due to unavailable references
[1352.402s][debug][gc,ref         ] GC(86) Skipped phase4 of Reference Processing due to unavailable references
[1352.402s][debug][gc,phases      ] GC(86) Reference Processing 0.047ms
[1352.402s][debug][gc,phases      ] GC(86) Weak Processing 0.144ms
[1352.403s][debug][gc,phases      ] GC(86) Scrub String Table 0.792ms
[1352.403s][debug][gc,age         ] GC(86) Desired survivor size 58195968 bytes, new threshold 15 (max threshold 15)
[1352.403s][info ][gc,heap        ] GC(86) PSYoungGen: 1969296K->5456K(2040320K)
[1352.403s][info ][gc,heap        ] GC(86) ParOldGen: 288617K->288921K(385536K)
[1352.403s][info ][gc,metaspace   ] GC(86) Metaspace: 64202K->64202K(1107968K)
[1352.403s][info ][gc             ] GC(86) Pause Young (Allocation Failure) 2204M->287M(2369M) 8.383ms
[1352.403s][info ][gc,cpu         ] GC(86) User=0.02s Sys=0.01s Real=0.01s
[1352.403s][info ][safepoint      ] Leaving safepoint region
[1352.403s][info ][safepoint      ] Total time for which application threads were stopped: 0.0085833 seconds, Stopping threads took: 0.0000179 seconds
[1405.546s][info ][safepoint      ] Application time: 53.1424084 seconds
[1405.546s][info ][safepoint      ] Entering safepoint region: ParallelGCFailedAllocation
[1405.546s][info ][gc,start       ] GC(87) Pause Young (Allocation Failure)
[1405.553s][debug][gc,phases      ] GC(87) Scavenge 7.288ms
[1405.553s][debug][gc,ref         ] GC(87) Skipped phase1 of Reference Processing due to unavailable references
[1405.553s][debug][gc,ref         ] GC(87) Skipped phase3 of Reference Processing due to unavailable references
[1405.553s][debug][gc,ref         ] GC(87) Skipped phase4 of Reference Processing due to unavailable references
[1405.553s][debug][gc,phases      ] GC(87) Reference Processing 0.050ms
[1405.554s][debug][gc,phases      ] GC(87) Weak Processing 0.217ms
[1405.555s][debug][gc,phases      ] GC(87) Scrub String Table 0.909ms
[1405.555s][debug][gc,age         ] GC(87) Desired survivor size 54525952 bytes, new threshold 15 (max threshold 15)
[1405.555s][info ][gc,heap        ] GC(87) PSYoungGen: 1985360K->5376K(2036736K)
[1405.555s][info ][gc,heap        ] GC(87) ParOldGen: 288921K->288929K(385536K)
[1405.555s][info ][gc,metaspace   ] GC(87) Metaspace: 64202K->64202K(1107968K)
[1405.555s][info ][gc             ] GC(87) Pause Young (Allocation Failure) 2220M->287M(2365M) 8.645ms
[1405.555s][info ][gc,cpu         ] GC(87) User=0.03s Sys=0.01s Real=0.00s
[1405.555s][info ][safepoint      ] Leaving safepoint region
[1405.555s][info ][safepoint      ] Total time for which application threads were stopped: 0.0089962 seconds, Stopping threads took: 0.0000880 seconds
[1407.271s][info ][safepoint      ] Application time: 1.7166619 seconds
[1407.271s][info ][safepoint      ] Entering safepoint region: RevokeBias
[1407.272s][info ][safepoint      ] Leaving safepoint region
[1407.272s][info ][safepoint      ] Total time for which application threads were stopped: 0.0001021 seconds, Stopping threads took: 0.0000167 seconds
[1436.274s][info ][safepoint      ] Application time: 29.0027785 seconds
[1436.274s][info ][safepoint      ] Entering safepoint region: Cleanup
[1436.275s][info ][safepoint      ] Leaving safepoint region
[1436.275s][info ][safepoint      ] Total time for which application threads were stopped: 0.0002169 seconds, Stopping threads took: 0.0000735 seconds
[1438.275s][info ][safepoint      ] Application time: 2.0001972 seconds
[1438.275s][info ][safepoint      ] Entering safepoint region: Cleanup
[1438.275s][info ][safepoint      ] Leaving safepoint region
[1438.275s][info ][safepoint      ] Total time for which application threads were stopped: 0.0001441 seconds, Stopping threads took: 0.0000530 seconds
[1439.275s][info ][safepoint      ] Application time: 1.0001182 seconds
[1439.275s][info ][safepoint      ] Entering safepoint region: Cleanup
[1439.275s][info ][safepoint      ] Leaving safepoint region
[1439.275s][info ][safepoint      ] Total time for which application threads were stopped: 0.0000854 seconds, Stopping threads took: 0.0000165 seconds
[1440.275s][info ][safepoint      ] Application time: 1.0000899 seconds
[1440.275s][info ][safepoint      ] Entering safepoint region: Cleanup
[1440.275s][info ][safepoint      ] Leaving safepoint region
[1440.275s][info ][safepoint      ] Total time for which application threads were stopped: 0.0000812 seconds, Stopping threads took: 0.0000188 seconds
[1441.276s][info ][safepoint      ] Application time: 1.0001204 seconds
[1441.276s][info ][safepoint      ] Entering safepoint region: Cleanup
[1441.276s][info ][safepoint      ] Leaving safepoint region
[1441.276s][info ][safepoint      ] Total time for which application threads were stopped: 0.0000976 seconds, Stopping threads took: 0.0000205 seconds
[1443.276s][info ][safepoint      ] Application time: 2.0001660 seconds
[1443.276s][info ][safepoint      ] Entering safepoint region: Cleanup
[1443.276s][info ][safepoint      ] Leaving safepoint region
[1443.276s][info ][safepoint      ] Total time for which application threads were stopped: 0.0000927 seconds, Stopping threads took: 0.0000320 seconds
[1444.276s][info ][safepoint      ] Application time: 1.0001061 seconds
[1444.276s][info ][safepoint      ] Entering safepoint region: Cleanup
[1444.276s][info ][safepoint      ] Leaving safepoint region
[1444.276s][info ][safepoint      ] Total time for which application threads were stopped: 0.0000808 seconds, Stopping threads took: 0.0000175 seconds
[1453.277s][info ][safepoint      ] Application time: 9.0011185 seconds
[1453.277s][info ][safepoint      ] Entering safepoint region: Cleanup
[1453.277s][info ][safepoint      ] Leaving safepoint region
[1453.277s][info ][safepoint      ] Total time for which application threads were stopped: 0.0000784 seconds, Stopping threads took: 0.0000178 seconds
[1455.278s][info ][safepoint      ] Application time: 2.0002357 seconds
[1455.278s][info ][safepoint      ] Entering safepoint region: Cleanup
[1455.278s][info ][safepoint      ] Leaving safepoint region
[1455.278s][info ][safepoint      ] Total time for which application threads were stopped: 0.0000816 seconds, Stopping threads took: 0.0000177 seconds
[1457.145s][info ][safepoint      ] Application time: 1.8672984 seconds
[1457.145s][info ][safepoint      ] Entering safepoint region: ParallelGCFailedAllocation
[1457.145s][info ][gc,start       ] GC(88) Pause Young (Allocation Failure)
[1457.152s][debug][gc,phases      ] GC(88) Scavenge 6.946ms
[1457.152s][debug][gc,ref         ] GC(88) Skipped phase1 of Reference Processing due to unavailable references
[1457.152s][debug][gc,ref         ] GC(88) Skipped phase3 of Reference Processing due to unavailable references
[1457.152s][debug][gc,phases      ] GC(88) Reference Processing 0.045ms
[1457.153s][debug][gc,phases      ] GC(88) Weak Processing 0.221ms
[1457.154s][debug][gc,phases      ] GC(88) Scrub String Table 1.429ms
[1457.154s][debug][gc,age         ] GC(88) Desired survivor size 50855936 bytes, new threshold 15 (max threshold 15)
[1457.154s][info ][gc,heap        ] GC(88) PSYoungGen: 1985280K->5568K(2047488K)
[1457.154s][info ][gc,heap        ] GC(88) ParOldGen: 288929K->288937K(385536K)
[1457.154s][info ][gc,metaspace   ] GC(88) Metaspace: 64244K->64244K(1107968K)
[1457.154s][info ][gc             ] GC(88) Pause Young (Allocation Failure) 2220M->287M(2376M) 8.851ms
[1457.154s][info ][gc,cpu         ] GC(88) User=0.03s Sys=0.00s Real=0.00s
[1457.154s][info ][safepoint      ] Leaving safepoint region
[1457.154s][info ][safepoint      ] Total time for which application threads were stopped: 0.0091368 seconds, Stopping threads took: 0.0000694 seconds
[1458.154s][info ][safepoint      ] Application time: 1.0001482 seconds
[1458.155s][info ][safepoint      ] Entering safepoint region: Cleanup
[1458.155s][info ][safepoint      ] Leaving safepoint region
[1458.155s][info ][safepoint      ] Total time for which application threads were stopped: 0.0004483 seconds, Stopping threads took: 0.0002744 seconds
[1468.156s][info ][safepoint      ] Application time: 10.0010169 seconds
[1468.156s][info ][safepoint      ] Entering safepoint region: Cleanup
[1468.156s][info ][safepoint      ] Leaving safepoint region
[1468.156s][info ][safepoint      ] Total time for which application threads were stopped: 0.0001053 seconds, Stopping threads took: 0.0000365 seconds
[1470.156s][info ][safepoint      ] Application time: 2.0001609 seconds
[1470.156s][info ][safepoint      ] Entering safepoint region: Cleanup
[1470.156s][info ][safepoint      ] Leaving safepoint region
[1470.156s][info ][safepoint      ] Total time for which application threads were stopped: 0.0000919 seconds, Stopping threads took: 0.0000297 seconds
[1472.157s][info ][safepoint      ] Application time: 2.0001625 seconds
[1472.157s][info ][safepoint      ] Entering safepoint region: Cleanup
[1472.157s][info ][safepoint      ] Leaving safepoint region
[1472.157s][info ][safepoint      ] Total time for which application threads were stopped: 0.0000793 seconds, Stopping threads took: 0.0000166 seconds
[1474.157s][info ][safepoint      ] Application time: 2.0002029 seconds
[1474.157s][info ][safepoint      ] Entering safepoint region: Cleanup
[1474.157s][info ][safepoint      ] Leaving safepoint region
[1474.157s][info ][safepoint      ] Total time for which application threads were stopped: 0.0000878 seconds, Stopping threads took: 0.0000172 seconds
[1475.157s][info ][safepoint      ] Application time: 1.0001154 seconds
[1475.157s][info ][safepoint      ] Entering safepoint region: Cleanup
[1475.157s][info ][safepoint      ] Leaving safepoint region
[1475.157s][info ][safepoint      ] Total time for which application threads were stopped: 0.0001761 seconds, Stopping threads took: 0.0000412 seconds
[1476.157s][info ][safepoint      ] Application time: 1.0001187 seconds
[1476.158s][info ][safepoint      ] Entering safepoint region: Cleanup
[1476.158s][info ][safepoint      ] Leaving safepoint region
[1476.158s][info ][safepoint      ] Total time for which application threads were stopped: 0.0000755 seconds, Stopping threads took: 0.0000177 seconds
[1482.158s][info ][safepoint      ] Application time: 6.0005364 seconds
[1482.158s][info ][safepoint      ] Entering safepoint region: Cleanup
[1482.158s][info ][safepoint      ] Leaving safepoint region
[1482.158s][info ][safepoint      ] Total time for which application threads were stopped: 0.0001600 seconds, Stopping threads took: 0.0000581 seconds
[1483.158s][info ][safepoint      ] Application time: 1.0000843 seconds
[1483.159s][info ][safepoint      ] Entering safepoint region: Cleanup
[1483.159s][info ][safepoint      ] Leaving safepoint region
[1483.159s][info ][safepoint      ] Total time for which application threads were stopped: 0.0001774 seconds, Stopping threads took: 0.0000426 seconds
[1486.159s][info ][safepoint      ] Application time: 3.0003042 seconds
[1486.159s][info ][safepoint      ] Entering safepoint region: Cleanup
[1486.159s][info ][safepoint      ] Leaving safepoint region
[1486.159s][info ][safepoint      ] Total time for which application threads were stopped: 0.0000788 seconds, Stopping threads took: 0.0000170 seconds
[1489.160s][info ][safepoint      ] Application time: 3.0004189 seconds
[1489.160s][info ][safepoint      ] Entering safepoint region: Cleanup
[1489.160s][info ][safepoint      ] Leaving safepoint region
[1489.160s][info ][safepoint      ] Total time for which application threads were stopped: 0.0000769 seconds, Stopping threads took: 0.0000162 seconds
[1491.160s][info ][safepoint      ] Application time: 2.0002058 seconds
[1491.160s][info ][safepoint      ] Entering safepoint region: Cleanup
[1491.160s][info ][safepoint      ] Leaving safepoint region
[1491.160s][info ][safepoint      ] Total time for which application threads were stopped: 0.0000764 seconds, Stopping threads took: 0.0000175 seconds
[1493.160s][info ][safepoint      ] Application time: 2.0001945 seconds
[1493.160s][info ][safepoint      ] Entering safepoint region: Cleanup
[1493.160s][info ][safepoint      ] Leaving safepoint region
[1493.160s][info ][safepoint      ] Total time for which application threads were stopped: 0.0001053 seconds, Stopping threads took: 0.0000331 seconds
[1496.161s][info ][safepoint      ] Application time: 3.0007470 seconds
[1496.161s][info ][safepoint      ] Entering safepoint region: Cleanup
[1496.161s][info ][safepoint      ] Leaving safepoint region
[1496.161s][info ][safepoint      ] Total time for which application threads were stopped: 0.0000847 seconds, Stopping threads took: 0.0000188 seconds
[1497.161s][info ][safepoint      ] Application time: 1.0000401 seconds
[1497.161s][info ][safepoint      ] Entering safepoint region: Cleanup
[1497.161s][info ][safepoint      ] Leaving safepoint region
[1497.161s][info ][safepoint      ] Total time for which application threads were stopped: 0.0000825 seconds, Stopping threads took: 0.0000193 seconds
[1504.162s][info ][safepoint      ] Application time: 7.0006265 seconds
[1504.162s][info ][safepoint      ] Entering safepoint region: Cleanup
[1504.162s][info ][safepoint      ] Leaving safepoint region
[1504.162s][info ][safepoint      ] Total time for which application threads were stopped: 0.0000884 seconds, Stopping threads took: 0.0000191 seconds
[1506.162s][info ][safepoint      ] Application time: 2.0001653 seconds
[1506.162s][info ][safepoint      ] Entering safepoint region: Cleanup
[1506.163s][info ][safepoint      ] Leaving safepoint region
[1506.163s][info ][safepoint      ] Total time for which application threads were stopped: 0.0001818 seconds, Stopping threads took: 0.0000601 seconds
[1507.010s][info ][safepoint      ] Application time: 0.8474165 seconds
[1507.010s][info ][safepoint      ] Entering safepoint region: ParallelGCFailedAllocation
[1507.010s][info ][gc,start       ] GC(89) Pause Young (Allocation Failure)
[1507.018s][debug][gc,phases      ] GC(89) Scavenge 7.687ms
[1507.018s][debug][gc,ref         ] GC(89) Skipped phase1 of Reference Processing due to unavailable references
[1507.018s][debug][gc,ref         ] GC(89) Skipped phase3 of Reference Processing due to unavailable references
[1507.018s][debug][gc,phases      ] GC(89) Reference Processing 0.045ms
[1507.018s][debug][gc,phases      ] GC(89) Weak Processing 0.215ms
[1507.019s][debug][gc,phases      ] GC(89) Scrub String Table 1.106ms
[1507.019s][debug][gc,age         ] GC(89) Desired survivor size 47710208 bytes, new threshold 15 (max threshold 15)
[1507.019s][info ][gc,heap        ] GC(89) PSYoungGen: 1999808K->5888K(2043904K)
[1507.019s][info ][gc,heap        ] GC(89) ParOldGen: 288937K->289017K(385536K)
[1507.019s][info ][gc,metaspace   ] GC(89) Metaspace: 64287K->64287K(1107968K)
[1507.019s][info ][gc             ] GC(89) Pause Young (Allocation Failure) 2235M->287M(2372M) 9.234ms
[1507.020s][info ][gc,cpu         ] GC(89) User=0.03s Sys=0.00s Real=0.01s
[1507.020s][info ][safepoint      ] Leaving safepoint region
[1507.020s][info ][safepoint      ] Total time for which application threads were stopped: 0.0095697 seconds, Stopping threads took: 0.0000471 seconds
[1508.020s][info ][safepoint      ] Application time: 1.0001186 seconds
[1508.020s][info ][safepoint      ] Entering safepoint region: Cleanup
[1508.020s][info ][safepoint      ] Leaving safepoint region
[1508.020s][info ][safepoint      ] Total time for which application threads were stopped: 0.0000861 seconds, Stopping threads took: 0.0000197 seconds
[1516.020s][info ][safepoint      ] Application time: 8.0006907 seconds
[1516.021s][info ][safepoint      ] Entering safepoint region: Cleanup
[1516.021s][info ][safepoint      ] Leaving safepoint region
[1516.021s][info ][safepoint      ] Total time for which application threads were stopped: 0.0000979 seconds, Stopping threads took: 0.0000165 seconds
[1525.021s][info ][safepoint      ] Application time: 9.0008555 seconds
[1525.022s][info ][safepoint      ] Entering safepoint region: Cleanup
[1525.022s][info ][safepoint      ] Leaving safepoint region
[1525.022s][info ][safepoint      ] Total time for which application threads were stopped: 0.0001166 seconds, Stopping threads took: 0.0000511 seconds
[1529.022s][info ][safepoint      ] Application time: 4.0003754 seconds
[1529.022s][info ][safepoint      ] Entering safepoint region: Cleanup
[1529.022s][info ][safepoint      ] Leaving safepoint region
[1529.022s][info ][safepoint      ] Total time for which application threads were stopped: 0.0001035 seconds, Stopping threads took: 0.0000200 seconds
[1531.022s][info ][safepoint      ] Application time: 2.0002108 seconds
[1531.022s][info ][safepoint      ] Entering safepoint region: Cleanup
[1531.023s][info ][safepoint      ] Leaving safepoint region
[1531.023s][info ][safepoint      ] Total time for which application threads were stopped: 0.0000814 seconds, Stopping threads took: 0.0000185 seconds
[1532.023s][info ][safepoint      ] Application time: 1.0000870 seconds
[1532.023s][info ][safepoint      ] Entering safepoint region: Cleanup
[1532.023s][info ][safepoint      ] Leaving safepoint region
[1532.023s][info ][safepoint      ] Total time for which application threads were stopped: 0.0001298 seconds, Stopping threads took: 0.0000635 seconds
[1535.023s][info ][safepoint      ] Application time: 3.0003338 seconds
[1535.023s][info ][safepoint      ] Entering safepoint region: Cleanup
[1535.023s][info ][safepoint      ] Leaving safepoint region
[1535.023s][info ][safepoint      ] Total time for which application threads were stopped: 0.0000859 seconds, Stopping threads took: 0.0000201 seconds
[1557.947s][info ][safepoint      ] Application time: 22.9232551 seconds
[1557.947s][info ][safepoint      ] Entering safepoint region: ParallelGCFailedAllocation
[1557.947s][info ][gc,start       ] GC(90) Pause Young (Allocation Failure)
[1557.955s][debug][gc,phases      ] GC(90) Scavenge 7.950ms
[1557.955s][debug][gc,ref         ] GC(90) Skipped phase1 of Reference Processing due to unavailable references
[1557.955s][debug][gc,ref         ] GC(90) Skipped phase3 of Reference Processing due to unavailable references
[1557.955s][debug][gc,phases      ] GC(90) Reference Processing 0.048ms
[1557.955s][debug][gc,phases      ] GC(90) Weak Processing 0.127ms
[1557.956s][debug][gc,phases      ] GC(90) Scrub String Table 0.734ms
[1557.956s][debug][gc,age         ] GC(90) Desired survivor size 44564480 bytes, new threshold 15 (max threshold 15)
[1557.956s][info ][gc,heap        ] GC(90) PSYoungGen: 2000128K->5968K(2053632K)
[1557.956s][info ][gc,heap        ] GC(90) ParOldGen: 289017K->289057K(385536K)
[1557.956s][info ][gc,metaspace   ] GC(90) Metaspace: 64290K->64290K(1107968K)
[1557.956s][info ][gc             ] GC(90) Pause Young (Allocation Failure) 2235M->288M(2382M) 9.056ms
[1557.956s][info ][gc,cpu         ] GC(90) User=0.03s Sys=0.00s Real=0.00s
[1557.956s][info ][safepoint      ] Leaving safepoint region
[1557.956s][info ][safepoint      ] Total time for which application threads were stopped: 0.0093933 seconds, Stopping threads took: 0.0000788 seconds
[1560.956s][info ][safepoint      ] Application time: 3.0003501 seconds
[1560.956s][info ][safepoint      ] Entering safepoint region: Cleanup
[1560.956s][info ][safepoint      ] Leaving safepoint region
[1560.956s][info ][safepoint      ] Total time for which application threads were stopped: 0.0000924 seconds, Stopping threads took: 0.0000184 seconds
[1567.441s][info ][safepoint      ] Application time: 6.4849900 seconds
[1567.441s][info ][safepoint      ] Entering safepoint region: RevokeBias
[1567.442s][info ][safepoint      ] Leaving safepoint region
[1567.442s][info ][safepoint      ] Total time for which application threads were stopped: 0.0000833 seconds, Stopping threads took: 0.0000179 seconds
[1575.971s][info ][safepoint      ] Application time: 8.5293149 seconds
[1575.971s][info ][safepoint      ] Entering safepoint region: RevokeBias
[1575.971s][info ][safepoint      ] Leaving safepoint region
[1575.971s][info ][safepoint      ] Total time for which application threads were stopped: 0.0002644 seconds, Stopping threads took: 0.0000736 seconds
[1576.568s][info ][safepoint      ] Application time: 0.5965176 seconds
[1576.568s][info ][safepoint      ] Entering safepoint region: RevokeBias
[1576.568s][info ][safepoint      ] Leaving safepoint region
[1576.568s][info ][safepoint      ] Total time for which application threads were stopped: 0.0001160 seconds, Stopping threads took: 0.0000161 seconds
[1599.570s][info ][safepoint      ] Application time: 23.0021679 seconds
[1599.570s][info ][safepoint      ] Entering safepoint region: Cleanup
[1599.570s][info ][safepoint      ] Leaving safepoint region
[1599.570s][info ][safepoint      ] Total time for which application threads were stopped: 0.0000990 seconds, Stopping threads took: 0.0000363 seconds
[1605.571s][info ][safepoint      ] Application time: 6.0005973 seconds
[1605.571s][info ][safepoint      ] Entering safepoint region: Cleanup
[1605.571s][info ][safepoint      ] Leaving safepoint region
[1605.571s][info ][safepoint      ] Total time for which application threads were stopped: 0.0000771 seconds, Stopping threads took: 0.0000172 seconds
[1608.572s][info ][safepoint      ] Application time: 3.0006980 seconds
[1608.572s][info ][safepoint      ] Entering safepoint region: Cleanup
[1608.572s][info ][safepoint      ] Leaving safepoint region
[1608.572s][info ][safepoint      ] Total time for which application threads were stopped: 0.0002428 seconds, Stopping threads took: 0.0000756 seconds
[1609.745s][info ][safepoint      ] Application time: 1.1730385 seconds
[1609.745s][info ][safepoint      ] Entering safepoint region: ParallelGCFailedAllocation
[1609.745s][info ][gc,start       ] GC(91) Pause Young (Allocation Failure)
[1609.752s][debug][gc,phases      ] GC(91) Scavenge 6.855ms
[1609.752s][debug][gc,ref         ] GC(91) Skipped phase1 of Reference Processing due to unavailable references
[1609.752s][debug][gc,ref         ] GC(91) Skipped phase3 of Reference Processing due to unavailable references
[1609.752s][debug][gc,ref         ] GC(91) Skipped phase4 of Reference Processing due to unavailable references
[1609.752s][debug][gc,phases      ] GC(91) Reference Processing 0.045ms
[1609.752s][debug][gc,phases      ] GC(91) Weak Processing 0.125ms
[1609.753s][debug][gc,phases      ] GC(91) Scrub String Table 0.776ms
[1609.753s][debug][gc,age         ] GC(91) Desired survivor size 41418752 bytes, new threshold 15 (max threshold 15)
[1609.753s][info ][gc,heap        ] GC(91) PSYoungGen: 2013008K->5536K(2050560K)
[1609.753s][info ][gc,heap        ] GC(91) ParOldGen: 289057K->289593K(385536K)
[1609.753s][info ][gc,metaspace   ] GC(91) Metaspace: 64296K->64296K(1107968K)
[1609.753s][info ][gc             ] GC(91) Pause Young (Allocation Failure) 2248M->288M(2379M) 7.969ms
[1609.753s][info ][gc,cpu         ] GC(91) User=0.03s Sys=0.00s Real=0.01s
[1609.753s][info ][safepoint      ] Leaving safepoint region
[1609.753s][info ][safepoint      ] Total time for which application threads were stopped: 0.0081800 seconds, Stopping threads took: 0.0000168 seconds
[1610.753s][info ][safepoint      ] Application time: 1.0001185 seconds
[1610.753s][info ][safepoint      ] Entering safepoint region: Cleanup
[1610.753s][info ][safepoint      ] Leaving safepoint region
[1610.753s][info ][safepoint      ] Total time for which application threads were stopped: 0.0000766 seconds, Stopping threads took: 0.0000166 seconds
[1613.754s][info ][safepoint      ] Application time: 3.0003019 seconds
[1613.754s][info ][safepoint      ] Entering safepoint region: Cleanup
[1613.754s][info ][safepoint      ] Leaving safepoint region
[1613.754s][info ][safepoint      ] Total time for which application threads were stopped: 0.0000812 seconds, Stopping threads took: 0.0000166 seconds
[1617.754s][info ][safepoint      ] Application time: 4.0003336 seconds
[1617.754s][info ][safepoint      ] Entering safepoint region: Cleanup
[1617.754s][info ][safepoint      ] Leaving safepoint region
[1617.754s][info ][safepoint      ] Total time for which application threads were stopped: 0.0000779 seconds, Stopping threads took: 0.0000172 seconds
[1622.755s][info ][safepoint      ] Application time: 5.0005071 seconds
[1622.755s][info ][safepoint      ] Entering safepoint region: Cleanup
[1622.755s][info ][safepoint      ] Leaving safepoint region
[1622.755s][info ][safepoint      ] Total time for which application threads were stopped: 0.0000845 seconds, Stopping threads took: 0.0000174 seconds
[1631.756s][info ][safepoint      ] Application time: 9.0008634 seconds
[1631.756s][info ][safepoint      ] Entering safepoint region: Cleanup
[1631.756s][info ][safepoint      ] Leaving safepoint region
[1631.756s][info ][safepoint      ] Total time for which application threads were stopped: 0.0000916 seconds, Stopping threads took: 0.0000159 seconds
[1637.756s][info ][safepoint      ] Application time: 6.0005582 seconds
[1637.757s][info ][safepoint      ] Entering safepoint region: Cleanup
[1637.757s][info ][safepoint      ] Leaving safepoint region
[1637.757s][info ][safepoint      ] Total time for which application threads were stopped: 0.0001767 seconds, Stopping threads took: 0.0000509 seconds
[1639.757s][info ][safepoint      ] Application time: 2.0002072 seconds
[1639.757s][info ][safepoint      ] Entering safepoint region: Cleanup
[1639.757s][info ][safepoint      ] Leaving safepoint region
[1639.757s][info ][safepoint      ] Total time for which application threads were stopped: 0.0000787 seconds, Stopping threads took: 0.0000171 seconds
[1643.757s][info ][safepoint      ] Application time: 4.0003392 seconds
[1643.757s][info ][safepoint      ] Entering safepoint region: Cleanup
[1643.758s][info ][safepoint      ] Leaving safepoint region
[1643.758s][info ][safepoint      ] Total time for which application threads were stopped: 0.0000928 seconds, Stopping threads took: 0.0000174 seconds
[1646.758s][info ][safepoint      ] Application time: 3.0003034 seconds
[1646.758s][info ][safepoint      ] Entering safepoint region: Cleanup
[1646.758s][info ][safepoint      ] Leaving safepoint region
[1646.758s][info ][safepoint      ] Total time for which application threads were stopped: 0.0001029 seconds, Stopping threads took: 0.0000376 seconds
[1656.638s][info ][safepoint      ] Application time: 9.8795506 seconds
[1656.638s][info ][safepoint      ] Entering safepoint region: ParallelGCFailedAllocation
[1656.638s][info ][gc,start       ] GC(92) Pause Young (Allocation Failure)
[1656.646s][debug][gc,phases      ] GC(92) Scavenge 7.784ms
[1656.646s][debug][gc,ref         ] GC(92) Skipped phase1 of Reference Processing due to unavailable references
[1656.646s][debug][gc,ref         ] GC(92) Skipped phase3 of Reference Processing due to unavailable references
[1656.646s][debug][gc,phases      ] GC(92) Reference Processing 0.047ms
[1656.646s][debug][gc,phases      ] GC(92) Weak Processing 0.126ms
[1656.647s][debug][gc,phases      ] GC(92) Scrub String Table 0.761ms
[1656.647s][debug][gc,age         ] GC(92) Desired survivor size 38797312 bytes, new threshold 15 (max threshold 15)
[1656.647s][info ][gc,heap        ] GC(92) PSYoungGen: 2012576K->5584K(2059264K)
[1656.647s][info ][gc,heap        ] GC(92) ParOldGen: 289593K->289617K(385536K)
[1656.647s][info ][gc,metaspace   ] GC(92) Metaspace: 64300K->64300K(1107968K)
[1656.647s][info ][gc             ] GC(92) Pause Young (Allocation Failure) 2248M->288M(2387M) 8.910ms
[1656.647s][info ][gc,cpu         ] GC(92) User=0.03s Sys=0.00s Real=0.01s
[1656.647s][info ][safepoint      ] Leaving safepoint region
[1656.647s][info ][safepoint      ] Total time for which application threads were stopped: 0.0091865 seconds, Stopping threads took: 0.0000469 seconds
[1664.648s][info ][safepoint      ] Application time: 8.0007666 seconds
[1664.648s][info ][safepoint      ] Entering safepoint region: Cleanup
[1664.648s][info ][safepoint      ] Leaving safepoint region
[1664.648s][info ][safepoint      ] Total time for which application threads were stopped: 0.0001395 seconds, Stopping threads took: 0.0000611 seconds
[1665.648s][info ][safepoint      ] Application time: 1.0000853 seconds
[1665.648s][info ][safepoint      ] Entering safepoint region: Cleanup
[1665.648s][info ][safepoint      ] Leaving safepoint region
[1665.648s][info ][safepoint      ] Total time for which application threads were stopped: 0.0000771 seconds, Stopping threads took: 0.0000174 seconds
[1666.648s][info ][safepoint      ] Application time: 1.0000746 seconds
[1666.648s][info ][safepoint      ] Entering safepoint region: Cleanup
[1666.648s][info ][safepoint      ] Leaving safepoint region
[1666.648s][info ][safepoint      ] Total time for which application threads were stopped: 0.0001458 seconds, Stopping threads took: 0.0000515 seconds
[1667.648s][info ][safepoint      ] Application time: 1.0001118 seconds
[1667.649s][info ][safepoint      ] Entering safepoint region: Cleanup
[1667.649s][info ][safepoint      ] Leaving safepoint region
[1667.649s][info ][safepoint      ] Total time for which application threads were stopped: 0.0003159 seconds, Stopping threads took: 0.0001673 seconds
[1668.649s][info ][safepoint      ] Application time: 1.0001189 seconds
[1668.649s][info ][safepoint      ] Entering safepoint region: Cleanup
[1668.649s][info ][safepoint      ] Leaving safepoint region
[1668.649s][info ][safepoint      ] Total time for which application threads were stopped: 0.0001542 seconds, Stopping threads took: 0.0000463 seconds
[1683.651s][info ][safepoint      ] Application time: 15.0023895 seconds
[1683.651s][info ][safepoint      ] Entering safepoint region: Cleanup
[1683.652s][info ][safepoint      ] Leaving safepoint region
[1683.652s][info ][safepoint      ] Total time for which application threads were stopped: 0.0001905 seconds, Stopping threads took: 0.0000571 seconds
[1696.653s][info ][safepoint      ] Application time: 13.0011234 seconds
[1696.653s][info ][safepoint      ] Entering safepoint region: Cleanup
[1696.653s][info ][safepoint      ] Leaving safepoint region
[1696.653s][info ][safepoint      ] Total time for which application threads were stopped: 0.0000789 seconds, Stopping threads took: 0.0000171 seconds
[1697.653s][info ][safepoint      ] Application time: 1.0001127 seconds
[1697.653s][info ][safepoint      ] Entering safepoint region: Cleanup
[1697.653s][info ][safepoint      ] Leaving safepoint region
[1697.653s][info ][safepoint      ] Total time for which application threads were stopped: 0.0000774 seconds, Stopping threads took: 0.0000167 seconds
[1703.757s][info ][safepoint      ] Application time: 6.1041437 seconds
[1703.757s][info ][safepoint      ] Entering safepoint region: ParallelGCFailedAllocation
[1703.757s][info ][gc,start       ] GC(93) Pause Young (Allocation Failure)
[1703.764s][debug][gc,phases      ] GC(93) Scavenge 6.906ms
[1703.764s][debug][gc,ref         ] GC(93) Skipped phase1 of Reference Processing due to unavailable references
[1703.764s][debug][gc,ref         ] GC(93) Skipped phase3 of Reference Processing due to unavailable references
[1703.764s][debug][gc,ref         ] GC(93) Skipped phase4 of Reference Processing due to unavailable references
[1703.764s][debug][gc,phases      ] GC(93) Reference Processing 0.063ms
[1703.765s][debug][gc,phases      ] GC(93) Weak Processing 0.220ms
[1703.766s][debug][gc,phases      ] GC(93) Scrub String Table 1.039ms
[1703.766s][debug][gc,age         ] GC(93) Desired survivor size 36700160 bytes, new threshold 15 (max threshold 15)
[1703.766s][info ][gc,heap        ] GC(93) PSYoungGen: 2024400K->5616K(2056704K)
[1703.766s][info ][gc,heap        ] GC(93) ParOldGen: 289617K->289873K(385536K)
[1703.766s][info ][gc,metaspace   ] GC(93) Metaspace: 64306K->64306K(1107968K)
[1703.766s][info ][gc             ] GC(93) Pause Young (Allocation Failure) 2259M->288M(2385M) 8.398ms
[1703.766s][info ][gc,cpu         ] GC(93) User=0.02s Sys=0.01s Real=0.01s
[1703.766s][info ][safepoint      ] Leaving safepoint region
[1703.766s][info ][safepoint      ] Total time for which application threads were stopped: 0.0085970 seconds, Stopping threads took: 0.0000164 seconds
[1704.766s][info ][safepoint      ] Application time: 1.0000925 seconds
[1704.766s][info ][safepoint      ] Entering safepoint region: Cleanup
[1704.766s][info ][safepoint      ] Leaving safepoint region
[1704.766s][info ][safepoint      ] Total time for which application threads were stopped: 0.0000750 seconds, Stopping threads took: 0.0000152 seconds
[1707.766s][info ][safepoint      ] Application time: 3.0002912 seconds
[1707.766s][info ][safepoint      ] Entering safepoint region: Cleanup
[1707.767s][info ][safepoint      ] Leaving safepoint region
[1707.767s][info ][safepoint      ] Total time for which application threads were stopped: 0.0002140 seconds, Stopping threads took: 0.0000706 seconds
[1712.767s][info ][safepoint      ] Application time: 5.0005824 seconds
[1712.767s][info ][safepoint      ] Entering safepoint region: Cleanup
[1712.767s][info ][safepoint      ] Leaving safepoint region
[1712.767s][info ][safepoint      ] Total time for which application threads were stopped: 0.0000838 seconds, Stopping threads took: 0.0000172 seconds
[1715.768s][info ][safepoint      ] Application time: 3.0004752 seconds
[1715.768s][info ][safepoint      ] Entering safepoint region: Cleanup
[1715.768s][info ][safepoint      ] Leaving safepoint region
[1715.768s][info ][safepoint      ] Total time for which application threads were stopped: 0.0000781 seconds, Stopping threads took: 0.0000175 seconds
[1731.769s][info ][safepoint      ] Application time: 16.0014421 seconds
[1731.769s][info ][safepoint      ] Entering safepoint region: Cleanup
[1731.770s][info ][safepoint      ] Leaving safepoint region
[1731.770s][info ][safepoint      ] Total time for which application threads were stopped: 0.0000790 seconds, Stopping threads took: 0.0000176 seconds
[1734.770s][info ][safepoint      ] Application time: 3.0003184 seconds
[1734.770s][info ][safepoint      ] Entering safepoint region: Cleanup
[1734.770s][info ][safepoint      ] Leaving safepoint region
[1734.770s][info ][safepoint      ] Total time for which application threads were stopped: 0.0000784 seconds, Stopping threads took: 0.0000177 seconds
[1737.770s][info ][safepoint      ] Application time: 3.0003059 seconds
[1737.770s][info ][safepoint      ] Entering safepoint region: Cleanup
[1737.770s][info ][safepoint      ] Leaving safepoint region
[1737.770s][info ][safepoint      ] Total time for which application threads were stopped: 0.0000806 seconds, Stopping threads took: 0.0000172 seconds
[1749.796s][info ][safepoint      ] Application time: 12.0260659 seconds
[1749.797s][info ][safepoint      ] Entering safepoint region: ParallelGCFailedAllocation
[1749.797s][info ][gc,start       ] GC(94) Pause Young (Allocation Failure)
[1749.806s][debug][gc,phases      ] GC(94) Scavenge 9.015ms
[1749.806s][debug][gc,ref         ] GC(94) Skipped phase1 of Reference Processing due to unavailable references
[1749.806s][debug][gc,ref         ] GC(94) Skipped phase3 of Reference Processing due to unavailable references
[1749.806s][debug][gc,ref         ] GC(94) Skipped phase4 of Reference Processing due to unavailable references
[1749.806s][debug][gc,phases      ] GC(94) Reference Processing 0.062ms
[1749.806s][debug][gc,phases      ] GC(94) Weak Processing 0.221ms
[1749.807s][debug][gc,phases      ] GC(94) Scrub String Table 1.107ms
[1749.807s][debug][gc,age         ] GC(94) Desired survivor size 34078720 bytes, new threshold 15 (max threshold 15)
[1749.807s][info ][gc,heap        ] GC(94) PSYoungGen: 2024432K->5632K(2063872K)
[1749.807s][info ][gc,heap        ] GC(94) ParOldGen: 289873K->289889K(385536K)
[1749.807s][info ][gc,metaspace   ] GC(94) Metaspace: 64315K->64315K(1107968K)
[1749.807s][info ][gc             ] GC(94) Pause Young (Allocation Failure) 2260M->288M(2392M) 10.584ms
[1749.807s][info ][gc,cpu         ] GC(94) User=0.02s Sys=0.02s Real=0.02s
[1749.807s][info ][safepoint      ] Leaving safepoint region
[1749.807s][info ][safepoint      ] Total time for which application threads were stopped: 0.0109301 seconds, Stopping threads took: 0.0000742 seconds
[1759.808s][info ][safepoint      ] Application time: 10.0009569 seconds
[1759.808s][info ][safepoint      ] Entering safepoint region: Cleanup
[1759.809s][info ][safepoint      ] Leaving safepoint region
[1759.809s][info ][safepoint      ] Total time for which application threads were stopped: 0.0000775 seconds, Stopping threads took: 0.0000175 seconds
[1769.809s][info ][safepoint      ] Application time: 10.0008549 seconds
[1769.809s][info ][safepoint      ] Entering safepoint region: Cleanup
[1769.810s][info ][safepoint      ] Leaving safepoint region
[1769.810s][info ][safepoint      ] Total time for which application threads were stopped: 0.0000945 seconds, Stopping threads took: 0.0000343 seconds
[1770.810s][info ][safepoint      ] Application time: 1.0000793 seconds
[1770.810s][info ][safepoint      ] Entering safepoint region: Cleanup
[1770.810s][info ][safepoint      ] Leaving safepoint region
[1770.810s][info ][safepoint      ] Total time for which application threads were stopped: 0.0001564 seconds, Stopping threads took: 0.0000171 seconds
[1775.810s][info ][safepoint      ] Application time: 5.0005206 seconds
[1775.810s][info ][safepoint      ] Entering safepoint region: Cleanup
[1775.811s][info ][safepoint      ] Leaving safepoint region
[1775.811s][info ][safepoint      ] Total time for which application threads were stopped: 0.0002066 seconds, Stopping threads took: 0.0000612 seconds
[1781.811s][info ][safepoint      ] Application time: 6.0005374 seconds
[1781.811s][info ][safepoint      ] Entering safepoint region: Cleanup
[1781.811s][info ][safepoint      ] Leaving safepoint region
[1781.811s][info ][safepoint      ] Total time for which application threads were stopped: 0.0000900 seconds, Stopping threads took: 0.0000182 seconds
[1789.812s][info ][safepoint      ] Application time: 8.0007823 seconds
[1789.812s][info ][safepoint      ] Entering safepoint region: Cleanup
[1789.812s][info ][safepoint      ] Leaving safepoint region
[1789.812s][info ][safepoint      ] Total time for which application threads were stopped: 0.0000792 seconds, Stopping threads took: 0.0000176 seconds
[1790.812s][info ][safepoint      ] Application time: 1.0001091 seconds
[1790.812s][info ][safepoint      ] Entering safepoint region: Cleanup
[1790.812s][info ][safepoint      ] Leaving safepoint region
[1790.812s][info ][safepoint      ] Total time for which application threads were stopped: 0.0000794 seconds, Stopping threads took: 0.0000181 seconds
[1791.813s][info ][safepoint      ] Application time: 1.0003802 seconds
[1791.813s][info ][safepoint      ] Entering safepoint region: Cleanup
[1791.813s][info ][safepoint      ] Leaving safepoint region
[1791.813s][info ][safepoint      ] Total time for which application threads were stopped: 0.0001066 seconds, Stopping threads took: 0.0000174 seconds
[1796.093s][info ][safepoint      ] Application time: 4.2803635 seconds
[1796.093s][info ][safepoint      ] Entering safepoint region: ParallelGCFailedAllocation
[1796.093s][info ][gc,start       ] GC(95) Pause Young (Allocation Failure)
[1796.100s][debug][gc,phases      ] GC(95) Scavenge 6.707ms
[1796.100s][debug][gc,ref         ] GC(95) Skipped phase1 of Reference Processing due to unavailable references
[1796.100s][debug][gc,ref         ] GC(95) Skipped phase3 of Reference Processing due to unavailable references
[1796.100s][debug][gc,phases      ] GC(95) Reference Processing 0.043ms
[1796.101s][debug][gc,phases      ] GC(95) Weak Processing 0.215ms
[1796.102s][debug][gc,phases      ] GC(95) Scrub String Table 1.253ms
[1796.102s][debug][gc,age         ] GC(95) Desired survivor size 31981568 bytes, new threshold 15 (max threshold 15)
[1796.102s][info ][gc,heap        ] GC(95) PSYoungGen: 2033664K->5648K(2061312K)
[1796.102s][info ][gc,heap        ] GC(95) ParOldGen: 289889K->289969K(385536K)
[1796.102s][info ][gc,metaspace   ] GC(95) Metaspace: 64323K->64323K(1107968K)
[1796.102s][info ][gc             ] GC(95) Pause Young (Allocation Failure) 2269M->288M(2389M) 8.495ms
[1796.102s][info ][gc,cpu         ] GC(95) User=0.02s Sys=0.01s Real=0.01s
[1796.102s][info ][safepoint      ] Leaving safepoint region
[1796.102s][info ][safepoint      ] Total time for which application threads were stopped: 0.0090889 seconds, Stopping threads took: 0.0000172 seconds
[1799.109s][info ][safepoint      ] Application time: 3.0066744 seconds
[1799.109s][info ][safepoint      ] Entering safepoint region: Cleanup
[1799.109s][info ][safepoint      ] Leaving safepoint region
[1799.109s][info ][safepoint      ] Total time for which application threads were stopped: 0.0000804 seconds, Stopping threads took: 0.0000164 seconds
[1800.109s][info ][safepoint      ] Application time: 1.0001242 seconds
[1800.109s][info ][safepoint      ] Entering safepoint region: Cleanup
[1800.109s][info ][safepoint      ] Leaving safepoint region
[1800.109s][info ][safepoint      ] Total time for which application threads were stopped: 0.0001013 seconds, Stopping threads took: 0.0000333 seconds
[1801.110s][info ][safepoint      ] Application time: 1.0000767 seconds
[1801.110s][info ][safepoint      ] Entering safepoint region: Cleanup
[1801.110s][info ][safepoint      ] Leaving safepoint region
[1801.110s][info ][safepoint      ] Total time for which application threads were stopped: 0.0000777 seconds, Stopping threads took: 0.0000183 seconds
[1802.110s][info ][safepoint      ] Application time: 1.0000823 seconds
[1802.110s][info ][safepoint      ] Entering safepoint region: Cleanup
[1802.110s][info ][safepoint      ] Leaving safepoint region
[1802.110s][info ][safepoint      ] Total time for which application threads were stopped: 0.0000755 seconds, Stopping threads took: 0.0000169 seconds
[1807.110s][info ][safepoint      ] Application time: 5.0004795 seconds
[1807.110s][info ][safepoint      ] Entering safepoint region: Cleanup
[1807.110s][info ][safepoint      ] Leaving safepoint region
[1807.110s][info ][safepoint      ] Total time for which application threads were stopped: 0.0001181 seconds, Stopping threads took: 0.0000160 seconds
[1808.111s][info ][safepoint      ] Application time: 1.0000834 seconds
[1808.111s][info ][safepoint      ] Entering safepoint region: Cleanup
[1808.111s][info ][safepoint      ] Leaving safepoint region
[1808.111s][info ][safepoint      ] Total time for which application threads were stopped: 0.0001001 seconds, Stopping threads took: 0.0000319 seconds
[1813.111s][info ][safepoint      ] Application time: 5.0005585 seconds
[1813.111s][info ][safepoint      ] Entering safepoint region: Cleanup
[1813.112s][info ][safepoint      ] Leaving safepoint region
[1813.112s][info ][safepoint      ] Total time for which application threads were stopped: 0.0002004 seconds, Stopping threads took: 0.0000547 seconds
[1816.112s][info ][safepoint      ] Application time: 3.0002346 seconds
[1816.112s][info ][safepoint      ] Entering safepoint region: Cleanup
[1816.112s][info ][safepoint      ] Leaving safepoint region
[1816.112s][info ][safepoint      ] Total time for which application threads were stopped: 0.0001064 seconds, Stopping threads took: 0.0000170 seconds
[1817.112s][info ][safepoint      ] Application time: 1.0001192 seconds
[1817.112s][info ][safepoint      ] Entering safepoint region: Cleanup
[1817.112s][info ][safepoint      ] Leaving safepoint region
[1817.112s][info ][safepoint      ] Total time for which application threads were stopped: 0.0000849 seconds, Stopping threads took: 0.0000182 seconds
[1819.112s][info ][safepoint      ] Application time: 2.0001914 seconds
[1819.112s][info ][safepoint      ] Entering safepoint region: Cleanup
[1819.112s][info ][safepoint      ] Leaving safepoint region
[1819.112s][info ][safepoint      ] Total time for which application threads were stopped: 0.0000832 seconds, Stopping threads took: 0.0000180 seconds
[1825.113s][info ][safepoint      ] Application time: 6.0005429 seconds
[1825.113s][info ][safepoint      ] Entering safepoint region: Cleanup
[1825.113s][info ][safepoint      ] Leaving safepoint region
[1825.113s][info ][safepoint      ] Total time for which application threads were stopped: 0.0000852 seconds, Stopping threads took: 0.0000188 seconds
[1829.114s][info ][safepoint      ] Application time: 4.0003323 seconds
[1829.114s][info ][safepoint      ] Entering safepoint region: Cleanup
[1829.114s][info ][safepoint      ] Leaving safepoint region
[1829.114s][info ][safepoint      ] Total time for which application threads were stopped: 0.0001002 seconds, Stopping threads took: 0.0000328 seconds
[1834.114s][info ][safepoint      ] Application time: 5.0007355 seconds
[1834.114s][info ][safepoint      ] Entering safepoint region: Cleanup
[1834.114s][info ][safepoint      ] Leaving safepoint region
[1834.115s][info ][safepoint      ] Total time for which application threads were stopped: 0.0000868 seconds, Stopping threads took: 0.0000185 seconds
[1841.789s][info ][safepoint      ] Application time: 7.6742380 seconds
[1841.789s][info ][safepoint      ] Entering safepoint region: ParallelGCFailedAllocation
[1841.789s][info ][gc,start       ] GC(96) Pause Young (Allocation Failure)
[1841.796s][debug][gc,phases      ] GC(96) Scavenge 7.374ms
[1841.796s][debug][gc,ref         ] GC(96) Skipped phase1 of Reference Processing due to unavailable references
[1841.797s][debug][gc,ref         ] GC(96) Skipped phase3 of Reference Processing due to unavailable references
[1841.797s][debug][gc,phases      ] GC(96) Reference Processing 0.043ms
[1841.797s][debug][gc,phases      ] GC(96) Weak Processing 0.125ms
[1841.797s][debug][gc,phases      ] GC(96) Scrub String Table 0.715ms
[1841.797s][debug][gc,age         ] GC(96) Desired survivor size 29884416 bytes, new threshold 15 (max threshold 15)
[1841.797s][info ][gc,heap        ] GC(96) PSYoungGen: 2033680K->5776K(2067968K)
[1841.797s][info ][gc,heap        ] GC(96) ParOldGen: 289969K->290073K(385536K)
[1841.797s][info ][gc,metaspace   ] GC(96) Metaspace: 64332K->64332K(1107968K)
[1841.797s][info ][gc             ] GC(96) Pause Young (Allocation Failure) 2269M->288M(2396M) 8.434ms
[1841.797s][info ][gc,cpu         ] GC(96) User=0.03s Sys=0.00s Real=0.01s
[1841.798s][info ][safepoint      ] Leaving safepoint region
[1841.798s][info ][safepoint      ] Total time for which application threads were stopped: 0.0087247 seconds, Stopping threads took: 0.0001104 seconds
[1846.798s][info ][safepoint      ] Application time: 5.0005321 seconds
[1846.798s][info ][safepoint      ] Entering safepoint region: Cleanup
[1846.798s][info ][safepoint      ] Leaving safepoint region
[1846.798s][info ][safepoint      ] Total time for which application threads were stopped: 0.0000816 seconds, Stopping threads took: 0.0000173 seconds
[1858.799s][info ][safepoint      ] Application time: 12.0011959 seconds
[1858.799s][info ][safepoint      ] Entering safepoint region: Cleanup
[1858.800s][info ][safepoint      ] Leaving safepoint region
[1858.800s][info ][safepoint      ] Total time for which application threads were stopped: 0.0002144 seconds, Stopping threads took: 0.0000709 seconds
[1862.800s][info ][safepoint      ] Application time: 4.0003595 seconds
[1862.800s][info ][safepoint      ] Entering safepoint region: Cleanup
[1862.800s][info ][safepoint      ] Leaving safepoint region
[1862.800s][info ][safepoint      ] Total time for which application threads were stopped: 0.0001243 seconds, Stopping threads took: 0.0000356 seconds
[1872.801s][info ][safepoint      ] Application time: 10.0010383 seconds
[1872.801s][info ][safepoint      ] Entering safepoint region: Cleanup
[1872.801s][info ][safepoint      ] Leaving safepoint region
[1872.801s][info ][safepoint      ] Total time for which application threads were stopped: 0.0001265 seconds, Stopping threads took: 0.0000591 seconds
[1874.802s][info ][safepoint      ] Application time: 2.0001506 seconds
[1874.802s][info ][safepoint      ] Entering safepoint region: Cleanup
[1874.802s][info ][safepoint      ] Leaving safepoint region
[1874.802s][info ][safepoint      ] Total time for which application threads were stopped: 0.0000826 seconds, Stopping threads took: 0.0000175 seconds
[1876.574s][info ][safepoint      ] Application time: 1.7720990 seconds
[1876.574s][info ][safepoint      ] Entering safepoint region: RevokeBias
[1876.574s][info ][safepoint      ] Leaving safepoint region
[1876.574s][info ][safepoint      ] Total time for which application threads were stopped: 0.0001338 seconds, Stopping threads took: 0.0000338 seconds
[1876.574s][info ][safepoint      ] Application time: 0.0002644 seconds
[1876.574s][info ][safepoint      ] Entering safepoint region: RevokeBias
[1876.574s][info ][safepoint      ] Leaving safepoint region
[1876.574s][info ][safepoint      ] Total time for which application threads were stopped: 0.0000477 seconds, Stopping threads took: 0.0000105 seconds
[1876.580s][info ][safepoint      ] Application time: 0.0060457 seconds
[1876.580s][info ][safepoint      ] Entering safepoint region: RevokeBias
[1876.580s][info ][safepoint      ] Leaving safepoint region
[1876.580s][info ][safepoint      ] Total time for which application threads were stopped: 0.0000663 seconds, Stopping threads took: 0.0000124 seconds
[1877.581s][info ][safepoint      ] Application time: 1.0000931 seconds
[1877.581s][info ][safepoint      ] Entering safepoint region: Cleanup
[1877.581s][info ][safepoint      ] Leaving safepoint region
[1877.581s][info ][safepoint      ] Total time for which application threads were stopped: 0.0002024 seconds, Stopping threads took: 0.0000351 seconds
[1878.581s][info ][safepoint      ] Application time: 1.0001101 seconds
[1878.581s][info ][safepoint      ] Entering safepoint region: Cleanup
[1878.581s][info ][safepoint      ] Leaving safepoint region
[1878.581s][info ][safepoint      ] Total time for which application threads were stopped: 0.0000892 seconds, Stopping threads took: 0.0000194 seconds
[1891.497s][info ][safepoint      ] Application time: 12.9164252 seconds
[1891.498s][info ][safepoint      ] Entering safepoint region: ParallelGCFailedAllocation
[1891.498s][info ][gc,start       ] GC(97) Pause Young (Allocation Failure)
[1891.505s][debug][gc,phases      ] GC(97) Scavenge 6.828ms
[1891.505s][debug][gc,ref         ] GC(97) Skipped phase1 of Reference Processing due to unavailable references
[1891.505s][debug][gc,ref         ] GC(97) Skipped phase3 of Reference Processing due to unavailable references
[1891.505s][debug][gc,phases      ] GC(97) Reference Processing 0.046ms
[1891.505s][debug][gc,phases      ] GC(97) Weak Processing 0.128ms
[1891.506s][debug][gc,phases      ] GC(97) Scrub String Table 0.760ms
[1891.506s][debug][gc,age         ] GC(97) Desired survivor size 28311552 bytes, new threshold 15 (max threshold 15)
[1891.506s][info ][gc,heap        ] GC(97) PSYoungGen: 2042512K->5616K(2065920K)
[1891.506s][info ][gc,heap        ] GC(97) ParOldGen: 290073K->290105K(385536K)
[1891.506s][info ][gc,metaspace   ] GC(97) Metaspace: 64338K->64338K(1107968K)
[1891.506s][info ][gc             ] GC(97) Pause Young (Allocation Failure) 2277M->288M(2394M) 7.921ms
[1891.506s][info ][gc,cpu         ] GC(97) User=0.02s Sys=0.01s Real=0.01s
[1891.506s][info ][safepoint      ] Leaving safepoint region
[1891.506s][info ][safepoint      ] Total time for which application threads were stopped: 0.0082485 seconds, Stopping threads took: 0.0000668 seconds
[1937.153s][info ][safepoint      ] Application time: 45.6472148 seconds
[1937.153s][info ][safepoint      ] Entering safepoint region: BulkRevokeBias
[1937.154s][info ][safepoint      ] Leaving safepoint region
[1937.154s][info ][safepoint      ] Total time for which application threads were stopped: 0.0012981 seconds, Stopping threads took: 0.0000646 seconds
[1944.596s][info ][safepoint      ] Application time: 7.4419984 seconds
[1944.596s][info ][safepoint      ] Entering safepoint region: ParallelGCFailedAllocation
[1944.597s][info ][gc,start       ] GC(98) Pause Young (Allocation Failure)
[1944.605s][debug][gc,phases      ] GC(98) Scavenge 8.580ms
[1944.605s][debug][gc,ref         ] GC(98) Skipped phase1 of Reference Processing due to unavailable references
[1944.605s][debug][gc,ref         ] GC(98) Skipped phase3 of Reference Processing due to unavailable references
[1944.605s][debug][gc,ref         ] GC(98) Skipped phase4 of Reference Processing due to unavailable references
[1944.605s][debug][gc,phases      ] GC(98) Reference Processing 0.053ms
[1944.605s][debug][gc,phases      ] GC(98) Weak Processing 0.214ms
[1944.607s][debug][gc,phases      ] GC(98) Scrub String Table 1.088ms
[1944.607s][debug][gc,age         ] GC(98) Desired survivor size 26738688 bytes, new threshold 15 (max threshold 15)
[1944.607s][info ][gc,heap        ] GC(98) PSYoungGen: 2042352K->2400K(2071040K)
[1944.607s][info ][gc,heap        ] GC(98) ParOldGen: 290105K->293319K(385536K)
[1944.607s][info ][gc,metaspace   ] GC(98) Metaspace: 64338K->64338K(1107968K)
[1944.607s][info ][gc             ] GC(98) Pause Young (Allocation Failure) 2277M->288M(2399M) 10.138ms
[1944.607s][info ][gc,cpu         ] GC(98) User=0.02s Sys=0.01s Real=0.02s
[1944.607s][info ][safepoint      ] Leaving safepoint region
[1944.607s][info ][safepoint      ] Total time for which application threads were stopped: 0.0103834 seconds, Stopping threads took: 0.0000331 seconds
[1951.608s][info ][safepoint      ] Application time: 7.0017515 seconds
[1951.609s][info ][safepoint      ] Entering safepoint region: Cleanup
[1951.609s][info ][safepoint      ] Leaving safepoint region
[1951.609s][info ][safepoint      ] Total time for which application threads were stopped: 0.0001199 seconds, Stopping threads took: 0.0000372 seconds
[2011.694s][info ][safepoint      ] Application time: 60.0857844 seconds
[2011.695s][info ][safepoint      ] Entering safepoint region: RevokeBias
[2011.695s][info ][safepoint      ] Leaving safepoint region
[2011.695s][info ][safepoint      ] Total time for which application threads were stopped: 0.0003736 seconds, Stopping threads took: 0.0001059 seconds
[2071.694s][info ][safepoint      ] Application time: 59.9996172 seconds
[2071.695s][info ][safepoint      ] Entering safepoint region: RevokeBias
[2071.695s][info ][safepoint      ] Leaving safepoint region
[2071.695s][info ][safepoint      ] Total time for which application threads were stopped: 0.0002562 seconds, Stopping threads took: 0.0001022 seconds
[2116.700s][info ][safepoint      ] Application time: 45.0050486 seconds
[2116.700s][info ][safepoint      ] Entering safepoint region: Cleanup
[2116.700s][info ][safepoint      ] Leaving safepoint region
[2116.700s][info ][safepoint      ] Total time for which application threads were stopped: 0.0001555 seconds, Stopping threads took: 0.0000312 seconds
[2131.694s][info ][safepoint      ] Application time: 14.9944037 seconds
[2131.695s][info ][safepoint      ] Entering safepoint region: RevokeBias
[2131.695s][info ][safepoint      ] Leaving safepoint region
[2131.695s][info ][safepoint      ] Total time for which application threads were stopped: 0.0003707 seconds, Stopping threads took: 0.0001020 seconds
[2150.493s][info ][safepoint      ] Application time: 18.7980450 seconds
[2150.493s][info ][safepoint      ] Entering safepoint region: ParallelGCFailedAllocation
[2150.493s][info ][gc,start       ] GC(99) Pause Young (Allocation Failure)
[2150.500s][debug][gc,phases      ] GC(99) Scavenge 7.062ms
[2150.500s][debug][gc,ref         ] GC(99) Skipped phase1 of Reference Processing due to unavailable references
[2150.500s][debug][gc,ref         ] GC(99) Skipped phase3 of Reference Processing due to unavailable references
[2150.500s][debug][gc,phases      ] GC(99) Reference Processing 0.059ms
[2150.501s][debug][gc,phases      ] GC(99) Weak Processing 0.136ms
[2150.501s][debug][gc,phases      ] GC(99) Scrub String Table 0.827ms
[2150.501s][debug][gc,age         ] GC(99) Desired survivor size 25690112 bytes, new threshold 15 (max threshold 15)
[2150.502s][info ][gc,heap        ] GC(99) PSYoungGen: 2045792K->1968K(2069504K)
[2150.502s][info ][gc,heap        ] GC(99) ParOldGen: 293319K->293439K(385536K)
[2150.502s][info ][gc,metaspace   ] GC(99) Metaspace: 64348K->64348K(1107968K)
[2150.502s][info ][gc             ] GC(99) Pause Young (Allocation Failure) 2284M->288M(2397M) 8.275ms
[2150.502s][info ][gc,cpu         ] GC(99) User=0.02s Sys=0.01s Real=0.01s
[2150.502s][info ][safepoint      ] Leaving safepoint region
[2150.502s][info ][safepoint      ] Total time for which application threads were stopped: 0.0086028 seconds, Stopping threads took: 0.0000588 seconds
[2176.418s][info ][safepoint      ] Application time: 25.9160305 seconds
[2176.418s][info ][safepoint      ] Entering safepoint region: RevokeBias
[2176.418s][info ][safepoint      ] Leaving safepoint region
[2176.418s][info ][safepoint      ] Total time for which application threads were stopped: 0.0001333 seconds, Stopping threads took: 0.0000452 seconds
[2176.419s][info ][safepoint      ] Application time: 0.0008123 seconds
[2176.419s][info ][safepoint      ] Entering safepoint region: RevokeBias
[2176.419s][info ][safepoint      ] Leaving safepoint region
[2176.419s][info ][safepoint      ] Total time for which application threads were stopped: 0.0000477 seconds, Stopping threads took: 0.0000095 seconds
[2191.697s][info ][safepoint      ] Application time: 15.2780912 seconds
[2191.697s][info ][safepoint      ] Entering safepoint region: BulkRevokeBias
[2191.697s][info ][safepoint      ] Leaving safepoint region
[2191.697s][info ][safepoint      ] Total time for which application threads were stopped: 0.0005041 seconds, Stopping threads took: 0.0000841 seconds
[2293.664s][info ][safepoint      ] Application time: 101.9665534 seconds
[2293.664s][info ][safepoint      ] Entering safepoint region: RevokeBias
[2293.664s][info ][safepoint      ] Leaving safepoint region
[2293.664s][info ][safepoint      ] Total time for which application threads were stopped: 0.0001364 seconds, Stopping threads took: 0.0000223 seconds
[2293.665s][info ][safepoint      ] Application time: 0.0006239 seconds
[2293.665s][info ][safepoint      ] Entering safepoint region: RevokeBias
[2293.665s][info ][safepoint      ] Leaving safepoint region
[2293.665s][info ][safepoint      ] Total time for which application threads were stopped: 0.0000449 seconds, Stopping threads took: 0.0000106 seconds
[2293.665s][info ][safepoint      ] Application time: 0.0000458 seconds
[2293.665s][info ][safepoint      ] Entering safepoint region: RevokeBias
[2293.665s][info ][safepoint      ] Leaving safepoint region
[2293.665s][info ][safepoint      ] Total time for which application threads were stopped: 0.0000271 seconds, Stopping threads took: 0.0000067 seconds
[2293.665s][info ][safepoint      ] Application time: 0.0004746 seconds
[2293.665s][info ][safepoint      ] Entering safepoint region: RevokeBias
[2293.665s][info ][safepoint      ] Leaving safepoint region
[2293.665s][info ][safepoint      ] Total time for which application threads were stopped: 0.0000393 seconds, Stopping threads took: 0.0000105 seconds
[2293.666s][info ][safepoint      ] Application time: 0.0005079 seconds
[2293.666s][info ][safepoint      ] Entering safepoint region: RevokeBias
[2293.666s][info ][safepoint      ] Leaving safepoint region
[2293.666s][info ][safepoint      ] Total time for which application threads were stopped: 0.0000391 seconds, Stopping threads took: 0.0000105 seconds
[2293.669s][info ][safepoint      ] Application time: 0.0027551 seconds
[2293.669s][info ][safepoint      ] Entering safepoint region: RevokeBias
[2293.669s][info ][safepoint      ] Leaving safepoint region
[2293.669s][info ][safepoint      ] Total time for which application threads were stopped: 0.0000451 seconds, Stopping threads took: 0.0000117 seconds
[2293.669s][info ][safepoint      ] Application time: 0.0007144 seconds
[2293.669s][info ][safepoint      ] Entering safepoint region: RevokeBias
[2293.670s][info ][safepoint      ] Leaving safepoint region
[2293.670s][info ][safepoint      ] Total time for which application threads were stopped: 0.0000379 seconds, Stopping threads took: 0.0000100 seconds
[2293.670s][info ][safepoint      ] Application time: 0.0005002 seconds
[2293.670s][info ][safepoint      ] Entering safepoint region: RevokeBias
[2293.670s][info ][safepoint      ] Leaving safepoint region
[2293.670s][info ][safepoint      ] Total time for which application threads were stopped: 0.0000374 seconds, Stopping threads took: 0.0000097 seconds
[2293.671s][info ][safepoint      ] Application time: 0.0005046 seconds
[2293.671s][info ][safepoint      ] Entering safepoint region: RevokeBias
[2293.671s][info ][safepoint      ] Leaving safepoint region
[2293.671s][info ][safepoint      ] Total time for which application threads were stopped: 0.0000373 seconds, Stopping threads took: 0.0000098 seconds
[2293.671s][info ][safepoint      ] Application time: 0.0004771 seconds
[2293.671s][info ][safepoint      ] Entering safepoint region: RevokeBias
[2293.671s][info ][safepoint      ] Leaving safepoint region
[2293.671s][info ][safepoint      ] Total time for which application threads were stopped: 0.0000371 seconds, Stopping threads took: 0.0000098 seconds
[2293.673s][info ][safepoint      ] Application time: 0.0014964 seconds
[2293.673s][info ][safepoint      ] Entering safepoint region: RevokeBias
[2293.673s][info ][safepoint      ] Leaving safepoint region
[2293.673s][info ][safepoint      ] Total time for which application threads were stopped: 0.0000391 seconds, Stopping threads took: 0.0000100 seconds
[2293.673s][info ][safepoint      ] Application time: 0.0002028 seconds
[2293.673s][info ][safepoint      ] Entering safepoint region: RevokeBias
[2293.673s][info ][safepoint      ] Leaving safepoint region
[2293.673s][info ][safepoint      ] Total time for which application threads were stopped: 0.0000258 seconds, Stopping threads took: 0.0000065 seconds
[2293.673s][info ][safepoint      ] Application time: 0.0000939 seconds
[2293.673s][info ][safepoint      ] Entering safepoint region: RevokeBias
[2293.673s][info ][safepoint      ] Leaving safepoint region
[2293.673s][info ][safepoint      ] Total time for which application threads were stopped: 0.0000238 seconds, Stopping threads took: 0.0000059 seconds
[2293.674s][info ][safepoint      ] Application time: 0.0009034 seconds
[2293.674s][info ][safepoint      ] Entering safepoint region: RevokeBias
[2293.674s][info ][safepoint      ] Leaving safepoint region
[2293.674s][info ][safepoint      ] Total time for which application threads were stopped: 0.0001410 seconds, Stopping threads took: 0.0000492 seconds
[2293.674s][info ][safepoint      ] Application time: 0.0000776 seconds
[2293.674s][info ][safepoint      ] Entering safepoint region: RevokeBias
[2293.674s][info ][safepoint      ] Leaving safepoint region
[2293.674s][info ][safepoint      ] Total time for which application threads were stopped: 0.0001774 seconds, Stopping threads took: 0.0001015 seconds
[2293.676s][info ][safepoint      ] Application time: 0.0014470 seconds
[2293.676s][info ][safepoint      ] Entering safepoint region: RevokeBias
[2293.676s][info ][safepoint      ] Leaving safepoint region
[2293.676s][info ][safepoint      ] Total time for which application threads were stopped: 0.0000446 seconds, Stopping threads took: 0.0000093 seconds
[2293.678s][info ][safepoint      ] Application time: 0.0022687 seconds
[2293.678s][info ][safepoint      ] Entering safepoint region: RevokeBias
[2293.678s][info ][safepoint      ] Leaving safepoint region
[2293.678s][info ][safepoint      ] Total time for which application threads were stopped: 0.0000709 seconds, Stopping threads took: 0.0000265 seconds
[2293.679s][info ][gc,heap,exit   ] Heap
[2293.679s][info ][gc,heap,exit   ]  PSYoungGen      total 2069504K, used 1320411K [0x0000000780000000, 0x0000000800000000, 0x0000000800000000)
[2293.679s][info ][gc,heap,exit   ]   eden space 2043392K, 64% used [0x0000000780000000,0x00000007d078ad78,0x00000007fcb80000)
[2293.679s][info ][gc,heap,exit   ]   from space 26112K, 7% used [0x00000007fcb80000,0x00000007fcd6c108,0x00000007fe500000)
[2293.679s][info ][gc,heap,exit   ]   to   space 25088K, 0% used [0x00000007fe780000,0x00000007fe780000,0x0000000800000000)
[2293.679s][info ][gc,heap,exit   ]  ParOldGen       total 385536K, used 293439K [0x0000000740000000, 0x0000000757880000, 0x0000000780000000)
[2293.679s][info ][gc,heap,exit   ]   object space 385536K, 76% used [0x0000000740000000,0x0000000751e8fef0,0x0000000757880000)
[2293.679s][info ][gc,heap,exit   ]  Metaspace       used 64375K, capacity 69136K, committed 69336K, reserved 1107968K
[2293.679s][info ][gc,heap,exit   ]   class space    used 8827K, capacity 10882K, committed 11008K, reserved 1048576K
[2293.679s][info ][safepoint      ] Application time: 0.0006037 seconds
[2293.679s][info ][safepoint      ] Entering safepoint region: Halt
