[0.006s][info][gc] Using Parallel
[0.006s][info][gc,heap,coops] Heap address: 0x0000000740000000, size: 3072 MB, Compressed Oops mode: Zero based, Oop shift amount: 3
[0.044s][info][safepoint    ] Entering safepoint region: EnableBiasedLocking
[0.044s][info][safepoint    ] Leaving safepoint region
[0.044s][info][safepoint    ] Total time for which application threads were stopped: 0.0001741 seconds, Stopping threads took: 0.0001130 seconds
[0.047s][info][safepoint    ] Application time: 0.0013907 seconds
[0.047s][info][safepoint    ] Entering safepoint region: RevokeBias
[0.047s][info][safepoint    ] Leaving safepoint region
[0.047s][info][safepoint    ] Total time for which application threads were stopped: 0.0001343 seconds, Stopping threads took: 0.0000934 seconds
[0.140s][info][safepoint    ] Application time: 0.0927317 seconds
[0.140s][info][safepoint    ] Entering safepoint region: Deoptimize
[0.140s][info][safepoint    ] Leaving safepoint region
[0.140s][info][safepoint    ] Total time for which application threads were stopped: 0.0000787 seconds, Stopping threads took: 0.0000078 seconds
[0.362s][info][safepoint    ] Application time: 0.2219201 seconds
[0.362s][info][safepoint    ] Entering safepoint region: Deoptimize
[0.362s][info][safepoint    ] Leaving safepoint region
[0.362s][info][safepoint    ] Total time for which application threads were stopped: 0.0001512 seconds, Stopping threads took: 0.0000083 seconds
[0.403s][info][safepoint    ] Application time: 0.0412580 seconds
[0.403s][info][safepoint    ] Entering safepoint region: Deoptimize
[0.403s][info][safepoint    ] Leaving safepoint region
[0.403s][info][safepoint    ] Total time for which application threads were stopped: 0.0001560 seconds, Stopping threads took: 0.0000076 seconds
[1.404s][info][safepoint    ] Application time: 1.0000570 seconds
[1.404s][info][safepoint    ] Entering safepoint region: Cleanup
[1.404s][info][safepoint    ] Leaving safepoint region
[1.404s][info][safepoint    ] Total time for which application threads were stopped: 0.0000704 seconds, Stopping threads took: 0.0000150 seconds
[1.462s][info][safepoint    ] Application time: 0.0587104 seconds
[1.462s][info][safepoint    ] Entering safepoint region: Deoptimize
[1.463s][info][safepoint    ] Leaving safepoint region
[1.463s][info][safepoint    ] Total time for which application threads were stopped: 0.0001405 seconds, Stopping threads took: 0.0000070 seconds
[1.625s][info][safepoint    ] Application time: 0.1628247 seconds
[1.625s][info][safepoint    ] Entering safepoint region: Deoptimize
[1.626s][info][safepoint    ] Leaving safepoint region
[1.626s][info][safepoint    ] Total time for which application threads were stopped: 0.0002443 seconds, Stopping threads took: 0.0000075 seconds
[2.014s][info][safepoint    ] Application time: 0.3886566 seconds
[2.014s][info][safepoint    ] Entering safepoint region: ICBufferFull
[2.015s][info][safepoint    ] Leaving safepoint region
[2.015s][info][safepoint    ] Total time for which application threads were stopped: 0.0001390 seconds, Stopping threads took: 0.0000075 seconds
[2.154s][info][safepoint    ] Application time: 0.1389759 seconds
[2.154s][info][safepoint    ] Entering safepoint region: ICBufferFull
[2.154s][info][safepoint    ] Leaving safepoint region
[2.154s][info][safepoint    ] Total time for which application threads were stopped: 0.0001655 seconds, Stopping threads took: 0.0000163 seconds
[2.255s][info][safepoint    ] Application time: 0.1013146 seconds
[2.255s][info][safepoint    ] Entering safepoint region: ICBufferFull
[2.255s][info][safepoint    ] Leaving safepoint region
[2.255s][info][safepoint    ] Total time for which application threads were stopped: 0.0001508 seconds, Stopping threads took: 0.0000077 seconds
[2.496s][info][safepoint    ] Application time: 0.2409101 seconds
[2.496s][info][safepoint    ] Entering safepoint region: ICBufferFull
[2.496s][info][safepoint    ] Leaving safepoint region
[2.496s][info][safepoint    ] Total time for which application threads were stopped: 0.0001387 seconds, Stopping threads took: 0.0000077 seconds
[2.999s][info][safepoint    ] Application time: 0.5026763 seconds
[2.999s][info][safepoint    ] Entering safepoint region: CollectForMetadataAllocation
[2.999s][info][gc,start     ] GC(0) Pause Young (Metadata GC Threshold)
[3.029s][debug][gc,phases    ] GC(0) Scavenge 29.711ms
[3.029s][debug][gc,ref       ] GC(0) Skipped phase1 of Reference Processing due to unavailable references
[3.029s][debug][gc,ref       ] GC(0) Skipped phase3 of Reference Processing due to unavailable references
[3.029s][debug][gc,phases    ] GC(0) Reference Processing 0.192ms
[3.029s][debug][gc,phases    ] GC(0) Weak Processing 0.074ms
[3.030s][debug][gc,phases    ] GC(0) Scrub String Table 0.466ms
[3.030s][debug][gc,age       ] GC(0) Desired survivor size 536870912 bytes, new threshold 7 (max threshold 15)
[3.030s][info ][gc,heap      ] GC(0) PSYoungGen: 377488K->35449K(1572864K)
[3.030s][info ][gc,heap      ] GC(0) ParOldGen: 0K->96K(6144K)
[3.030s][info ][gc,metaspace ] GC(0) Metaspace: 20370K->20370K(1067008K)
[3.030s][info ][gc           ] GC(0) Pause Young (Metadata GC Threshold) 368M->34M(1542M) 30.608ms
[3.030s][info ][gc,cpu       ] GC(0) User=0.09s Sys=0.03s Real=0.03s
[3.030s][debug][gc,phases    ] GC(1) Pre Compact 0.027ms
[3.030s][info ][gc,start     ] GC(1) Pause Full (Metadata GC Threshold)
[3.030s][info ][gc,phases,start] GC(1) Marking Phase
[3.053s][debug][gc,phases      ] GC(1) Par Mark 22.882ms
[3.053s][debug][gc,ref         ] GC(1) Skipped phase1 of Reference Processing due to unavailable references
[3.053s][debug][gc,ref         ] GC(1) Skipped phase3 of Reference Processing due to unavailable references
[3.053s][debug][gc,phases      ] GC(1) Reference Processing 0.073ms
[3.053s][debug][gc,phases      ] GC(1) Weak Processing 0.023ms
[3.054s][debug][gc,phases      ] GC(1) ClassLoaderData 0.475ms
[3.054s][debug][gc,phases      ] GC(1) ProtectionDomainCacheTable 0.006ms
[3.054s][debug][gc,phases      ] GC(1) ResolvedMethodTable 0.029ms
[3.055s][debug][gc,phases      ] GC(1) Class Unloading 1.687ms
[3.055s][debug][gc,phases      ] GC(1) Scrub String Table 0.132ms
[3.056s][debug][gc,phases      ] GC(1) Scrub Symbol Table 1.518ms
[3.056s][info ][gc,phases      ] GC(1) Marking Phase 26.500ms
[3.056s][info ][gc,phases,start] GC(1) Summary Phase
[3.056s][info ][gc,phases      ] GC(1) Summary Phase 0.007ms
[3.056s][info ][gc,phases,start] GC(1) Adjust Roots
[3.070s][info ][gc,phases      ] GC(1) Adjust Roots 13.567ms
[3.070s][info ][gc,phases,start] GC(1) Compaction Phase
[3.152s][info ][gc,phases      ] GC(1) Compaction Phase 81.717ms
[3.152s][info ][gc,phases,start] GC(1) Post Compact
[3.153s][info ][gc,phases      ] GC(1) Post Compact 0.768ms
[3.153s][info ][gc,heap        ] GC(1) PSYoungGen: 35449K->29697K(1572864K)
[3.153s][info ][gc,heap        ] GC(1) ParOldGen: 96K->5711K(6144K)
[3.153s][info ][gc,metaspace   ] GC(1) Metaspace: 20370K->20370K(1067008K)
[3.153s][info ][gc             ] GC(1) Pause Full (Metadata GC Threshold) 34M->34M(1542M) 122.777ms
[3.153s][info ][gc,cpu         ] GC(1) User=0.42s Sys=0.00s Real=0.13s
[3.153s][info ][safepoint      ] Leaving safepoint region
[3.153s][info ][safepoint      ] Total time for which application threads were stopped: 0.1537094 seconds, Stopping threads took: 0.0000079 seconds
[3.154s][info ][safepoint      ] Application time: 0.0007257 seconds
[3.154s][info ][safepoint      ] Entering safepoint region: RevokeBias
[3.154s][info ][safepoint      ] Leaving safepoint region
[3.154s][info ][safepoint      ] Total time for which application threads were stopped: 0.0004998 seconds, Stopping threads took: 0.0003588 seconds
[3.154s][info ][safepoint      ] Application time: 0.0000586 seconds
[3.154s][info ][safepoint      ] Entering safepoint region: RevokeBias
[3.154s][info ][safepoint      ] Leaving safepoint region
[3.154s][info ][safepoint      ] Total time for which application threads were stopped: 0.0000807 seconds, Stopping threads took: 0.0000425 seconds
[3.154s][info ][safepoint      ] Application time: 0.0000550 seconds
[3.154s][info ][safepoint      ] Entering safepoint region: RevokeBias
[3.154s][info ][safepoint      ] Leaving safepoint region
[3.154s][info ][safepoint      ] Total time for which application threads were stopped: 0.0000491 seconds, Stopping threads took: 0.0000166 seconds
[3.179s][info ][safepoint      ] Application time: 0.0246314 seconds
[3.179s][info ][safepoint      ] Entering safepoint region: Deoptimize
[3.179s][info ][safepoint      ] Leaving safepoint region
[3.179s][info ][safepoint      ] Total time for which application threads were stopped: 0.0003996 seconds, Stopping threads took: 0.0000078 seconds
[3.501s][info ][safepoint      ] Application time: 0.3219943 seconds
[3.501s][info ][safepoint      ] Entering safepoint region: RevokeBias
[3.502s][info ][safepoint      ] Leaving safepoint region
[3.502s][info ][safepoint      ] Total time for which application threads were stopped: 0.0002094 seconds, Stopping threads took: 0.0000750 seconds
[3.502s][info ][safepoint      ] Application time: 0.0001742 seconds
[3.502s][info ][safepoint      ] Entering safepoint region: RevokeBias
[3.502s][info ][safepoint      ] Leaving safepoint region
[3.502s][info ][safepoint      ] Total time for which application threads were stopped: 0.0000665 seconds, Stopping threads took: 0.0000068 seconds
[3.502s][info ][safepoint      ] Application time: 0.0001908 seconds
[3.502s][info ][safepoint      ] Entering safepoint region: RevokeBias
[3.502s][info ][safepoint      ] Leaving safepoint region
[3.502s][info ][safepoint      ] Total time for which application threads were stopped: 0.0000711 seconds, Stopping threads took: 0.0000396 seconds
[3.502s][info ][safepoint      ] Application time: 0.0001100 seconds
[3.502s][info ][safepoint      ] Entering safepoint region: RevokeBias
[3.502s][info ][safepoint      ] Leaving safepoint region
[3.502s][info ][safepoint      ] Total time for which application threads were stopped: 0.0000889 seconds, Stopping threads took: 0.0000541 seconds
[3.503s][info ][safepoint      ] Application time: 0.0007477 seconds
[3.503s][info ][safepoint      ] Entering safepoint region: RevokeBias
[3.503s][info ][safepoint      ] Leaving safepoint region
[3.503s][info ][safepoint      ] Total time for which application threads were stopped: 0.0001844 seconds, Stopping threads took: 0.0001140 seconds
[3.504s][info ][safepoint      ] Application time: 0.0003339 seconds
[3.504s][info ][safepoint      ] Entering safepoint region: RevokeBias
[3.504s][info ][safepoint      ] Leaving safepoint region
[3.504s][info ][safepoint      ] Total time for which application threads were stopped: 0.0002906 seconds, Stopping threads took: 0.0002000 seconds
[3.504s][info ][safepoint      ] Application time: 0.0002725 seconds
[3.504s][info ][safepoint      ] Entering safepoint region: RevokeBias
[3.504s][info ][safepoint      ] Leaving safepoint region
[3.504s][info ][safepoint      ] Total time for which application threads were stopped: 0.0001996 seconds, Stopping threads took: 0.0001036 seconds
[3.505s][info ][safepoint      ] Application time: 0.0001216 seconds
[3.505s][info ][safepoint      ] Entering safepoint region: RevokeBias
[3.505s][info ][safepoint      ] Leaving safepoint region
[3.505s][info ][safepoint      ] Total time for which application threads were stopped: 0.0001698 seconds, Stopping threads took: 0.0001066 seconds
[3.505s][info ][safepoint      ] Application time: 0.0002580 seconds
[3.505s][info ][safepoint      ] Entering safepoint region: RevokeBias
[3.505s][info ][safepoint      ] Leaving safepoint region
[3.505s][info ][safepoint      ] Total time for which application threads were stopped: 0.0001409 seconds, Stopping threads took: 0.0000763 seconds
[3.505s][info ][safepoint      ] Application time: 0.0001181 seconds
[3.505s][info ][safepoint      ] Entering safepoint region: RevokeBias
[3.505s][info ][safepoint      ] Leaving safepoint region
[3.505s][info ][safepoint      ] Total time for which application threads were stopped: 0.0000985 seconds, Stopping threads took: 0.0000100 seconds
[3.505s][info ][safepoint      ] Application time: 0.0000697 seconds
[3.506s][info ][safepoint      ] Entering safepoint region: RevokeBias
[3.506s][info ][safepoint      ] Leaving safepoint region
[3.506s][info ][safepoint      ] Total time for which application threads were stopped: 0.0001234 seconds, Stopping threads took: 0.0000550 seconds
[3.506s][info ][safepoint      ] Application time: 0.0001299 seconds
[3.506s][info ][safepoint      ] Entering safepoint region: RevokeBias
[3.506s][info ][safepoint      ] Leaving safepoint region
[3.506s][info ][safepoint      ] Total time for which application threads were stopped: 0.0001106 seconds, Stopping threads took: 0.0000688 seconds
[3.506s][info ][safepoint      ] Application time: 0.0000852 seconds
[3.506s][info ][safepoint      ] Entering safepoint region: RevokeBias
[3.506s][info ][safepoint      ] Leaving safepoint region
[3.506s][info ][safepoint      ] Total time for which application threads were stopped: 0.0003564 seconds, Stopping threads took: 0.0003133 seconds
[3.506s][info ][safepoint      ] Application time: 0.0001174 seconds
[3.507s][info ][safepoint      ] Entering safepoint region: RevokeBias
[3.507s][info ][safepoint      ] Leaving safepoint region
[3.507s][info ][safepoint      ] Total time for which application threads were stopped: 0.0001866 seconds, Stopping threads took: 0.0001435 seconds
[3.507s][info ][safepoint      ] Application time: 0.0001575 seconds
[3.507s][info ][safepoint      ] Entering safepoint region: RevokeBias
[3.507s][info ][safepoint      ] Leaving safepoint region
[3.507s][info ][safepoint      ] Total time for which application threads were stopped: 0.0001323 seconds, Stopping threads took: 0.0000713 seconds
[3.507s][info ][safepoint      ] Application time: 0.0004663 seconds
[3.507s][info ][safepoint      ] Entering safepoint region: RevokeBias
[3.508s][info ][safepoint      ] Leaving safepoint region
[3.508s][info ][safepoint      ] Total time for which application threads were stopped: 0.0001085 seconds, Stopping threads took: 0.0000468 seconds
[3.508s][info ][safepoint      ] Application time: 0.0001442 seconds
[3.508s][info ][safepoint      ] Entering safepoint region: RevokeBias
[3.508s][info ][safepoint      ] Leaving safepoint region
[3.508s][info ][safepoint      ] Total time for which application threads were stopped: 0.0003136 seconds, Stopping threads took: 0.0000940 seconds
[3.508s][info ][safepoint      ] Application time: 0.0001549 seconds
[3.508s][info ][safepoint      ] Entering safepoint region: RevokeBias
[3.508s][info ][safepoint      ] Leaving safepoint region
[3.508s][info ][safepoint      ] Total time for which application threads were stopped: 0.0001544 seconds, Stopping threads took: 0.0000964 seconds
[3.509s][info ][safepoint      ] Application time: 0.0003227 seconds
[3.509s][info ][safepoint      ] Entering safepoint region: RevokeBias
[3.509s][info ][safepoint      ] Leaving safepoint region
[3.509s][info ][safepoint      ] Total time for which application threads were stopped: 0.0001691 seconds, Stopping threads took: 0.0001172 seconds
[3.509s][info ][safepoint      ] Application time: 0.0001737 seconds
[3.509s][info ][safepoint      ] Entering safepoint region: RevokeBias
[3.509s][info ][safepoint      ] Leaving safepoint region
[3.509s][info ][safepoint      ] Total time for which application threads were stopped: 0.0001465 seconds, Stopping threads took: 0.0001092 seconds
[3.509s][info ][safepoint      ] Application time: 0.0002785 seconds
[3.509s][info ][safepoint      ] Entering safepoint region: RevokeBias
[3.510s][info ][safepoint      ] Leaving safepoint region
[3.510s][info ][safepoint      ] Total time for which application threads were stopped: 0.0000799 seconds, Stopping threads took: 0.0000144 seconds
[3.511s][info ][safepoint      ] Application time: 0.0015365 seconds
[3.511s][info ][safepoint      ] Entering safepoint region: RevokeBias
[3.511s][info ][safepoint      ] Leaving safepoint region
[3.512s][info ][safepoint      ] Total time for which application threads were stopped: 0.0004095 seconds, Stopping threads took: 0.0003589 seconds
[3.512s][info ][safepoint      ] Application time: 0.0008455 seconds
[3.512s][info ][safepoint      ] Entering safepoint region: RevokeBias
[3.512s][info ][safepoint      ] Leaving safepoint region
[3.512s][info ][safepoint      ] Total time for which application threads were stopped: 0.0001028 seconds, Stopping threads took: 0.0000480 seconds
[3.523s][info ][safepoint      ] Application time: 0.0105540 seconds
[3.523s][info ][safepoint      ] Entering safepoint region: RevokeBias
[3.523s][info ][safepoint      ] Leaving safepoint region
[3.523s][info ][safepoint      ] Total time for which application threads were stopped: 0.0001326 seconds, Stopping threads took: 0.0000512 seconds
[3.525s][info ][safepoint      ] Application time: 0.0017305 seconds
[3.525s][info ][safepoint      ] Entering safepoint region: RevokeBias
[3.525s][info ][safepoint      ] Leaving safepoint region
[3.525s][info ][safepoint      ] Total time for which application threads were stopped: 0.0001559 seconds, Stopping threads took: 0.0000864 seconds
[3.525s][info ][safepoint      ] Application time: 0.0002210 seconds
[3.526s][info ][safepoint      ] Entering safepoint region: RevokeBias
[3.526s][info ][safepoint      ] Leaving safepoint region
[3.526s][info ][safepoint      ] Total time for which application threads were stopped: 0.0006275 seconds, Stopping threads took: 0.0005848 seconds
[3.528s][info ][safepoint      ] Application time: 0.0020860 seconds
[3.528s][info ][safepoint      ] Entering safepoint region: RevokeBias
[3.528s][info ][safepoint      ] Leaving safepoint region
[3.528s][info ][safepoint      ] Total time for which application threads were stopped: 0.0000844 seconds, Stopping threads took: 0.0000070 seconds
[3.529s][info ][safepoint      ] Application time: 0.0009250 seconds
[3.529s][info ][safepoint      ] Entering safepoint region: RevokeBias
[3.529s][info ][safepoint      ] Leaving safepoint region
[3.530s][info ][safepoint      ] Total time for which application threads were stopped: 0.0001069 seconds, Stopping threads took: 0.0000412 seconds
[3.532s][info ][safepoint      ] Application time: 0.0023121 seconds
[3.532s][info ][safepoint      ] Entering safepoint region: RevokeBias
[3.532s][info ][safepoint      ] Leaving safepoint region
[3.532s][info ][safepoint      ] Total time for which application threads were stopped: 0.0004967 seconds, Stopping threads took: 0.0004192 seconds
[3.534s][info ][safepoint      ] Application time: 0.0017274 seconds
[3.534s][info ][safepoint      ] Entering safepoint region: RevokeBias
[3.534s][info ][safepoint      ] Leaving safepoint region
[3.534s][info ][safepoint      ] Total time for which application threads were stopped: 0.0001385 seconds, Stopping threads took: 0.0000641 seconds
[3.537s][info ][safepoint      ] Application time: 0.0024036 seconds
[3.537s][info ][safepoint      ] Entering safepoint region: RevokeBias
[3.537s][info ][safepoint      ] Leaving safepoint region
[3.537s][info ][safepoint      ] Total time for which application threads were stopped: 0.0000698 seconds, Stopping threads took: 0.0000074 seconds
[3.538s][info ][safepoint      ] Application time: 0.0016021 seconds
[3.538s][info ][safepoint      ] Entering safepoint region: RevokeBias
[3.539s][info ][safepoint      ] Leaving safepoint region
[3.539s][info ][safepoint      ] Total time for which application threads were stopped: 0.0001340 seconds, Stopping threads took: 0.0000610 seconds
[3.540s][info ][safepoint      ] Application time: 0.0013490 seconds
[3.540s][info ][safepoint      ] Entering safepoint region: RevokeBias
[3.540s][info ][safepoint      ] Leaving safepoint region
[3.540s][info ][safepoint      ] Total time for which application threads were stopped: 0.0001134 seconds, Stopping threads took: 0.0000065 seconds
[3.541s][info ][safepoint      ] Application time: 0.0009501 seconds
[3.541s][info ][safepoint      ] Entering safepoint region: RevokeBias
[3.541s][info ][safepoint      ] Leaving safepoint region
[3.541s][info ][safepoint      ] Total time for which application threads were stopped: 0.0000690 seconds, Stopping threads took: 0.0000109 seconds
[3.542s][info ][safepoint      ] Application time: 0.0009480 seconds
[3.542s][info ][safepoint      ] Entering safepoint region: RevokeBias
[3.542s][info ][safepoint      ] Leaving safepoint region
[3.542s][info ][safepoint      ] Total time for which application threads were stopped: 0.0001017 seconds, Stopping threads took: 0.0000394 seconds
[3.545s][info ][safepoint      ] Application time: 0.0029130 seconds
[3.545s][info ][safepoint      ] Entering safepoint region: RevokeBias
[3.545s][info ][safepoint      ] Leaving safepoint region
[3.545s][info ][safepoint      ] Total time for which application threads were stopped: 0.0000909 seconds, Stopping threads took: 0.0000423 seconds
[3.547s][info ][safepoint      ] Application time: 0.0013265 seconds
[3.547s][info ][safepoint      ] Entering safepoint region: RevokeBias
[3.547s][info ][safepoint      ] Leaving safepoint region
[3.547s][info ][safepoint      ] Total time for which application threads were stopped: 0.0000878 seconds, Stopping threads took: 0.0000419 seconds
[3.547s][info ][safepoint      ] Application time: 0.0007011 seconds
[3.548s][info ][safepoint      ] Entering safepoint region: RevokeBias
[3.548s][info ][safepoint      ] Leaving safepoint region
[3.548s][info ][safepoint      ] Total time for which application threads were stopped: 0.0003927 seconds, Stopping threads took: 0.0003150 seconds
[3.549s][info ][safepoint      ] Application time: 0.0016173 seconds
[3.549s][info ][safepoint      ] Entering safepoint region: RevokeBias
[3.550s][info ][safepoint      ] Leaving safepoint region
[3.550s][info ][safepoint      ] Total time for which application threads were stopped: 0.0001515 seconds, Stopping threads took: 0.0001084 seconds
[3.551s][info ][safepoint      ] Application time: 0.0013972 seconds
[3.551s][info ][safepoint      ] Entering safepoint region: RevokeBias
[3.551s][info ][safepoint      ] Leaving safepoint region
[3.551s][info ][safepoint      ] Total time for which application threads were stopped: 0.0001834 seconds, Stopping threads took: 0.0001012 seconds
[3.552s][info ][safepoint      ] Application time: 0.0005302 seconds
[3.552s][info ][safepoint      ] Entering safepoint region: BulkRevokeBias
[3.552s][info ][safepoint      ] Leaving safepoint region
[3.552s][info ][safepoint      ] Total time for which application threads were stopped: 0.0002110 seconds, Stopping threads took: 0.0000283 seconds
[3.591s][info ][safepoint      ] Application time: 0.0392451 seconds
[3.591s][info ][safepoint      ] Entering safepoint region: RevokeBias
[3.591s][info ][safepoint      ] Leaving safepoint region
[3.591s][info ][safepoint      ] Total time for which application threads were stopped: 0.0002218 seconds, Stopping threads took: 0.0000727 seconds
[3.591s][info ][safepoint      ] Application time: 0.0000571 seconds
[3.591s][info ][safepoint      ] Entering safepoint region: RevokeBias
[3.592s][info ][safepoint      ] Leaving safepoint region
[3.592s][info ][safepoint      ] Total time for which application threads were stopped: 0.0000921 seconds, Stopping threads took: 0.0000163 seconds
[3.628s][info ][safepoint      ] Application time: 0.0362918 seconds
[3.628s][info ][safepoint      ] Entering safepoint region: RevokeBias
[3.628s][info ][safepoint      ] Leaving safepoint region
[3.628s][info ][safepoint      ] Total time for which application threads were stopped: 0.0002090 seconds, Stopping threads took: 0.0000800 seconds
[3.628s][info ][safepoint      ] Application time: 0.0000500 seconds
[3.628s][info ][safepoint      ] Entering safepoint region: RevokeBias
[3.628s][info ][safepoint      ] Leaving safepoint region
[3.628s][info ][safepoint      ] Total time for which application threads were stopped: 0.0001106 seconds, Stopping threads took: 0.0000429 seconds
[3.631s][info ][safepoint      ] Application time: 0.0026510 seconds
[3.631s][info ][safepoint      ] Entering safepoint region: RevokeBias
[3.631s][info ][safepoint      ] Leaving safepoint region
[3.631s][info ][safepoint      ] Total time for which application threads were stopped: 0.0002179 seconds, Stopping threads took: 0.0000922 seconds
[3.633s][info ][safepoint      ] Application time: 0.0020705 seconds
[3.633s][info ][safepoint      ] Entering safepoint region: RevokeBias
[3.633s][info ][safepoint      ] Leaving safepoint region
[3.633s][info ][safepoint      ] Total time for which application threads were stopped: 0.0001486 seconds, Stopping threads took: 0.0000422 seconds
[3.660s][info ][safepoint      ] Application time: 0.0268477 seconds
[3.660s][info ][safepoint      ] Entering safepoint region: RevokeBias
[3.660s][info ][safepoint      ] Leaving safepoint region
[3.660s][info ][safepoint      ] Total time for which application threads were stopped: 0.0002048 seconds, Stopping threads took: 0.0000479 seconds
[3.665s][info ][safepoint      ] Application time: 0.0044579 seconds
[3.665s][info ][safepoint      ] Entering safepoint region: RevokeBias
[3.665s][info ][safepoint      ] Leaving safepoint region
[3.665s][info ][safepoint      ] Total time for which application threads were stopped: 0.0001568 seconds, Stopping threads took: 0.0000409 seconds
[3.665s][info ][safepoint      ] Application time: 0.0000489 seconds
[3.665s][info ][safepoint      ] Entering safepoint region: RevokeBias
[3.665s][info ][safepoint      ] Leaving safepoint region
[3.665s][info ][safepoint      ] Total time for which application threads were stopped: 0.0001166 seconds, Stopping threads took: 0.0000368 seconds
[3.665s][info ][safepoint      ] Application time: 0.0000404 seconds
[3.665s][info ][safepoint      ] Entering safepoint region: RevokeBias
[3.665s][info ][safepoint      ] Leaving safepoint region
[3.665s][info ][safepoint      ] Total time for which application threads were stopped: 0.0001056 seconds, Stopping threads took: 0.0000350 seconds
[3.666s][info ][safepoint      ] Application time: 0.0000388 seconds
[3.666s][info ][safepoint      ] Entering safepoint region: RevokeBias
[3.666s][info ][safepoint      ] Leaving safepoint region
[3.666s][info ][safepoint      ] Total time for which application threads were stopped: 0.0001049 seconds, Stopping threads took: 0.0000346 seconds
[3.666s][info ][safepoint      ] Application time: 0.0000409 seconds
[3.666s][info ][safepoint      ] Entering safepoint region: RevokeBias
[3.666s][info ][safepoint      ] Leaving safepoint region
[3.666s][info ][safepoint      ] Total time for which application threads were stopped: 0.0000904 seconds, Stopping threads took: 0.0000238 seconds
[3.666s][info ][safepoint      ] Application time: 0.0000406 seconds
[3.666s][info ][safepoint      ] Entering safepoint region: RevokeBias
[3.666s][info ][safepoint      ] Leaving safepoint region
[3.666s][info ][safepoint      ] Total time for which application threads were stopped: 0.0000897 seconds, Stopping threads took: 0.0000249 seconds
[3.666s][info ][safepoint      ] Application time: 0.0000388 seconds
[3.666s][info ][safepoint      ] Entering safepoint region: RevokeBias
[3.666s][info ][safepoint      ] Leaving safepoint region
[3.666s][info ][safepoint      ] Total time for which application threads were stopped: 0.0000921 seconds, Stopping threads took: 0.0000237 seconds
[3.666s][info ][safepoint      ] Application time: 0.0000365 seconds
[3.666s][info ][safepoint      ] Entering safepoint region: RevokeBias
[3.666s][info ][safepoint      ] Leaving safepoint region
[3.666s][info ][safepoint      ] Total time for which application threads were stopped: 0.0000798 seconds, Stopping threads took: 0.0000308 seconds
[3.666s][info ][safepoint      ] Application time: 0.0001102 seconds
[3.666s][info ][safepoint      ] Entering safepoint region: RevokeBias
[3.666s][info ][safepoint      ] Leaving safepoint region
[3.666s][info ][safepoint      ] Total time for which application threads were stopped: 0.0000883 seconds, Stopping threads took: 0.0000051 seconds
[3.666s][info ][safepoint      ] Application time: 0.0000445 seconds
[3.667s][info ][safepoint      ] Entering safepoint region: RevokeBias
[3.667s][info ][safepoint      ] Leaving safepoint region
[3.667s][info ][safepoint      ] Total time for which application threads were stopped: 0.0002455 seconds, Stopping threads took: 0.0001537 seconds
[3.667s][info ][safepoint      ] Application time: 0.0000446 seconds
[3.667s][info ][safepoint      ] Entering safepoint region: BulkRevokeBias
[3.667s][info ][safepoint      ] Leaving safepoint region
[3.667s][info ][safepoint      ] Total time for which application threads were stopped: 0.0002573 seconds, Stopping threads took: 0.0001083 seconds
[3.668s][info ][safepoint      ] Application time: 0.0011838 seconds
[3.668s][info ][safepoint      ] Entering safepoint region: RevokeBias
[3.668s][info ][safepoint      ] Leaving safepoint region
[3.668s][info ][safepoint      ] Total time for which application threads were stopped: 0.0001099 seconds, Stopping threads took: 0.0000555 seconds
[3.669s][info ][safepoint      ] Application time: 0.0003581 seconds
[3.669s][info ][safepoint      ] Entering safepoint region: RevokeBias
[3.669s][info ][safepoint      ] Leaving safepoint region
[3.669s][info ][safepoint      ] Total time for which application threads were stopped: 0.0000741 seconds, Stopping threads took: 0.0000359 seconds
[3.718s][info ][safepoint      ] Application time: 0.0494633 seconds
[3.718s][info ][safepoint      ] Entering safepoint region: RevokeBias
[3.718s][info ][safepoint      ] Leaving safepoint region
[3.718s][info ][safepoint      ] Total time for which application threads were stopped: 0.0002117 seconds, Stopping threads took: 0.0001027 seconds
[3.719s][info ][safepoint      ] Application time: 0.0001921 seconds
[3.719s][info ][safepoint      ] Entering safepoint region: RevokeBias
[3.719s][info ][safepoint      ] Leaving safepoint region
[3.719s][info ][safepoint      ] Total time for which application threads were stopped: 0.0001088 seconds, Stopping threads took: 0.0000536 seconds
[3.719s][info ][safepoint      ] Application time: 0.0006794 seconds
[3.720s][info ][safepoint      ] Entering safepoint region: RevokeBias
[3.720s][info ][safepoint      ] Leaving safepoint region
[3.720s][info ][safepoint      ] Total time for which application threads were stopped: 0.0001736 seconds, Stopping threads took: 0.0000555 seconds
[3.720s][info ][safepoint      ] Application time: 0.0002695 seconds
[3.720s][info ][safepoint      ] Entering safepoint region: RevokeBias
[3.720s][info ][safepoint      ] Leaving safepoint region
[3.720s][info ][safepoint      ] Total time for which application threads were stopped: 0.0000766 seconds, Stopping threads took: 0.0000125 seconds
[3.721s][info ][safepoint      ] Application time: 0.0010769 seconds
[3.721s][info ][safepoint      ] Entering safepoint region: RevokeBias
[3.721s][info ][safepoint      ] Leaving safepoint region
[3.721s][info ][safepoint      ] Total time for which application threads were stopped: 0.0002685 seconds, Stopping threads took: 0.0001112 seconds
[3.722s][info ][safepoint      ] Application time: 0.0008756 seconds
[3.722s][info ][safepoint      ] Entering safepoint region: RevokeBias
[3.722s][info ][safepoint      ] Leaving safepoint region
[3.722s][info ][safepoint      ] Total time for which application threads were stopped: 0.0001376 seconds, Stopping threads took: 0.0000436 seconds
[3.729s][info ][safepoint      ] Application time: 0.0068775 seconds
[3.730s][info ][safepoint      ] Entering safepoint region: RevokeBias
[3.730s][info ][safepoint      ] Leaving safepoint region
[3.730s][info ][safepoint      ] Total time for which application threads were stopped: 0.0003855 seconds, Stopping threads took: 0.0002904 seconds
[3.737s][info ][safepoint      ] Application time: 0.0070503 seconds
[3.742s][info ][safepoint      ] Entering safepoint region: RevokeBias
[3.742s][info ][safepoint      ] Leaving safepoint region
[3.742s][info ][safepoint      ] Total time for which application threads were stopped: 0.0052404 seconds, Stopping threads took: 0.0050735 seconds
[3.744s][info ][safepoint      ] Application time: 0.0020797 seconds
[3.744s][info ][safepoint      ] Entering safepoint region: BulkRevokeBias
[3.745s][info ][safepoint      ] Leaving safepoint region
[3.745s][info ][safepoint      ] Total time for which application threads were stopped: 0.0006265 seconds, Stopping threads took: 0.0001548 seconds
[3.745s][info ][safepoint      ] Application time: 0.0004808 seconds
[3.745s][info ][safepoint      ] Entering safepoint region: RevokeBias
[3.745s][info ][safepoint      ] Leaving safepoint region
[3.745s][info ][safepoint      ] Total time for which application threads were stopped: 0.0002441 seconds, Stopping threads took: 0.0001315 seconds
[3.746s][info ][safepoint      ] Application time: 0.0002884 seconds
[3.746s][info ][safepoint      ] Entering safepoint region: RevokeBias
[3.746s][info ][safepoint      ] Leaving safepoint region
[3.746s][info ][safepoint      ] Total time for which application threads were stopped: 0.0001954 seconds, Stopping threads took: 0.0001265 seconds
[3.746s][info ][safepoint      ] Application time: 0.0002937 seconds
[3.746s][info ][safepoint      ] Entering safepoint region: RevokeBias
[3.747s][info ][safepoint      ] Leaving safepoint region
[3.747s][info ][safepoint      ] Total time for which application threads were stopped: 0.0002110 seconds, Stopping threads took: 0.0001032 seconds
[3.748s][info ][safepoint      ] Application time: 0.0010886 seconds
[3.748s][info ][safepoint      ] Entering safepoint region: RevokeBias
[3.748s][info ][safepoint      ] Leaving safepoint region
[3.748s][info ][safepoint      ] Total time for which application threads were stopped: 0.0002107 seconds, Stopping threads took: 0.0001262 seconds
[3.748s][info ][safepoint      ] Application time: 0.0002740 seconds
[3.748s][info ][safepoint      ] Entering safepoint region: RevokeBias
[3.748s][info ][safepoint      ] Leaving safepoint region
[3.748s][info ][safepoint      ] Total time for which application threads were stopped: 0.0002162 seconds, Stopping threads took: 0.0001434 seconds
[3.748s][info ][safepoint      ] Application time: 0.0000980 seconds
[3.749s][info ][safepoint      ] Entering safepoint region: RevokeBias
[3.749s][info ][safepoint      ] Leaving safepoint region
[3.749s][info ][safepoint      ] Total time for which application threads were stopped: 0.0001760 seconds, Stopping threads took: 0.0000821 seconds
[3.749s][info ][safepoint      ] Application time: 0.0007760 seconds
[3.749s][info ][safepoint      ] Entering safepoint region: RevokeBias
[3.750s][info ][safepoint      ] Leaving safepoint region
[3.750s][info ][safepoint      ] Total time for which application threads were stopped: 0.0001617 seconds, Stopping threads took: 0.0000815 seconds
[3.751s][info ][safepoint      ] Application time: 0.0011270 seconds
[3.751s][info ][safepoint      ] Entering safepoint region: RevokeBias
[3.751s][info ][safepoint      ] Leaving safepoint region
[3.751s][info ][safepoint      ] Total time for which application threads were stopped: 0.0002507 seconds, Stopping threads took: 0.0000936 seconds
[3.751s][info ][safepoint      ] Application time: 0.0000578 seconds
[3.751s][info ][safepoint      ] Entering safepoint region: RevokeBias
[3.751s][info ][safepoint      ] Leaving safepoint region
[3.751s][info ][safepoint      ] Total time for which application threads were stopped: 0.0001272 seconds, Stopping threads took: 0.0000406 seconds
[3.751s][info ][safepoint      ] Application time: 0.0000853 seconds
[3.751s][info ][safepoint      ] Entering safepoint region: RevokeBias
[3.751s][info ][safepoint      ] Leaving safepoint region
[3.751s][info ][safepoint      ] Total time for which application threads were stopped: 0.0001768 seconds, Stopping threads took: 0.0000736 seconds
[3.752s][info ][safepoint      ] Application time: 0.0003108 seconds
[3.752s][info ][safepoint      ] Entering safepoint region: RevokeBias
[3.752s][info ][safepoint      ] Leaving safepoint region
[3.752s][info ][safepoint      ] Total time for which application threads were stopped: 0.0002062 seconds, Stopping threads took: 0.0000635 seconds
[3.752s][info ][safepoint      ] Application time: 0.0000809 seconds
[3.752s][info ][safepoint      ] Entering safepoint region: RevokeBias
[3.752s][info ][safepoint      ] Leaving safepoint region
[3.752s][info ][safepoint      ] Total time for which application threads were stopped: 0.0002268 seconds, Stopping threads took: 0.0001428 seconds
[3.753s][info ][safepoint      ] Application time: 0.0002464 seconds
[3.753s][info ][safepoint      ] Entering safepoint region: RevokeBias
[3.753s][info ][safepoint      ] Leaving safepoint region
[3.753s][info ][safepoint      ] Total time for which application threads were stopped: 0.0002968 seconds, Stopping threads took: 0.0002271 seconds
[3.754s][info ][safepoint      ] Application time: 0.0014500 seconds
[3.754s][info ][safepoint      ] Entering safepoint region: RevokeBias
[3.755s][info ][safepoint      ] Leaving safepoint region
[3.755s][info ][safepoint      ] Total time for which application threads were stopped: 0.0002627 seconds, Stopping threads took: 0.0001544 seconds
[3.755s][info ][safepoint      ] Application time: 0.0002197 seconds
[3.755s][info ][safepoint      ] Entering safepoint region: RevokeBias
[3.755s][info ][safepoint      ] Leaving safepoint region
[3.755s][info ][safepoint      ] Total time for which application threads were stopped: 0.0001925 seconds, Stopping threads took: 0.0001241 seconds
[3.756s][info ][safepoint      ] Application time: 0.0007136 seconds
[3.756s][info ][safepoint      ] Entering safepoint region: RevokeBias
[3.756s][info ][safepoint      ] Leaving safepoint region
[3.756s][info ][safepoint      ] Total time for which application threads were stopped: 0.0002120 seconds, Stopping threads took: 0.0001374 seconds
[3.757s][info ][safepoint      ] Application time: 0.0005556 seconds
[3.757s][info ][safepoint      ] Entering safepoint region: RevokeBias
[3.757s][info ][safepoint      ] Leaving safepoint region
[3.757s][info ][safepoint      ] Total time for which application threads were stopped: 0.0002487 seconds, Stopping threads took: 0.0001313 seconds
[3.757s][info ][safepoint      ] Application time: 0.0005450 seconds
[3.757s][info ][safepoint      ] Entering safepoint region: RevokeBias
[3.758s][info ][safepoint      ] Leaving safepoint region
[3.758s][info ][safepoint      ] Total time for which application threads were stopped: 0.0002014 seconds, Stopping threads took: 0.0001067 seconds
[3.758s][info ][safepoint      ] Application time: 0.0001904 seconds
[3.758s][info ][safepoint      ] Entering safepoint region: RevokeBias
[3.758s][info ][safepoint      ] Leaving safepoint region
[3.758s][info ][safepoint      ] Total time for which application threads were stopped: 0.0002948 seconds, Stopping threads took: 0.0001346 seconds
[3.759s][info ][safepoint      ] Application time: 0.0005563 seconds
[3.759s][info ][safepoint      ] Entering safepoint region: RevokeBias
[3.759s][info ][safepoint      ] Leaving safepoint region
[3.759s][info ][safepoint      ] Total time for which application threads were stopped: 0.0001707 seconds, Stopping threads took: 0.0001071 seconds
[3.760s][info ][safepoint      ] Application time: 0.0010282 seconds
[3.760s][info ][safepoint      ] Entering safepoint region: RevokeBias
[3.760s][info ][safepoint      ] Leaving safepoint region
[3.760s][info ][safepoint      ] Total time for which application threads were stopped: 0.0003058 seconds, Stopping threads took: 0.0002366 seconds
[3.761s][info ][safepoint      ] Application time: 0.0007489 seconds
[3.761s][info ][safepoint      ] Entering safepoint region: RevokeBias
[3.761s][info ][safepoint      ] Leaving safepoint region
[3.761s][info ][safepoint      ] Total time for which application threads were stopped: 0.0001856 seconds, Stopping threads took: 0.0001145 seconds
[3.764s][info ][safepoint      ] Application time: 0.0030460 seconds
[3.764s][info ][safepoint      ] Entering safepoint region: RevokeBias
[3.764s][info ][safepoint      ] Leaving safepoint region
[3.764s][info ][safepoint      ] Total time for which application threads were stopped: 0.0001783 seconds, Stopping threads took: 0.0000739 seconds
[3.765s][info ][safepoint      ] Application time: 0.0009435 seconds
[3.765s][info ][safepoint      ] Entering safepoint region: RevokeBias
[3.765s][info ][safepoint      ] Leaving safepoint region
[3.765s][info ][safepoint      ] Total time for which application threads were stopped: 0.0001954 seconds, Stopping threads took: 0.0001148 seconds
[3.771s][info ][safepoint      ] Application time: 0.0057898 seconds
[3.772s][info ][safepoint      ] Entering safepoint region: BulkRevokeBias
[3.772s][info ][safepoint      ] Leaving safepoint region
[3.772s][info ][safepoint      ] Total time for which application threads were stopped: 0.0009633 seconds, Stopping threads took: 0.0003458 seconds
[3.773s][info ][safepoint      ] Application time: 0.0002835 seconds
[3.773s][info ][safepoint      ] Entering safepoint region: RevokeBias
[3.773s][info ][safepoint      ] Leaving safepoint region
[3.773s][info ][safepoint      ] Total time for which application threads were stopped: 0.0002369 seconds, Stopping threads took: 0.0001562 seconds
[3.788s][info ][safepoint      ] Application time: 0.0153068 seconds
[3.788s][info ][safepoint      ] Entering safepoint region: RevokeBias
[3.789s][info ][safepoint      ] Leaving safepoint region
[3.789s][info ][safepoint      ] Total time for which application threads were stopped: 0.0004310 seconds, Stopping threads took: 0.0001929 seconds
[3.794s][info ][safepoint      ] Application time: 0.0052741 seconds
[3.794s][info ][safepoint      ] Entering safepoint region: RevokeBias
[3.794s][info ][safepoint      ] Leaving safepoint region
[3.794s][info ][safepoint      ] Total time for which application threads were stopped: 0.0003156 seconds, Stopping threads took: 0.0001176 seconds
[3.794s][info ][safepoint      ] Application time: 0.0002612 seconds
[3.795s][info ][safepoint      ] Entering safepoint region: RevokeBias
[3.795s][info ][safepoint      ] Leaving safepoint region
[3.795s][info ][safepoint      ] Total time for which application threads were stopped: 0.0003404 seconds, Stopping threads took: 0.0001514 seconds
[3.806s][info ][safepoint      ] Application time: 0.0112957 seconds
[3.806s][info ][safepoint      ] Entering safepoint region: RevokeBias
[3.807s][info ][safepoint      ] Leaving safepoint region
[3.807s][info ][safepoint      ] Total time for which application threads were stopped: 0.0004335 seconds, Stopping threads took: 0.0001805 seconds
[3.808s][info ][safepoint      ] Application time: 0.0013234 seconds
[3.808s][info ][safepoint      ] Entering safepoint region: RevokeBias
[3.809s][info ][safepoint      ] Leaving safepoint region
[3.809s][info ][safepoint      ] Total time for which application threads were stopped: 0.0007459 seconds, Stopping threads took: 0.0005319 seconds
[3.811s][info ][safepoint      ] Application time: 0.0026729 seconds
[3.811s][info ][safepoint      ] Entering safepoint region: RevokeBias
[3.812s][info ][safepoint      ] Leaving safepoint region
[3.812s][info ][safepoint      ] Total time for which application threads were stopped: 0.0003814 seconds, Stopping threads took: 0.0001265 seconds
[3.812s][info ][safepoint      ] Application time: 0.0002660 seconds
[3.812s][info ][safepoint      ] Entering safepoint region: RevokeBias
[3.812s][info ][safepoint      ] Leaving safepoint region
[3.812s][info ][safepoint      ] Total time for which application threads were stopped: 0.0002410 seconds, Stopping threads took: 0.0001275 seconds
[3.852s][info ][safepoint      ] Application time: 0.0396080 seconds
[3.852s][info ][safepoint      ] Entering safepoint region: RevokeBias
[3.852s][info ][safepoint      ] Leaving safepoint region
[3.852s][info ][safepoint      ] Total time for which application threads were stopped: 0.0003834 seconds, Stopping threads took: 0.0001324 seconds
[3.856s][info ][safepoint      ] Application time: 0.0032906 seconds
[3.856s][info ][safepoint      ] Entering safepoint region: RevokeBias
[3.856s][info ][safepoint      ] Leaving safepoint region
[3.856s][info ][safepoint      ] Total time for which application threads were stopped: 0.0003505 seconds, Stopping threads took: 0.0001313 seconds
[3.856s][info ][safepoint      ] Application time: 0.0004047 seconds
[3.856s][info ][safepoint      ] Entering safepoint region: RevokeBias
[3.857s][info ][safepoint      ] Leaving safepoint region
[3.857s][info ][safepoint      ] Total time for which application threads were stopped: 0.0003374 seconds, Stopping threads took: 0.0001047 seconds
[3.858s][info ][safepoint      ] Application time: 0.0015995 seconds
[3.858s][info ][safepoint      ] Entering safepoint region: RevokeBias
[3.859s][info ][safepoint      ] Leaving safepoint region
[3.859s][info ][safepoint      ] Total time for which application threads were stopped: 0.0007423 seconds, Stopping threads took: 0.0000993 seconds
[3.904s][info ][safepoint      ] Application time: 0.0451865 seconds
[3.904s][info ][safepoint      ] Entering safepoint region: Deoptimize
[3.905s][info ][safepoint      ] Leaving safepoint region
[3.905s][info ][safepoint      ] Total time for which application threads were stopped: 0.0009137 seconds, Stopping threads took: 0.0001869 seconds
[3.957s][info ][safepoint      ] Application time: 0.0517272 seconds
[3.957s][info ][safepoint      ] Entering safepoint region: Deoptimize
[3.958s][info ][safepoint      ] Leaving safepoint region
[3.958s][info ][safepoint      ] Total time for which application threads were stopped: 0.0008001 seconds, Stopping threads took: 0.0001050 seconds
[3.960s][info ][safepoint      ] Application time: 0.0020712 seconds
[3.960s][info ][safepoint      ] Entering safepoint region: Deoptimize
[3.960s][info ][safepoint      ] Leaving safepoint region
[3.960s][info ][safepoint      ] Total time for which application threads were stopped: 0.0003839 seconds, Stopping threads took: 0.0000703 seconds
[3.971s][info ][safepoint      ] Application time: 0.0102672 seconds
[3.971s][info ][safepoint      ] Entering safepoint region: RevokeBias
[3.971s][info ][safepoint      ] Leaving safepoint region
[3.971s][info ][safepoint      ] Total time for which application threads were stopped: 0.0003091 seconds, Stopping threads took: 0.0001510 seconds
[3.973s][info ][safepoint      ] Application time: 0.0023413 seconds
[3.973s][info ][safepoint      ] Entering safepoint region: RevokeBias
[3.974s][info ][safepoint      ] Leaving safepoint region
[3.974s][info ][safepoint      ] Total time for which application threads were stopped: 0.0003472 seconds, Stopping threads took: 0.0001841 seconds
[4.070s][info ][safepoint      ] Application time: 0.0968958 seconds
[4.071s][info ][safepoint      ] Entering safepoint region: CollectForMetadataAllocation
[4.071s][info ][gc,start       ] GC(2) Pause Young (Metadata GC Threshold)
[4.125s][debug][gc,phases      ] GC(2) Scavenge 53.902ms
[4.125s][debug][gc,ref         ] GC(2) Skipped phase1 of Reference Processing due to unavailable references
[4.125s][debug][gc,ref         ] GC(2) Skipped phase3 of Reference Processing due to unavailable references
[4.126s][debug][gc,phases      ] GC(2) Reference Processing 0.350ms
[4.126s][debug][gc,phases      ] GC(2) Weak Processing 0.178ms
[4.127s][debug][gc,phases      ] GC(2) Scrub String Table 0.946ms
[4.127s][debug][gc,age         ] GC(2) Desired survivor size 536870912 bytes, new threshold 7 (max threshold 15)
[4.127s][info ][gc,heap        ] GC(2) PSYoungGen: 281611K->61421K(1572864K)
[4.127s][info ][gc,heap        ] GC(2) ParOldGen: 5711K->5719K(6144K)
[4.127s][info ][gc,metaspace   ] GC(2) Metaspace: 32943K->32943K(1079296K)
[4.127s][info ][gc             ] GC(2) Pause Young (Metadata GC Threshold) 280M->65M(1542M) 55.551ms
[4.127s][info ][gc,cpu         ] GC(2) User=0.16s Sys=0.06s Real=0.06s
[4.127s][debug][gc,phases      ] GC(3) Pre Compact 0.018ms
[4.127s][info ][gc,start       ] GC(3) Pause Full (Metadata GC Threshold)
[4.127s][info ][gc,phases,start] GC(3) Marking Phase
[4.180s][debug][gc,phases      ] GC(3) Par Mark 52.371ms
[4.180s][debug][gc,ref         ] GC(3) Skipped phase1 of Reference Processing due to unavailable references
[4.180s][debug][gc,ref         ] GC(3) Skipped phase3 of Reference Processing due to unavailable references
[4.180s][debug][gc,phases      ] GC(3) Reference Processing 0.149ms
[4.180s][debug][gc,phases      ] GC(3) Weak Processing 0.103ms
[4.181s][debug][gc,phases      ] GC(3) ClassLoaderData 0.713ms
[4.181s][debug][gc,phases      ] GC(3) Dictionary 0.015ms
[4.181s][debug][gc,phases      ] GC(3) ProtectionDomainCacheTable 0.004ms
[4.181s][debug][gc,phases      ] GC(3) ResolvedMethodTable 0.102ms
[4.190s][debug][gc,phases      ] GC(3) Class Unloading 10.153ms
[4.191s][debug][gc,phases      ] GC(3) Scrub String Table 0.341ms
[4.193s][debug][gc,phases      ] GC(3) Scrub Symbol Table 2.304ms
[4.193s][info ][gc,phases      ] GC(3) Marking Phase 65.765ms
[4.193s][info ][gc,phases,start] GC(3) Summary Phase
[4.193s][info ][gc,phases      ] GC(3) Summary Phase 0.009ms
[4.193s][info ][gc,phases,start] GC(3) Adjust Roots
[4.212s][info ][gc,phases      ] GC(3) Adjust Roots 19.549ms
[4.212s][info ][gc,phases,start] GC(3) Compaction Phase
[4.714s][info ][gc,phases      ] GC(3) Compaction Phase 501.428ms
[4.714s][info ][gc,phases,start] GC(3) Post Compact
[4.715s][info ][gc,phases      ] GC(3) Post Compact 0.643ms
[4.715s][info ][gc,heap        ] GC(3) PSYoungGen: 61421K->61255K(1572864K)
[4.715s][info ][gc,heap        ] GC(3) ParOldGen: 5719K->5639K(6144K)
[4.715s][info ][gc,metaspace   ] GC(3) Metaspace: 32943K->32817K(1079296K)
[4.715s][info ][gc             ] GC(3) Pause Full (Metadata GC Threshold) 65M->65M(1542M) 587.788ms
[4.715s][info ][gc,cpu         ] GC(3) User=2.15s Sys=0.04s Real=0.59s
[4.715s][info ][safepoint      ] Leaving safepoint region
[4.715s][info ][safepoint      ] Total time for which application threads were stopped: 0.6441902 seconds, Stopping threads took: 0.0003792 seconds
[4.742s][info ][safepoint      ] Application time: 0.0276561 seconds
[4.743s][info ][safepoint      ] Entering safepoint region: RevokeBias
[4.743s][info ][safepoint      ] Leaving safepoint region
[4.743s][info ][safepoint      ] Total time for which application threads were stopped: 0.0004067 seconds, Stopping threads took: 0.0001144 seconds
[4.781s][info ][safepoint      ] Application time: 0.0377032 seconds
[4.781s][info ][safepoint      ] Entering safepoint region: RevokeBias
[4.781s][info ][safepoint      ] Leaving safepoint region
[4.781s][info ][safepoint      ] Total time for which application threads were stopped: 0.0003448 seconds, Stopping threads took: 0.0001375 seconds
[4.785s][info ][safepoint      ] Application time: 0.0041742 seconds
[4.785s][info ][safepoint      ] Entering safepoint region: RevokeBias
[4.785s][info ][safepoint      ] Leaving safepoint region
[4.785s][info ][safepoint      ] Total time for which application threads were stopped: 0.0002423 seconds, Stopping threads took: 0.0000952 seconds
[4.789s][info ][safepoint      ] Application time: 0.0040703 seconds
[4.790s][info ][safepoint      ] Entering safepoint region: RevokeBias
[4.790s][info ][safepoint      ] Leaving safepoint region
[4.790s][info ][safepoint      ] Total time for which application threads were stopped: 0.0002777 seconds, Stopping threads took: 0.0001284 seconds
[4.791s][info ][safepoint      ] Application time: 0.0015622 seconds
[4.791s][info ][safepoint      ] Entering safepoint region: RevokeBias
[4.792s][info ][safepoint      ] Leaving safepoint region
[4.792s][info ][safepoint      ] Total time for which application threads were stopped: 0.0004313 seconds, Stopping threads took: 0.0002281 seconds
[4.795s][info ][safepoint      ] Application time: 0.0029634 seconds
[4.795s][info ][safepoint      ] Entering safepoint region: RevokeBias
[4.795s][info ][safepoint      ] Leaving safepoint region
[4.795s][info ][safepoint      ] Total time for which application threads were stopped: 0.0004305 seconds, Stopping threads took: 0.0001773 seconds
[4.803s][info ][safepoint      ] Application time: 0.0074848 seconds
[4.803s][info ][safepoint      ] Entering safepoint region: RevokeBias
[4.803s][info ][safepoint      ] Leaving safepoint region
[4.803s][info ][safepoint      ] Total time for which application threads were stopped: 0.0005003 seconds, Stopping threads took: 0.0002894 seconds
[4.804s][info ][safepoint      ] Application time: 0.0009583 seconds
[4.804s][info ][safepoint      ] Entering safepoint region: RevokeBias
[4.804s][info ][safepoint      ] Leaving safepoint region
[4.804s][info ][safepoint      ] Total time for which application threads were stopped: 0.0003207 seconds, Stopping threads took: 0.0001708 seconds
[4.805s][info ][safepoint      ] Application time: 0.0006456 seconds
[4.805s][info ][safepoint      ] Entering safepoint region: RevokeBias
[4.805s][info ][safepoint      ] Leaving safepoint region
[4.806s][info ][safepoint      ] Total time for which application threads were stopped: 0.0004066 seconds, Stopping threads took: 0.0001962 seconds
[4.815s][info ][safepoint      ] Application time: 0.0093057 seconds
[4.816s][info ][safepoint      ] Entering safepoint region: RevokeBias
[4.816s][info ][safepoint      ] Leaving safepoint region
[4.816s][info ][safepoint      ] Total time for which application threads were stopped: 0.0010034 seconds, Stopping threads took: 0.0007362 seconds
[4.828s][info ][safepoint      ] Application time: 0.0121053 seconds
[4.828s][info ][safepoint      ] Entering safepoint region: RevokeBias
[4.828s][info ][safepoint      ] Leaving safepoint region
[4.828s][info ][safepoint      ] Total time for which application threads were stopped: 0.0003063 seconds, Stopping threads took: 0.0001308 seconds
[4.832s][info ][safepoint      ] Application time: 0.0032971 seconds
[4.832s][info ][safepoint      ] Entering safepoint region: RevokeBias
[4.832s][info ][safepoint      ] Leaving safepoint region
[4.832s][info ][safepoint      ] Total time for which application threads were stopped: 0.0003330 seconds, Stopping threads took: 0.0001502 seconds
[4.844s][info ][safepoint      ] Application time: 0.0122930 seconds
[4.844s][info ][safepoint      ] Entering safepoint region: RevokeBias
[4.845s][info ][safepoint      ] Leaving safepoint region
[4.845s][info ][safepoint      ] Total time for which application threads were stopped: 0.0004311 seconds, Stopping threads took: 0.0001333 seconds
[4.866s][info ][safepoint      ] Application time: 0.0212298 seconds
[4.866s][info ][safepoint      ] Entering safepoint region: Deoptimize
[4.867s][info ][safepoint      ] Leaving safepoint region
[4.867s][info ][safepoint      ] Total time for which application threads were stopped: 0.0006676 seconds, Stopping threads took: 0.0000849 seconds
[4.869s][info ][safepoint      ] Application time: 0.0022928 seconds
[4.869s][info ][safepoint      ] Entering safepoint region: RevokeBias
[4.870s][info ][safepoint      ] Leaving safepoint region
[4.870s][info ][safepoint      ] Total time for which application threads were stopped: 0.0006611 seconds, Stopping threads took: 0.0000790 seconds
[4.877s][info ][safepoint      ] Application time: 0.0075373 seconds
[4.877s][info ][safepoint      ] Entering safepoint region: RevokeBias
[4.877s][info ][safepoint      ] Leaving safepoint region
[4.877s][info ][safepoint      ] Total time for which application threads were stopped: 0.0002978 seconds, Stopping threads took: 0.0001215 seconds
[4.883s][info ][safepoint      ] Application time: 0.0058004 seconds
[4.884s][info ][safepoint      ] Entering safepoint region: RevokeBias
[4.884s][info ][safepoint      ] Leaving safepoint region
[4.884s][info ][safepoint      ] Total time for which application threads were stopped: 0.0004932 seconds, Stopping threads took: 0.0002419 seconds
[4.892s][info ][safepoint      ] Application time: 0.0080241 seconds
[4.892s][info ][safepoint      ] Entering safepoint region: RevokeBias
[4.892s][info ][safepoint      ] Leaving safepoint region
[4.892s][info ][safepoint      ] Total time for which application threads were stopped: 0.0002776 seconds, Stopping threads took: 0.0000965 seconds
[4.896s][info ][safepoint      ] Application time: 0.0037618 seconds
[4.901s][info ][safepoint      ] Entering safepoint region: BulkRevokeBias
[4.902s][info ][safepoint      ] Leaving safepoint region
[4.902s][info ][safepoint      ] Total time for which application threads were stopped: 0.0060996 seconds, Stopping threads took: 0.0052656 seconds
[4.954s][info ][safepoint      ] Application time: 0.0515048 seconds
[4.954s][info ][safepoint      ] Entering safepoint region: ICBufferFull
[4.954s][info ][safepoint      ] Leaving safepoint region
[4.954s][info ][safepoint      ] Total time for which application threads were stopped: 0.0003419 seconds, Stopping threads took: 0.0001212 seconds
[4.970s][info ][safepoint      ] Application time: 0.0160000 seconds
[4.970s][info ][safepoint      ] Entering safepoint region: Deoptimize
[4.971s][info ][safepoint      ] Leaving safepoint region
[4.971s][info ][safepoint      ] Total time for which application threads were stopped: 0.0007058 seconds, Stopping threads took: 0.0000903 seconds
[5.038s][info ][safepoint      ] Application time: 0.0669427 seconds
[5.041s][info ][safepoint      ] Entering safepoint region: ICBufferFull
[5.041s][info ][safepoint      ] Leaving safepoint region
[5.041s][info ][safepoint      ] Total time for which application threads were stopped: 0.0033375 seconds, Stopping threads took: 0.0030855 seconds
[5.093s][info ][safepoint      ] Application time: 0.0524732 seconds
[5.094s][info ][safepoint      ] Entering safepoint region: Deoptimize
[5.095s][info ][safepoint      ] Leaving safepoint region
[5.095s][info ][safepoint      ] Total time for which application threads were stopped: 0.0010821 seconds, Stopping threads took: 0.0002054 seconds
[5.193s][info ][safepoint      ] Application time: 0.0981959 seconds
[5.193s][info ][safepoint      ] Entering safepoint region: Deoptimize
[5.194s][info ][safepoint      ] Leaving safepoint region
[5.194s][info ][safepoint      ] Total time for which application threads were stopped: 0.0009404 seconds, Stopping threads took: 0.0001776 seconds
[5.249s][info ][safepoint      ] Application time: 0.0556887 seconds
[5.250s][info ][safepoint      ] Entering safepoint region: Deoptimize
[5.250s][info ][safepoint      ] Leaving safepoint region
[5.250s][info ][safepoint      ] Total time for which application threads were stopped: 0.0008781 seconds, Stopping threads took: 0.0001459 seconds
[5.562s][info ][safepoint      ] Application time: 0.3118165 seconds
[5.562s][info ][safepoint      ] Entering safepoint region: Deoptimize
[5.563s][info ][safepoint      ] Leaving safepoint region
[5.563s][info ][safepoint      ] Total time for which application threads were stopped: 0.0012241 seconds, Stopping threads took: 0.0003293 seconds
[5.572s][info ][safepoint      ] Application time: 0.0083595 seconds
[5.573s][info ][safepoint      ] Entering safepoint region: RevokeBias
[5.573s][info ][safepoint      ] Leaving safepoint region
[5.573s][info ][safepoint      ] Total time for which application threads were stopped: 0.0011012 seconds, Stopping threads took: 0.0009292 seconds
[5.587s][info ][safepoint      ] Application time: 0.0143621 seconds
[5.588s][info ][safepoint      ] Entering safepoint region: RevokeBias
[5.588s][info ][gc,start       ] GC(4) Pause Young (Allocation Failure)
[5.708s][debug][gc,phases      ] GC(4) Scavenge 120.268ms
[5.708s][debug][gc,ref         ] GC(4) Skipped phase1 of Reference Processing due to unavailable references
[5.708s][debug][gc,ref         ] GC(4) Skipped phase3 of Reference Processing due to unavailable references
[5.709s][debug][gc,phases      ] GC(4) Reference Processing 0.408ms
[5.709s][debug][gc,phases      ] GC(4) Weak Processing 0.321ms
[5.710s][debug][gc,phases      ] GC(4) Scrub String Table 1.141ms
[5.710s][debug][gc,age         ] GC(4) Desired survivor size 536870912 bytes, new threshold 7 (max threshold 15)
[5.710s][info ][gc,heap        ] GC(4) PSYoungGen: 1109831K->130486K(1572864K)
[5.710s][info ][gc,heap        ] GC(4) ParOldGen: 5639K->5655K(6144K)
[5.710s][info ][gc,metaspace   ] GC(4) Metaspace: 40545K->40545K(1085440K)
[5.710s][info ][gc             ] GC(4) Pause Young (Allocation Failure) 1089M->132M(1542M) 122.286ms
[5.710s][info ][gc,cpu         ] GC(4) User=0.39s Sys=0.09s Real=0.12s
[5.710s][info ][safepoint      ] Leaving safepoint region
[5.710s][info ][safepoint      ] Total time for which application threads were stopped: 0.1229151 seconds, Stopping threads took: 0.0003472 seconds
[5.710s][info ][safepoint      ] Application time: 0.0002146 seconds
[5.711s][info ][safepoint      ] Entering safepoint region: RevokeBias
[5.711s][info ][safepoint      ] Leaving safepoint region
[5.711s][info ][safepoint      ] Total time for which application threads were stopped: 0.0003483 seconds, Stopping threads took: 0.0001409 seconds
[5.711s][info ][safepoint      ] Application time: 0.0002021 seconds
[5.711s][info ][safepoint      ] Entering safepoint region: RevokeBias
[5.711s][info ][safepoint      ] Leaving safepoint region
[5.711s][info ][safepoint      ] Total time for which application threads were stopped: 0.0003161 seconds, Stopping threads took: 0.0001359 seconds
[5.712s][info ][safepoint      ] Application time: 0.0005529 seconds
[5.712s][info ][safepoint      ] Entering safepoint region: RevokeBias
[5.712s][info ][safepoint      ] Leaving safepoint region
[5.712s][info ][safepoint      ] Total time for which application threads were stopped: 0.0003227 seconds, Stopping threads took: 0.0001563 seconds
[5.712s][info ][safepoint      ] Application time: 0.0000441 seconds
[5.712s][info ][safepoint      ] Entering safepoint region: RevokeBias
[5.712s][info ][safepoint      ] Leaving safepoint region
[5.712s][info ][safepoint      ] Total time for which application threads were stopped: 0.0001668 seconds, Stopping threads took: 0.0000214 seconds
[5.714s][info ][safepoint      ] Application time: 0.0011527 seconds
[5.720s][info ][safepoint      ] Entering safepoint region: RevokeBias
[5.720s][info ][safepoint      ] Leaving safepoint region
[5.720s][info ][safepoint      ] Total time for which application threads were stopped: 0.0066420 seconds, Stopping threads took: 0.0064365 seconds
[5.720s][info ][safepoint      ] Application time: 0.0000717 seconds
[5.720s][info ][safepoint      ] Entering safepoint region: RevokeBias
[5.721s][info ][safepoint      ] Leaving safepoint region
[5.721s][info ][safepoint      ] Total time for which application threads were stopped: 0.0002483 seconds, Stopping threads took: 0.0000724 seconds
[5.721s][info ][safepoint      ] Application time: 0.0002619 seconds
[5.721s][info ][safepoint      ] Entering safepoint region: RevokeBias
[5.721s][info ][safepoint      ] Leaving safepoint region
[5.721s][info ][safepoint      ] Total time for which application threads were stopped: 0.0002293 seconds, Stopping threads took: 0.0000830 seconds
[5.721s][info ][safepoint      ] Application time: 0.0000762 seconds
[5.721s][info ][safepoint      ] Entering safepoint region: RevokeBias
[5.721s][info ][safepoint      ] Leaving safepoint region
[5.721s][info ][safepoint      ] Total time for which application threads were stopped: 0.0002504 seconds, Stopping threads took: 0.0000970 seconds
[5.722s][info ][safepoint      ] Application time: 0.0006358 seconds
[5.722s][info ][safepoint      ] Entering safepoint region: BulkRevokeBias
[5.724s][info ][safepoint      ] Leaving safepoint region
[5.724s][info ][safepoint      ] Total time for which application threads were stopped: 0.0020470 seconds, Stopping threads took: 0.0003354 seconds
[5.740s][info ][safepoint      ] Application time: 0.0159610 seconds
[5.740s][info ][safepoint      ] Entering safepoint region: RevokeBias
[5.741s][info ][safepoint      ] Leaving safepoint region
[5.741s][info ][safepoint      ] Total time for which application threads were stopped: 0.0004104 seconds, Stopping threads took: 0.0002111 seconds
[5.741s][info ][safepoint      ] Application time: 0.0002270 seconds
[5.741s][info ][safepoint      ] Entering safepoint region: RevokeBias
[5.741s][info ][safepoint      ] Leaving safepoint region
[5.741s][info ][safepoint      ] Total time for which application threads were stopped: 0.0003085 seconds, Stopping threads took: 0.0001554 seconds
[5.741s][info ][safepoint      ] Application time: 0.0002124 seconds
[5.742s][info ][safepoint      ] Entering safepoint region: RevokeBias
[5.742s][info ][safepoint      ] Leaving safepoint region
[5.742s][info ][safepoint      ] Total time for which application threads were stopped: 0.0006505 seconds, Stopping threads took: 0.0004822 seconds
[5.832s][info ][safepoint      ] Application time: 0.0895498 seconds
[5.832s][info ][safepoint      ] Entering safepoint region: RevokeBias
[5.832s][info ][safepoint      ] Leaving safepoint region
[5.832s][info ][safepoint      ] Total time for which application threads were stopped: 0.0006256 seconds, Stopping threads took: 0.0003206 seconds
[5.864s][info ][safepoint      ] Application time: 0.0319574 seconds
[5.865s][info ][safepoint      ] Entering safepoint region: RevokeBias
[5.865s][info ][safepoint      ] Leaving safepoint region
[5.865s][info ][safepoint      ] Total time for which application threads were stopped: 0.0005686 seconds, Stopping threads took: 0.0003274 seconds
[6.083s][info ][safepoint      ] Application time: 0.2179967 seconds
[6.083s][info ][safepoint      ] Entering safepoint region: ParallelGCFailedAllocation
[6.083s][info ][gc,start       ] GC(5) Pause Young (Allocation Failure)
[6.172s][debug][gc,phases      ] GC(5) Scavenge 89.070ms
[6.172s][debug][gc,ref         ] GC(5) Skipped phase1 of Reference Processing due to unavailable references
[6.173s][debug][gc,ref         ] GC(5) Skipped phase3 of Reference Processing due to unavailable references
[6.173s][debug][gc,phases      ] GC(5) Reference Processing 0.291ms
[6.173s][debug][gc,phases      ] GC(5) Weak Processing 0.315ms
[6.174s][debug][gc,phases      ] GC(5) Scrub String Table 1.025ms
[6.174s][debug][gc,age         ] GC(5) Desired survivor size 536870912 bytes, new threshold 7 (max threshold 15)
[6.174s][info ][gc,heap        ] GC(5) PSYoungGen: 1179062K->137599K(1572864K)
[6.174s][info ][gc,heap        ] GC(5) ParOldGen: 5655K->5663K(6144K)
[6.174s][info ][gc,metaspace   ] GC(5) Metaspace: 41139K->41139K(1087488K)
[6.174s][info ][gc             ] GC(5) Pause Young (Allocation Failure) 1156M->139M(1542M) 90.866ms
[6.174s][info ][gc,cpu         ] GC(5) User=0.30s Sys=0.07s Real=0.10s
[6.174s][info ][safepoint      ] Leaving safepoint region
[6.174s][info ][safepoint      ] Total time for which application threads were stopped: 0.0914218 seconds, Stopping threads took: 0.0002166 seconds
[6.401s][info ][safepoint      ] Application time: 0.2269825 seconds
[6.401s][info ][safepoint      ] Entering safepoint region: RevokeBias
[6.402s][info ][safepoint      ] Leaving safepoint region
[6.402s][info ][safepoint      ] Total time for which application threads were stopped: 0.0003975 seconds, Stopping threads took: 0.0002130 seconds
[6.402s][info ][safepoint      ] Application time: 0.0000994 seconds
[6.402s][info ][safepoint      ] Entering safepoint region: RevokeBias
[6.402s][info ][safepoint      ] Leaving safepoint region
[6.402s][info ][safepoint      ] Total time for which application threads were stopped: 0.0001428 seconds, Stopping threads took: 0.0000537 seconds
[6.422s][info ][safepoint      ] Application time: 0.0200401 seconds
[6.422s][info ][safepoint      ] Entering safepoint region: RevokeBias
[6.422s][info ][safepoint      ] Leaving safepoint region
[6.422s][info ][safepoint      ] Total time for which application threads were stopped: 0.0003976 seconds, Stopping threads took: 0.0001840 seconds
[6.486s][info ][safepoint      ] Application time: 0.0639652 seconds
[6.487s][info ][safepoint      ] Entering safepoint region: RevokeBias
[6.487s][info ][safepoint      ] Leaving safepoint region
[6.487s][info ][safepoint      ] Total time for which application threads were stopped: 0.0003998 seconds, Stopping threads took: 0.0001839 seconds
[6.554s][info ][safepoint      ] Application time: 0.0668664 seconds
[6.554s][info ][safepoint      ] Entering safepoint region: ParallelGCFailedAllocation
[6.554s][info ][gc,start       ] GC(6) Pause Young (Allocation Failure)
[6.643s][debug][gc,phases      ] GC(6) Scavenge 89.022ms
[6.643s][debug][gc,ref         ] GC(6) Skipped phase1 of Reference Processing due to unavailable references
[6.643s][debug][gc,ref         ] GC(6) Skipped phase3 of Reference Processing due to unavailable references
[6.643s][debug][gc,phases      ] GC(6) Reference Processing 0.314ms
[6.644s][debug][gc,phases      ] GC(6) Weak Processing 0.307ms
[6.645s][debug][gc,phases      ] GC(6) Scrub String Table 1.181ms
[6.645s][debug][gc,age         ] GC(6) Desired survivor size 197656576 bytes, new threshold 6 (max threshold 15)
[6.645s][info ][gc,heap        ] GC(6) PSYoungGen: 1186175K->140051K(1572864K)
[6.645s][info ][gc,heap        ] GC(6) ParOldGen: 5663K->5671K(6144K)
[6.645s][info ][gc,metaspace   ] GC(6) Metaspace: 42534K->42534K(1087488K)
[6.645s][info ][gc             ] GC(6) Pause Young (Allocation Failure) 1163M->142M(1542M) 91.082ms
[6.645s][info ][gc,cpu         ] GC(6) User=0.35s Sys=0.01s Real=0.09s
[6.645s][info ][safepoint      ] Leaving safepoint region
[6.645s][info ][safepoint      ] Total time for which application threads were stopped: 0.0915018 seconds, Stopping threads took: 0.0002041 seconds
[6.721s][info ][safepoint      ] Application time: 0.0759109 seconds
[6.722s][info ][safepoint      ] Entering safepoint region: ICBufferFull
[6.723s][info ][safepoint      ] Leaving safepoint region
[6.723s][info ][safepoint      ] Total time for which application threads were stopped: 0.0014964 seconds, Stopping threads took: 0.0011696 seconds
[6.816s][info ][safepoint      ] Application time: 0.0930425 seconds
[6.816s][info ][safepoint      ] Entering safepoint region: Deoptimize
[6.817s][info ][safepoint      ] Leaving safepoint region
[6.817s][info ][safepoint      ] Total time for which application threads were stopped: 0.0011293 seconds, Stopping threads took: 0.0002265 seconds
[7.064s][info ][safepoint      ] Application time: 0.2464612 seconds
[7.064s][info ][safepoint      ] Entering safepoint region: ParallelGCFailedAllocation
[7.064s][info ][gc,start       ] GC(7) Pause Young (Allocation Failure)
[7.166s][debug][gc,phases      ] GC(7) Scavenge 101.585ms
[7.166s][debug][gc,ref         ] GC(7) Skipped phase1 of Reference Processing due to unavailable references
[7.166s][debug][gc,ref         ] GC(7) Skipped phase3 of Reference Processing due to unavailable references
[7.166s][debug][gc,phases      ] GC(7) Reference Processing 0.441ms
[7.167s][debug][gc,phases      ] GC(7) Weak Processing 0.567ms
[7.168s][debug][gc,phases      ] GC(7) Scrub String Table 1.424ms
[7.168s][debug][gc,age         ] GC(7) Desired survivor size 204472320 bytes, new threshold 5 (max threshold 15)
[7.168s][info ][gc,heap        ] GC(7) PSYoungGen: 1188627K->138578K(1890816K)
[7.168s][info ][gc,heap        ] GC(7) ParOldGen: 5671K->5679K(6144K)
[7.168s][info ][gc,metaspace   ] GC(7) Metaspace: 43317K->43317K(1089536K)
[7.168s][info ][gc             ] GC(7) Pause Young (Allocation Failure) 1166M->140M(1852M) 104.196ms
[7.168s][info ][gc,cpu         ] GC(7) User=0.27s Sys=0.15s Real=0.10s
[7.168s][info ][safepoint      ] Leaving safepoint region
[7.168s][info ][safepoint      ] Total time for which application threads were stopped: 0.1047321 seconds, Stopping threads took: 0.0001738 seconds
[7.508s][info ][safepoint      ] Application time: 0.3393830 seconds
[7.508s][info ][safepoint      ] Entering safepoint region: ICBufferFull
[7.508s][info ][safepoint      ] Leaving safepoint region
[7.508s][info ][safepoint      ] Total time for which application threads were stopped: 0.0004982 seconds, Stopping threads took: 0.0001713 seconds
[7.562s][info ][safepoint      ] Application time: 0.0541432 seconds
[7.563s][info ][safepoint      ] Entering safepoint region: ICBufferFull
[7.563s][info ][safepoint      ] Leaving safepoint region
[7.563s][info ][safepoint      ] Total time for which application threads were stopped: 0.0004981 seconds, Stopping threads took: 0.0001998 seconds
[7.784s][info ][safepoint      ] Application time: 0.2209677 seconds
[7.784s][info ][safepoint      ] Entering safepoint region: ParallelGCFailedAllocation
[7.784s][info ][gc,start       ] GC(8) Pause Young (Allocation Failure)
[7.913s][debug][gc,phases      ] GC(8) Scavenge 128.149ms
[7.913s][debug][gc,ref         ] GC(8) Skipped phase1 of Reference Processing due to unavailable references
[7.913s][debug][gc,ref         ] GC(8) Skipped phase3 of Reference Processing due to unavailable references
[7.913s][debug][gc,phases      ] GC(8) Reference Processing 0.151ms
[7.913s][debug][gc,phases      ] GC(8) Weak Processing 0.276ms
[7.914s][debug][gc,phases      ] GC(8) Scrub String Table 0.985ms
[7.914s][debug][gc,age         ] GC(8) Desired survivor size 196083712 bytes, new threshold 4 (max threshold 15)
[7.914s][info ][gc,heap        ] GC(8) PSYoungGen: 1836370K->84080K(1897472K)
[7.914s][info ][gc,heap        ] GC(8) ParOldGen: 5679K->66365K(66560K)
[7.914s][info ][gc,metaspace   ] GC(8) Metaspace: 43357K->43357K(1089536K)
[7.914s][info ][gc             ] GC(8) Pause Young (Allocation Failure) 1798M->146M(1918M) 129.725ms
[7.914s][info ][gc,cpu         ] GC(8) User=0.46s Sys=0.06s Real=0.13s
[7.914s][debug][gc,phases      ] GC(9) Pre Compact 0.013ms
[7.914s][info ][gc,start       ] GC(9) Pause Full (Ergonomics)
[7.914s][info ][gc,phases,start] GC(9) Marking Phase
[8.049s][debug][gc,phases      ] GC(9) Par Mark 134.199ms
[8.049s][debug][gc,ref         ] GC(9) Skipped phase1 of Reference Processing due to unavailable references
[8.049s][debug][gc,ref         ] GC(9) Skipped phase3 of Reference Processing due to unavailable references
[8.049s][debug][gc,phases      ] GC(9) Reference Processing 0.191ms
[8.049s][debug][gc,phases      ] GC(9) Weak Processing 0.170ms
[8.050s][debug][gc,phases      ] GC(9) ClassLoaderData 0.534ms
[8.050s][debug][gc,phases      ] GC(9) ProtectionDomainCacheTable 0.005ms
[8.050s][debug][gc,phases      ] GC(9) ResolvedMethodTable 0.178ms
[8.053s][debug][gc,phases      ] GC(9) Class Unloading 4.131ms
[8.054s][debug][gc,phases      ] GC(9) Scrub String Table 0.579ms
[8.057s][debug][gc,phases      ] GC(9) Scrub Symbol Table 3.447ms
[8.057s][info ][gc,phases      ] GC(9) Marking Phase 143.168ms
[8.057s][info ][gc,phases,start] GC(9) Summary Phase
[8.057s][info ][gc,phases      ] GC(9) Summary Phase 0.010ms
[8.057s][info ][gc,phases,start] GC(9) Adjust Roots
[8.093s][info ][gc,phases      ] GC(9) Adjust Roots 35.188ms
[8.093s][info ][gc,phases,start] GC(9) Compaction Phase
[8.876s][info ][gc,phases      ] GC(9) Compaction Phase 783.775ms
[8.876s][info ][gc,phases,start] GC(9) Post Compact
[8.878s][info ][gc,phases      ] GC(9) Post Compact 2.014ms
[8.879s][info ][gc,heap        ] GC(9) PSYoungGen: 84080K->83851K(1897472K)
[8.879s][info ][gc,heap        ] GC(9) ParOldGen: 66365K->66053K(107008K)
[8.879s][info ][gc,metaspace   ] GC(9) Metaspace: 43357K->43357K(1089536K)
[8.879s][info ][gc             ] GC(9) Pause Full (Ergonomics) 146M->146M(1957M) 964.518ms
[8.879s][info ][gc,cpu         ] GC(9) User=3.53s Sys=0.04s Real=0.96s
[8.879s][info ][safepoint      ] Leaving safepoint region
[8.879s][info ][safepoint      ] Total time for which application threads were stopped: 1.0948417 seconds, Stopping threads took: 0.0001952 seconds
[8.941s][info ][safepoint      ] Application time: 0.0626132 seconds
[8.942s][info ][safepoint      ] Entering safepoint region: Deoptimize
[8.949s][info ][safepoint      ] Leaving safepoint region
[8.949s][info ][safepoint      ] Total time for which application threads were stopped: 0.0075082 seconds, Stopping threads took: 0.0003033 seconds
[8.990s][info ][safepoint      ] Application time: 0.0408064 seconds
[8.990s][info ][safepoint      ] Entering safepoint region: RevokeBias
[8.990s][info ][safepoint      ] Leaving safepoint region
[8.990s][info ][safepoint      ] Total time for which application threads were stopped: 0.0004835 seconds, Stopping threads took: 0.0002528 seconds
[9.015s][info ][safepoint      ] Application time: 0.0246141 seconds
[9.015s][info ][safepoint      ] Entering safepoint region: RevokeBias
[9.015s][info ][safepoint      ] Leaving safepoint region
[9.015s][info ][safepoint      ] Total time for which application threads were stopped: 0.0003481 seconds, Stopping threads took: 0.0002025 seconds
[9.015s][info ][safepoint      ] Application time: 0.0000551 seconds
[9.015s][info ][safepoint      ] Entering safepoint region: RevokeBias
[9.015s][info ][safepoint      ] Leaving safepoint region
[9.015s][info ][safepoint      ] Total time for which application threads were stopped: 0.0001571 seconds, Stopping threads took: 0.0000666 seconds
[9.016s][info ][safepoint      ] Application time: 0.0000400 seconds
[9.016s][info ][safepoint      ] Entering safepoint region: RevokeBias
[9.016s][info ][safepoint      ] Leaving safepoint region
[9.016s][info ][safepoint      ] Total time for which application threads were stopped: 0.0001626 seconds, Stopping threads took: 0.0000737 seconds
[9.017s][info ][safepoint      ] Application time: 0.0010249 seconds
[9.017s][info ][safepoint      ] Entering safepoint region: RevokeBias
[9.017s][info ][safepoint      ] Leaving safepoint region
[9.017s][info ][safepoint      ] Total time for which application threads were stopped: 0.0002487 seconds, Stopping threads took: 0.0001563 seconds
[9.163s][info ][safepoint      ] Application time: 0.1456588 seconds
[9.163s][info ][safepoint      ] Entering safepoint region: ParallelGCFailedAllocation
[9.163s][info ][gc,start       ] GC(10) Pause Young (Allocation Failure)
[9.268s][debug][gc,phases      ] GC(10) Scavenge 104.532ms
[9.268s][debug][gc,ref         ] GC(10) Skipped phase1 of Reference Processing due to unavailable references
[9.268s][debug][gc,ref         ] GC(10) Skipped phase3 of Reference Processing due to unavailable references
[9.268s][debug][gc,phases      ] GC(10) Reference Processing 0.111ms
[9.268s][debug][gc,phases      ] GC(10) Weak Processing 0.273ms
[9.269s][debug][gc,phases      ] GC(10) Scrub String Table 0.898ms
[9.269s][debug][gc,age         ] GC(10) Desired survivor size 203948032 bytes, new threshold 5 (max threshold 15)
[9.269s][info ][gc,heap        ] GC(10) PSYoungGen: 1781643K->11984K(1890304K)
[9.269s][info ][gc,heap        ] GC(10) ParOldGen: 66053K->139546K(139776K)
[9.269s][info ][gc,metaspace   ] GC(10) Metaspace: 44079K->44079K(1089536K)
[9.269s][info ][gc             ] GC(10) Pause Young (Allocation Failure) 1804M->147M(1982M) 106.079ms
[9.269s][info ][gc,cpu         ] GC(10) User=0.39s Sys=0.03s Real=0.11s
[9.269s][debug][gc,phases      ] GC(11) Pre Compact 0.015ms
[9.269s][info ][gc,start       ] GC(11) Pause Full (Ergonomics)
[9.269s][info ][gc,phases,start] GC(11) Marking Phase
[9.387s][debug][gc,phases      ] GC(11) Par Mark 117.658ms
[9.387s][debug][gc,ref         ] GC(11) Skipped phase1 of Reference Processing due to unavailable references
[9.388s][debug][gc,ref         ] GC(11) Skipped phase3 of Reference Processing due to unavailable references
[9.388s][debug][gc,phases      ] GC(11) Reference Processing 0.253ms
[9.388s][debug][gc,phases      ] GC(11) Weak Processing 0.110ms
[9.388s][debug][gc,phases      ] GC(11) ClassLoaderData 0.395ms
[9.388s][debug][gc,phases      ] GC(11) ProtectionDomainCacheTable 0.008ms
[9.388s][debug][gc,phases      ] GC(11) ResolvedMethodTable 0.153ms
[9.392s][debug][gc,phases      ] GC(11) Class Unloading 4.393ms
[9.393s][debug][gc,phases      ] GC(11) Scrub String Table 0.353ms
[9.397s][debug][gc,phases      ] GC(11) Scrub Symbol Table 4.062ms
[9.397s][info ][gc,phases      ] GC(11) Marking Phase 127.308ms
[9.397s][info ][gc,phases,start] GC(11) Summary Phase
[9.397s][info ][gc,phases      ] GC(11) Summary Phase 0.010ms
[9.397s][info ][gc,phases,start] GC(11) Adjust Roots
[9.417s][info ][gc,phases      ] GC(11) Adjust Roots 20.654ms
[9.417s][info ][gc,phases,start] GC(11) Compaction Phase
[10.114s][info ][gc,phases      ] GC(11) Compaction Phase 696.341ms
[10.114s][info ][gc,phases,start] GC(11) Post Compact
[10.114s][info ][gc,phases      ] GC(11) Post Compact 0.719ms
[10.115s][info ][gc,heap        ] GC(11) PSYoungGen: 11984K->11396K(1890304K)
[10.115s][info ][gc,heap        ] GC(11) ParOldGen: 139546K->139711K(214528K)
[10.115s][info ][gc,metaspace   ] GC(11) Metaspace: 44079K->44079K(1089536K)
[10.115s][info ][gc             ] GC(11) Pause Full (Ergonomics) 147M->147M(2055M) 845.407ms
[10.115s][info ][gc,cpu         ] GC(11) User=3.11s Sys=0.06s Real=0.85s
[10.115s][info ][safepoint      ] Leaving safepoint region
[10.115s][info ][safepoint      ] Total time for which application threads were stopped: 0.9520843 seconds, Stopping threads took: 0.0002978 seconds
[10.132s][info ][safepoint      ] Application time: 0.0169369 seconds
[10.132s][info ][safepoint      ] Entering safepoint region: Deoptimize
[10.133s][info ][safepoint      ] Leaving safepoint region
[10.133s][info ][safepoint      ] Total time for which application threads were stopped: 0.0011520 seconds, Stopping threads took: 0.0001933 seconds
[10.136s][info ][safepoint      ] Application time: 0.0028571 seconds
[10.136s][info ][safepoint      ] Entering safepoint region: Deoptimize
[10.137s][info ][safepoint      ] Leaving safepoint region
[10.137s][info ][safepoint      ] Total time for which application threads were stopped: 0.0009768 seconds, Stopping threads took: 0.0001692 seconds
[10.140s][info ][safepoint      ] Application time: 0.0029191 seconds
[10.140s][info ][safepoint      ] Entering safepoint region: RevokeBias
[10.140s][info ][safepoint      ] Leaving safepoint region
[10.140s][info ][safepoint      ] Total time for which application threads were stopped: 0.0002490 seconds, Stopping threads took: 0.0001293 seconds
[10.156s][info ][safepoint      ] Application time: 0.0165121 seconds
[10.157s][info ][safepoint      ] Entering safepoint region: RevokeBias
[10.157s][info ][safepoint      ] Leaving safepoint region
[10.157s][info ][safepoint      ] Total time for which application threads were stopped: 0.0003559 seconds, Stopping threads took: 0.0001888 seconds
[10.172s][info ][safepoint      ] Application time: 0.0149162 seconds
[10.172s][info ][safepoint      ] Entering safepoint region: Deoptimize
[10.173s][info ][safepoint      ] Leaving safepoint region
[10.173s][info ][safepoint      ] Total time for which application threads were stopped: 0.0013649 seconds, Stopping threads took: 0.0001777 seconds
[10.241s][info ][safepoint      ] Application time: 0.0675885 seconds
[10.242s][info ][safepoint      ] Entering safepoint region: RevokeBias
[10.242s][info ][safepoint      ] Leaving safepoint region
[10.242s][info ][safepoint      ] Total time for which application threads were stopped: 0.0013317 seconds, Stopping threads took: 0.0011593 seconds
[10.288s][info ][safepoint      ] Application time: 0.0457113 seconds
[10.288s][info ][safepoint      ] Entering safepoint region: RevokeBias
[10.288s][info ][safepoint      ] Leaving safepoint region
[10.288s][info ][safepoint      ] Total time for which application threads were stopped: 0.0003387 seconds, Stopping threads took: 0.0001994 seconds
[10.289s][info ][safepoint      ] Application time: 0.0005586 seconds
[10.289s][info ][safepoint      ] Entering safepoint region: RevokeBias
[10.289s][info ][safepoint      ] Leaving safepoint region
[10.289s][info ][safepoint      ] Total time for which application threads were stopped: 0.0002736 seconds, Stopping threads took: 0.0001609 seconds
[10.334s][info ][safepoint      ] Application time: 0.0453493 seconds
[10.335s][info ][safepoint      ] Entering safepoint region: RevokeBias
[10.335s][info ][safepoint      ] Leaving safepoint region
[10.335s][info ][safepoint      ] Total time for which application threads were stopped: 0.0004250 seconds, Stopping threads took: 0.0002570 seconds
[10.335s][info ][safepoint      ] Application time: 0.0001680 seconds
[10.335s][info ][safepoint      ] Entering safepoint region: RevokeBias
[10.335s][info ][safepoint      ] Leaving safepoint region
[10.335s][info ][safepoint      ] Total time for which application threads were stopped: 0.0002657 seconds, Stopping threads took: 0.0001592 seconds
[10.372s][info ][safepoint      ] Application time: 0.0365153 seconds
[10.373s][info ][safepoint      ] Entering safepoint region: RevokeBias
[10.373s][info ][safepoint      ] Leaving safepoint region
[10.373s][info ][safepoint      ] Total time for which application threads were stopped: 0.0008198 seconds, Stopping threads took: 0.0006861 seconds
[10.412s][info ][safepoint      ] Application time: 0.0396822 seconds
[10.413s][info ][safepoint      ] Entering safepoint region: RevokeBias
[10.413s][info ][safepoint      ] Leaving safepoint region
[10.413s][info ][safepoint      ] Total time for which application threads were stopped: 0.0010483 seconds, Stopping threads took: 0.0008876 seconds
[10.414s][info ][safepoint      ] Application time: 0.0009090 seconds
[10.415s][info ][safepoint      ] Entering safepoint region: RevokeBias
[10.415s][info ][safepoint      ] Leaving safepoint region
[10.415s][info ][safepoint      ] Total time for which application threads were stopped: 0.0005004 seconds, Stopping threads took: 0.0004002 seconds
[10.442s][info ][safepoint      ] Application time: 0.0268679 seconds
[10.442s][info ][safepoint      ] Entering safepoint region: ParallelGCFailedAllocation
[10.442s][info ][gc,start       ] GC(12) Pause Young (Allocation Failure)
[10.473s][debug][gc,phases      ] GC(12) Scavenge 30.662ms
[10.473s][debug][gc,ref         ] GC(12) Skipped phase1 of Reference Processing due to unavailable references
[10.473s][debug][gc,ref         ] GC(12) Skipped phase3 of Reference Processing due to unavailable references
[10.473s][debug][gc,phases      ] GC(12) Reference Processing 0.094ms
[10.473s][debug][gc,phases      ] GC(12) Weak Processing 0.108ms
[10.474s][debug][gc,phases      ] GC(12) Scrub String Table 0.391ms
[10.474s][debug][gc,age         ] GC(12) Desired survivor size 206045184 bytes, new threshold 6 (max threshold 15)
[10.474s][info ][gc,heap        ] GC(12) PSYoungGen: 1710212K->18080K(1717248K)
[10.474s][info ][gc,heap        ] GC(12) ParOldGen: 139711K->139719K(214528K)
[10.474s][info ][gc,metaspace   ] GC(12) Metaspace: 48343K->48343K(1093632K)
[10.474s][info ][gc             ] GC(12) Pause Young (Allocation Failure) 1806M->154M(1886M) 31.398ms
[10.474s][info ][gc,cpu         ] GC(12) User=0.13s Sys=0.00s Real=0.04s
[10.474s][info ][safepoint      ] Leaving safepoint region
[10.474s][info ][safepoint      ] Total time for which application threads were stopped: 0.0318070 seconds, Stopping threads took: 0.0001974 seconds
[10.517s][info ][safepoint      ] Application time: 0.0428746 seconds
[10.517s][info ][safepoint      ] Entering safepoint region: Deoptimize
[10.518s][info ][safepoint      ] Leaving safepoint region
[10.518s][info ][safepoint      ] Total time for which application threads were stopped: 0.0012376 seconds, Stopping threads took: 0.0002562 seconds
[10.521s][info ][safepoint      ] Application time: 0.0031364 seconds
[10.521s][info ][safepoint      ] Entering safepoint region: RevokeBias
[10.522s][info ][safepoint      ] Leaving safepoint region
[10.522s][info ][safepoint      ] Total time for which application threads were stopped: 0.0006736 seconds, Stopping threads took: 0.0005428 seconds
[10.529s][info ][safepoint      ] Application time: 0.0077808 seconds
[10.530s][info ][safepoint      ] Entering safepoint region: RevokeBias
[10.530s][info ][safepoint      ] Leaving safepoint region
[10.530s][info ][safepoint      ] Total time for which application threads were stopped: 0.0009518 seconds, Stopping threads took: 0.0008131 seconds
[10.531s][info ][safepoint      ] Application time: 0.0004483 seconds
[10.533s][info ][safepoint      ] Entering safepoint region: RevokeBias
[10.533s][info ][safepoint      ] Leaving safepoint region
[10.533s][info ][safepoint      ] Total time for which application threads were stopped: 0.0019910 seconds, Stopping threads took: 0.0018983 seconds
[10.533s][info ][safepoint      ] Application time: 0.0002945 seconds
[10.533s][info ][safepoint      ] Entering safepoint region: RevokeBias
[10.533s][info ][safepoint      ] Leaving safepoint region
[10.534s][info ][safepoint      ] Total time for which application threads were stopped: 0.0003287 seconds, Stopping threads took: 0.0001887 seconds
[10.572s][info ][safepoint      ] Application time: 0.0388005 seconds
[10.573s][info ][safepoint      ] Entering safepoint region: RevokeBias
[10.573s][info ][safepoint      ] Leaving safepoint region
[10.573s][info ][safepoint      ] Total time for which application threads were stopped: 0.0004883 seconds, Stopping threads took: 0.0003478 seconds
[10.573s][info ][safepoint      ] Application time: 0.0000580 seconds
[10.573s][info ][safepoint      ] Entering safepoint region: RevokeBias
[10.573s][info ][safepoint      ] Leaving safepoint region
[10.573s][info ][safepoint      ] Total time for which application threads were stopped: 0.0000965 seconds, Stopping threads took: 0.0000324 seconds
[10.604s][info ][safepoint      ] Application time: 0.0314692 seconds
[10.605s][info ][safepoint      ] Entering safepoint region: RevokeBias
[10.605s][info ][safepoint      ] Leaving safepoint region
[10.605s][info ][safepoint      ] Total time for which application threads were stopped: 0.0004530 seconds, Stopping threads took: 0.0002750 seconds
[10.609s][info ][safepoint      ] Application time: 0.0036445 seconds
[10.609s][info ][safepoint      ] Entering safepoint region: RevokeBias
[10.609s][info ][safepoint      ] Leaving safepoint region
[10.609s][info ][safepoint      ] Total time for which application threads were stopped: 0.0004439 seconds, Stopping threads took: 0.0003105 seconds
[10.609s][info ][safepoint      ] Application time: 0.0000671 seconds
[10.609s][info ][safepoint      ] Entering safepoint region: RevokeBias
[10.609s][info ][safepoint      ] Leaving safepoint region
[10.609s][info ][safepoint      ] Total time for which application threads were stopped: 0.0001172 seconds, Stopping threads took: 0.0000341 seconds
[10.616s][info ][safepoint      ] Application time: 0.0071644 seconds
[10.617s][info ][safepoint      ] Entering safepoint region: RevokeBias
[10.617s][info ][safepoint      ] Leaving safepoint region
[10.617s][info ][safepoint      ] Total time for which application threads were stopped: 0.0004260 seconds, Stopping threads took: 0.0003210 seconds
[10.751s][info ][safepoint      ] Application time: 0.1342005 seconds
[10.751s][info ][safepoint      ] Entering safepoint region: ParallelGCFailedAllocation
[10.752s][info ][gc,start       ] GC(13) Pause Young (Allocation Failure)
[10.769s][debug][gc,phases      ] GC(13) Scavenge 17.138ms
[10.769s][debug][gc,ref         ] GC(13) Skipped phase1 of Reference Processing due to unavailable references
[10.769s][debug][gc,ref         ] GC(13) Skipped phase3 of Reference Processing due to unavailable references
[10.769s][debug][gc,phases      ] GC(13) Reference Processing 0.109ms
[10.769s][debug][gc,phases      ] GC(13) Weak Processing 0.198ms
[10.770s][debug][gc,phases      ] GC(13) Scrub String Table 0.653ms
[10.770s][debug][gc,age         ] GC(13) Desired survivor size 204472320 bytes, new threshold 7 (max threshold 15)
[10.770s][info ][gc,heap        ] GC(13) PSYoungGen: 1716896K->26496K(1897472K)
[10.770s][info ][gc,heap        ] GC(13) ParOldGen: 139719K->139727K(214528K)
[10.770s][info ][gc,metaspace   ] GC(13) Metaspace: 49413K->49413K(1093632K)
[10.770s][info ][gc             ] GC(13) Pause Young (Allocation Failure) 1813M->162M(2062M) 18.372ms
[10.770s][info ][gc,cpu         ] GC(13) User=0.06s Sys=0.00s Real=0.01s
[10.770s][info ][safepoint      ] Leaving safepoint region
[10.770s][info ][safepoint      ] Total time for which application threads were stopped: 0.0190539 seconds, Stopping threads took: 0.0002524 seconds
[10.773s][info ][safepoint      ] Application time: 0.0030209 seconds
[10.773s][info ][safepoint      ] Entering safepoint region: RevokeBias
[10.773s][info ][safepoint      ] Leaving safepoint region
[10.773s][info ][safepoint      ] Total time for which application threads were stopped: 0.0002690 seconds, Stopping threads took: 0.0001313 seconds
[10.775s][info ][safepoint      ] Application time: 0.0011397 seconds
[10.775s][info ][safepoint      ] Entering safepoint region: RevokeBias
[10.775s][info ][safepoint      ] Leaving safepoint region
[10.775s][info ][safepoint      ] Total time for which application threads were stopped: 0.0003373 seconds, Stopping threads took: 0.0002014 seconds
[10.793s][info ][safepoint      ] Application time: 0.0178627 seconds
[10.793s][info ][safepoint      ] Entering safepoint region: RevokeBias
[10.794s][info ][safepoint      ] Leaving safepoint region
[10.794s][info ][safepoint      ] Total time for which application threads were stopped: 0.0006040 seconds, Stopping threads took: 0.0004585 seconds
[10.794s][info ][safepoint      ] Application time: 0.0000600 seconds
[10.794s][info ][safepoint      ] Entering safepoint region: RevokeBias
[10.794s][info ][safepoint      ] Leaving safepoint region
[10.794s][info ][safepoint      ] Total time for which application threads were stopped: 0.0001662 seconds, Stopping threads took: 0.0000695 seconds
[10.795s][info ][safepoint      ] Application time: 0.0008917 seconds
[10.795s][info ][safepoint      ] Entering safepoint region: RevokeBias
[10.795s][info ][safepoint      ] Leaving safepoint region
[10.795s][info ][safepoint      ] Total time for which application threads were stopped: 0.0001653 seconds, Stopping threads took: 0.0000550 seconds
[10.795s][info ][safepoint      ] Application time: 0.0000562 seconds
[10.795s][info ][safepoint      ] Entering safepoint region: RevokeBias
[10.795s][info ][safepoint      ] Leaving safepoint region
[10.795s][info ][safepoint      ] Total time for which application threads were stopped: 0.0001439 seconds, Stopping threads took: 0.0000507 seconds
[10.796s][info ][safepoint      ] Application time: 0.0004904 seconds
[10.796s][info ][safepoint      ] Entering safepoint region: RevokeBias
[10.796s][info ][safepoint      ] Leaving safepoint region
[10.796s][info ][safepoint      ] Total time for which application threads were stopped: 0.0001918 seconds, Stopping threads took: 0.0000688 seconds
[10.853s][info ][safepoint      ] Application time: 0.0574479 seconds
[10.853s][info ][safepoint      ] Entering safepoint region: RevokeBias
[10.854s][info ][safepoint      ] Leaving safepoint region
[10.854s][info ][safepoint      ] Total time for which application threads were stopped: 0.0004360 seconds, Stopping threads took: 0.0002399 seconds
[10.854s][info ][safepoint      ] Application time: 0.0001426 seconds
[10.854s][info ][safepoint      ] Entering safepoint region: RevokeBias
[10.854s][info ][safepoint      ] Leaving safepoint region
[10.854s][info ][safepoint      ] Total time for which application threads were stopped: 0.0000979 seconds, Stopping threads took: 0.0000088 seconds
[11.068s][info ][safepoint      ] Application time: 0.2140903 seconds
[11.068s][info ][safepoint      ] Entering safepoint region: ParallelGCFailedAllocation
[11.069s][info ][gc,start       ] GC(14) Pause Young (Allocation Failure)
[11.086s][debug][gc,phases      ] GC(14) Scavenge 17.216ms
[11.086s][debug][gc,ref         ] GC(14) Skipped phase1 of Reference Processing due to unavailable references
[11.086s][debug][gc,ref         ] GC(14) Skipped phase3 of Reference Processing due to unavailable references
[11.086s][debug][gc,phases      ] GC(14) Reference Processing 0.103ms
[11.086s][debug][gc,phases      ] GC(14) Weak Processing 0.134ms
[11.087s][debug][gc,phases      ] GC(14) Scrub String Table 0.547ms
[11.087s][debug][gc,age         ] GC(14) Desired survivor size 199229440 bytes, new threshold 8 (max threshold 15)
[11.087s][info ][gc,heap        ] GC(14) PSYoungGen: 1722752K->37777K(1895936K)
[11.087s][info ][gc,heap        ] GC(14) ParOldGen: 139727K->139735K(214528K)
[11.087s][info ][gc,metaspace   ] GC(14) Metaspace: 49596K->49596K(1093632K)
[11.087s][info ][gc             ] GC(14) Pause Young (Allocation Failure) 1818M->173M(2061M) 18.177ms
[11.087s][info ][gc,cpu         ] GC(14) User=0.07s Sys=0.00s Real=0.02s
[11.087s][info ][safepoint      ] Leaving safepoint region
[11.087s][info ][safepoint      ] Total time for which application threads were stopped: 0.0186712 seconds, Stopping threads took: 0.0002303 seconds
[11.322s][info ][safepoint      ] Application time: 0.2355793 seconds
[11.323s][info ][safepoint      ] Entering safepoint region: RevokeBias
[11.323s][info ][safepoint      ] Leaving safepoint region
[11.323s][info ][safepoint      ] Total time for which application threads were stopped: 0.0007795 seconds, Stopping threads took: 0.0005408 seconds
[11.382s][info ][safepoint      ] Application time: 0.0589137 seconds
[11.383s][info ][safepoint      ] Entering safepoint region: ParallelGCFailedAllocation
[11.383s][info ][gc,start       ] GC(15) Pause Young (Allocation Failure)
[11.404s][debug][gc,phases      ] GC(15) Scavenge 20.869ms
[11.404s][debug][gc,ref         ] GC(15) Skipped phase1 of Reference Processing due to unavailable references
[11.404s][debug][gc,ref         ] GC(15) Skipped phase3 of Reference Processing due to unavailable references
[11.404s][debug][gc,phases      ] GC(15) Reference Processing 0.105ms
[11.404s][debug][gc,phases      ] GC(15) Weak Processing 0.134ms
[11.405s][debug][gc,phases      ] GC(15) Scrub String Table 0.414ms
[11.405s][debug][gc,age         ] GC(15) Desired survivor size 190840832 bytes, new threshold 9 (max threshold 15)
[11.405s][info ][gc,heap        ] GC(15) PSYoungGen: 1734033K->51521K(1910784K)
[11.405s][info ][gc,heap        ] GC(15) ParOldGen: 139735K->139743K(214528K)
[11.405s][info ][gc,metaspace   ] GC(15) Metaspace: 49877K->49877K(1093632K)
[11.405s][info ][gc             ] GC(15) Pause Young (Allocation Failure) 1829M->186M(2075M) 21.689ms
[11.405s][info ][gc,cpu         ] GC(15) User=0.08s Sys=0.00s Real=0.03s
[11.405s][info ][safepoint      ] Leaving safepoint region
[11.405s][info ][safepoint      ] Total time for which application threads were stopped: 0.0227773 seconds, Stopping threads took: 0.0007028 seconds
[11.699s][info ][safepoint      ] Application time: 0.2944473 seconds
[11.700s][info ][safepoint      ] Entering safepoint region: ParallelGCFailedAllocation
[11.700s][info ][gc,start       ] GC(16) Pause Young (Allocation Failure)
[11.715s][debug][gc,phases      ] GC(16) Scavenge 14.897ms
[11.715s][debug][gc,ref         ] GC(16) Skipped phase1 of Reference Processing due to unavailable references
[11.715s][debug][gc,ref         ] GC(16) Skipped phase3 of Reference Processing due to unavailable references
[11.715s][debug][gc,phases      ] GC(16) Reference Processing 0.119ms
[11.715s][debug][gc,phases      ] GC(16) Weak Processing 0.139ms
[11.715s][debug][gc,phases      ] GC(16) Scrub String Table 0.418ms
[11.716s][debug][gc,age         ] GC(16) Desired survivor size 185073664 bytes, new threshold 10 (max threshold 15)
[11.716s][info ][gc,heap        ] GC(16) PSYoungGen: 1767745K->37217K(1902592K)
[11.716s][info ][gc,heap        ] GC(16) ParOldGen: 139743K->139751K(214528K)
[11.716s][info ][gc,metaspace   ] GC(16) Metaspace: 50461K->50461K(1095680K)
[11.716s][info ][gc             ] GC(16) Pause Young (Allocation Failure) 1862M->172M(2067M) 15.741ms
[11.716s][info ][gc,cpu         ] GC(16) User=0.07s Sys=0.01s Real=0.02s
[11.716s][info ][safepoint      ] Leaving safepoint region
[11.716s][info ][safepoint      ] Total time for which application threads were stopped: 0.0162686 seconds, Stopping threads took: 0.0002370 seconds
[11.731s][info ][safepoint      ] Application time: 0.0152321 seconds
[11.731s][info ][safepoint      ] Entering safepoint region: RevokeBias
[11.731s][info ][safepoint      ] Leaving safepoint region
[11.731s][info ][safepoint      ] Total time for which application threads were stopped: 0.0003743 seconds, Stopping threads took: 0.0002037 seconds
[11.749s][info ][safepoint      ] Application time: 0.0179807 seconds
[11.749s][info ][safepoint      ] Entering safepoint region: BulkRevokeBias
[11.752s][info ][safepoint      ] Leaving safepoint region
[11.752s][info ][safepoint      ] Total time for which application threads were stopped: 0.0027880 seconds, Stopping threads took: 0.0001873 seconds
[11.767s][info ][safepoint      ] Application time: 0.0153467 seconds
[11.768s][info ][safepoint      ] Entering safepoint region: Deoptimize
[11.769s][info ][safepoint      ] Leaving safepoint region
[11.769s][info ][safepoint      ] Total time for which application threads were stopped: 0.0013512 seconds, Stopping threads took: 0.0002152 seconds
[11.771s][info ][safepoint      ] Application time: 0.0024157 seconds
[11.771s][info ][safepoint      ] Entering safepoint region: Deoptimize
[11.772s][info ][safepoint      ] Leaving safepoint region
[11.772s][info ][safepoint      ] Total time for which application threads were stopped: 0.0011509 seconds, Stopping threads took: 0.0001751 seconds
[11.999s][info ][safepoint      ] Application time: 0.2265769 seconds
[11.999s][info ][safepoint      ] Entering safepoint region: ParallelGCFailedAllocation
[12.000s][info ][gc,start       ] GC(17) Pause Young (Allocation Failure)
[12.014s][debug][gc,phases      ] GC(17) Scavenge 14.467ms
[12.014s][debug][gc,ref         ] GC(17) Skipped phase1 of Reference Processing due to unavailable references
[12.014s][debug][gc,ref         ] GC(17) Skipped phase3 of Reference Processing due to unavailable references
[12.014s][debug][gc,phases      ] GC(17) Reference Processing 0.118ms
[12.014s][debug][gc,phases      ] GC(17) Weak Processing 0.140ms
[12.015s][debug][gc,phases      ] GC(17) Scrub String Table 0.422ms
[12.015s][debug][gc,age         ] GC(17) Desired survivor size 179306496 bytes, new threshold 11 (max threshold 15)
[12.015s][info ][gc,heap        ] GC(17) PSYoungGen: 1753441K->37441K(1922048K)
[12.015s][info ][gc,heap        ] GC(17) ParOldGen: 139751K->139759K(214528K)
[12.015s][info ][gc,metaspace   ] GC(17) Metaspace: 50933K->50933K(1095680K)
[12.015s][info ][gc             ] GC(17) Pause Young (Allocation Failure) 1848M->173M(2086M) 15.346ms
[12.015s][info ][gc,cpu         ] GC(17) User=0.06s Sys=0.00s Real=0.02s
[12.015s][info ][safepoint      ] Leaving safepoint region
[12.015s][info ][safepoint      ] Total time for which application threads were stopped: 0.0159394 seconds, Stopping threads took: 0.0002581 seconds
[12.288s][info ][safepoint      ] Application time: 0.2731153 seconds
[12.288s][info ][safepoint      ] Entering safepoint region: ParallelGCFailedAllocation
[12.289s][info ][gc,start       ] GC(18) Pause Young (Allocation Failure)
[12.302s][debug][gc,phases      ] GC(18) Scavenge 13.718ms
[12.302s][debug][gc,ref         ] GC(18) Skipped phase1 of Reference Processing due to unavailable references
[12.303s][debug][gc,ref         ] GC(18) Skipped phase3 of Reference Processing due to unavailable references
[12.303s][debug][gc,phases      ] GC(18) Reference Processing 0.145ms
[12.303s][debug][gc,phases      ] GC(18) Weak Processing 0.275ms
[12.304s][debug][gc,phases      ] GC(18) Scrub String Table 0.904ms
[12.304s][debug][gc,age         ] GC(18) Desired survivor size 173015040 bytes, new threshold 12 (max threshold 15)
[12.304s][info ][gc,heap        ] GC(18) PSYoungGen: 1778753K->37665K(1916416K)
[12.304s][info ][gc,heap        ] GC(18) ParOldGen: 139759K->139767K(214528K)
[12.304s][info ][gc,metaspace   ] GC(18) Metaspace: 51000K->51000K(1095680K)
[12.304s][info ][gc             ] GC(18) Pause Young (Allocation Failure) 1873M->173M(2081M) 15.178ms
[12.304s][info ][gc,cpu         ] GC(18) User=0.05s Sys=0.00s Real=0.02s
[12.304s][info ][safepoint      ] Leaving safepoint region
[12.304s][info ][safepoint      ] Total time for which application threads were stopped: 0.0157335 seconds, Stopping threads took: 0.0002192 seconds
[12.588s][info ][safepoint      ] Application time: 0.2841082 seconds
[12.589s][info ][safepoint      ] Entering safepoint region: ParallelGCFailedAllocation
[12.589s][info ][gc,start       ] GC(19) Pause Young (Allocation Failure)
[12.605s][debug][gc,phases      ] GC(19) Scavenge 16.308ms
[12.606s][debug][gc,ref         ] GC(19) Skipped phase1 of Reference Processing due to unavailable references
[12.606s][debug][gc,ref         ] GC(19) Skipped phase3 of Reference Processing due to unavailable references
[12.606s][debug][gc,phases      ] GC(19) Reference Processing 0.162ms
[12.606s][debug][gc,phases      ] GC(19) Weak Processing 0.153ms
[12.606s][debug][gc,phases      ] GC(19) Scrub String Table 0.580ms
[12.606s][debug][gc,age         ] GC(19) Desired survivor size 166199296 bytes, new threshold 13 (max threshold 15)
[12.606s][info ][gc,heap        ] GC(19) PSYoungGen: 1778977K->37857K(1934848K)
[12.606s][info ][gc,heap        ] GC(19) ParOldGen: 139767K->139775K(214528K)
[12.606s][info ][gc,metaspace   ] GC(19) Metaspace: 51072K->51072K(1095680K)
[12.606s][info ][gc             ] GC(19) Pause Young (Allocation Failure) 1873M->173M(2099M) 17.415ms
[12.606s][info ][gc,cpu         ] GC(19) User=0.05s Sys=0.00s Real=0.02s
[12.607s][info ][safepoint      ] Leaving safepoint region
[12.607s][info ][safepoint      ] Total time for which application threads were stopped: 0.0184893 seconds, Stopping threads took: 0.0005529 seconds
[12.918s][info ][safepoint      ] Application time: 0.3112233 seconds
[12.918s][info ][safepoint      ] Entering safepoint region: ParallelGCFailedAllocation
[12.918s][info ][gc,start       ] GC(20) Pause Young (Allocation Failure)
[12.946s][debug][gc,phases      ] GC(20) Scavenge 27.387ms
[12.946s][debug][gc,ref         ] GC(20) Skipped phase1 of Reference Processing due to unavailable references
[12.946s][debug][gc,ref         ] GC(20) Skipped phase3 of Reference Processing due to unavailable references
[12.946s][debug][gc,phases      ] GC(20) Reference Processing 0.128ms
[12.946s][debug][gc,phases      ] GC(20) Weak Processing 0.145ms
[12.947s][debug][gc,phases      ] GC(20) Scrub String Table 0.683ms
[12.947s][debug][gc,age         ] GC(20) Desired survivor size 159907840 bytes, new threshold 14 (max threshold 15)
[12.947s][info ][gc,heap        ] GC(20) PSYoungGen: 1803745K->38017K(1928192K)
[12.947s][info ][gc,heap        ] GC(20) ParOldGen: 139775K->139783K(214528K)
[12.947s][info ][gc,metaspace   ] GC(20) Metaspace: 51134K->51134K(1095680K)
[12.947s][info ][gc             ] GC(20) Pause Young (Allocation Failure) 1897M->173M(2092M) 28.539ms
[12.947s][info ][gc,cpu         ] GC(20) User=0.06s Sys=0.03s Real=0.03s
[12.947s][info ][safepoint      ] Leaving safepoint region
[12.947s][info ][safepoint      ] Total time for which application threads were stopped: 0.0292043 seconds, Stopping threads took: 0.0002863 seconds
[13.237s][info ][safepoint      ] Application time: 0.2898564 seconds
[13.238s][info ][safepoint      ] Entering safepoint region: ParallelGCFailedAllocation
[13.238s][info ][gc,start       ] GC(21) Pause Young (Allocation Failure)
[13.254s][debug][gc,phases      ] GC(21) Scavenge 16.642ms
[13.254s][debug][gc,ref         ] GC(21) Skipped phase1 of Reference Processing due to unavailable references
[13.255s][debug][gc,ref         ] GC(21) Skipped phase3 of Reference Processing due to unavailable references
[13.255s][debug][gc,phases      ] GC(21) Reference Processing 0.120ms
[13.255s][debug][gc,phases      ] GC(21) Weak Processing 0.142ms
[13.255s][debug][gc,phases      ] GC(21) Scrub String Table 0.421ms
[13.255s][debug][gc,age         ] GC(21) Desired survivor size 153092096 bytes, new threshold 15 (max threshold 15)
[13.255s][info ][gc,heap        ] GC(21) PSYoungGen: 1803905K->38289K(1947648K)
[13.255s][info ][gc,heap        ] GC(21) ParOldGen: 139783K->139791K(214528K)
[13.255s][info ][gc,metaspace   ] GC(21) Metaspace: 51173K->51173K(1095680K)
[13.255s][info ][gc             ] GC(21) Pause Young (Allocation Failure) 1898M->173M(2111M) 17.477ms
[13.255s][info ][gc,cpu         ] GC(21) User=0.05s Sys=0.02s Real=0.02s
[13.255s][info ][safepoint      ] Leaving safepoint region
[13.255s][info ][safepoint      ] Total time for which application threads were stopped: 0.0183947 seconds, Stopping threads took: 0.0006349 seconds
[13.577s][info ][safepoint      ] Application time: 0.3213052 seconds
[13.577s][info ][safepoint      ] Entering safepoint region: ParallelGCFailedAllocation
[13.577s][info ][gc,start       ] GC(22) Pause Young (Allocation Failure)
[13.596s][debug][gc,phases      ] GC(22) Scavenge 18.810ms
[13.596s][debug][gc,ref         ] GC(22) Skipped phase1 of Reference Processing due to unavailable references
[13.596s][debug][gc,ref         ] GC(22) Skipped phase3 of Reference Processing due to unavailable references
[13.596s][debug][gc,phases      ] GC(22) Reference Processing 0.112ms
[13.596s][debug][gc,phases      ] GC(22) Weak Processing 0.141ms
[13.597s][debug][gc,phases      ] GC(22) Scrub String Table 0.421ms
[13.597s][debug][gc,age         ] GC(22) Desired survivor size 146800640 bytes, new threshold 15 (max threshold 15)
[13.597s][info ][gc,heap        ] GC(22) PSYoungGen: 1829777K->38529K(1940992K)
[13.597s][info ][gc,heap        ] GC(22) ParOldGen: 139791K->139799K(214528K)
[13.597s][info ][gc,metaspace   ] GC(22) Metaspace: 51203K->51203K(1095680K)
[13.597s][info ][gc             ] GC(22) Pause Young (Allocation Failure) 1923M->174M(2105M) 19.651ms
[13.597s][info ][gc,cpu         ] GC(22) User=0.07s Sys=0.01s Real=0.02s
[13.597s][info ][safepoint      ] Leaving safepoint region
[13.597s][info ][safepoint      ] Total time for which application threads were stopped: 0.0201006 seconds, Stopping threads took: 0.0002172 seconds
[13.888s][info ][safepoint      ] Application time: 0.2910672 seconds
[13.888s][info ][safepoint      ] Entering safepoint region: ParallelGCFailedAllocation
[13.888s][info ][gc,start       ] GC(23) Pause Young (Allocation Failure)
[13.904s][debug][gc,phases      ] GC(23) Scavenge 16.061ms
[13.905s][debug][gc,ref         ] GC(23) Skipped phase1 of Reference Processing due to unavailable references
[13.905s][debug][gc,ref         ] GC(23) Skipped phase3 of Reference Processing due to unavailable references
[13.905s][debug][gc,phases      ] GC(23) Reference Processing 0.121ms
[13.905s][debug][gc,phases      ] GC(23) Weak Processing 0.152ms
[13.905s][debug][gc,phases      ] GC(23) Scrub String Table 0.502ms
[13.905s][debug][gc,age         ] GC(23) Desired survivor size 141033472 bytes, new threshold 15 (max threshold 15)
[13.905s][info ][gc,heap        ] GC(23) PSYoungGen: 1830017K->36353K(1959424K)
[13.905s][info ][gc,heap        ] GC(23) ParOldGen: 139799K->142155K(214528K)
[13.905s][info ][gc,metaspace   ] GC(23) Metaspace: 51245K->51245K(1095680K)
[13.905s][info ][gc             ] GC(23) Pause Young (Allocation Failure) 1923M->174M(2123M) 17.033ms
[13.905s][info ][gc,cpu         ] GC(23) User=0.06s Sys=0.01s Real=0.02s
[13.905s][info ][safepoint      ] Leaving safepoint region
[13.905s][info ][safepoint      ] Total time for which application threads were stopped: 0.0175529 seconds, Stopping threads took: 0.0001534 seconds
[14.223s][info ][safepoint      ] Application time: 0.3170185 seconds
[14.223s][info ][safepoint      ] Entering safepoint region: ParallelGCFailedAllocation
[14.223s][info ][gc,start       ] GC(24) Pause Young (Allocation Failure)
[14.242s][debug][gc,phases      ] GC(24) Scavenge 18.817ms
[14.242s][debug][gc,ref         ] GC(24) Skipped phase1 of Reference Processing due to unavailable references
[14.242s][debug][gc,ref         ] GC(24) Skipped phase3 of Reference Processing due to unavailable references
[14.242s][debug][gc,phases      ] GC(24) Reference Processing 0.115ms
[14.242s][debug][gc,phases      ] GC(24) Weak Processing 0.149ms
[14.243s][debug][gc,phases      ] GC(24) Scrub String Table 0.483ms
[14.243s][debug][gc,age         ] GC(24) Desired survivor size 135266304 bytes, new threshold 15 (max threshold 15)
[14.243s][info ][gc,heap        ] GC(24) PSYoungGen: 1852417K->34705K(1953792K)
[14.243s][info ][gc,heap        ] GC(24) ParOldGen: 142155K->144075K(214528K)
[14.243s][info ][gc,metaspace   ] GC(24) Metaspace: 51259K->51259K(1095680K)
[14.243s][info ][gc             ] GC(24) Pause Young (Allocation Failure) 1947M->174M(2117M) 19.715ms
[14.243s][info ][gc,cpu         ] GC(24) User=0.06s Sys=0.02s Real=0.02s
[14.243s][info ][safepoint      ] Leaving safepoint region
[14.243s][info ][safepoint      ] Total time for which application threads were stopped: 0.0202807 seconds, Stopping threads took: 0.0001948 seconds
[14.537s][info ][safepoint      ] Application time: 0.2940964 seconds
[14.539s][info ][safepoint      ] Entering safepoint region: ParallelGCFailedAllocation
[14.539s][info ][gc,start       ] GC(25) Pause Young (Allocation Failure)
[14.555s][debug][gc,phases      ] GC(25) Scavenge 15.492ms
[14.555s][debug][gc,ref         ] GC(25) Skipped phase1 of Reference Processing due to unavailable references
[14.555s][debug][gc,ref         ] GC(25) Skipped phase3 of Reference Processing due to unavailable references
[14.555s][debug][gc,phases      ] GC(25) Reference Processing 0.114ms
[14.555s][debug][gc,phases      ] GC(25) Weak Processing 0.141ms
[14.556s][debug][gc,phases      ] GC(25) Scrub String Table 0.746ms
[14.556s][debug][gc,age         ] GC(25) Desired survivor size 130547712 bytes, new threshold 15 (max threshold 15)
[14.556s][info ][gc,heap        ] GC(25) PSYoungGen: 1850769K->28929K(1969664K)
[14.556s][info ][gc,heap        ] GC(25) ParOldGen: 144075K->150059K(214528K)
[14.556s][info ][gc,metaspace   ] GC(25) Metaspace: 51280K->51280K(1095680K)
[14.556s][info ][gc             ] GC(25) Pause Young (Allocation Failure) 1948M->174M(2133M) 16.682ms
[14.556s][info ][gc,cpu         ] GC(25) User=0.05s Sys=0.01s Real=0.02s
[14.556s][info ][safepoint      ] Leaving safepoint region
[14.556s][info ][safepoint      ] Total time for which application threads were stopped: 0.0187839 seconds, Stopping threads took: 0.0017266 seconds
[14.889s][info ][safepoint      ] Application time: 0.3331321 seconds
[14.889s][info ][safepoint      ] Entering safepoint region: ParallelGCFailedAllocation
[14.889s][info ][gc,start       ] GC(26) Pause Young (Allocation Failure)
[14.903s][debug][gc,phases      ] GC(26) Scavenge 13.484ms
[14.903s][debug][gc,ref         ] GC(26) Skipped phase1 of Reference Processing due to unavailable references
[14.903s][debug][gc,ref         ] GC(26) Skipped phase3 of Reference Processing due to unavailable references
[14.903s][debug][gc,phases      ] GC(26) Reference Processing 0.085ms
[14.903s][debug][gc,phases      ] GC(26) Weak Processing 0.209ms
[14.904s][debug][gc,phases      ] GC(26) Scrub String Table 0.628ms
[14.904s][debug][gc,age         ] GC(26) Desired survivor size 126353408 bytes, new threshold 15 (max threshold 15)
[14.904s][info ][gc,heap        ] GC(26) PSYoungGen: 1866497K->28129K(1965056K)
[14.904s][info ][gc,heap        ] GC(26) ParOldGen: 150059K->151191K(214528K)
[14.904s][info ][gc,metaspace   ] GC(26) Metaspace: 51309K->51309K(1095680K)
[14.904s][info ][gc             ] GC(26) Pause Young (Allocation Failure) 1969M->175M(2128M) 14.629ms
[14.904s][info ][gc,cpu         ] GC(26) User=0.04s Sys=0.01s Real=0.02s
[14.904s][info ][safepoint      ] Leaving safepoint region
[14.904s][info ][safepoint      ] Total time for which application threads were stopped: 0.0151236 seconds, Stopping threads took: 0.0002238 seconds
[15.224s][info ][safepoint      ] Application time: 0.3201437 seconds
[15.225s][info ][safepoint      ] Entering safepoint region: ParallelGCFailedAllocation
[15.225s][info ][gc,start       ] GC(27) Pause Young (Allocation Failure)
[15.236s][debug][gc,phases      ] GC(27) Scavenge 11.472ms
[15.236s][debug][gc,ref         ] GC(27) Skipped phase1 of Reference Processing due to unavailable references
[15.236s][debug][gc,ref         ] GC(27) Skipped phase3 of Reference Processing due to unavailable references
[15.236s][debug][gc,phases      ] GC(27) Reference Processing 0.119ms
[15.237s][debug][gc,phases      ] GC(27) Weak Processing 0.209ms
[15.237s][debug][gc,phases      ] GC(27) Scrub String Table 0.613ms
[15.237s][debug][gc,age         ] GC(27) Desired survivor size 122683392 bytes, new threshold 15 (max threshold 15)
[15.237s][info ][gc,heap        ] GC(27) PSYoungGen: 1865697K->23408K(1977344K)
[15.237s][info ][gc,heap        ] GC(27) ParOldGen: 151191K->156233K(214528K)
[15.237s][info ][gc,metaspace   ] GC(27) Metaspace: 51316K->51316K(1095680K)
[15.237s][info ][gc             ] GC(27) Pause Young (Allocation Failure) 1969M->175M(2140M) 12.658ms
[15.237s][info ][gc,cpu         ] GC(27) User=0.05s Sys=0.00s Real=0.01s
[15.237s][info ][safepoint      ] Leaving safepoint region
[15.237s][info ][safepoint      ] Total time for which application threads were stopped: 0.0131176 seconds, Stopping threads took: 0.0002031 seconds
[15.607s][info ][safepoint      ] Application time: 0.3699181 seconds
[15.608s][info ][safepoint      ] Entering safepoint region: ParallelGCFailedAllocation
[15.608s][info ][gc,start       ] GC(28) Pause Young (Allocation Failure)
[15.621s][debug][gc,phases      ] GC(28) Scavenge 13.355ms
[15.621s][debug][gc,ref         ] GC(28) Skipped phase1 of Reference Processing due to unavailable references
[15.621s][debug][gc,ref         ] GC(28) Skipped phase3 of Reference Processing due to unavailable references
[15.621s][debug][gc,ref         ] GC(28) Skipped phase4 of Reference Processing due to unavailable references
[15.621s][debug][gc,phases      ] GC(28) Reference Processing 0.054ms
[15.621s][debug][gc,phases      ] GC(28) Weak Processing 0.130ms
[15.622s][debug][gc,phases      ] GC(28) Scrub String Table 0.385ms
[15.622s][debug][gc,age         ] GC(28) Desired survivor size 119013376 bytes, new threshold 15 (max threshold 15)
[15.622s][info ][gc,heap        ] GC(28) PSYoungGen: 1877360K->20128K(1973760K)
[15.622s][info ][gc,heap        ] GC(28) ParOldGen: 156233K->160169K(214528K)
[15.622s][info ][gc,metaspace   ] GC(28) Metaspace: 51362K->51362K(1095680K)
[15.622s][info ][gc             ] GC(28) Pause Young (Allocation Failure) 1985M->176M(2137M) 14.081ms
[15.622s][info ][gc,cpu         ] GC(28) User=0.05s Sys=0.02s Real=0.01s
[15.622s][info ][safepoint      ] Leaving safepoint region
[15.622s][info ][safepoint      ] Total time for which application threads were stopped: 0.0145023 seconds, Stopping threads took: 0.0001660 seconds
[15.946s][info ][safepoint      ] Application time: 0.3236300 seconds
[15.946s][info ][safepoint      ] Entering safepoint region: ParallelGCFailedAllocation
[15.946s][info ][gc,start       ] GC(29) Pause Young (Allocation Failure)
[15.955s][debug][gc,phases      ] GC(29) Scavenge 8.616ms
[15.955s][debug][gc,ref         ] GC(29) Skipped phase1 of Reference Processing due to unavailable references
[15.955s][debug][gc,ref         ] GC(29) Skipped phase3 of Reference Processing due to unavailable references
[15.955s][debug][gc,ref         ] GC(29) Skipped phase4 of Reference Processing due to unavailable references
[15.955s][debug][gc,phases      ] GC(29) Reference Processing 0.049ms
[15.955s][debug][gc,phases      ] GC(29) Weak Processing 0.107ms
[15.955s][debug][gc,phases      ] GC(29) Scrub String Table 0.363ms
[15.955s][debug][gc,age         ] GC(29) Desired survivor size 116391936 bytes, new threshold 15 (max threshold 15)
[15.955s][info ][gc,heap        ] GC(29) PSYoungGen: 1874080K->14576K(1983488K)
[15.955s][info ][gc,heap        ] GC(29) ParOldGen: 160169K->166958K(214528K)
[15.955s][info ][gc,metaspace   ] GC(29) Metaspace: 51391K->51391K(1095680K)
[15.955s][info ][gc             ] GC(29) Pause Young (Allocation Failure) 1986M->177M(2146M) 9.285ms
[15.955s][info ][gc,cpu         ] GC(29) User=0.04s Sys=0.00s Real=0.01s
[15.955s][info ][safepoint      ] Leaving safepoint region
[15.955s][info ][safepoint      ] Total time for which application threads were stopped: 0.0097383 seconds, Stopping threads took: 0.0002106 seconds
[16.116s][info ][safepoint      ] Application time: 0.1608269 seconds
[16.116s][info ][safepoint      ] Entering safepoint region: ICBufferFull
[16.117s][info ][safepoint      ] Leaving safepoint region
[16.117s][info ][safepoint      ] Total time for which application threads were stopped: 0.0004744 seconds, Stopping threads took: 0.0002093 seconds
[16.120s][info ][safepoint      ] Application time: 0.0036082 seconds
[16.121s][info ][safepoint      ] Entering safepoint region: ICBufferFull
[16.121s][info ][safepoint      ] Leaving safepoint region
[16.121s][info ][safepoint      ] Total time for which application threads were stopped: 0.0007809 seconds, Stopping threads took: 0.0005565 seconds
[16.243s][info ][safepoint      ] Application time: 0.1214149 seconds
[16.243s][info ][safepoint      ] Entering safepoint region: ParallelGCFailedAllocation
[16.243s][info ][gc,start       ] GC(30) Pause Young (Allocation Failure)
[16.254s][debug][gc,phases      ] GC(30) Scavenge 11.275ms
[16.254s][debug][gc,ref         ] GC(30) Skipped phase1 of Reference Processing due to unavailable references
[16.254s][debug][gc,ref         ] GC(30) Skipped phase3 of Reference Processing due to unavailable references
[16.254s][debug][gc,ref         ] GC(30) Skipped phase4 of Reference Processing due to unavailable references
[16.254s][debug][gc,phases      ] GC(30) Reference Processing 0.059ms
[16.255s][debug][gc,phases      ] GC(30) Weak Processing 0.185ms
[16.255s][debug][gc,phases      ] GC(30) Scrub String Table 0.626ms
[16.255s][debug][gc,age         ] GC(30) Desired survivor size 114294784 bytes, new threshold 15 (max threshold 15)
[16.255s][info ][gc,heap        ] GC(30) PSYoungGen: 1881840K->6432K(1980928K)
[16.255s][info ][gc,heap        ] GC(30) ParOldGen: 166958K->177268K(214528K)
[16.255s][info ][gc,metaspace   ] GC(30) Metaspace: 51394K->51394K(1095680K)
[16.255s][info ][gc             ] GC(30) Pause Young (Allocation Failure) 2000M->179M(2144M) 12.291ms
[16.255s][info ][gc,cpu         ] GC(30) User=0.04s Sys=0.01s Real=0.02s
[16.255s][info ][safepoint      ] Leaving safepoint region
[16.255s][info ][safepoint      ] Total time for which application threads were stopped: 0.0127106 seconds, Stopping threads took: 0.0001806 seconds
[16.573s][info ][safepoint      ] Application time: 0.3177246 seconds
[16.573s][info ][safepoint      ] Entering safepoint region: ParallelGCFailedAllocation
[16.573s][info ][gc,start       ] GC(31) Pause Young (Allocation Failure)
[16.583s][debug][gc,phases      ] GC(31) Scavenge 9.604ms
[16.583s][debug][gc,ref         ] GC(31) Skipped phase1 of Reference Processing due to unavailable references
[16.583s][debug][gc,ref         ] GC(31) Skipped phase3 of Reference Processing due to unavailable references
[16.583s][debug][gc,ref         ] GC(31) Skipped phase4 of Reference Processing due to unavailable references
[16.583s][debug][gc,phases      ] GC(31) Reference Processing 0.042ms
[16.583s][debug][gc,phases      ] GC(31) Weak Processing 0.118ms
[16.584s][debug][gc,phases      ] GC(31) Scrub String Table 0.390ms
[16.584s][debug][gc,age         ] GC(31) Desired survivor size 111673344 bytes, new threshold 15 (max threshold 15)
[16.584s][info ][gc,heap        ] GC(31) PSYoungGen: 1873696K->5120K(1988096K)
[16.584s][info ][gc,heap        ] GC(31) ParOldGen: 177268K->179032K(214528K)
[16.584s][info ][gc,metaspace   ] GC(31) Metaspace: 51405K->51405K(1095680K)
[16.584s][info ][gc             ] GC(31) Pause Young (Allocation Failure) 2002M->179M(2151M) 10.316ms
[16.584s][info ][gc,cpu         ] GC(31) User=0.02s Sys=0.02s Real=0.01s
[16.584s][info ][safepoint      ] Leaving safepoint region
[16.584s][info ][safepoint      ] Total time for which application threads were stopped: 0.0107247 seconds, Stopping threads took: 0.0002075 seconds
[16.900s][info ][safepoint      ] Application time: 0.3159592 seconds
[16.900s][info ][safepoint      ] Entering safepoint region: ParallelGCFailedAllocation
[16.900s][info ][gc,start       ] GC(32) Pause Young (Allocation Failure)
[16.906s][debug][gc,phases      ] GC(32) Scavenge 5.935ms
[16.906s][debug][gc,ref         ] GC(32) Skipped phase1 of Reference Processing due to unavailable references
[16.906s][debug][gc,ref         ] GC(32) Skipped phase2 of Reference Processing due to unavailable references
[16.906s][debug][gc,ref         ] GC(32) Skipped phase3 of Reference Processing due to unavailable references
[16.906s][debug][gc,ref         ] GC(32) Skipped phase4 of Reference Processing due to unavailable references
[16.906s][debug][gc,phases      ] GC(32) Reference Processing 0.035ms
[16.906s][debug][gc,phases      ] GC(32) Weak Processing 0.104ms
[16.907s][debug][gc,phases      ] GC(32) Scrub String Table 0.358ms
[16.907s][debug][gc,age         ] GC(32) Desired survivor size 109051904 bytes, new threshold 15 (max threshold 15)
[16.907s][info ][gc,heap        ] GC(32) PSYoungGen: 1881600K->5152K(1985536K)
[16.907s][info ][gc,heap        ] GC(32) ParOldGen: 179032K->179312K(214528K)
[16.907s][info ][gc,metaspace   ] GC(32) Metaspace: 51409K->51409K(1095680K)
[16.907s][info ][gc             ] GC(32) Pause Young (Allocation Failure) 2012M->180M(2148M) 6.567ms
[16.907s][info ][gc,cpu         ] GC(32) User=0.02s Sys=0.00s Real=0.01s
[16.907s][info ][safepoint      ] Leaving safepoint region
[16.907s][info ][safepoint      ] Total time for which application threads were stopped: 0.0069388 seconds, Stopping threads took: 0.0001498 seconds
[17.258s][info ][safepoint      ] Application time: 0.3511065 seconds
[17.258s][info ][safepoint      ] Entering safepoint region: ParallelGCFailedAllocation
[17.258s][info ][gc,start       ] GC(33) Pause Young (Allocation Failure)
[17.265s][debug][gc,phases      ] GC(33) Scavenge 6.343ms
[17.265s][debug][gc,ref         ] GC(33) Skipped phase1 of Reference Processing due to unavailable references
[17.265s][debug][gc,ref         ] GC(33) Skipped phase2 of Reference Processing due to unavailable references
[17.265s][debug][gc,ref         ] GC(33) Skipped phase3 of Reference Processing due to unavailable references
[17.265s][debug][gc,ref         ] GC(33) Skipped phase4 of Reference Processing due to unavailable references
[17.265s][debug][gc,phases      ] GC(33) Reference Processing 0.036ms
[17.265s][debug][gc,phases      ] GC(33) Weak Processing 0.100ms
[17.265s][debug][gc,phases      ] GC(33) Scrub String Table 0.354ms
[17.265s][debug][gc,age         ] GC(33) Desired survivor size 105381888 bytes, new threshold 15 (max threshold 15)
[17.265s][info ][gc,heap        ] GC(33) PSYoungGen: 1881632K->6144K(1994240K)
[17.265s][info ][gc,heap        ] GC(33) ParOldGen: 179312K->179512K(214528K)
[17.265s][info ][gc,metaspace   ] GC(33) Metaspace: 51411K->51411K(1095680K)
[17.265s][info ][gc             ] GC(33) Pause Young (Allocation Failure) 2012M->181M(2157M) 6.965ms
[17.265s][info ][gc,cpu         ] GC(33) User=0.02s Sys=0.00s Real=0.01s
[17.265s][info ][safepoint      ] Leaving safepoint region
[17.265s][info ][safepoint      ] Total time for which application threads were stopped: 0.0073071 seconds, Stopping threads took: 0.0001278 seconds
[17.627s][info ][safepoint      ] Application time: 0.3618060 seconds
[17.627s][info ][safepoint      ] Entering safepoint region: ParallelGCFailedAllocation
[17.627s][info ][gc,start       ] GC(34) Pause Young (Allocation Failure)
[17.641s][debug][gc,phases      ] GC(34) Scavenge 13.671ms
[17.641s][debug][gc,ref         ] GC(34) Skipped phase1 of Reference Processing due to unavailable references
[17.641s][debug][gc,ref         ] GC(34) Skipped phase2 of Reference Processing due to unavailable references
[17.641s][debug][gc,ref         ] GC(34) Skipped phase3 of Reference Processing due to unavailable references
[17.641s][debug][gc,ref         ] GC(34) Skipped phase4 of Reference Processing due to unavailable references
[17.641s][debug][gc,phases      ] GC(34) Reference Processing 0.037ms
[17.641s][debug][gc,phases      ] GC(34) Weak Processing 0.188ms
[17.642s][debug][gc,phases      ] GC(34) Scrub String Table 0.633ms
[17.642s][debug][gc,age         ] GC(34) Desired survivor size 101187584 bytes, new threshold 15 (max threshold 15)
[17.642s][info ][gc,heap        ] GC(34) PSYoungGen: 1893888K->7456K(1990656K)
[17.642s][info ][gc,heap        ] GC(34) ParOldGen: 179512K->179712K(214528K)
[17.642s][info ][gc,metaspace   ] GC(34) Metaspace: 51435K->51435K(1095680K)
[17.642s][info ][gc             ] GC(34) Pause Young (Allocation Failure) 2024M->182M(2153M) 14.687ms
[17.642s][info ][gc,cpu         ] GC(34) User=0.03s Sys=0.02s Real=0.01s
[17.642s][info ][safepoint      ] Leaving safepoint region
[17.642s][info ][safepoint      ] Total time for which application threads were stopped: 0.0150707 seconds, Stopping threads took: 0.0001630 seconds
[18.036s][info ][safepoint      ] Application time: 0.3942926 seconds
[18.037s][info ][safepoint      ] Entering safepoint region: ParallelGCFailedAllocation
[18.037s][info ][gc,start       ] GC(35) Pause Young (Allocation Failure)
[18.053s][debug][gc,phases      ] GC(35) Scavenge 15.472ms
[18.053s][debug][gc,ref         ] GC(35) Skipped phase1 of Reference Processing due to unavailable references
[18.053s][debug][gc,ref         ] GC(35) Skipped phase2 of Reference Processing due to unavailable references
[18.053s][debug][gc,ref         ] GC(35) Skipped phase3 of Reference Processing due to unavailable references
[18.053s][debug][gc,ref         ] GC(35) Skipped phase4 of Reference Processing due to unavailable references
[18.053s][debug][gc,phases      ] GC(35) Reference Processing 0.086ms
[18.053s][debug][gc,phases      ] GC(35) Weak Processing 0.109ms
[18.054s][debug][gc,phases      ] GC(35) Scrub String Table 0.362ms
[18.054s][debug][gc,age         ] GC(35) Desired survivor size 95420416 bytes, new threshold 15 (max threshold 15)
[18.054s][info ][gc,heap        ] GC(35) PSYoungGen: 1895200K->15712K(2003968K)
[18.054s][info ][gc,heap        ] GC(35) ParOldGen: 179712K->179936K(214528K)
[18.054s][info ][gc,metaspace   ] GC(35) Metaspace: 51480K->51480K(1095680K)
[18.054s][info ][gc             ] GC(35) Pause Young (Allocation Failure) 2026M->191M(2166M) 16.191ms
[18.054s][info ][gc,cpu         ] GC(35) User=0.08s Sys=0.00s Real=0.02s
[18.054s][info ][safepoint      ] Leaving safepoint region
[18.054s][info ][safepoint      ] Total time for which application threads were stopped: 0.0172517 seconds, Stopping threads took: 0.0007820 seconds
[18.410s][info ][safepoint      ] Application time: 0.3558829 seconds
[18.410s][info ][safepoint      ] Entering safepoint region: ParallelGCFailedAllocation
[18.410s][info ][gc,start       ] GC(36) Pause Young (Allocation Failure)
[18.425s][debug][gc,phases      ] GC(36) Scavenge 14.411ms
[18.425s][debug][gc,ref         ] GC(36) Skipped phase1 of Reference Processing due to unavailable references
[18.425s][debug][gc,ref         ] GC(36) Skipped phase2 of Reference Processing due to unavailable references
[18.425s][debug][gc,ref         ] GC(36) Skipped phase3 of Reference Processing due to unavailable references
[18.425s][debug][gc,ref         ] GC(36) Skipped phase4 of Reference Processing due to unavailable references
[18.425s][debug][gc,phases      ] GC(36) Reference Processing 0.037ms
[18.425s][debug][gc,phases      ] GC(36) Weak Processing 0.206ms
[18.425s][debug][gc,phases      ] GC(36) Scrub String Table 0.536ms
[18.425s][debug][gc,age         ] GC(36) Desired survivor size 89653248 bytes, new threshold 15 (max threshold 15)
[18.425s][info ][gc,heap        ] GC(36) PSYoungGen: 1920864K->16352K(1998336K)
[18.425s][info ][gc,heap        ] GC(36) ParOldGen: 179936K->180160K(214528K)
[18.425s][info ][gc,metaspace   ] GC(36) Metaspace: 51487K->51487K(1095680K)
[18.425s][info ][gc             ] GC(36) Pause Young (Allocation Failure) 2051M->191M(2161M) 15.356ms
[18.425s][info ][gc,cpu         ] GC(36) User=0.05s Sys=0.01s Real=0.02s
[18.426s][info ][safepoint      ] Leaving safepoint region
[18.426s][info ][safepoint      ] Total time for which application threads were stopped: 0.0159020 seconds, Stopping threads took: 0.0002483 seconds
[18.793s][info ][safepoint      ] Application time: 0.3670507 seconds
[18.793s][info ][safepoint      ] Entering safepoint region: ParallelGCFailedAllocation
[18.793s][info ][gc,start       ] GC(37) Pause Young (Allocation Failure)
[18.807s][debug][gc,phases      ] GC(37) Scavenge 14.450ms
[18.808s][debug][gc,ref         ] GC(37) Skipped phase1 of Reference Processing due to unavailable references
[18.808s][debug][gc,ref         ] GC(37) Skipped phase2 of Reference Processing due to unavailable references
[18.808s][debug][gc,ref         ] GC(37) Skipped phase3 of Reference Processing due to unavailable references
[18.808s][debug][gc,ref         ] GC(37) Skipped phase4 of Reference Processing due to unavailable references
[18.808s][debug][gc,phases      ] GC(37) Reference Processing 0.037ms
[18.808s][debug][gc,phases      ] GC(37) Weak Processing 0.128ms
[18.808s][debug][gc,phases      ] GC(37) Scrub String Table 0.361ms
[18.808s][debug][gc,age         ] GC(37) Desired survivor size 84410368 bytes, new threshold 15 (max threshold 15)
[18.808s][info ][gc,heap        ] GC(37) PSYoungGen: 1921504K->16544K(2014720K)
[18.808s][info ][gc,heap        ] GC(37) ParOldGen: 180160K->180408K(214528K)
[18.808s][info ][gc,metaspace   ] GC(37) Metaspace: 51487K->51487K(1095680K)
[18.808s][info ][gc             ] GC(37) Pause Young (Allocation Failure) 2052M->192M(2177M) 15.147ms
[18.808s][info ][gc,cpu         ] GC(37) User=0.06s Sys=0.00s Real=0.01s
[18.808s][info ][safepoint      ] Leaving safepoint region
[18.808s][info ][safepoint      ] Total time for which application threads were stopped: 0.0155573 seconds, Stopping threads took: 0.0001777 seconds
[19.114s][info ][safepoint      ] Application time: 0.3058979 seconds
[19.114s][info ][safepoint      ] Entering safepoint region: RevokeBias
[19.115s][info ][safepoint      ] Leaving safepoint region
[19.115s][info ][safepoint      ] Total time for which application threads were stopped: 0.0004856 seconds, Stopping threads took: 0.0002083 seconds
[19.198s][info ][safepoint      ] Application time: 0.0835988 seconds
[19.201s][info ][safepoint      ] Entering safepoint region: ParallelGCFailedAllocation
[19.201s][info ][gc,start       ] GC(38) Pause Young (Allocation Failure)
[19.216s][debug][gc,phases      ] GC(38) Scavenge 14.775ms
[19.216s][debug][gc,ref         ] GC(38) Skipped phase1 of Reference Processing due to unavailable references
[19.216s][debug][gc,ref         ] GC(38) Skipped phase3 of Reference Processing due to unavailable references
[19.216s][debug][gc,phases      ] GC(38) Reference Processing 0.046ms
[19.216s][debug][gc,phases      ] GC(38) Weak Processing 0.130ms
[19.217s][debug][gc,phases      ] GC(38) Scrub String Table 0.671ms
[19.217s][debug][gc,age         ] GC(38) Desired survivor size 79691776 bytes, new threshold 15 (max threshold 15)
[19.217s][info ][gc,heap        ] GC(38) PSYoungGen: 1943712K->16832K(2009600K)
[19.217s][info ][gc,heap        ] GC(38) ParOldGen: 180408K->180624K(214528K)
[19.217s][info ][gc,metaspace   ] GC(38) Metaspace: 51493K->51493K(1095680K)
[19.217s][info ][gc             ] GC(38) Pause Young (Allocation Failure) 2074M->192M(2172M) 15.792ms
[19.217s][info ][gc,cpu         ] GC(38) User=0.07s Sys=0.00s Real=0.02s
[19.217s][info ][safepoint      ] Leaving safepoint region
[19.217s][info ][safepoint      ] Total time for which application threads were stopped: 0.0185847 seconds, Stopping threads took: 0.0025338 seconds
[19.613s][info ][safepoint      ] Application time: 0.3963045 seconds
[19.613s][info ][safepoint      ] Entering safepoint region: ParallelGCFailedAllocation
[19.614s][info ][gc,start       ] GC(39) Pause Young (Allocation Failure)
[19.628s][debug][gc,phases      ] GC(39) Scavenge 14.680ms
[19.628s][debug][gc,ref         ] GC(39) Skipped phase1 of Reference Processing due to unavailable references
[19.628s][debug][gc,ref         ] GC(39) Skipped phase3 of Reference Processing due to unavailable references
[19.628s][debug][gc,ref         ] GC(39) Skipped phase4 of Reference Processing due to unavailable references
[19.628s][debug][gc,phases      ] GC(39) Reference Processing 0.034ms
[19.628s][debug][gc,phases      ] GC(39) Weak Processing 0.107ms
[19.629s][debug][gc,phases      ] GC(39) Scrub String Table 0.362ms
[19.629s][debug][gc,age         ] GC(39) Desired survivor size 74973184 bytes, new threshold 15 (max threshold 15)
[19.629s][info ][gc,heap        ] GC(39) PSYoungGen: 1944000K->17280K(2023936K)
[19.629s][info ][gc,heap        ] GC(39) ParOldGen: 180624K->180880K(214528K)
[19.629s][info ][gc,metaspace   ] GC(39) Metaspace: 51493K->51493K(1095680K)
[19.629s][info ][gc             ] GC(39) Pause Young (Allocation Failure) 2074M->193M(2186M) 15.329ms
[19.629s][info ][gc,cpu         ] GC(39) User=0.06s Sys=0.00s Real=0.01s
[19.629s][info ][safepoint      ] Leaving safepoint region
[19.629s][info ][safepoint      ] Total time for which application threads were stopped: 0.0157182 seconds, Stopping threads took: 0.0001421 seconds
[20.044s][info ][safepoint      ] Application time: 0.4153944 seconds
[20.045s][info ][safepoint      ] Entering safepoint region: ParallelGCFailedAllocation
[20.045s][info ][gc,start       ] GC(40) Pause Young (Allocation Failure)
[20.060s][debug][gc,phases      ] GC(40) Scavenge 15.498ms
[20.060s][debug][gc,ref         ] GC(40) Skipped phase1 of Reference Processing due to unavailable references
[20.060s][debug][gc,ref         ] GC(40) Skipped phase3 of Reference Processing due to unavailable references
[20.060s][debug][gc,ref         ] GC(40) Skipped phase4 of Reference Processing due to unavailable references
[20.060s][debug][gc,phases      ] GC(40) Reference Processing 0.035ms
[20.060s][debug][gc,phases      ] GC(40) Weak Processing 0.111ms
[20.061s][debug][gc,phases      ] GC(40) Scrub String Table 0.364ms
[20.061s][debug][gc,age         ] GC(40) Desired survivor size 70254592 bytes, new threshold 15 (max threshold 15)
[20.061s][info ][gc,heap        ] GC(40) PSYoungGen: 1963392K->17824K(2019328K)
[20.061s][info ][gc,heap        ] GC(40) ParOldGen: 180880K->181096K(214528K)
[20.061s][info ][gc,metaspace   ] GC(40) Metaspace: 51500K->51500K(1095680K)
[20.061s][info ][gc             ] GC(40) Pause Young (Allocation Failure) 2094M->194M(2181M) 16.295ms
[20.061s][info ][gc,cpu         ] GC(40) User=0.06s Sys=0.00s Real=0.01s
[20.061s][info ][safepoint      ] Leaving safepoint region
[20.061s][info ][safepoint      ] Total time for which application threads were stopped: 0.0167200 seconds, Stopping threads took: 0.0002011 seconds
[20.519s][info ][safepoint      ] Application time: 0.4577088 seconds
[20.519s][info ][safepoint      ] Entering safepoint region: ParallelGCFailedAllocation
[20.519s][info ][gc,start       ] GC(41) Pause Young (Allocation Failure)
[20.537s][debug][gc,phases      ] GC(41) Scavenge 17.554ms
[20.537s][debug][gc,ref         ] GC(41) Skipped phase1 of Reference Processing due to unavailable references
[20.537s][debug][gc,ref         ] GC(41) Skipped phase3 of Reference Processing due to unavailable references
[20.537s][debug][gc,ref         ] GC(41) Skipped phase4 of Reference Processing due to unavailable references
[20.537s][debug][gc,phases      ] GC(41) Reference Processing 0.036ms
[20.537s][debug][gc,phases      ] GC(41) Weak Processing 0.114ms
[20.537s][debug][gc,phases      ] GC(41) Scrub String Table 0.370ms
[20.537s][debug][gc,age         ] GC(41) Desired survivor size 66060288 bytes, new threshold 15 (max threshold 15)
[20.537s][info ][gc,heap        ] GC(41) PSYoungGen: 1963936K->18880K(2032640K)
[20.537s][info ][gc,heap        ] GC(41) ParOldGen: 181096K->181368K(214528K)
[20.537s][info ][gc,metaspace   ] GC(41) Metaspace: 51534K->51534K(1095680K)
[20.537s][info ][gc             ] GC(41) Pause Young (Allocation Failure) 2094M->195M(2194M) 18.228ms
[20.537s][info ][gc,cpu         ] GC(41) User=0.07s Sys=0.00s Real=0.02s
[20.537s][info ][safepoint      ] Leaving safepoint region
[20.537s][info ][safepoint      ] Total time for which application threads were stopped: 0.0186142 seconds, Stopping threads took: 0.0001855 seconds
[20.635s][info ][safepoint      ] Application time: 0.0979390 seconds
[20.636s][info ][safepoint      ] Entering safepoint region: RevokeBias
[20.636s][info ][safepoint      ] Leaving safepoint region
[20.636s][info ][safepoint      ] Total time for which application threads were stopped: 0.0003942 seconds, Stopping threads took: 0.0002340 seconds
[20.645s][info ][safepoint      ] Application time: 0.0089344 seconds
[20.645s][info ][safepoint      ] Entering safepoint region: RevokeBias
[20.645s][info ][safepoint      ] Leaving safepoint region
[20.645s][info ][safepoint      ] Total time for which application threads were stopped: 0.0000902 seconds, Stopping threads took: 0.0000109 seconds
[20.645s][info ][safepoint      ] Application time: 0.0004458 seconds
[20.645s][info ][safepoint      ] Entering safepoint region: RevokeBias
[20.645s][info ][safepoint      ] Leaving safepoint region
[20.645s][info ][safepoint      ] Total time for which application threads were stopped: 0.0000358 seconds, Stopping threads took: 0.0000068 seconds
[20.700s][info ][safepoint      ] Application time: 0.0547107 seconds
[20.700s][info ][safepoint      ] Entering safepoint region: Deoptimize
[20.705s][info ][safepoint      ] Leaving safepoint region
[20.706s][info ][safepoint      ] Total time for which application threads were stopped: 0.0054118 seconds, Stopping threads took: 0.0000163 seconds
[20.794s][info ][safepoint      ] Application time: 0.0886474 seconds
[20.794s][info ][safepoint      ] Entering safepoint region: RevokeBias
[20.794s][info ][safepoint      ] Leaving safepoint region
[20.794s][info ][safepoint      ] Total time for which application threads were stopped: 0.0001119 seconds, Stopping threads took: 0.0000163 seconds
[20.820s][info ][safepoint      ] Application time: 0.0259096 seconds
[20.820s][info ][safepoint      ] Entering safepoint region: RevokeBias
[20.820s][info ][safepoint      ] Leaving safepoint region
[20.820s][info ][safepoint      ] Total time for which application threads were stopped: 0.0001430 seconds, Stopping threads took: 0.0000592 seconds
[21.821s][info ][safepoint      ] Application time: 1.0001208 seconds
[21.821s][info ][safepoint      ] Entering safepoint region: Cleanup
[21.821s][info ][safepoint      ] Leaving safepoint region
[21.821s][info ][safepoint      ] Total time for which application threads were stopped: 0.0001179 seconds, Stopping threads took: 0.0000190 seconds
[22.821s][info ][safepoint      ] Application time: 1.0000867 seconds
[22.821s][info ][safepoint      ] Entering safepoint region: Cleanup
[22.821s][info ][safepoint      ] Leaving safepoint region
[22.821s][info ][safepoint      ] Total time for which application threads were stopped: 0.0001173 seconds, Stopping threads took: 0.0000333 seconds
[23.821s][info ][safepoint      ] Application time: 1.0000686 seconds
[23.821s][info ][safepoint      ] Entering safepoint region: Cleanup
[23.821s][info ][safepoint      ] Leaving safepoint region
[23.821s][info ][safepoint      ] Total time for which application threads were stopped: 0.0001262 seconds, Stopping threads took: 0.0000324 seconds
[24.821s][info ][safepoint      ] Application time: 1.0001042 seconds
[24.821s][info ][safepoint      ] Entering safepoint region: Cleanup
[24.821s][info ][safepoint      ] Leaving safepoint region
[24.821s][info ][safepoint      ] Total time for which application threads were stopped: 0.0001313 seconds, Stopping threads took: 0.0000189 seconds
[25.822s][info ][safepoint      ] Application time: 1.0001027 seconds
[25.822s][info ][safepoint      ] Entering safepoint region: Cleanup
[25.822s][info ][safepoint      ] Leaving safepoint region
[25.822s][info ][safepoint      ] Total time for which application threads were stopped: 0.0000945 seconds, Stopping threads took: 0.0000186 seconds
[26.822s][info ][safepoint      ] Application time: 1.0000487 seconds
[26.822s][info ][safepoint      ] Entering safepoint region: Cleanup
[26.822s][info ][safepoint      ] Leaving safepoint region
[26.822s][info ][safepoint      ] Total time for which application threads were stopped: 0.0000946 seconds, Stopping threads took: 0.0000197 seconds
[27.822s][info ][safepoint      ] Application time: 1.0000471 seconds
[27.822s][info ][safepoint      ] Entering safepoint region: Cleanup
[27.822s][info ][safepoint      ] Leaving safepoint region
[27.822s][info ][safepoint      ] Total time for which application threads were stopped: 0.0001276 seconds, Stopping threads took: 0.0000342 seconds
[28.822s][info ][safepoint      ] Application time: 1.0001001 seconds
[28.822s][info ][safepoint      ] Entering safepoint region: Cleanup
[28.822s][info ][safepoint      ] Leaving safepoint region
[28.822s][info ][safepoint      ] Total time for which application threads were stopped: 0.0001097 seconds, Stopping threads took: 0.0000219 seconds
[29.823s][info ][safepoint      ] Application time: 1.0000880 seconds
[29.823s][info ][safepoint      ] Entering safepoint region: Cleanup
[29.823s][info ][safepoint      ] Leaving safepoint region
[29.823s][info ][safepoint      ] Total time for which application threads were stopped: 0.0001031 seconds, Stopping threads took: 0.0000236 seconds
[30.823s][info ][safepoint      ] Application time: 1.0001237 seconds
[30.823s][info ][safepoint      ] Entering safepoint region: Cleanup
[30.823s][info ][safepoint      ] Leaving safepoint region
[30.823s][info ][safepoint      ] Total time for which application threads were stopped: 0.0000987 seconds, Stopping threads took: 0.0000296 seconds
[31.823s][info ][safepoint      ] Application time: 1.0000801 seconds
[31.823s][info ][safepoint      ] Entering safepoint region: Cleanup
[31.823s][info ][safepoint      ] Leaving safepoint region
[31.823s][info ][safepoint      ] Total time for which application threads were stopped: 0.0001021 seconds, Stopping threads took: 0.0000185 seconds
[32.823s][info ][safepoint      ] Application time: 1.0001038 seconds
[32.823s][info ][safepoint      ] Entering safepoint region: Cleanup
[32.823s][info ][safepoint      ] Leaving safepoint region
[32.823s][info ][safepoint      ] Total time for which application threads were stopped: 0.0000871 seconds, Stopping threads took: 0.0000182 seconds
[33.823s][info ][safepoint      ] Application time: 1.0000685 seconds
[33.823s][info ][safepoint      ] Entering safepoint region: Cleanup
[33.824s][info ][safepoint      ] Leaving safepoint region
[33.824s][info ][safepoint      ] Total time for which application threads were stopped: 0.0001442 seconds, Stopping threads took: 0.0000318 seconds
[34.824s][info ][safepoint      ] Application time: 1.0001263 seconds
[34.824s][info ][safepoint      ] Entering safepoint region: Cleanup
[34.824s][info ][safepoint      ] Leaving safepoint region
[34.824s][info ][safepoint      ] Total time for which application threads were stopped: 0.0000910 seconds, Stopping threads took: 0.0000188 seconds
[35.824s][info ][safepoint      ] Application time: 1.0000836 seconds
[35.824s][info ][safepoint      ] Entering safepoint region: Cleanup
[35.824s][info ][safepoint      ] Leaving safepoint region
[35.824s][info ][safepoint      ] Total time for which application threads were stopped: 0.0000886 seconds, Stopping threads took: 0.0000193 seconds
[36.824s][info ][safepoint      ] Application time: 1.0001177 seconds
[36.824s][info ][safepoint      ] Entering safepoint region: Cleanup
[36.824s][info ][safepoint      ] Leaving safepoint region
[36.824s][info ][safepoint      ] Total time for which application threads were stopped: 0.0000804 seconds, Stopping threads took: 0.0000181 seconds
[37.824s][info ][safepoint      ] Application time: 1.0001281 seconds
[37.824s][info ][safepoint      ] Entering safepoint region: Cleanup
[37.825s][info ][safepoint      ] Leaving safepoint region
[37.825s][info ][safepoint      ] Total time for which application threads were stopped: 0.0000872 seconds, Stopping threads took: 0.0000182 seconds
[38.825s][info ][safepoint      ] Application time: 1.0000764 seconds
[38.825s][info ][safepoint      ] Entering safepoint region: Cleanup
[38.825s][info ][safepoint      ] Leaving safepoint region
[38.825s][info ][safepoint      ] Total time for which application threads were stopped: 0.0001285 seconds, Stopping threads took: 0.0000630 seconds
[38.990s][info ][safepoint      ] Application time: 0.1649811 seconds
[38.990s][info ][safepoint      ] Entering safepoint region: RevokeBias
[38.990s][info ][safepoint      ] Leaving safepoint region
[38.990s][info ][safepoint      ] Total time for which application threads were stopped: 0.0000999 seconds, Stopping threads took: 0.0000155 seconds
[38.990s][info ][safepoint      ] Application time: 0.0002681 seconds
[38.990s][info ][safepoint      ] Entering safepoint region: RevokeBias
[38.990s][info ][safepoint      ] Leaving safepoint region
[38.990s][info ][safepoint      ] Total time for which application threads were stopped: 0.0000370 seconds, Stopping threads took: 0.0000069 seconds
[39.029s][info ][safepoint      ] Application time: 0.0384686 seconds
[39.029s][info ][safepoint      ] Entering safepoint region: RevokeBias
[39.029s][info ][safepoint      ] Leaving safepoint region
[39.029s][info ][safepoint      ] Total time for which application threads were stopped: 0.0001021 seconds, Stopping threads took: 0.0000162 seconds
[40.029s][info ][safepoint      ] Application time: 1.0001185 seconds
[40.029s][info ][safepoint      ] Entering safepoint region: Cleanup
[40.029s][info ][safepoint      ] Leaving safepoint region
[40.029s][info ][safepoint      ] Total time for which application threads were stopped: 0.0000936 seconds, Stopping threads took: 0.0000174 seconds
[40.394s][info ][safepoint      ] Application time: 0.3644961 seconds
[40.394s][info ][safepoint      ] Entering safepoint region: RevokeBias
[40.394s][info ][safepoint      ] Leaving safepoint region
[40.394s][info ][safepoint      ] Total time for which application threads were stopped: 0.0000847 seconds, Stopping threads took: 0.0000157 seconds
[40.411s][info ][safepoint      ] Application time: 0.0169192 seconds
[40.411s][info ][safepoint      ] Entering safepoint region: RevokeBias
[40.411s][info ][safepoint      ] Leaving safepoint region
[40.411s][info ][safepoint      ] Total time for which application threads were stopped: 0.0002741 seconds, Stopping threads took: 0.0000147 seconds
[40.412s][info ][safepoint      ] Application time: 0.0012322 seconds
[40.412s][info ][safepoint      ] Entering safepoint region: RevokeBias
[40.412s][info ][safepoint      ] Leaving safepoint region
[40.412s][info ][safepoint      ] Total time for which application threads were stopped: 0.0001922 seconds, Stopping threads took: 0.0000107 seconds
[40.430s][info ][safepoint      ] Application time: 0.0179216 seconds
[40.430s][info ][safepoint      ] Entering safepoint region: RevokeBias
[40.430s][info ][safepoint      ] Leaving safepoint region
[40.430s][info ][safepoint      ] Total time for which application threads were stopped: 0.0000933 seconds, Stopping threads took: 0.0000154 seconds
[40.431s][info ][safepoint      ] Application time: 0.0000463 seconds
[40.431s][info ][safepoint      ] Entering safepoint region: RevokeBias
[40.431s][info ][safepoint      ] Leaving safepoint region
[40.431s][info ][safepoint      ] Total time for which application threads were stopped: 0.0000370 seconds, Stopping threads took: 0.0000071 seconds
[40.431s][info ][safepoint      ] Application time: 0.0000732 seconds
[40.431s][info ][safepoint      ] Entering safepoint region: RevokeBias
[40.431s][info ][safepoint      ] Leaving safepoint region
[40.431s][info ][safepoint      ] Total time for which application threads were stopped: 0.0000341 seconds, Stopping threads took: 0.0000066 seconds
[40.437s][info ][safepoint      ] Application time: 0.0067175 seconds
[40.437s][info ][safepoint      ] Entering safepoint region: RevokeBias
[40.437s][info ][safepoint      ] Leaving safepoint region
[40.437s][info ][safepoint      ] Total time for which application threads were stopped: 0.0000805 seconds, Stopping threads took: 0.0000275 seconds
[40.438s][info ][safepoint      ] Application time: 0.0000494 seconds
[40.438s][info ][safepoint      ] Entering safepoint region: RevokeBias
[40.438s][info ][safepoint      ] Leaving safepoint region
[40.438s][info ][safepoint      ] Total time for which application threads were stopped: 0.0000396 seconds, Stopping threads took: 0.0000069 seconds
[40.444s][info ][safepoint      ] Application time: 0.0062728 seconds
[40.444s][info ][safepoint      ] Entering safepoint region: RevokeBias
[40.444s][info ][safepoint      ] Leaving safepoint region
[40.444s][info ][safepoint      ] Total time for which application threads were stopped: 0.0000644 seconds, Stopping threads took: 0.0000225 seconds
[40.484s][info ][safepoint      ] Application time: 0.0401136 seconds
[40.484s][info ][safepoint      ] Entering safepoint region: RevokeBias
[40.484s][info ][safepoint      ] Leaving safepoint region
[40.484s][info ][safepoint      ] Total time for which application threads were stopped: 0.0001115 seconds, Stopping threads took: 0.0000163 seconds
[40.484s][info ][safepoint      ] Application time: 0.0000897 seconds
[40.484s][info ][safepoint      ] Entering safepoint region: RevokeBias
[40.484s][info ][safepoint      ] Leaving safepoint region
[40.484s][info ][safepoint      ] Total time for which application threads were stopped: 0.0000340 seconds, Stopping threads took: 0.0000072 seconds
[40.527s][info ][safepoint      ] Application time: 0.0427358 seconds
[40.527s][info ][safepoint      ] Entering safepoint region: Deoptimize
[40.529s][info ][safepoint      ] Leaving safepoint region
[40.529s][info ][safepoint      ] Total time for which application threads were stopped: 0.0013850 seconds, Stopping threads took: 0.0000369 seconds
[40.592s][info ][safepoint      ] Application time: 0.0633352 seconds
[40.592s][info ][safepoint      ] Entering safepoint region: Deoptimize
[40.593s][info ][safepoint      ] Leaving safepoint region
[40.593s][info ][safepoint      ] Total time for which application threads were stopped: 0.0016140 seconds, Stopping threads took: 0.0000356 seconds
[40.594s][info ][safepoint      ] Application time: 0.0002899 seconds
[40.594s][info ][safepoint      ] Entering safepoint region: Deoptimize
[40.594s][info ][safepoint      ] Leaving safepoint region
[40.594s][info ][safepoint      ] Total time for which application threads were stopped: 0.0004534 seconds, Stopping threads took: 0.0000096 seconds
[40.617s][info ][safepoint      ] Application time: 0.0223078 seconds
[40.617s][info ][safepoint      ] Entering safepoint region: RevokeBias
[40.617s][info ][safepoint      ] Leaving safepoint region
[40.617s][info ][safepoint      ] Total time for which application threads were stopped: 0.0000950 seconds, Stopping threads took: 0.0000153 seconds
[40.743s][info ][safepoint      ] Application time: 0.1262333 seconds
[40.743s][info ][safepoint      ] Entering safepoint region: RevokeBias
[40.743s][info ][safepoint      ] Leaving safepoint region
[40.743s][info ][safepoint      ] Total time for which application threads were stopped: 0.0002334 seconds, Stopping threads took: 0.0000775 seconds
[40.848s][info ][safepoint      ] Application time: 0.1047489 seconds
[40.848s][info ][safepoint      ] Entering safepoint region: Deoptimize
[40.850s][info ][safepoint      ] Leaving safepoint region
[40.850s][info ][safepoint      ] Total time for which application threads were stopped: 0.0017284 seconds, Stopping threads took: 0.0000235 seconds
[40.851s][info ][safepoint      ] Application time: 0.0015000 seconds
[40.851s][info ][safepoint      ] Entering safepoint region: RevokeBias
[40.851s][info ][safepoint      ] Leaving safepoint region
[40.851s][info ][safepoint      ] Total time for which application threads were stopped: 0.0000636 seconds, Stopping threads took: 0.0000113 seconds
[40.852s][info ][safepoint      ] Application time: 0.0004376 seconds
[40.852s][info ][safepoint      ] Entering safepoint region: Deoptimize
[40.853s][info ][safepoint      ] Leaving safepoint region
[40.853s][info ][safepoint      ] Total time for which application threads were stopped: 0.0011783 seconds, Stopping threads took: 0.0000095 seconds
[40.859s][info ][safepoint      ] Application time: 0.0060108 seconds
[40.859s][info ][safepoint      ] Entering safepoint region: RevokeBias
[40.859s][info ][safepoint      ] Leaving safepoint region
[40.859s][info ][safepoint      ] Total time for which application threads were stopped: 0.0000982 seconds, Stopping threads took: 0.0000127 seconds
[40.880s][info ][safepoint      ] Application time: 0.0207659 seconds
[40.880s][info ][safepoint      ] Entering safepoint region: RevokeBias
[40.880s][info ][safepoint      ] Leaving safepoint region
[40.880s][info ][safepoint      ] Total time for which application threads were stopped: 0.0001110 seconds, Stopping threads took: 0.0000174 seconds
[41.059s][info ][safepoint      ] Application time: 0.1791958 seconds
[41.059s][info ][safepoint      ] Entering safepoint region: ICBufferFull
[41.059s][info ][safepoint      ] Leaving safepoint region
[41.059s][info ][safepoint      ] Total time for which application threads were stopped: 0.0002366 seconds, Stopping threads took: 0.0000177 seconds
[41.143s][info ][safepoint      ] Application time: 0.0838960 seconds
[41.144s][info ][safepoint      ] Entering safepoint region: RevokeBias
[41.144s][info ][safepoint      ] Leaving safepoint region
[41.144s][info ][safepoint      ] Total time for which application threads were stopped: 0.0007856 seconds, Stopping threads took: 0.0005489 seconds
[41.248s][info ][safepoint      ] Application time: 0.1040442 seconds
[41.248s][info ][safepoint      ] Entering safepoint region: ICBufferFull
[41.248s][info ][safepoint      ] Leaving safepoint region
[41.248s][info ][safepoint      ] Total time for which application threads were stopped: 0.0002325 seconds, Stopping threads took: 0.0000386 seconds
[41.783s][info ][safepoint      ] Application time: 0.5342269 seconds
[41.783s][info ][safepoint      ] Entering safepoint region: ICBufferFull
[41.783s][info ][safepoint      ] Leaving safepoint region
[41.783s][info ][safepoint      ] Total time for which application threads were stopped: 0.0002200 seconds, Stopping threads took: 0.0000284 seconds
[42.783s][info ][safepoint      ] Application time: 1.0001236 seconds
[42.783s][info ][safepoint      ] Entering safepoint region: Cleanup
[42.783s][info ][safepoint      ] Leaving safepoint region
[42.783s][info ][safepoint      ] Total time for which application threads were stopped: 0.0001628 seconds, Stopping threads took: 0.0000366 seconds
[43.783s][info ][safepoint      ] Application time: 1.0000753 seconds
[43.783s][info ][safepoint      ] Entering safepoint region: Cleanup
[43.783s][info ][safepoint      ] Leaving safepoint region
[43.784s][info ][safepoint      ] Total time for which application threads were stopped: 0.0001656 seconds, Stopping threads took: 0.0000191 seconds
[44.453s][info ][safepoint      ] Application time: 0.6697169 seconds
[44.453s][info ][safepoint      ] Entering safepoint region: ICBufferFull
[44.453s][info ][safepoint      ] Leaving safepoint region
[44.453s][info ][safepoint      ] Total time for which application threads were stopped: 0.0002123 seconds, Stopping threads took: 0.0000171 seconds
[44.460s][info ][safepoint      ] Application time: 0.0062852 seconds
[44.460s][info ][safepoint      ] Entering safepoint region: ICBufferFull
[44.460s][info ][safepoint      ] Leaving safepoint region
[44.460s][info ][safepoint      ] Total time for which application threads were stopped: 0.0001835 seconds, Stopping threads took: 0.0000111 seconds
[45.460s][info ][safepoint      ] Application time: 1.0001543 seconds
[45.460s][info ][safepoint      ] Entering safepoint region: Cleanup
[45.460s][info ][safepoint      ] Leaving safepoint region
[45.460s][info ][safepoint      ] Total time for which application threads were stopped: 0.0002515 seconds, Stopping threads took: 0.0000270 seconds
[45.852s][info ][safepoint      ] Application time: 0.3913485 seconds
[45.852s][info ][safepoint      ] Entering safepoint region: RevokeBias
[45.852s][info ][safepoint      ] Leaving safepoint region
[45.852s][info ][safepoint      ] Total time for which application threads were stopped: 0.0001503 seconds, Stopping threads took: 0.0000170 seconds
[45.852s][info ][safepoint      ] Application time: 0.0000866 seconds
[45.852s][info ][safepoint      ] Entering safepoint region: RevokeBias
[45.852s][info ][safepoint      ] Leaving safepoint region
[45.852s][info ][safepoint      ] Total time for which application threads were stopped: 0.0000579 seconds, Stopping threads took: 0.0000278 seconds
[46.852s][info ][safepoint      ] Application time: 1.0000805 seconds
[46.852s][info ][safepoint      ] Entering safepoint region: Cleanup
[46.852s][info ][safepoint      ] Leaving safepoint region
[46.852s][info ][safepoint      ] Total time for which application threads were stopped: 0.0001692 seconds, Stopping threads took: 0.0000197 seconds
[47.853s][info ][safepoint      ] Application time: 1.0000851 seconds
[47.853s][info ][safepoint      ] Entering safepoint region: Cleanup
[47.853s][info ][safepoint      ] Leaving safepoint region
[47.853s][info ][safepoint      ] Total time for which application threads were stopped: 0.0001228 seconds, Stopping threads took: 0.0000203 seconds
[48.853s][info ][safepoint      ] Application time: 1.0000829 seconds
[48.853s][info ][safepoint      ] Entering safepoint region: Cleanup
[48.853s][info ][safepoint      ] Leaving safepoint region
[48.853s][info ][safepoint      ] Total time for which application threads were stopped: 0.0001345 seconds, Stopping threads took: 0.0000224 seconds
[49.853s][info ][safepoint      ] Application time: 1.0001159 seconds
[49.853s][info ][safepoint      ] Entering safepoint region: Cleanup
[49.853s][info ][safepoint      ] Leaving safepoint region
[49.853s][info ][safepoint      ] Total time for which application threads were stopped: 0.0001304 seconds, Stopping threads took: 0.0000183 seconds
[50.852s][info ][safepoint      ] Application time: 0.9991658 seconds
[50.852s][info ][safepoint      ] Entering safepoint region: RevokeBias
[50.853s][info ][safepoint      ] Leaving safepoint region
[50.853s][info ][safepoint      ] Total time for which application threads were stopped: 0.0001470 seconds, Stopping threads took: 0.0000212 seconds
[50.854s][info ][safepoint      ] Application time: 0.0011791 seconds
[50.854s][info ][safepoint      ] Entering safepoint region: RevokeBias
[50.854s][info ][safepoint      ] Leaving safepoint region
[50.854s][info ][safepoint      ] Total time for which application threads were stopped: 0.0000482 seconds, Stopping threads took: 0.0000110 seconds
[50.854s][info ][safepoint      ] Application time: 0.0000700 seconds
[50.854s][info ][safepoint      ] Entering safepoint region: RevokeBias
[50.854s][info ][safepoint      ] Leaving safepoint region
[50.854s][info ][safepoint      ] Total time for which application threads were stopped: 0.0000331 seconds, Stopping threads took: 0.0000076 seconds
[50.854s][info ][safepoint      ] Application time: 0.0001759 seconds
[50.854s][info ][safepoint      ] Entering safepoint region: RevokeBias
[50.854s][info ][safepoint      ] Leaving safepoint region
[50.854s][info ][safepoint      ] Total time for which application threads were stopped: 0.0000369 seconds, Stopping threads took: 0.0000088 seconds
[50.854s][info ][safepoint      ] Application time: 0.0001573 seconds
[50.854s][info ][safepoint      ] Entering safepoint region: RevokeBias
[50.854s][info ][safepoint      ] Leaving safepoint region
[50.854s][info ][safepoint      ] Total time for which application threads were stopped: 0.0000309 seconds, Stopping threads took: 0.0000072 seconds
[51.854s][info ][safepoint      ] Application time: 1.0001003 seconds
[51.855s][info ][safepoint      ] Entering safepoint region: Cleanup
[51.855s][info ][safepoint      ] Leaving safepoint region
[51.855s][info ][safepoint      ] Total time for which application threads were stopped: 0.0002156 seconds, Stopping threads took: 0.0000274 seconds
[52.855s][info ][safepoint      ] Application time: 1.0000876 seconds
[52.855s][info ][safepoint      ] Entering safepoint region: Cleanup
[52.855s][info ][safepoint      ] Leaving safepoint region
[52.855s][info ][safepoint      ] Total time for which application threads were stopped: 0.0001910 seconds, Stopping threads took: 0.0000261 seconds
[53.855s][info ][safepoint      ] Application time: 1.0001189 seconds
[53.855s][info ][safepoint      ] Entering safepoint region: Cleanup
[53.855s][info ][safepoint      ] Leaving safepoint region
[53.855s][info ][safepoint      ] Total time for which application threads were stopped: 0.0001250 seconds, Stopping threads took: 0.0000169 seconds
[54.419s][info ][safepoint      ] Application time: 0.5637141 seconds
[54.419s][info ][safepoint      ] Entering safepoint region: ICBufferFull
[54.420s][info ][safepoint      ] Leaving safepoint region
[54.420s][info ][safepoint      ] Total time for which application threads were stopped: 0.0004577 seconds, Stopping threads took: 0.0001431 seconds
[55.420s][info ][safepoint      ] Application time: 1.0002809 seconds
[55.420s][info ][safepoint      ] Entering safepoint region: Cleanup
[55.420s][info ][safepoint      ] Leaving safepoint region
[55.420s][info ][safepoint      ] Total time for which application threads were stopped: 0.0001286 seconds, Stopping threads took: 0.0000179 seconds
[56.420s][info ][safepoint      ] Application time: 1.0000783 seconds
[56.420s][info ][safepoint      ] Entering safepoint region: Cleanup
[56.420s][info ][safepoint      ] Leaving safepoint region
[56.420s][info ][safepoint      ] Total time for which application threads were stopped: 0.0001450 seconds, Stopping threads took: 0.0000176 seconds
[57.421s][info ][safepoint      ] Application time: 1.0009304 seconds
[57.421s][info ][safepoint      ] Entering safepoint region: Cleanup
[57.421s][info ][safepoint      ] Leaving safepoint region
[57.421s][info ][safepoint      ] Total time for which application threads were stopped: 0.0001446 seconds, Stopping threads took: 0.0000171 seconds
[58.421s][info ][safepoint      ] Application time: 1.0000784 seconds
[58.422s][info ][safepoint      ] Entering safepoint region: Cleanup
[58.422s][info ][safepoint      ] Leaving safepoint region
[58.422s][info ][safepoint      ] Total time for which application threads were stopped: 0.0001495 seconds, Stopping threads took: 0.0000189 seconds
[59.422s][info ][safepoint      ] Application time: 1.0000853 seconds
[59.422s][info ][safepoint      ] Entering safepoint region: Cleanup
[59.422s][info ][safepoint      ] Leaving safepoint region
[59.422s][info ][safepoint      ] Total time for which application threads were stopped: 0.0000983 seconds, Stopping threads took: 0.0000185 seconds
[60.422s][info ][safepoint      ] Application time: 1.0000828 seconds
[60.422s][info ][safepoint      ] Entering safepoint region: Cleanup
[60.422s][info ][safepoint      ] Leaving safepoint region
[60.422s][info ][safepoint      ] Total time for which application threads were stopped: 0.0001452 seconds, Stopping threads took: 0.0000365 seconds
[61.422s][info ][safepoint      ] Application time: 1.0000800 seconds
[61.422s][info ][safepoint      ] Entering safepoint region: Cleanup
[61.422s][info ][safepoint      ] Leaving safepoint region
[61.422s][info ][safepoint      ] Total time for which application threads were stopped: 0.0001384 seconds, Stopping threads took: 0.0000441 seconds
[62.423s][info ][safepoint      ] Application time: 1.0001164 seconds
[62.423s][info ][safepoint      ] Entering safepoint region: Cleanup
[62.423s][info ][safepoint      ] Leaving safepoint region
[62.423s][info ][safepoint      ] Total time for which application threads were stopped: 0.0001373 seconds, Stopping threads took: 0.0000184 seconds
[63.423s][info ][safepoint      ] Application time: 1.0001121 seconds
[63.423s][info ][safepoint      ] Entering safepoint region: Cleanup
[63.423s][info ][safepoint      ] Leaving safepoint region
[63.423s][info ][safepoint      ] Total time for which application threads were stopped: 0.0001229 seconds, Stopping threads took: 0.0000186 seconds
[64.423s][info ][safepoint      ] Application time: 1.0001025 seconds
[64.423s][info ][safepoint      ] Entering safepoint region: Cleanup
[64.423s][info ][safepoint      ] Leaving safepoint region
[64.423s][info ][safepoint      ] Total time for which application threads were stopped: 0.0001116 seconds, Stopping threads took: 0.0000188 seconds
[65.423s][info ][safepoint      ] Application time: 1.0001158 seconds
[65.423s][info ][safepoint      ] Entering safepoint region: Cleanup
[65.424s][info ][safepoint      ] Leaving safepoint region
[65.424s][info ][safepoint      ] Total time for which application threads were stopped: 0.0001096 seconds, Stopping threads took: 0.0000181 seconds
[66.424s][info ][safepoint      ] Application time: 1.0000933 seconds
[66.424s][info ][safepoint      ] Entering safepoint region: Cleanup
[66.424s][info ][safepoint      ] Leaving safepoint region
[66.424s][info ][safepoint      ] Total time for which application threads were stopped: 0.0001214 seconds, Stopping threads took: 0.0000327 seconds
[67.424s][info ][safepoint      ] Application time: 1.0001404 seconds
[67.424s][info ][safepoint      ] Entering safepoint region: Cleanup
[67.424s][info ][safepoint      ] Leaving safepoint region
[67.424s][info ][safepoint      ] Total time for which application threads were stopped: 0.0001110 seconds, Stopping threads took: 0.0000187 seconds
[68.424s][info ][safepoint      ] Application time: 1.0001159 seconds
[68.424s][info ][safepoint      ] Entering safepoint region: Cleanup
[68.424s][info ][safepoint      ] Leaving safepoint region
[68.424s][info ][safepoint      ] Total time for which application threads were stopped: 0.0000935 seconds, Stopping threads took: 0.0000199 seconds
[69.424s][info ][safepoint      ] Application time: 1.0000797 seconds
[69.424s][info ][safepoint      ] Entering safepoint region: Cleanup
[69.425s][info ][safepoint      ] Leaving safepoint region
[69.425s][info ][safepoint      ] Total time for which application threads were stopped: 0.0000981 seconds, Stopping threads took: 0.0000174 seconds
[70.425s][info ][safepoint      ] Application time: 1.0000352 seconds
[70.425s][info ][safepoint      ] Entering safepoint region: Cleanup
[70.425s][info ][safepoint      ] Leaving safepoint region
[70.425s][info ][safepoint      ] Total time for which application threads were stopped: 0.0001189 seconds, Stopping threads took: 0.0000196 seconds
[71.425s][info ][safepoint      ] Application time: 1.0000759 seconds
[71.425s][info ][safepoint      ] Entering safepoint region: Cleanup
[71.425s][info ][safepoint      ] Leaving safepoint region
[71.425s][info ][safepoint      ] Total time for which application threads were stopped: 0.0002158 seconds, Stopping threads took: 0.0000671 seconds
[71.988s][info ][safepoint      ] Application time: 0.5633936 seconds
[71.989s][info ][safepoint      ] Entering safepoint region: ICBufferFull
[71.989s][info ][safepoint      ] Leaving safepoint region
[71.989s][info ][safepoint      ] Total time for which application threads were stopped: 0.0002239 seconds, Stopping threads took: 0.0000163 seconds
[72.989s][info ][safepoint      ] Application time: 1.0001107 seconds
[72.989s][info ][safepoint      ] Entering safepoint region: Cleanup
[72.989s][info ][safepoint      ] Leaving safepoint region
[72.989s][info ][safepoint      ] Total time for which application threads were stopped: 0.0001405 seconds, Stopping threads took: 0.0000166 seconds
[73.870s][info ][safepoint      ] Application time: 0.8805001 seconds
[73.870s][info ][safepoint      ] Entering safepoint region: ICBufferFull
[73.870s][info ][safepoint      ] Leaving safepoint region
[73.870s][info ][safepoint      ] Total time for which application threads were stopped: 0.0002295 seconds, Stopping threads took: 0.0000186 seconds
[74.871s][info ][safepoint      ] Application time: 1.0014116 seconds
[74.872s][info ][safepoint      ] Entering safepoint region: Cleanup
[74.872s][info ][safepoint      ] Leaving safepoint region
[74.872s][info ][safepoint      ] Total time for which application threads were stopped: 0.0007689 seconds, Stopping threads took: 0.0005073 seconds
[75.129s][info ][safepoint      ] Application time: 0.2569425 seconds
[75.129s][info ][safepoint      ] Entering safepoint region: ParallelGCFailedAllocation
[75.129s][info ][gc,start       ] GC(42) Pause Young (Allocation Failure)
[75.158s][debug][gc,phases      ] GC(42) Scavenge 28.850ms
[75.158s][debug][gc,ref         ] GC(42) Skipped phase1 of Reference Processing due to unavailable references
[75.158s][debug][gc,phases      ] GC(42) Reference Processing 0.223ms
[75.159s][debug][gc,phases      ] GC(42) Weak Processing 0.232ms
[75.159s][debug][gc,phases      ] GC(42) Scrub String Table 0.931ms
[75.159s][debug][gc,age         ] GC(42) Desired survivor size 71303168 bytes, new threshold 15 (max threshold 15)
[75.160s][info ][gc,heap        ] GC(42) PSYoungGen: 1982912K->46746K(2011136K)
[75.160s][info ][gc,heap        ] GC(42) ParOldGen: 181368K->181656K(214528K)
[75.160s][info ][gc,metaspace   ] GC(42) Metaspace: 62324K->62324K(1105920K)
[75.160s][info ][gc             ] GC(42) Pause Young (Allocation Failure) 2113M->223M(2173M) 30.405ms
[75.160s][info ][gc,cpu         ] GC(42) User=0.10s Sys=0.02s Real=0.03s
[75.160s][info ][safepoint      ] Leaving safepoint region
[75.160s][info ][safepoint      ] Total time for which application threads were stopped: 0.0306442 seconds, Stopping threads took: 0.0000328 seconds
[76.160s][info ][safepoint      ] Application time: 1.0001134 seconds
[76.160s][info ][safepoint      ] Entering safepoint region: Cleanup
[76.160s][info ][safepoint      ] Leaving safepoint region
[76.160s][info ][safepoint      ] Total time for which application threads were stopped: 0.0000902 seconds, Stopping threads took: 0.0000156 seconds
[77.160s][info ][safepoint      ] Application time: 1.0001125 seconds
[77.160s][info ][safepoint      ] Entering safepoint region: Cleanup
[77.160s][info ][safepoint      ] Leaving safepoint region
[77.160s][info ][safepoint      ] Total time for which application threads were stopped: 0.0001007 seconds, Stopping threads took: 0.0000195 seconds
[78.160s][info ][safepoint      ] Application time: 1.0001493 seconds
[78.160s][info ][safepoint      ] Entering safepoint region: Cleanup
[78.160s][info ][safepoint      ] Leaving safepoint region
[78.160s][info ][safepoint      ] Total time for which application threads were stopped: 0.0001018 seconds, Stopping threads took: 0.0000180 seconds
[79.161s][info ][safepoint      ] Application time: 1.0000869 seconds
[79.161s][info ][safepoint      ] Entering safepoint region: Cleanup
[79.161s][info ][safepoint      ] Leaving safepoint region
[79.161s][info ][safepoint      ] Total time for which application threads were stopped: 0.0001256 seconds, Stopping threads took: 0.0000186 seconds
[80.161s][info ][safepoint      ] Application time: 1.0001004 seconds
[80.161s][info ][safepoint      ] Entering safepoint region: Cleanup
[80.161s][info ][safepoint      ] Leaving safepoint region
[80.161s][info ][safepoint      ] Total time for which application threads were stopped: 0.0001620 seconds, Stopping threads took: 0.0000175 seconds
[80.602s][info ][safepoint      ] Application time: 0.4414363 seconds
[80.602s][info ][safepoint      ] Entering safepoint region: RevokeBias
[80.603s][info ][safepoint      ] Leaving safepoint region
[80.603s][info ][safepoint      ] Total time for which application threads were stopped: 0.0001472 seconds, Stopping threads took: 0.0000164 seconds
[81.603s][info ][safepoint      ] Application time: 1.0000876 seconds
[81.603s][info ][safepoint      ] Entering safepoint region: Cleanup
[81.603s][info ][safepoint      ] Leaving safepoint region
[81.603s][info ][safepoint      ] Total time for which application threads were stopped: 0.0001121 seconds, Stopping threads took: 0.0000175 seconds
[82.603s][info ][safepoint      ] Application time: 1.0000883 seconds
[82.603s][info ][safepoint      ] Entering safepoint region: Cleanup
[82.603s][info ][safepoint      ] Leaving safepoint region
[82.603s][info ][safepoint      ] Total time for which application threads were stopped: 0.0001432 seconds, Stopping threads took: 0.0000175 seconds
[83.603s][info ][safepoint      ] Application time: 1.0000955 seconds
[83.603s][info ][safepoint      ] Entering safepoint region: Cleanup
[83.603s][info ][safepoint      ] Leaving safepoint region
[83.603s][info ][safepoint      ] Total time for which application threads were stopped: 0.0000982 seconds, Stopping threads took: 0.0000178 seconds
[84.603s][info ][safepoint      ] Application time: 1.0001155 seconds
[84.603s][info ][safepoint      ] Entering safepoint region: Cleanup
[84.604s][info ][safepoint      ] Leaving safepoint region
[84.604s][info ][safepoint      ] Total time for which application threads were stopped: 0.0001268 seconds, Stopping threads took: 0.0000175 seconds
[85.604s][info ][safepoint      ] Application time: 1.0000721 seconds
[85.604s][info ][safepoint      ] Entering safepoint region: Cleanup
[85.604s][info ][safepoint      ] Leaving safepoint region
[85.604s][info ][safepoint      ] Total time for which application threads were stopped: 0.0000975 seconds, Stopping threads took: 0.0000172 seconds
[86.604s][info ][safepoint      ] Application time: 1.0000826 seconds
[86.604s][info ][safepoint      ] Entering safepoint region: Cleanup
[86.604s][info ][safepoint      ] Leaving safepoint region
[86.604s][info ][safepoint      ] Total time for which application threads were stopped: 0.0001333 seconds, Stopping threads took: 0.0000166 seconds
[87.604s][info ][safepoint      ] Application time: 1.0001050 seconds
[87.604s][info ][safepoint      ] Entering safepoint region: Cleanup
[87.605s][info ][safepoint      ] Leaving safepoint region
[87.605s][info ][safepoint      ] Total time for which application threads were stopped: 0.0004239 seconds, Stopping threads took: 0.0000188 seconds
[88.605s][info ][safepoint      ] Application time: 1.0001440 seconds
[88.605s][info ][safepoint      ] Entering safepoint region: Cleanup
[88.605s][info ][safepoint      ] Leaving safepoint region
[88.605s][info ][safepoint      ] Total time for which application threads were stopped: 0.0001001 seconds, Stopping threads took: 0.0000185 seconds
[89.605s][info ][safepoint      ] Application time: 1.0000852 seconds
[89.605s][info ][safepoint      ] Entering safepoint region: Cleanup
[89.605s][info ][safepoint      ] Leaving safepoint region
[89.605s][info ][safepoint      ] Total time for which application threads were stopped: 0.0001135 seconds, Stopping threads took: 0.0000312 seconds
[90.605s][info ][safepoint      ] Application time: 1.0001553 seconds
[90.605s][info ][safepoint      ] Entering safepoint region: Cleanup
[90.605s][info ][safepoint      ] Leaving safepoint region
[90.605s][info ][safepoint      ] Total time for which application threads were stopped: 0.0001281 seconds, Stopping threads took: 0.0000585 seconds
[91.606s][info ][safepoint      ] Application time: 1.0000820 seconds
[91.606s][info ][safepoint      ] Entering safepoint region: Cleanup
[91.606s][info ][safepoint      ] Leaving safepoint region
[91.606s][info ][safepoint      ] Total time for which application threads were stopped: 0.0001024 seconds, Stopping threads took: 0.0000180 seconds
[92.606s][info ][safepoint      ] Application time: 1.0001082 seconds
[92.606s][info ][safepoint      ] Entering safepoint region: Cleanup
[92.606s][info ][safepoint      ] Leaving safepoint region
[92.606s][info ][safepoint      ] Total time for which application threads were stopped: 0.0000926 seconds, Stopping threads took: 0.0000177 seconds
[94.606s][info ][safepoint      ] Application time: 2.0001960 seconds
[94.606s][info ][safepoint      ] Entering safepoint region: Cleanup
[94.606s][info ][safepoint      ] Leaving safepoint region
[94.606s][info ][safepoint      ] Total time for which application threads were stopped: 0.0000992 seconds, Stopping threads took: 0.0000198 seconds
[95.606s][info ][safepoint      ] Application time: 1.0000903 seconds
[95.607s][info ][safepoint      ] Entering safepoint region: Cleanup
[95.607s][info ][safepoint      ] Leaving safepoint region
[95.607s][info ][safepoint      ] Total time for which application threads were stopped: 0.0003268 seconds, Stopping threads took: 0.0001341 seconds
[96.607s][info ][safepoint      ] Application time: 1.0001242 seconds
[96.607s][info ][safepoint      ] Entering safepoint region: Cleanup
[96.607s][info ][safepoint      ] Leaving safepoint region
[96.607s][info ][safepoint      ] Total time for which application threads were stopped: 0.0000900 seconds, Stopping threads took: 0.0000180 seconds
[97.607s][info ][safepoint      ] Application time: 1.0000946 seconds
[97.607s][info ][safepoint      ] Entering safepoint region: Cleanup
[97.607s][info ][safepoint      ] Leaving safepoint region
[97.607s][info ][safepoint      ] Total time for which application threads were stopped: 0.0001401 seconds, Stopping threads took: 0.0000306 seconds
[98.607s][info ][safepoint      ] Application time: 1.0001335 seconds
[98.608s][info ][safepoint      ] Entering safepoint region: Cleanup
[98.608s][info ][safepoint      ] Leaving safepoint region
[98.608s][info ][safepoint      ] Total time for which application threads were stopped: 0.0001162 seconds, Stopping threads took: 0.0000193 seconds
[99.608s][info ][safepoint      ] Application time: 1.0000649 seconds
[99.608s][info ][safepoint      ] Entering safepoint region: Cleanup
[99.608s][info ][safepoint      ] Leaving safepoint region
[99.608s][info ][safepoint      ] Total time for which application threads were stopped: 0.0001988 seconds, Stopping threads took: 0.0000350 seconds
[100.608s][info ][safepoint      ] Application time: 1.0001264 seconds
[100.608s][info ][safepoint      ] Entering safepoint region: Cleanup
[100.608s][info ][safepoint      ] Leaving safepoint region
[100.608s][info ][safepoint      ] Total time for which application threads were stopped: 0.0001877 seconds, Stopping threads took: 0.0000275 seconds
[101.608s][info ][safepoint      ] Application time: 1.0000755 seconds
[101.608s][info ][safepoint      ] Entering safepoint region: Cleanup
[101.609s][info ][safepoint      ] Leaving safepoint region
[101.609s][info ][safepoint      ] Total time for which application threads were stopped: 0.0001120 seconds, Stopping threads took: 0.0000173 seconds
[102.609s][info ][safepoint      ] Application time: 1.0000838 seconds
[102.609s][info ][safepoint      ] Entering safepoint region: Cleanup
[102.609s][info ][safepoint      ] Leaving safepoint region
[102.609s][info ][safepoint      ] Total time for which application threads were stopped: 0.0001158 seconds, Stopping threads took: 0.0000170 seconds
[103.609s][info ][safepoint      ] Application time: 1.0001120 seconds
[103.609s][info ][safepoint      ] Entering safepoint region: Cleanup
[103.609s][info ][safepoint      ] Leaving safepoint region
[103.609s][info ][safepoint      ] Total time for which application threads were stopped: 0.0000912 seconds, Stopping threads took: 0.0000173 seconds
[104.609s][info ][safepoint      ] Application time: 1.0001142 seconds
[104.609s][info ][safepoint      ] Entering safepoint region: Cleanup
[104.609s][info ][safepoint      ] Leaving safepoint region
[104.609s][info ][safepoint      ] Total time for which application threads were stopped: 0.0000933 seconds, Stopping threads took: 0.0000171 seconds
[105.609s][info ][safepoint      ] Application time: 1.0001024 seconds
[105.609s][info ][safepoint      ] Entering safepoint region: Cleanup
[105.609s][info ][safepoint      ] Leaving safepoint region
[105.609s][info ][safepoint      ] Total time for which application threads were stopped: 0.0000924 seconds, Stopping threads took: 0.0000167 seconds
[106.610s][info ][safepoint      ] Application time: 1.0001381 seconds
[106.610s][info ][safepoint      ] Entering safepoint region: Cleanup
[106.610s][info ][safepoint      ] Leaving safepoint region
[106.610s][info ][safepoint      ] Total time for which application threads were stopped: 0.0001417 seconds, Stopping threads took: 0.0000292 seconds
[107.610s][info ][safepoint      ] Application time: 1.0001162 seconds
[107.610s][info ][safepoint      ] Entering safepoint region: Cleanup
[107.610s][info ][safepoint      ] Leaving safepoint region
[107.610s][info ][safepoint      ] Total time for which application threads were stopped: 0.0000862 seconds, Stopping threads took: 0.0000157 seconds
[108.610s][info ][safepoint      ] Application time: 1.0001031 seconds
[108.610s][info ][safepoint      ] Entering safepoint region: Cleanup
[108.610s][info ][safepoint      ] Leaving safepoint region
[108.610s][info ][safepoint      ] Total time for which application threads were stopped: 0.0001192 seconds, Stopping threads took: 0.0000173 seconds
[109.611s][info ][safepoint      ] Application time: 1.0001579 seconds
[109.611s][info ][safepoint      ] Entering safepoint region: Cleanup
[109.611s][info ][safepoint      ] Leaving safepoint region
[109.611s][info ][safepoint      ] Total time for which application threads were stopped: 0.0001422 seconds, Stopping threads took: 0.0000166 seconds
[110.611s][info ][safepoint      ] Application time: 1.0001494 seconds
[110.611s][info ][safepoint      ] Entering safepoint region: Cleanup
[110.611s][info ][safepoint      ] Leaving safepoint region
[110.611s][info ][safepoint      ] Total time for which application threads were stopped: 0.0001743 seconds, Stopping threads took: 0.0000274 seconds
[111.611s][info ][safepoint      ] Application time: 1.0000885 seconds
[111.611s][info ][safepoint      ] Entering safepoint region: Cleanup
[111.611s][info ][safepoint      ] Leaving safepoint region
[111.611s][info ][safepoint      ] Total time for which application threads were stopped: 0.0000943 seconds, Stopping threads took: 0.0000165 seconds
[112.611s][info ][safepoint      ] Application time: 1.0001032 seconds
[112.611s][info ][safepoint      ] Entering safepoint region: Cleanup
[112.612s][info ][safepoint      ] Leaving safepoint region
[112.612s][info ][safepoint      ] Total time for which application threads were stopped: 0.0001380 seconds, Stopping threads took: 0.0000171 seconds
[113.612s][info ][safepoint      ] Application time: 1.0000809 seconds
[113.612s][info ][safepoint      ] Entering safepoint region: Cleanup
[113.612s][info ][safepoint      ] Leaving safepoint region
[113.612s][info ][safepoint      ] Total time for which application threads were stopped: 0.0000896 seconds, Stopping threads took: 0.0000178 seconds
[115.612s][info ][safepoint      ] Application time: 2.0001914 seconds
[115.612s][info ][safepoint      ] Entering safepoint region: Cleanup
[115.612s][info ][safepoint      ] Leaving safepoint region
[115.612s][info ][safepoint      ] Total time for which application threads were stopped: 0.0000979 seconds, Stopping threads took: 0.0000174 seconds
[121.613s][info ][safepoint      ] Application time: 6.0004828 seconds
[121.613s][info ][safepoint      ] Entering safepoint region: Cleanup
[121.613s][info ][safepoint      ] Leaving safepoint region
[121.613s][info ][safepoint      ] Total time for which application threads were stopped: 0.0001073 seconds, Stopping threads took: 0.0000350 seconds
[122.613s][info ][safepoint      ] Application time: 1.0000875 seconds
[122.613s][info ][safepoint      ] Entering safepoint region: Cleanup
[122.613s][info ][safepoint      ] Leaving safepoint region
[122.613s][info ][safepoint      ] Total time for which application threads were stopped: 0.0001006 seconds, Stopping threads took: 0.0000177 seconds
[123.613s][info ][safepoint      ] Application time: 1.0000687 seconds
[123.613s][info ][safepoint      ] Entering safepoint region: Cleanup
[123.613s][info ][safepoint      ] Leaving safepoint region
[123.613s][info ][safepoint      ] Total time for which application threads were stopped: 0.0001031 seconds, Stopping threads took: 0.0000180 seconds
[124.230s][info ][safepoint      ] Application time: 0.6167533 seconds
[124.230s][info ][safepoint      ] Entering safepoint region: ParallelGCFailedAllocation
[124.230s][info ][gc,start       ] GC(43) Pause Young (Allocation Failure)
[124.260s][debug][gc,phases      ] GC(43) Scavenge 29.781ms
[124.260s][debug][gc,ref         ] GC(43) Skipped phase1 of Reference Processing due to unavailable references
[124.260s][debug][gc,ref         ] GC(43) Skipped phase3 of Reference Processing due to unavailable references
[124.260s][debug][gc,phases      ] GC(43) Reference Processing 0.092ms
[124.260s][debug][gc,phases      ] GC(43) Weak Processing 0.152ms
[124.261s][debug][gc,phases      ] GC(43) Scrub String Table 0.812ms
[124.261s][debug][gc,age         ] GC(43) Desired survivor size 75497472 bytes, new threshold 15 (max threshold 15)
[124.261s][info ][gc,heap        ] GC(43) PSYoungGen: 2010778K->46703K(2019328K)
[124.261s][info ][gc,heap        ] GC(43) ParOldGen: 181656K->181944K(214528K)
[124.261s][info ][gc,metaspace   ] GC(43) Metaspace: 62558K->62558K(1105920K)
[124.261s][info ][gc             ] GC(43) Pause Young (Allocation Failure) 2141M->223M(2181M) 31.010ms
[124.261s][info ][gc,cpu         ] GC(43) User=0.10s Sys=0.02s Real=0.03s
[124.261s][info ][safepoint      ] Leaving safepoint region
[124.261s][info ][safepoint      ] Total time for which application threads were stopped: 0.0312310 seconds, Stopping threads took: 0.0000176 seconds
[125.261s][info ][safepoint      ] Application time: 1.0000876 seconds
[125.261s][info ][safepoint      ] Entering safepoint region: Cleanup
[125.261s][info ][safepoint      ] Leaving safepoint region
[125.261s][info ][safepoint      ] Total time for which application threads were stopped: 0.0001075 seconds, Stopping threads took: 0.0000177 seconds
[126.262s][info ][safepoint      ] Application time: 1.0001136 seconds
[126.262s][info ][safepoint      ] Entering safepoint region: Cleanup
[126.262s][info ][safepoint      ] Leaving safepoint region
[126.262s][info ][safepoint      ] Total time for which application threads were stopped: 0.0000870 seconds, Stopping threads took: 0.0000175 seconds
[127.262s][info ][safepoint      ] Application time: 1.0004440 seconds
[127.262s][info ][safepoint      ] Entering safepoint region: Cleanup
[127.262s][info ][safepoint      ] Leaving safepoint region
[127.262s][info ][safepoint      ] Total time for which application threads were stopped: 0.0000831 seconds, Stopping threads took: 0.0000175 seconds
[128.262s][info ][safepoint      ] Application time: 1.0001398 seconds
[128.263s][info ][safepoint      ] Entering safepoint region: Cleanup
[128.263s][info ][safepoint      ] Leaving safepoint region
[128.263s][info ][safepoint      ] Total time for which application threads were stopped: 0.0000901 seconds, Stopping threads took: 0.0000182 seconds
[129.263s][info ][safepoint      ] Application time: 1.0000768 seconds
[129.263s][info ][safepoint      ] Entering safepoint region: Cleanup
[129.263s][info ][safepoint      ] Leaving safepoint region
[129.263s][info ][safepoint      ] Total time for which application threads were stopped: 0.0000891 seconds, Stopping threads took: 0.0000175 seconds
[131.263s][info ][safepoint      ] Application time: 2.0001804 seconds
[131.263s][info ][safepoint      ] Entering safepoint region: Cleanup
[131.263s][info ][safepoint      ] Leaving safepoint region
[131.263s][info ][safepoint      ] Total time for which application threads were stopped: 0.0000873 seconds, Stopping threads took: 0.0000182 seconds
[133.528s][info ][safepoint      ] Application time: 2.2652033 seconds
[133.528s][info ][safepoint      ] Entering safepoint region: RevokeBias
[133.528s][info ][safepoint      ] Leaving safepoint region
[133.528s][info ][safepoint      ] Total time for which application threads were stopped: 0.0001610 seconds, Stopping threads took: 0.0000393 seconds
[134.529s][info ][safepoint      ] Application time: 1.0001263 seconds
[134.529s][info ][safepoint      ] Entering safepoint region: Cleanup
[134.529s][info ][safepoint      ] Leaving safepoint region
[134.529s][info ][safepoint      ] Total time for which application threads were stopped: 0.0001182 seconds, Stopping threads took: 0.0000392 seconds
[135.529s][info ][safepoint      ] Application time: 1.0001102 seconds
[135.529s][info ][safepoint      ] Entering safepoint region: Cleanup
[135.529s][info ][safepoint      ] Leaving safepoint region
[135.529s][info ][safepoint      ] Total time for which application threads were stopped: 0.0001205 seconds, Stopping threads took: 0.0000415 seconds
[137.529s][info ][safepoint      ] Application time: 2.0001991 seconds
[137.529s][info ][safepoint      ] Entering safepoint region: Cleanup
[137.529s][info ][safepoint      ] Leaving safepoint region
[137.529s][info ][safepoint      ] Total time for which application threads were stopped: 0.0001381 seconds, Stopping threads took: 0.0000573 seconds
[139.530s][info ][safepoint      ] Application time: 2.0002280 seconds
[139.530s][info ][safepoint      ] Entering safepoint region: Cleanup
[139.530s][info ][safepoint      ] Leaving safepoint region
[139.530s][info ][safepoint      ] Total time for which application threads were stopped: 0.0001279 seconds, Stopping threads took: 0.0000443 seconds
[140.602s][info ][safepoint      ] Application time: 1.0725593 seconds
[140.602s][info ][safepoint      ] Entering safepoint region: RevokeBias
[140.603s][info ][safepoint      ] Leaving safepoint region
[140.603s][info ][safepoint      ] Total time for which application threads were stopped: 0.0001124 seconds, Stopping threads took: 0.0000182 seconds
[142.603s][info ][safepoint      ] Application time: 2.0001993 seconds
[142.603s][info ][safepoint      ] Entering safepoint region: Cleanup
[142.603s][info ][safepoint      ] Leaving safepoint region
[142.603s][info ][safepoint      ] Total time for which application threads were stopped: 0.0000839 seconds, Stopping threads took: 0.0000175 seconds
[143.603s][info ][safepoint      ] Application time: 1.0001110 seconds
[143.603s][info ][safepoint      ] Entering safepoint region: Cleanup
[143.603s][info ][safepoint      ] Leaving safepoint region
[143.603s][info ][safepoint      ] Total time for which application threads were stopped: 0.0000848 seconds, Stopping threads took: 0.0000160 seconds
[148.604s][info ][safepoint      ] Application time: 5.0004676 seconds
[148.604s][info ][safepoint      ] Entering safepoint region: Cleanup
[148.604s][info ][safepoint      ] Leaving safepoint region
[148.604s][info ][safepoint      ] Total time for which application threads were stopped: 0.0000836 seconds, Stopping threads took: 0.0000172 seconds
[149.604s][info ][safepoint      ] Application time: 1.0000748 seconds
[149.604s][info ][safepoint      ] Entering safepoint region: Cleanup
[149.604s][info ][safepoint      ] Leaving safepoint region
[149.604s][info ][safepoint      ] Total time for which application threads were stopped: 0.0001012 seconds, Stopping threads took: 0.0000168 seconds
[152.604s][info ][safepoint      ] Application time: 3.0003061 seconds
[152.604s][info ][safepoint      ] Entering safepoint region: Cleanup
[152.604s][info ][safepoint      ] Leaving safepoint region
[152.604s][info ][safepoint      ] Total time for which application threads were stopped: 0.0001001 seconds, Stopping threads took: 0.0000298 seconds
[154.605s][info ][safepoint      ] Application time: 2.0002226 seconds
[154.605s][info ][safepoint      ] Entering safepoint region: Cleanup
[154.605s][info ][safepoint      ] Leaving safepoint region
[154.605s][info ][safepoint      ] Total time for which application threads were stopped: 0.0001112 seconds, Stopping threads took: 0.0000469 seconds
[158.605s][info ][safepoint      ] Application time: 4.0004099 seconds
[158.605s][info ][safepoint      ] Entering safepoint region: Cleanup
[158.605s][info ][safepoint      ] Leaving safepoint region
[158.605s][info ][safepoint      ] Total time for which application threads were stopped: 0.0000824 seconds, Stopping threads took: 0.0000170 seconds
[159.605s][info ][safepoint      ] Application time: 1.0000779 seconds
[159.605s][info ][safepoint      ] Entering safepoint region: Cleanup
[159.605s][info ][safepoint      ] Leaving safepoint region
[159.605s][info ][safepoint      ] Total time for which application threads were stopped: 0.0000877 seconds, Stopping threads took: 0.0000191 seconds
[160.606s][info ][safepoint      ] Application time: 1.0001135 seconds
[160.606s][info ][safepoint      ] Entering safepoint region: Cleanup
[160.606s][info ][safepoint      ] Leaving safepoint region
[160.606s][info ][safepoint      ] Total time for which application threads were stopped: 0.0000834 seconds, Stopping threads took: 0.0000176 seconds
[161.606s][info ][safepoint      ] Application time: 1.0000984 seconds
[161.606s][info ][safepoint      ] Entering safepoint region: Cleanup
[161.606s][info ][safepoint      ] Leaving safepoint region
[161.606s][info ][safepoint      ] Total time for which application threads were stopped: 0.0000868 seconds, Stopping threads took: 0.0000175 seconds
[165.606s][info ][safepoint      ] Application time: 4.0004035 seconds
[165.606s][info ][safepoint      ] Entering safepoint region: Cleanup
[165.607s][info ][safepoint      ] Leaving safepoint region
[165.607s][info ][safepoint      ] Total time for which application threads were stopped: 0.0001549 seconds, Stopping threads took: 0.0000715 seconds
[169.528s][info ][safepoint      ] Application time: 3.9210289 seconds
[169.528s][info ][safepoint      ] Entering safepoint region: RevokeBias
[169.528s][info ][safepoint      ] Leaving safepoint region
[169.528s][info ][safepoint      ] Total time for which application threads were stopped: 0.0001112 seconds, Stopping threads took: 0.0000419 seconds
[169.529s][info ][safepoint      ] Application time: 0.0014845 seconds
[169.529s][info ][safepoint      ] Entering safepoint region: RevokeBias
[169.529s][info ][safepoint      ] Leaving safepoint region
[169.529s][info ][safepoint      ] Total time for which application threads were stopped: 0.0001149 seconds, Stopping threads took: 0.0000705 seconds
[169.529s][info ][safepoint      ] Application time: 0.0000629 seconds
[169.529s][info ][safepoint      ] Entering safepoint region: RevokeBias
[169.530s][info ][safepoint      ] Leaving safepoint region
[169.530s][info ][safepoint      ] Total time for which application threads were stopped: 0.0000909 seconds, Stopping threads took: 0.0000595 seconds
[171.888s][info ][safepoint      ] Application time: 2.3580438 seconds
[171.888s][info ][safepoint      ] Entering safepoint region: RevokeBias
[171.888s][info ][safepoint      ] Leaving safepoint region
[171.888s][info ][safepoint      ] Total time for which application threads were stopped: 0.0002494 seconds, Stopping threads took: 0.0000864 seconds
[176.177s][info ][safepoint      ] Application time: 4.2893582 seconds
[176.177s][info ][safepoint      ] Entering safepoint region: ParallelGCFailedAllocation
[176.177s][info ][gc,start       ] GC(44) Pause Young (Allocation Failure)
[176.203s][debug][gc,phases      ] GC(44) Scavenge 25.617ms
[176.203s][debug][gc,ref         ] GC(44) Skipped phase1 of Reference Processing due to unavailable references
[176.203s][debug][gc,ref         ] GC(44) Skipped phase3 of Reference Processing due to unavailable references
[176.203s][debug][gc,phases      ] GC(44) Reference Processing 0.095ms
[176.203s][debug][gc,phases      ] GC(44) Weak Processing 0.156ms
[176.204s][debug][gc,phases      ] GC(44) Scrub String Table 0.873ms
[176.204s][debug][gc,age         ] GC(44) Desired survivor size 78118912 bytes, new threshold 15 (max threshold 15)
[176.204s][info ][gc,heap        ] GC(44) PSYoungGen: 1996399K->46122K(1996288K)
[176.204s][info ][gc,heap        ] GC(44) ParOldGen: 181944K->182504K(214528K)
[176.204s][info ][gc,metaspace   ] GC(44) Metaspace: 62561K->62561K(1105920K)
[176.204s][info ][gc             ] GC(44) Pause Young (Allocation Failure) 2127M->223M(2159M) 26.911ms
[176.204s][info ][gc,cpu         ] GC(44) User=0.09s Sys=0.00s Real=0.03s
[176.204s][info ][safepoint      ] Leaving safepoint region
[176.204s][info ][safepoint      ] Total time for which application threads were stopped: 0.0271043 seconds, Stopping threads took: 0.0000168 seconds
[179.205s][info ][safepoint      ] Application time: 3.0002622 seconds
[179.205s][info ][safepoint      ] Entering safepoint region: Cleanup
[179.205s][info ][safepoint      ] Leaving safepoint region
[179.205s][info ][safepoint      ] Total time for which application threads were stopped: 0.0000803 seconds, Stopping threads took: 0.0000162 seconds
[181.205s][info ][safepoint      ] Application time: 2.0001948 seconds
[181.205s][info ][safepoint      ] Entering safepoint region: Cleanup
[181.205s][info ][safepoint      ] Leaving safepoint region
[181.205s][info ][safepoint      ] Total time for which application threads were stopped: 0.0000777 seconds, Stopping threads took: 0.0000170 seconds
[188.206s][info ][safepoint      ] Application time: 7.0005581 seconds
[188.206s][info ][safepoint      ] Entering safepoint region: Cleanup
[188.206s][info ][safepoint      ] Leaving safepoint region
[188.206s][info ][safepoint      ] Total time for which application threads were stopped: 0.0001334 seconds, Stopping threads took: 0.0000334 seconds
[191.206s][info ][safepoint      ] Application time: 3.0003092 seconds
[191.206s][info ][safepoint      ] Entering safepoint region: Cleanup
[191.206s][info ][safepoint      ] Leaving safepoint region
[191.206s][info ][safepoint      ] Total time for which application threads were stopped: 0.0000763 seconds, Stopping threads took: 0.0000172 seconds
[199.207s][info ][safepoint      ] Application time: 8.0006726 seconds
[199.207s][info ][safepoint      ] Entering safepoint region: Cleanup
[199.207s][info ][safepoint      ] Leaving safepoint region
[199.207s][info ][safepoint      ] Total time for which application threads were stopped: 0.0001060 seconds, Stopping threads took: 0.0000355 seconds
[200.602s][info ][safepoint      ] Application time: 1.3952599 seconds
[200.602s][info ][safepoint      ] Entering safepoint region: RevokeBias
[200.602s][info ][safepoint      ] Leaving safepoint region
[200.602s][info ][safepoint      ] Total time for which application threads were stopped: 0.0001078 seconds, Stopping threads took: 0.0000165 seconds
[201.603s][info ][safepoint      ] Application time: 1.0001000 seconds
[201.603s][info ][safepoint      ] Entering safepoint region: Cleanup
[201.603s][info ][safepoint      ] Leaving safepoint region
[201.603s][info ][safepoint      ] Total time for which application threads were stopped: 0.0000746 seconds, Stopping threads took: 0.0000164 seconds
[204.603s][info ][safepoint      ] Application time: 3.0003045 seconds
[204.603s][info ][safepoint      ] Entering safepoint region: Cleanup
[204.603s][info ][safepoint      ] Leaving safepoint region
[204.603s][info ][safepoint      ] Total time for which application threads were stopped: 0.0000717 seconds, Stopping threads took: 0.0000152 seconds
[219.605s][info ][safepoint      ] Application time: 15.0013840 seconds
[219.605s][info ][safepoint      ] Entering safepoint region: Cleanup
[219.605s][info ][safepoint      ] Leaving safepoint region
[219.605s][info ][safepoint      ] Total time for which application threads were stopped: 0.0001056 seconds, Stopping threads took: 0.0000373 seconds
[220.605s][info ][safepoint      ] Application time: 1.0000780 seconds
[220.605s][info ][safepoint      ] Entering safepoint region: Cleanup
[220.605s][info ][safepoint      ] Leaving safepoint region
[220.605s][info ][safepoint      ] Total time for which application threads were stopped: 0.0000862 seconds, Stopping threads took: 0.0000147 seconds
[222.605s][info ][safepoint      ] Application time: 2.0001874 seconds
[222.605s][info ][safepoint      ] Entering safepoint region: Cleanup
[222.605s][info ][safepoint      ] Leaving safepoint region
[222.605s][info ][safepoint      ] Total time for which application threads were stopped: 0.0000755 seconds, Stopping threads took: 0.0000166 seconds
[224.605s][info ][safepoint      ] Application time: 2.0002244 seconds
[224.606s][info ][safepoint      ] Entering safepoint region: Cleanup
[224.606s][info ][safepoint      ] Leaving safepoint region
[224.606s][info ][safepoint      ] Total time for which application threads were stopped: 0.0004128 seconds, Stopping threads took: 0.0001537 seconds
[228.180s][info ][safepoint      ] Application time: 3.5742620 seconds
[228.180s][info ][safepoint      ] Entering safepoint region: ParallelGCFailedAllocation
[228.180s][info ][gc,start       ] GC(45) Pause Young (Allocation Failure)
[228.208s][debug][gc,phases      ] GC(45) Scavenge 27.318ms
[228.208s][debug][gc,ref         ] GC(45) Skipped phase1 of Reference Processing due to unavailable references
[228.208s][debug][gc,ref         ] GC(45) Skipped phase3 of Reference Processing due to unavailable references
[228.208s][debug][gc,phases      ] GC(45) Reference Processing 0.093ms
[228.208s][debug][gc,phases      ] GC(45) Weak Processing 0.236ms
[228.209s][debug][gc,phases      ] GC(45) Scrub String Table 1.063ms
[228.209s][debug][gc,age         ] GC(45) Desired survivor size 79167488 bytes, new threshold 15 (max threshold 15)
[228.209s][info ][gc,heap        ] GC(45) PSYoungGen: 1995818K->44714K(2018816K)
[228.209s][info ][gc,heap        ] GC(45) ParOldGen: 182504K->183904K(214528K)
[228.209s][info ][gc,metaspace   ] GC(45) Metaspace: 62561K->62561K(1105920K)
[228.209s][info ][gc             ] GC(45) Pause Young (Allocation Failure) 2127M->223M(2181M) 28.877ms
[228.209s][info ][gc,cpu         ] GC(45) User=0.10s Sys=0.00s Real=0.03s
[228.209s][info ][safepoint      ] Leaving safepoint region
[228.209s][info ][safepoint      ] Total time for which application threads were stopped: 0.0290568 seconds, Stopping threads took: 0.0000140 seconds
[231.887s][info ][safepoint      ] Application time: 3.6782346 seconds
[231.887s][info ][safepoint      ] Entering safepoint region: RevokeBias
[231.888s][info ][safepoint      ] Leaving safepoint region
[231.888s][info ][safepoint      ] Total time for which application threads were stopped: 0.0000800 seconds, Stopping threads took: 0.0000139 seconds
[232.888s][info ][safepoint      ] Application time: 1.0001218 seconds
[232.888s][info ][safepoint      ] Entering safepoint region: Cleanup
[232.888s][info ][safepoint      ] Leaving safepoint region
[232.888s][info ][safepoint      ] Total time for which application threads were stopped: 0.0000686 seconds, Stopping threads took: 0.0000149 seconds
[234.888s][info ][safepoint      ] Application time: 2.0001876 seconds
[234.888s][info ][safepoint      ] Entering safepoint region: Cleanup
[234.888s][info ][safepoint      ] Leaving safepoint region
[234.888s][info ][safepoint      ] Total time for which application threads were stopped: 0.0000697 seconds, Stopping threads took: 0.0000145 seconds
[251.890s][info ][safepoint      ] Application time: 17.0014851 seconds
[251.890s][info ][safepoint      ] Entering safepoint region: Cleanup
[251.890s][info ][safepoint      ] Leaving safepoint region
[251.890s][info ][safepoint      ] Total time for which application threads were stopped: 0.0000847 seconds, Stopping threads took: 0.0000288 seconds
[252.890s][info ][safepoint      ] Application time: 1.0000698 seconds
[252.890s][info ][safepoint      ] Entering safepoint region: Cleanup
[252.890s][info ][safepoint      ] Leaving safepoint region
[252.890s][info ][safepoint      ] Total time for which application threads were stopped: 0.0000920 seconds, Stopping threads took: 0.0000149 seconds
[255.890s][info ][safepoint      ] Application time: 3.0003200 seconds
[255.890s][info ][safepoint      ] Entering safepoint region: Cleanup
[255.890s][info ][safepoint      ] Leaving safepoint region
[255.890s][info ][safepoint      ] Total time for which application threads were stopped: 0.0000682 seconds, Stopping threads took: 0.0000145 seconds
[256.890s][info ][safepoint      ] Application time: 1.0000996 seconds
[256.890s][info ][safepoint      ] Entering safepoint region: Cleanup
[256.891s][info ][safepoint      ] Leaving safepoint region
[256.891s][info ][safepoint      ] Total time for which application threads were stopped: 0.0000780 seconds, Stopping threads took: 0.0000194 seconds
[258.891s][info ][safepoint      ] Application time: 2.0001711 seconds
[258.891s][info ][safepoint      ] Entering safepoint region: Cleanup
[258.891s][info ][safepoint      ] Leaving safepoint region
[258.891s][info ][safepoint      ] Total time for which application threads were stopped: 0.0001092 seconds, Stopping threads took: 0.0000155 seconds
[259.891s][info ][safepoint      ] Application time: 1.0001048 seconds
[259.891s][info ][safepoint      ] Entering safepoint region: Cleanup
[259.891s][info ][safepoint      ] Leaving safepoint region
[259.891s][info ][safepoint      ] Total time for which application threads were stopped: 0.0000758 seconds, Stopping threads took: 0.0000153 seconds
[260.182s][info ][safepoint      ] Application time: 0.2909831 seconds
[260.182s][info ][safepoint      ] Entering safepoint region: ICBufferFull
[260.182s][info ][safepoint      ] Leaving safepoint region
[260.182s][info ][safepoint      ] Total time for which application threads were stopped: 0.0002538 seconds, Stopping threads took: 0.0000150 seconds
[260.602s][info ][safepoint      ] Application time: 0.4200525 seconds
[260.602s][info ][safepoint      ] Entering safepoint region: RevokeBias
[260.603s][info ][safepoint      ] Leaving safepoint region
[260.603s][info ][safepoint      ] Total time for which application threads were stopped: 0.0000887 seconds, Stopping threads took: 0.0000149 seconds
[262.603s][info ][safepoint      ] Application time: 2.0001965 seconds
[262.603s][info ][safepoint      ] Entering safepoint region: Cleanup
[262.603s][info ][safepoint      ] Leaving safepoint region
[262.603s][info ][safepoint      ] Total time for which application threads were stopped: 0.0000927 seconds, Stopping threads took: 0.0000329 seconds
[266.603s][info ][safepoint      ] Application time: 4.0004256 seconds
[266.603s][info ][safepoint      ] Entering safepoint region: Cleanup
[266.604s][info ][safepoint      ] Leaving safepoint region
[266.604s][info ][safepoint      ] Total time for which application threads were stopped: 0.0001813 seconds, Stopping threads took: 0.0000374 seconds
[267.604s][info ][safepoint      ] Application time: 1.0001446 seconds
[267.604s][info ][safepoint      ] Entering safepoint region: Cleanup
[267.604s][info ][safepoint      ] Leaving safepoint region
[267.604s][info ][safepoint      ] Total time for which application threads were stopped: 0.0001149 seconds, Stopping threads took: 0.0000244 seconds
[268.604s][info ][safepoint      ] Application time: 1.0000829 seconds
[268.604s][info ][safepoint      ] Entering safepoint region: Cleanup
[268.604s][info ][safepoint      ] Leaving safepoint region
[268.604s][info ][safepoint      ] Total time for which application threads were stopped: 0.0000730 seconds, Stopping threads took: 0.0000163 seconds
[269.604s][info ][safepoint      ] Application time: 1.0001092 seconds
[269.604s][info ][safepoint      ] Entering safepoint region: Cleanup
[269.604s][info ][safepoint      ] Leaving safepoint region
[269.604s][info ][safepoint      ] Total time for which application threads were stopped: 0.0000991 seconds, Stopping threads took: 0.0000168 seconds
[270.604s][info ][safepoint      ] Application time: 1.0000750 seconds
[270.604s][info ][safepoint      ] Entering safepoint region: Cleanup
[270.604s][info ][safepoint      ] Leaving safepoint region
[270.604s][info ][safepoint      ] Total time for which application threads were stopped: 0.0000902 seconds, Stopping threads took: 0.0000172 seconds
[271.605s][info ][safepoint      ] Application time: 1.0001028 seconds
[271.605s][info ][safepoint      ] Entering safepoint region: Cleanup
[271.605s][info ][safepoint      ] Leaving safepoint region
[271.605s][info ][safepoint      ] Total time for which application threads were stopped: 0.0000726 seconds, Stopping threads took: 0.0000155 seconds
[272.605s][info ][safepoint      ] Application time: 1.0001032 seconds
[272.605s][info ][safepoint      ] Entering safepoint region: Cleanup
[272.605s][info ][safepoint      ] Leaving safepoint region
[272.605s][info ][safepoint      ] Total time for which application threads were stopped: 0.0001524 seconds, Stopping threads took: 0.0000166 seconds
[273.605s][info ][safepoint      ] Application time: 1.0001097 seconds
[273.605s][info ][safepoint      ] Entering safepoint region: Cleanup
[273.605s][info ][safepoint      ] Leaving safepoint region
[273.605s][info ][safepoint      ] Total time for which application threads were stopped: 0.0001648 seconds, Stopping threads took: 0.0000358 seconds
[274.605s][info ][safepoint      ] Application time: 1.0000887 seconds
[274.605s][info ][safepoint      ] Entering safepoint region: Cleanup
[274.606s][info ][safepoint      ] Leaving safepoint region
[274.606s][info ][safepoint      ] Total time for which application threads were stopped: 0.0000786 seconds, Stopping threads took: 0.0000162 seconds
[275.606s][info ][safepoint      ] Application time: 1.0001177 seconds
[275.606s][info ][safepoint      ] Entering safepoint region: Cleanup
[275.606s][info ][safepoint      ] Leaving safepoint region
[275.606s][info ][safepoint      ] Total time for which application threads were stopped: 0.0000821 seconds, Stopping threads took: 0.0000155 seconds
[276.606s][info ][safepoint      ] Application time: 1.0001078 seconds
[276.606s][info ][safepoint      ] Entering safepoint region: Cleanup
[276.606s][info ][safepoint      ] Leaving safepoint region
[276.606s][info ][safepoint      ] Total time for which application threads were stopped: 0.0000811 seconds, Stopping threads took: 0.0000159 seconds
[277.606s][info ][safepoint      ] Application time: 1.0000987 seconds
[277.606s][info ][safepoint      ] Entering safepoint region: Cleanup
[277.606s][info ][safepoint      ] Leaving safepoint region
[277.606s][info ][safepoint      ] Total time for which application threads were stopped: 0.0000784 seconds, Stopping threads took: 0.0000157 seconds
[278.528s][info ][safepoint      ] Application time: 0.9217204 seconds
[278.528s][info ][safepoint      ] Entering safepoint region: ParallelGCFailedAllocation
[278.528s][info ][gc,start       ] GC(46) Pause Young (Allocation Failure)
[278.554s][debug][gc,phases      ] GC(46) Scavenge 25.350ms
[278.554s][debug][gc,ref         ] GC(46) Skipped phase1 of Reference Processing due to unavailable references
[278.554s][debug][gc,ref         ] GC(46) Skipped phase3 of Reference Processing due to unavailable references
[278.554s][debug][gc,phases      ] GC(46) Reference Processing 0.095ms
[278.554s][debug][gc,phases      ] GC(46) Weak Processing 0.159ms
[278.555s][debug][gc,phases      ] GC(46) Scrub String Table 0.700ms
[278.555s][debug][gc,age         ] GC(46) Desired survivor size 80216064 bytes, new threshold 15 (max threshold 15)
[278.555s][info ][gc,heap        ] GC(46) PSYoungGen: 1987242K->45080K(1988096K)
[278.555s][info ][gc,heap        ] GC(46) ParOldGen: 183904K->184240K(214528K)
[278.555s][info ][gc,metaspace   ] GC(46) Metaspace: 62676K->62676K(1105920K)
[278.555s][info ][gc             ] GC(46) Pause Young (Allocation Failure) 2120M->223M(2151M) 26.466ms
[278.555s][info ][gc,cpu         ] GC(46) User=0.10s Sys=0.01s Real=0.03s
[278.555s][info ][safepoint      ] Leaving safepoint region
[278.555s][info ][safepoint      ] Total time for which application threads were stopped: 0.0267236 seconds, Stopping threads took: 0.0000162 seconds
[280.555s][info ][safepoint      ] Application time: 2.0001990 seconds
[280.555s][info ][safepoint      ] Entering safepoint region: Cleanup
[280.555s][info ][safepoint      ] Leaving safepoint region
[280.555s][info ][safepoint      ] Total time for which application threads were stopped: 0.0000874 seconds, Stopping threads took: 0.0000168 seconds
[282.555s][info ][safepoint      ] Application time: 2.0001784 seconds
[282.555s][info ][safepoint      ] Entering safepoint region: Cleanup
[282.555s][info ][safepoint      ] Leaving safepoint region
[282.555s][info ][safepoint      ] Total time for which application threads were stopped: 0.0001235 seconds, Stopping threads took: 0.0000177 seconds
[283.556s][info ][safepoint      ] Application time: 1.0001173 seconds
[283.556s][info ][safepoint      ] Entering safepoint region: Cleanup
[283.556s][info ][safepoint      ] Leaving safepoint region
[283.556s][info ][safepoint      ] Total time for which application threads were stopped: 0.0001193 seconds, Stopping threads took: 0.0000155 seconds
[284.556s][info ][safepoint      ] Application time: 1.0001674 seconds
[284.556s][info ][safepoint      ] Entering safepoint region: Cleanup
[284.556s][info ][safepoint      ] Leaving safepoint region
[284.556s][info ][safepoint      ] Total time for which application threads were stopped: 0.0001237 seconds, Stopping threads took: 0.0000149 seconds
[285.556s][info ][safepoint      ] Application time: 1.0000852 seconds
[285.556s][info ][safepoint      ] Entering safepoint region: Cleanup
[285.556s][info ][safepoint      ] Leaving safepoint region
[285.556s][info ][safepoint      ] Total time for which application threads were stopped: 0.0001057 seconds, Stopping threads took: 0.0000155 seconds
[286.556s][info ][safepoint      ] Application time: 1.0000847 seconds
[286.556s][info ][safepoint      ] Entering safepoint region: Cleanup
[286.557s][info ][safepoint      ] Leaving safepoint region
[286.557s][info ][safepoint      ] Total time for which application threads were stopped: 0.0001158 seconds, Stopping threads took: 0.0000555 seconds
[290.557s][info ][safepoint      ] Application time: 4.0002966 seconds
[290.557s][info ][safepoint      ] Entering safepoint region: Cleanup
[290.557s][info ][safepoint      ] Leaving safepoint region
[290.557s][info ][safepoint      ] Total time for which application threads were stopped: 0.0000889 seconds, Stopping threads took: 0.0000148 seconds
[291.557s][info ][safepoint      ] Application time: 1.0000900 seconds
[291.557s][info ][safepoint      ] Entering safepoint region: Cleanup
[291.557s][info ][safepoint      ] Leaving safepoint region
[291.557s][info ][safepoint      ] Total time for which application threads were stopped: 0.0001361 seconds, Stopping threads took: 0.0000555 seconds
[292.557s][info ][safepoint      ] Application time: 1.0000858 seconds
[292.557s][info ][safepoint      ] Entering safepoint region: Cleanup
[292.557s][info ][safepoint      ] Leaving safepoint region
[292.557s][info ][safepoint      ] Total time for which application threads were stopped: 0.0000818 seconds, Stopping threads took: 0.0000156 seconds
[294.558s][info ][safepoint      ] Application time: 2.0002183 seconds
[294.558s][info ][safepoint      ] Entering safepoint region: Cleanup
[294.558s][info ][safepoint      ] Leaving safepoint region
[294.558s][info ][safepoint      ] Total time for which application threads were stopped: 0.0000891 seconds, Stopping threads took: 0.0000211 seconds
[295.558s][info ][safepoint      ] Application time: 1.0000892 seconds
[295.558s][info ][safepoint      ] Entering safepoint region: Cleanup
[295.558s][info ][safepoint      ] Leaving safepoint region
[295.558s][info ][safepoint      ] Total time for which application threads were stopped: 0.0000784 seconds, Stopping threads took: 0.0000172 seconds
[296.558s][info ][safepoint      ] Application time: 1.0001295 seconds
[296.558s][info ][safepoint      ] Entering safepoint region: Cleanup
[296.558s][info ][safepoint      ] Leaving safepoint region
[296.558s][info ][safepoint      ] Total time for which application threads were stopped: 0.0002787 seconds, Stopping threads took: 0.0000840 seconds
[298.559s][info ][safepoint      ] Application time: 2.0001529 seconds
[298.559s][info ][safepoint      ] Entering safepoint region: Cleanup
[298.559s][info ][safepoint      ] Leaving safepoint region
[298.559s][info ][safepoint      ] Total time for which application threads were stopped: 0.0001111 seconds, Stopping threads took: 0.0000179 seconds
[299.559s][info ][safepoint      ] Application time: 1.0000793 seconds
[299.559s][info ][safepoint      ] Entering safepoint region: Cleanup
[299.559s][info ][safepoint      ] Leaving safepoint region
[299.559s][info ][safepoint      ] Total time for which application threads were stopped: 0.0001239 seconds, Stopping threads took: 0.0000156 seconds
[300.559s][info ][safepoint      ] Application time: 1.0001155 seconds
[300.559s][info ][safepoint      ] Entering safepoint region: Cleanup
[300.559s][info ][safepoint      ] Leaving safepoint region
[300.559s][info ][safepoint      ] Total time for which application threads were stopped: 0.0002429 seconds, Stopping threads took: 0.0000162 seconds
[301.560s][info ][safepoint      ] Application time: 1.0004843 seconds
[301.560s][info ][safepoint      ] Entering safepoint region: Cleanup
[301.560s][info ][safepoint      ] Leaving safepoint region
[301.560s][info ][safepoint      ] Total time for which application threads were stopped: 0.0002339 seconds, Stopping threads took: 0.0001495 seconds
[302.560s][info ][safepoint      ] Application time: 1.0001098 seconds
[302.560s][info ][safepoint      ] Entering safepoint region: Cleanup
[302.560s][info ][safepoint      ] Leaving safepoint region
[302.560s][info ][safepoint      ] Total time for which application threads were stopped: 0.0000790 seconds, Stopping threads took: 0.0000166 seconds
[303.561s][info ][safepoint      ] Application time: 1.0001488 seconds
[303.561s][info ][safepoint      ] Entering safepoint region: Cleanup
[303.561s][info ][safepoint      ] Leaving safepoint region
[303.561s][info ][safepoint      ] Total time for which application threads were stopped: 0.0000940 seconds, Stopping threads took: 0.0000336 seconds
[304.561s][info ][safepoint      ] Application time: 1.0001172 seconds
[304.561s][info ][safepoint      ] Entering safepoint region: Cleanup
[304.561s][info ][safepoint      ] Leaving safepoint region
[304.561s][info ][safepoint      ] Total time for which application threads were stopped: 0.0000919 seconds, Stopping threads took: 0.0000284 seconds
[305.561s][info ][safepoint      ] Application time: 1.0001082 seconds
[305.561s][info ][safepoint      ] Entering safepoint region: Cleanup
[305.561s][info ][safepoint      ] Leaving safepoint region
[305.561s][info ][safepoint      ] Total time for which application threads were stopped: 0.0000851 seconds, Stopping threads took: 0.0000158 seconds
[306.561s][info ][safepoint      ] Application time: 1.0000341 seconds
[306.561s][info ][safepoint      ] Entering safepoint region: Cleanup
[306.561s][info ][safepoint      ] Leaving safepoint region
[306.561s][info ][safepoint      ] Total time for which application threads were stopped: 0.0001055 seconds, Stopping threads took: 0.0000171 seconds
[307.562s][info ][safepoint      ] Application time: 1.0001197 seconds
[307.562s][info ][safepoint      ] Entering safepoint region: Cleanup
[307.562s][info ][safepoint      ] Leaving safepoint region
[307.562s][info ][safepoint      ] Total time for which application threads were stopped: 0.0000854 seconds, Stopping threads took: 0.0000162 seconds
[308.562s][info ][safepoint      ] Application time: 1.0000676 seconds
[308.562s][info ][safepoint      ] Entering safepoint region: Cleanup
[308.562s][info ][safepoint      ] Leaving safepoint region
[308.562s][info ][safepoint      ] Total time for which application threads were stopped: 0.0001847 seconds, Stopping threads took: 0.0000882 seconds
[309.562s][info ][safepoint      ] Application time: 1.0001143 seconds
[309.562s][info ][safepoint      ] Entering safepoint region: Cleanup
[309.562s][info ][safepoint      ] Leaving safepoint region
[309.562s][info ][safepoint      ] Total time for which application threads were stopped: 0.0000996 seconds, Stopping threads took: 0.0000238 seconds
[310.562s][info ][safepoint      ] Application time: 1.0001007 seconds
[310.562s][info ][safepoint      ] Entering safepoint region: Cleanup
[310.562s][info ][safepoint      ] Leaving safepoint region
[310.562s][info ][safepoint      ] Total time for which application threads were stopped: 0.0000769 seconds, Stopping threads took: 0.0000158 seconds
[311.563s][info ][safepoint      ] Application time: 1.0001116 seconds
[311.563s][info ][safepoint      ] Entering safepoint region: Cleanup
[311.563s][info ][safepoint      ] Leaving safepoint region
[311.563s][info ][safepoint      ] Total time for which application threads were stopped: 0.0000815 seconds, Stopping threads took: 0.0000152 seconds
[312.563s][info ][safepoint      ] Application time: 1.0000846 seconds
[312.563s][info ][safepoint      ] Entering safepoint region: Cleanup
[312.563s][info ][safepoint      ] Leaving safepoint region
[312.563s][info ][safepoint      ] Total time for which application threads were stopped: 0.0001205 seconds, Stopping threads took: 0.0000155 seconds
[313.563s][info ][safepoint      ] Application time: 1.0001465 seconds
[313.563s][info ][safepoint      ] Entering safepoint region: Cleanup
[313.563s][info ][safepoint      ] Leaving safepoint region
[313.563s][info ][safepoint      ] Total time for which application threads were stopped: 0.0001194 seconds, Stopping threads took: 0.0000246 seconds
[314.563s][info ][safepoint      ] Application time: 1.0001274 seconds
[314.563s][info ][safepoint      ] Entering safepoint region: Cleanup
[314.563s][info ][safepoint      ] Leaving safepoint region
[314.563s][info ][safepoint      ] Total time for which application threads were stopped: 0.0000888 seconds, Stopping threads took: 0.0000157 seconds
[315.564s][info ][safepoint      ] Application time: 1.0001199 seconds
[315.564s][info ][safepoint      ] Entering safepoint region: Cleanup
[315.564s][info ][safepoint      ] Leaving safepoint region
[315.564s][info ][safepoint      ] Total time for which application threads were stopped: 0.0000810 seconds, Stopping threads took: 0.0000170 seconds
[316.564s][info ][safepoint      ] Application time: 1.0001153 seconds
[316.564s][info ][safepoint      ] Entering safepoint region: Cleanup
[316.564s][info ][safepoint      ] Leaving safepoint region
[316.564s][info ][safepoint      ] Total time for which application threads were stopped: 0.0000875 seconds, Stopping threads took: 0.0000180 seconds
[317.564s][info ][safepoint      ] Application time: 1.0000876 seconds
[317.564s][info ][safepoint      ] Entering safepoint region: Cleanup
[317.564s][info ][safepoint      ] Leaving safepoint region
[317.564s][info ][safepoint      ] Total time for which application threads were stopped: 0.0000842 seconds, Stopping threads took: 0.0000161 seconds
[318.564s][info ][safepoint      ] Application time: 1.0001149 seconds
[318.564s][info ][safepoint      ] Entering safepoint region: Cleanup
[318.564s][info ][safepoint      ] Leaving safepoint region
[318.564s][info ][safepoint      ] Total time for which application threads were stopped: 0.0000965 seconds, Stopping threads took: 0.0000141 seconds
[319.565s][info ][safepoint      ] Application time: 1.0000741 seconds
[319.565s][info ][safepoint      ] Entering safepoint region: Cleanup
[319.565s][info ][safepoint      ] Leaving safepoint region
[319.565s][info ][safepoint      ] Total time for which application threads were stopped: 0.0000987 seconds, Stopping threads took: 0.0000309 seconds
[320.565s][info ][safepoint      ] Application time: 1.0000843 seconds
[320.565s][info ][safepoint      ] Entering safepoint region: Cleanup
[320.565s][info ][safepoint      ] Leaving safepoint region
[320.565s][info ][safepoint      ] Total time for which application threads were stopped: 0.0000925 seconds, Stopping threads took: 0.0000181 seconds
[320.602s][info ][safepoint      ] Application time: 0.0374326 seconds
[320.602s][info ][safepoint      ] Entering safepoint region: RevokeBias
[320.602s][info ][safepoint      ] Leaving safepoint region
[320.602s][info ][safepoint      ] Total time for which application threads were stopped: 0.0000756 seconds, Stopping threads took: 0.0000156 seconds
[321.603s][info ][safepoint      ] Application time: 1.0000831 seconds
[321.603s][info ][safepoint      ] Entering safepoint region: Cleanup
[321.603s][info ][safepoint      ] Leaving safepoint region
[321.603s][info ][safepoint      ] Total time for which application threads were stopped: 0.0000998 seconds, Stopping threads took: 0.0000241 seconds
[322.603s][info ][safepoint      ] Application time: 1.0000775 seconds
[322.603s][info ][safepoint      ] Entering safepoint region: Cleanup
[322.603s][info ][safepoint      ] Leaving safepoint region
[322.603s][info ][safepoint      ] Total time for which application threads were stopped: 0.0001772 seconds, Stopping threads took: 0.0001081 seconds
[323.603s][info ][safepoint      ] Application time: 1.0001323 seconds
[323.603s][info ][safepoint      ] Entering safepoint region: Cleanup
[323.603s][info ][safepoint      ] Leaving safepoint region
[323.603s][info ][safepoint      ] Total time for which application threads were stopped: 0.0002612 seconds, Stopping threads took: 0.0000719 seconds
[324.079s][info ][safepoint      ] Application time: 0.4755427 seconds
[324.079s][info ][safepoint      ] Entering safepoint region: ParallelGCFailedAllocation
[324.079s][info ][gc,start       ] GC(47) Pause Young (Allocation Failure)
[324.106s][debug][gc,phases      ] GC(47) Scavenge 26.934ms
[324.107s][debug][gc,ref         ] GC(47) Skipped phase1 of Reference Processing due to unavailable references
[324.107s][debug][gc,ref         ] GC(47) Skipped phase3 of Reference Processing due to unavailable references
[324.107s][debug][gc,phases      ] GC(47) Reference Processing 0.119ms
[324.107s][debug][gc,phases      ] GC(47) Weak Processing 0.169ms
[324.108s][debug][gc,phases      ] GC(47) Scrub String Table 0.865ms
[324.108s][debug][gc,age         ] GC(47) Desired survivor size 80740352 bytes, new threshold 15 (max threshold 15)
[324.108s][info ][gc,heap        ] GC(47) PSYoungGen: 1987608K->45434K(2017792K)
[324.108s][info ][gc,heap        ] GC(47) ParOldGen: 184240K->184568K(214528K)
[324.108s][info ][gc,metaspace   ] GC(47) Metaspace: 62786K->62786K(1105920K)
[324.108s][info ][gc             ] GC(47) Pause Young (Allocation Failure) 2120M->224M(2180M) 28.616ms
[324.108s][info ][gc,cpu         ] GC(47) User=0.08s Sys=0.02s Real=0.03s
[324.108s][info ][safepoint      ] Leaving safepoint region
[324.108s][info ][safepoint      ] Total time for which application threads were stopped: 0.0289518 seconds, Stopping threads took: 0.0000161 seconds
[325.108s][info ][safepoint      ] Application time: 1.0000972 seconds
[325.108s][info ][safepoint      ] Entering safepoint region: Cleanup
[325.108s][info ][safepoint      ] Leaving safepoint region
[325.108s][info ][safepoint      ] Total time for which application threads were stopped: 0.0000805 seconds, Stopping threads took: 0.0000166 seconds
[326.108s][info ][safepoint      ] Application time: 1.0001194 seconds
[326.108s][info ][safepoint      ] Entering safepoint region: Cleanup
[326.108s][info ][safepoint      ] Leaving safepoint region
[326.108s][info ][safepoint      ] Total time for which application threads were stopped: 0.0000814 seconds, Stopping threads took: 0.0000170 seconds
[328.109s][info ][safepoint      ] Application time: 2.0002161 seconds
[328.109s][info ][safepoint      ] Entering safepoint region: Cleanup
[328.109s][info ][safepoint      ] Leaving safepoint region
[328.109s][info ][safepoint      ] Total time for which application threads were stopped: 0.0001045 seconds, Stopping threads took: 0.0000317 seconds
[329.109s][info ][safepoint      ] Application time: 1.0000771 seconds
[329.109s][info ][safepoint      ] Entering safepoint region: Cleanup
[329.109s][info ][safepoint      ] Leaving safepoint region
[329.109s][info ][safepoint      ] Total time for which application threads were stopped: 0.0000836 seconds, Stopping threads took: 0.0000168 seconds
[330.109s][info ][safepoint      ] Application time: 1.0000988 seconds
[330.109s][info ][safepoint      ] Entering safepoint region: Cleanup
[330.109s][info ][safepoint      ] Leaving safepoint region
[330.109s][info ][safepoint      ] Total time for which application threads were stopped: 0.0000971 seconds, Stopping threads took: 0.0000170 seconds
[331.109s][info ][safepoint      ] Application time: 1.0001173 seconds
[331.109s][info ][safepoint      ] Entering safepoint region: Cleanup
[331.109s][info ][safepoint      ] Leaving safepoint region
[331.109s][info ][safepoint      ] Total time for which application threads were stopped: 0.0001176 seconds, Stopping threads took: 0.0000265 seconds
[333.110s][info ][safepoint      ] Application time: 2.0002822 seconds
[333.110s][info ][safepoint      ] Entering safepoint region: Cleanup
[333.110s][info ][safepoint      ] Leaving safepoint region
[333.110s][info ][safepoint      ] Total time for which application threads were stopped: 0.0000888 seconds, Stopping threads took: 0.0000275 seconds
[334.110s][info ][safepoint      ] Application time: 1.0000801 seconds
[334.110s][info ][safepoint      ] Entering safepoint region: Cleanup
[334.110s][info ][safepoint      ] Leaving safepoint region
[334.110s][info ][safepoint      ] Total time for which application threads were stopped: 0.0001719 seconds, Stopping threads took: 0.0000472 seconds
[335.110s][info ][safepoint      ] Application time: 1.0000511 seconds
[335.110s][info ][safepoint      ] Entering safepoint region: Cleanup
[335.110s][info ][safepoint      ] Leaving safepoint region
[335.110s][info ][safepoint      ] Total time for which application threads were stopped: 0.0000784 seconds, Stopping threads took: 0.0000179 seconds
[336.111s][info ][safepoint      ] Application time: 1.0001193 seconds
[336.111s][info ][safepoint      ] Entering safepoint region: Cleanup
[336.111s][info ][safepoint      ] Leaving safepoint region
[336.111s][info ][safepoint      ] Total time for which application threads were stopped: 0.0000803 seconds, Stopping threads took: 0.0000155 seconds
[337.111s][info ][safepoint      ] Application time: 1.0002262 seconds
[337.111s][info ][safepoint      ] Entering safepoint region: Cleanup
[337.111s][info ][safepoint      ] Leaving safepoint region
[337.111s][info ][safepoint      ] Total time for which application threads were stopped: 0.0000784 seconds, Stopping threads took: 0.0000152 seconds
[338.111s][info ][safepoint      ] Application time: 1.0001134 seconds
[338.111s][info ][safepoint      ] Entering safepoint region: Cleanup
[338.111s][info ][safepoint      ] Leaving safepoint region
[338.111s][info ][safepoint      ] Total time for which application threads were stopped: 0.0000965 seconds, Stopping threads took: 0.0000297 seconds
[339.111s][info ][safepoint      ] Application time: 1.0000741 seconds
[339.111s][info ][safepoint      ] Entering safepoint region: Cleanup
[339.112s][info ][safepoint      ] Leaving safepoint region
[339.112s][info ][safepoint      ] Total time for which application threads were stopped: 0.0001185 seconds, Stopping threads took: 0.0000288 seconds
[340.112s][info ][safepoint      ] Application time: 1.0000842 seconds
[340.112s][info ][safepoint      ] Entering safepoint region: Cleanup
[340.112s][info ][safepoint      ] Leaving safepoint region
[340.112s][info ][safepoint      ] Total time for which application threads were stopped: 0.0000771 seconds, Stopping threads took: 0.0000154 seconds
[345.112s][info ][safepoint      ] Application time: 5.0004783 seconds
[345.112s][info ][safepoint      ] Entering safepoint region: Cleanup
[345.112s][info ][safepoint      ] Leaving safepoint region
[345.112s][info ][safepoint      ] Total time for which application threads were stopped: 0.0000758 seconds, Stopping threads took: 0.0000150 seconds
[346.112s][info ][safepoint      ] Application time: 1.0000526 seconds
[346.112s][info ][safepoint      ] Entering safepoint region: Cleanup
[346.113s][info ][safepoint      ] Leaving safepoint region
[346.113s][info ][safepoint      ] Total time for which application threads were stopped: 0.0001023 seconds, Stopping threads took: 0.0000179 seconds
[347.113s][info ][safepoint      ] Application time: 1.0000654 seconds
[347.113s][info ][safepoint      ] Entering safepoint region: Cleanup
[347.113s][info ][safepoint      ] Leaving safepoint region
[347.113s][info ][safepoint      ] Total time for which application threads were stopped: 0.0001007 seconds, Stopping threads took: 0.0000161 seconds
[350.113s][info ][safepoint      ] Application time: 3.0002681 seconds
[350.113s][info ][safepoint      ] Entering safepoint region: Cleanup
[350.113s][info ][safepoint      ] Leaving safepoint region
[350.113s][info ][safepoint      ] Total time for which application threads were stopped: 0.0000773 seconds, Stopping threads took: 0.0000143 seconds
[351.113s][info ][safepoint      ] Application time: 1.0001083 seconds
[351.113s][info ][safepoint      ] Entering safepoint region: Cleanup
[351.113s][info ][safepoint      ] Leaving safepoint region
[351.113s][info ][safepoint      ] Total time for which application threads were stopped: 0.0000950 seconds, Stopping threads took: 0.0000149 seconds
[352.113s][info ][safepoint      ] Application time: 1.0001194 seconds
[352.114s][info ][safepoint      ] Entering safepoint region: Cleanup
[352.114s][info ][safepoint      ] Leaving safepoint region
[352.114s][info ][safepoint      ] Total time for which application threads were stopped: 0.0000928 seconds, Stopping threads took: 0.0000180 seconds
[353.114s][info ][safepoint      ] Application time: 1.0001190 seconds
[353.114s][info ][safepoint      ] Entering safepoint region: Cleanup
[353.114s][info ][safepoint      ] Leaving safepoint region
[353.114s][info ][safepoint      ] Total time for which application threads were stopped: 0.0000954 seconds, Stopping threads took: 0.0000311 seconds
[355.114s][info ][safepoint      ] Application time: 2.0002607 seconds
[355.114s][info ][safepoint      ] Entering safepoint region: Cleanup
[355.114s][info ][safepoint      ] Leaving safepoint region
[355.114s][info ][safepoint      ] Total time for which application threads were stopped: 0.0002492 seconds, Stopping threads took: 0.0000800 seconds
[362.115s][info ][safepoint      ] Application time: 7.0006595 seconds
[362.115s][info ][safepoint      ] Entering safepoint region: Cleanup
[362.115s][info ][safepoint      ] Leaving safepoint region
[362.115s][info ][safepoint      ] Total time for which application threads were stopped: 0.0000817 seconds, Stopping threads took: 0.0000179 seconds
[363.115s][info ][safepoint      ] Application time: 1.0001044 seconds
[363.115s][info ][safepoint      ] Entering safepoint region: Cleanup
[363.115s][info ][safepoint      ] Leaving safepoint region
[363.115s][info ][safepoint      ] Total time for which application threads were stopped: 0.0000768 seconds, Stopping threads took: 0.0000159 seconds
[364.116s][info ][safepoint      ] Application time: 1.0000953 seconds
[364.116s][info ][safepoint      ] Entering safepoint region: Cleanup
[364.116s][info ][safepoint      ] Leaving safepoint region
[364.116s][info ][safepoint      ] Total time for which application threads were stopped: 0.0000954 seconds, Stopping threads took: 0.0000181 seconds
[366.116s][info ][safepoint      ] Application time: 2.0001930 seconds
[366.116s][info ][safepoint      ] Entering safepoint region: Cleanup
[366.116s][info ][safepoint      ] Leaving safepoint region
[366.116s][info ][safepoint      ] Total time for which application threads were stopped: 0.0000831 seconds, Stopping threads took: 0.0000186 seconds
[368.116s][info ][safepoint      ] Application time: 2.0001653 seconds
[368.116s][info ][safepoint      ] Entering safepoint region: Cleanup
[368.116s][info ][safepoint      ] Leaving safepoint region
[368.116s][info ][safepoint      ] Total time for which application threads were stopped: 0.0001007 seconds, Stopping threads took: 0.0000197 seconds
[369.828s][info ][safepoint      ] Application time: 1.7119313 seconds
[369.828s][info ][safepoint      ] Entering safepoint region: ParallelGCFailedAllocation
[369.828s][info ][gc,start       ] GC(48) Pause Young (Allocation Failure)
[369.853s][debug][gc,phases      ] GC(48) Scavenge 24.794ms
[369.853s][debug][gc,ref         ] GC(48) Skipped phase1 of Reference Processing due to unavailable references
[369.853s][debug][gc,ref         ] GC(48) Skipped phase3 of Reference Processing due to unavailable references
[369.853s][debug][gc,phases      ] GC(48) Reference Processing 0.093ms
[369.854s][debug][gc,phases      ] GC(48) Weak Processing 0.242ms
[369.855s][debug][gc,phases      ] GC(48) Scrub String Table 1.035ms
[369.855s][debug][gc,age         ] GC(48) Desired survivor size 80740352 bytes, new threshold 15 (max threshold 15)
[369.855s][info ][gc,heap        ] GC(48) PSYoungGen: 1984890K->44554K(2018304K)
[369.855s][info ][gc,heap        ] GC(48) ParOldGen: 184568K->185752K(214528K)
[369.855s][info ][gc,metaspace   ] GC(48) Metaspace: 62807K->62807K(1105920K)
[369.855s][info ][gc             ] GC(48) Pause Young (Allocation Failure) 2118M->224M(2180M) 26.336ms
[369.855s][info ][gc,cpu         ] GC(48) User=0.08s Sys=0.01s Real=0.03s
[369.855s][info ][safepoint      ] Leaving safepoint region
[369.855s][info ][safepoint      ] Total time for which application threads were stopped: 0.0265645 seconds, Stopping threads took: 0.0000289 seconds
[370.855s][info ][safepoint      ] Application time: 1.0000887 seconds
[370.855s][info ][safepoint      ] Entering safepoint region: Cleanup
[370.855s][info ][safepoint      ] Leaving safepoint region
[370.855s][info ][safepoint      ] Total time for which application threads were stopped: 0.0000843 seconds, Stopping threads took: 0.0000209 seconds
[371.855s][info ][safepoint      ] Application time: 1.0000866 seconds
[371.855s][info ][safepoint      ] Entering safepoint region: Cleanup
[371.855s][info ][safepoint      ] Leaving safepoint region
[371.855s][info ][safepoint      ] Total time for which application threads were stopped: 0.0001821 seconds, Stopping threads took: 0.0000538 seconds
[372.268s][info ][safepoint      ] Application time: 0.4126245 seconds
[372.268s][info ][safepoint      ] Entering safepoint region: RevokeBias
[372.268s][info ][safepoint      ] Leaving safepoint region
[372.268s][info ][safepoint      ] Total time for which application threads were stopped: 0.0000989 seconds, Stopping threads took: 0.0000178 seconds
[373.268s][info ][safepoint      ] Application time: 1.0000850 seconds
[373.268s][info ][safepoint      ] Entering safepoint region: Cleanup
[373.268s][info ][safepoint      ] Leaving safepoint region
[373.268s][info ][safepoint      ] Total time for which application threads were stopped: 0.0000821 seconds, Stopping threads took: 0.0000180 seconds
[376.269s][info ][safepoint      ] Application time: 3.0002397 seconds
[376.269s][info ][safepoint      ] Entering safepoint region: Cleanup
[376.269s][info ][safepoint      ] Leaving safepoint region
[376.269s][info ][safepoint      ] Total time for which application threads were stopped: 0.0001056 seconds, Stopping threads took: 0.0000378 seconds
[380.269s][info ][safepoint      ] Application time: 4.0003244 seconds
[380.269s][info ][safepoint      ] Entering safepoint region: Cleanup
[380.269s][info ][safepoint      ] Leaving safepoint region
[380.269s][info ][safepoint      ] Total time for which application threads were stopped: 0.0000810 seconds, Stopping threads took: 0.0000157 seconds
[380.602s][info ][safepoint      ] Application time: 0.3331273 seconds
[380.602s][info ][safepoint      ] Entering safepoint region: RevokeBias
[380.602s][info ][safepoint      ] Leaving safepoint region
[380.602s][info ][safepoint      ] Total time for which application threads were stopped: 0.0001004 seconds, Stopping threads took: 0.0000401 seconds
[382.603s][info ][safepoint      ] Application time: 2.0001417 seconds
[382.603s][info ][safepoint      ] Entering safepoint region: Cleanup
[382.603s][info ][safepoint      ] Leaving safepoint region
[382.603s][info ][safepoint      ] Total time for which application threads were stopped: 0.0002402 seconds, Stopping threads took: 0.0000835 seconds
[386.603s][info ][safepoint      ] Application time: 4.0004033 seconds
[386.603s][info ][safepoint      ] Entering safepoint region: Cleanup
[386.604s][info ][safepoint      ] Leaving safepoint region
[386.604s][info ][safepoint      ] Total time for which application threads were stopped: 0.0001767 seconds, Stopping threads took: 0.0000604 seconds
[388.604s][info ][safepoint      ] Application time: 2.0001535 seconds
[388.604s][info ][safepoint      ] Entering safepoint region: Cleanup
[388.604s][info ][safepoint      ] Leaving safepoint region
[388.604s][info ][safepoint      ] Total time for which application threads were stopped: 0.0001046 seconds, Stopping threads took: 0.0000156 seconds
[389.604s][info ][safepoint      ] Application time: 1.0000837 seconds
[389.604s][info ][safepoint      ] Entering safepoint region: Cleanup
[389.604s][info ][safepoint      ] Leaving safepoint region
[389.604s][info ][safepoint      ] Total time for which application threads were stopped: 0.0000990 seconds, Stopping threads took: 0.0000328 seconds
[390.604s][info ][safepoint      ] Application time: 1.0000897 seconds
[390.604s][info ][safepoint      ] Entering safepoint region: Cleanup
[390.604s][info ][safepoint      ] Leaving safepoint region
[390.604s][info ][safepoint      ] Total time for which application threads were stopped: 0.0000911 seconds, Stopping threads took: 0.0000169 seconds
[392.604s][info ][safepoint      ] Application time: 2.0001534 seconds
[392.605s][info ][safepoint      ] Entering safepoint region: Cleanup
[392.605s][info ][safepoint      ] Leaving safepoint region
[392.605s][info ][safepoint      ] Total time for which application threads were stopped: 0.0002021 seconds, Stopping threads took: 0.0000702 seconds
[393.182s][info ][safepoint      ] Application time: 0.5768777 seconds
[393.182s][info ][safepoint      ] Entering safepoint region: ICBufferFull
[393.182s][info ][safepoint      ] Leaving safepoint region
[393.182s][info ][safepoint      ] Total time for which application threads were stopped: 0.0002856 seconds, Stopping threads took: 0.0000166 seconds
[394.182s][info ][safepoint      ] Application time: 1.0000875 seconds
[394.182s][info ][safepoint      ] Entering safepoint region: Cleanup
[394.182s][info ][safepoint      ] Leaving safepoint region
[394.182s][info ][safepoint      ] Total time for which application threads were stopped: 0.0001165 seconds, Stopping threads took: 0.0000254 seconds
[395.182s][info ][safepoint      ] Application time: 1.0000743 seconds
[395.182s][info ][safepoint      ] Entering safepoint region: Cleanup
[395.182s][info ][safepoint      ] Leaving safepoint region
[395.182s][info ][safepoint      ] Total time for which application threads were stopped: 0.0001053 seconds, Stopping threads took: 0.0000389 seconds
[396.183s][info ][safepoint      ] Application time: 1.0007716 seconds
[396.183s][info ][safepoint      ] Entering safepoint region: Cleanup
[396.183s][info ][safepoint      ] Leaving safepoint region
[396.183s][info ][safepoint      ] Total time for which application threads were stopped: 0.0001766 seconds, Stopping threads took: 0.0000569 seconds
[397.183s][info ][safepoint      ] Application time: 1.0000751 seconds
[397.183s][info ][safepoint      ] Entering safepoint region: Cleanup
[397.184s][info ][safepoint      ] Leaving safepoint region
[397.184s][info ][safepoint      ] Total time for which application threads were stopped: 0.0000753 seconds, Stopping threads took: 0.0000162 seconds
[399.184s][info ][safepoint      ] Application time: 2.0001385 seconds
[399.184s][info ][safepoint      ] Entering safepoint region: Cleanup
[399.184s][info ][safepoint      ] Leaving safepoint region
[399.184s][info ][safepoint      ] Total time for which application threads were stopped: 0.0000868 seconds, Stopping threads took: 0.0000167 seconds
[400.184s][info ][safepoint      ] Application time: 1.0001109 seconds
[400.184s][info ][safepoint      ] Entering safepoint region: Cleanup
[400.184s][info ][safepoint      ] Leaving safepoint region
[400.184s][info ][safepoint      ] Total time for which application threads were stopped: 0.0000787 seconds, Stopping threads took: 0.0000154 seconds
[402.184s][info ][safepoint      ] Application time: 2.0002261 seconds
[402.184s][info ][safepoint      ] Entering safepoint region: Cleanup
[402.184s][info ][safepoint      ] Leaving safepoint region
[402.184s][info ][safepoint      ] Total time for which application threads were stopped: 0.0001003 seconds, Stopping threads took: 0.0000272 seconds
[403.184s][info ][safepoint      ] Application time: 1.0000581 seconds
[403.184s][info ][safepoint      ] Entering safepoint region: Cleanup
[403.185s][info ][safepoint      ] Leaving safepoint region
[403.185s][info ][safepoint      ] Total time for which application threads were stopped: 0.0000816 seconds, Stopping threads took: 0.0000179 seconds
[405.185s][info ][safepoint      ] Application time: 2.0006962 seconds
[405.185s][info ][safepoint      ] Entering safepoint region: Cleanup
[405.185s][info ][safepoint      ] Leaving safepoint region
[405.185s][info ][safepoint      ] Total time for which application threads were stopped: 0.0001363 seconds, Stopping threads took: 0.0000639 seconds
[407.186s][info ][safepoint      ] Application time: 2.0001737 seconds
[407.186s][info ][safepoint      ] Entering safepoint region: Cleanup
[407.186s][info ][safepoint      ] Leaving safepoint region
[407.186s][info ][safepoint      ] Total time for which application threads were stopped: 0.0000813 seconds, Stopping threads took: 0.0000161 seconds
[408.186s][info ][safepoint      ] Application time: 1.0000868 seconds
[408.186s][info ][safepoint      ] Entering safepoint region: Cleanup
[408.186s][info ][safepoint      ] Leaving safepoint region
[408.186s][info ][safepoint      ] Total time for which application threads were stopped: 0.0001212 seconds, Stopping threads took: 0.0000157 seconds
[410.186s][info ][safepoint      ] Application time: 2.0001509 seconds
[410.186s][info ][safepoint      ] Entering safepoint region: Cleanup
[410.186s][info ][safepoint      ] Leaving safepoint region
[410.186s][info ][safepoint      ] Total time for which application threads were stopped: 0.0001134 seconds, Stopping threads took: 0.0000153 seconds
[411.186s][info ][safepoint      ] Application time: 1.0001065 seconds
[411.186s][info ][safepoint      ] Entering safepoint region: Cleanup
[411.187s][info ][safepoint      ] Leaving safepoint region
[411.187s][info ][safepoint      ] Total time for which application threads were stopped: 0.0000937 seconds, Stopping threads took: 0.0000165 seconds
[412.187s][info ][safepoint      ] Application time: 1.0001431 seconds
[412.187s][info ][safepoint      ] Entering safepoint region: Cleanup
[412.187s][info ][safepoint      ] Leaving safepoint region
[412.187s][info ][safepoint      ] Total time for which application threads were stopped: 0.0000800 seconds, Stopping threads took: 0.0000161 seconds
[414.187s][info ][safepoint      ] Application time: 2.0006424 seconds
[414.187s][info ][safepoint      ] Entering safepoint region: Cleanup
[414.188s][info ][safepoint      ] Leaving safepoint region
[414.188s][info ][safepoint      ] Total time for which application threads were stopped: 0.0000745 seconds, Stopping threads took: 0.0000154 seconds
[414.630s][info ][safepoint      ] Application time: 0.4421053 seconds
[414.630s][info ][safepoint      ] Entering safepoint region: ParallelGCFailedAllocation
[414.630s][info ][gc,start       ] GC(49) Pause Young (Allocation Failure)
[414.655s][debug][gc,phases      ] GC(49) Scavenge 25.399ms
[414.655s][debug][gc,ref         ] GC(49) Skipped phase1 of Reference Processing due to unavailable references
[414.655s][debug][gc,ref         ] GC(49) Skipped phase3 of Reference Processing due to unavailable references
[414.655s][debug][gc,phases      ] GC(49) Reference Processing 0.098ms
[414.656s][debug][gc,phases      ] GC(49) Weak Processing 0.200ms
[414.656s][debug][gc,phases      ] GC(49) Scrub String Table 0.714ms
[414.656s][debug][gc,age         ] GC(49) Desired survivor size 82837504 bytes, new threshold 15 (max threshold 15)
[414.656s][info ][gc,heap        ] GC(49) PSYoungGen: 1984010K->51242K(2014208K)
[414.656s][info ][gc,heap        ] GC(49) ParOldGen: 185752K->187264K(214528K)
[414.656s][info ][gc,metaspace   ] GC(49) Metaspace: 62979K->62979K(1105920K)
[414.656s][info ][gc             ] GC(49) Pause Young (Allocation Failure) 2118M->232M(2176M) 26.584ms
[414.656s][info ][gc,cpu         ] GC(49) User=0.08s Sys=0.02s Real=0.03s
[414.656s][info ][safepoint      ] Leaving safepoint region
[414.656s][info ][safepoint      ] Total time for which application threads were stopped: 0.0268242 seconds, Stopping threads took: 0.0000154 seconds
[415.657s][info ][safepoint      ] Application time: 1.0001254 seconds
[415.657s][info ][safepoint      ] Entering safepoint region: Cleanup
[415.657s][info ][safepoint      ] Leaving safepoint region
[415.657s][info ][safepoint      ] Total time for which application threads were stopped: 0.0000903 seconds, Stopping threads took: 0.0000174 seconds
[419.657s][info ][safepoint      ] Application time: 4.0004072 seconds
[419.657s][info ][safepoint      ] Entering safepoint region: Cleanup
[419.657s][info ][safepoint      ] Leaving safepoint region
[419.657s][info ][safepoint      ] Total time for which application threads were stopped: 0.0000897 seconds, Stopping threads took: 0.0000177 seconds
[421.657s][info ][safepoint      ] Application time: 2.0002065 seconds
[421.658s][info ][safepoint      ] Entering safepoint region: Cleanup
[421.658s][info ][safepoint      ] Leaving safepoint region
[421.658s][info ][safepoint      ] Total time for which application threads were stopped: 0.0000792 seconds, Stopping threads took: 0.0000185 seconds
[422.658s][info ][safepoint      ] Application time: 1.0000746 seconds
[422.658s][info ][safepoint      ] Entering safepoint region: Cleanup
[422.658s][info ][safepoint      ] Leaving safepoint region
[422.658s][info ][safepoint      ] Total time for which application threads were stopped: 0.0001000 seconds, Stopping threads took: 0.0000153 seconds
[423.658s][info ][safepoint      ] Application time: 1.0001261 seconds
[423.658s][info ][safepoint      ] Entering safepoint region: Cleanup
[423.658s][info ][safepoint      ] Leaving safepoint region
[423.658s][info ][safepoint      ] Total time for which application threads were stopped: 0.0000758 seconds, Stopping threads took: 0.0000143 seconds
[426.912s][info ][safepoint      ] Application time: 3.2539792 seconds
[426.912s][info ][safepoint      ] Entering safepoint region: RevokeBias
[426.912s][info ][safepoint      ] Leaving safepoint region
[426.912s][info ][safepoint      ] Total time for which application threads were stopped: 0.0000914 seconds, Stopping threads took: 0.0000140 seconds
[427.912s][info ][safepoint      ] Application time: 1.0001171 seconds
[427.912s][info ][safepoint      ] Entering safepoint region: Cleanup
[427.912s][info ][safepoint      ] Leaving safepoint region
[427.912s][info ][safepoint      ] Total time for which application threads were stopped: 0.0001002 seconds, Stopping threads took: 0.0000178 seconds
[428.913s][info ][safepoint      ] Application time: 1.0001095 seconds
[428.913s][info ][safepoint      ] Entering safepoint region: Cleanup
[428.913s][info ][safepoint      ] Leaving safepoint region
[428.913s][info ][safepoint      ] Total time for which application threads were stopped: 0.0001381 seconds, Stopping threads took: 0.0000176 seconds
[429.913s][info ][safepoint      ] Application time: 1.0001731 seconds
[429.913s][info ][safepoint      ] Entering safepoint region: Cleanup
[429.913s][info ][safepoint      ] Leaving safepoint region
[429.913s][info ][safepoint      ] Total time for which application threads were stopped: 0.0002792 seconds, Stopping threads took: 0.0000815 seconds
[430.913s][info ][safepoint      ] Application time: 1.0000794 seconds
[430.913s][info ][safepoint      ] Entering safepoint region: Cleanup
[430.913s][info ][safepoint      ] Leaving safepoint region
[430.913s][info ][safepoint      ] Total time for which application threads were stopped: 0.0001027 seconds, Stopping threads took: 0.0000162 seconds
[434.914s][info ][safepoint      ] Application time: 4.0004008 seconds
[434.914s][info ][safepoint      ] Entering safepoint region: Cleanup
[434.914s][info ][safepoint      ] Leaving safepoint region
[434.914s][info ][safepoint      ] Total time for which application threads were stopped: 0.0000817 seconds, Stopping threads took: 0.0000176 seconds
[437.914s][info ][safepoint      ] Application time: 3.0003641 seconds
[437.914s][info ][safepoint      ] Entering safepoint region: Cleanup
[437.914s][info ][safepoint      ] Leaving safepoint region
[437.914s][info ][safepoint      ] Total time for which application threads were stopped: 0.0000873 seconds, Stopping threads took: 0.0000177 seconds
[439.915s][info ][safepoint      ] Application time: 2.0001578 seconds
[439.915s][info ][safepoint      ] Entering safepoint region: Cleanup
[439.915s][info ][safepoint      ] Leaving safepoint region
[439.915s][info ][safepoint      ] Total time for which application threads were stopped: 0.0000786 seconds, Stopping threads took: 0.0000167 seconds
[446.916s][info ][safepoint      ] Application time: 7.0007849 seconds
[446.916s][info ][safepoint      ] Entering safepoint region: Cleanup
[446.916s][info ][safepoint      ] Leaving safepoint region
[446.916s][info ][safepoint      ] Total time for which application threads were stopped: 0.0001483 seconds, Stopping threads took: 0.0000608 seconds
[447.916s][info ][safepoint      ] Application time: 1.0000795 seconds
[447.916s][info ][safepoint      ] Entering safepoint region: Cleanup
[447.916s][info ][safepoint      ] Leaving safepoint region
[447.916s][info ][safepoint      ] Total time for which application threads were stopped: 0.0000816 seconds, Stopping threads took: 0.0000158 seconds
[449.916s][info ][safepoint      ] Application time: 2.0001851 seconds
[449.916s][info ][safepoint      ] Entering safepoint region: Cleanup
[449.916s][info ][safepoint      ] Leaving safepoint region
[449.916s][info ][safepoint      ] Total time for which application threads were stopped: 0.0000826 seconds, Stopping threads took: 0.0000169 seconds
[450.916s][info ][safepoint      ] Application time: 1.0001015 seconds
[450.916s][info ][safepoint      ] Entering safepoint region: Cleanup
[450.916s][info ][safepoint      ] Leaving safepoint region
[450.917s][info ][safepoint      ] Total time for which application threads were stopped: 0.0000784 seconds, Stopping threads took: 0.0000166 seconds
[451.917s][info ][safepoint      ] Application time: 1.0000766 seconds
[451.917s][info ][safepoint      ] Entering safepoint region: Cleanup
[451.917s][info ][safepoint      ] Leaving safepoint region
[451.917s][info ][safepoint      ] Total time for which application threads were stopped: 0.0000807 seconds, Stopping threads took: 0.0000180 seconds
[452.425s][info ][safepoint      ] Application time: 0.5084189 seconds
[452.425s][info ][safepoint      ] Entering safepoint region: RevokeBias
[452.425s][info ][safepoint      ] Leaving safepoint region
[452.425s][info ][safepoint      ] Total time for which application threads were stopped: 0.0000975 seconds, Stopping threads took: 0.0000158 seconds
[456.426s][info ][safepoint      ] Application time: 4.0003375 seconds
[456.426s][info ][safepoint      ] Entering safepoint region: Cleanup
[456.426s][info ][safepoint      ] Leaving safepoint region
[456.426s][info ][safepoint      ] Total time for which application threads were stopped: 0.0000885 seconds, Stopping threads took: 0.0000166 seconds
[459.130s][info ][safepoint      ] Application time: 2.7040555 seconds
[459.130s][info ][safepoint      ] Entering safepoint region: ParallelGCFailedAllocation
[459.130s][info ][gc,start       ] GC(50) Pause Young (Allocation Failure)
[459.159s][debug][gc,phases      ] GC(50) Scavenge 28.859ms
[459.159s][debug][gc,ref         ] GC(50) Skipped phase1 of Reference Processing due to unavailable references
[459.159s][debug][gc,ref         ] GC(50) Skipped phase3 of Reference Processing due to unavailable references
[459.159s][debug][gc,phases      ] GC(50) Reference Processing 0.093ms
[459.159s][debug][gc,phases      ] GC(50) Weak Processing 0.149ms
[459.160s][debug][gc,phases      ] GC(50) Scrub String Table 0.856ms
[459.160s][debug][gc,age         ] GC(50) Desired survivor size 81788928 bytes, new threshold 15 (max threshold 15)
[459.160s][info ][gc,heap        ] GC(50) PSYoungGen: 1986602K->45441K(2016256K)
[459.160s][info ][gc,heap        ] GC(50) ParOldGen: 187264K->195768K(214528K)
[459.160s][info ][gc,metaspace   ] GC(50) Metaspace: 62996K->62996K(1105920K)
[459.160s][info ][gc             ] GC(50) Pause Young (Allocation Failure) 2122M->235M(2178M) 30.131ms
[459.160s][info ][gc,cpu         ] GC(50) User=0.09s Sys=0.03s Real=0.03s
[459.160s][info ][safepoint      ] Leaving safepoint region
[459.160s][info ][safepoint      ] Total time for which application threads were stopped: 0.0304855 seconds, Stopping threads took: 0.0000749 seconds
[460.160s][info ][safepoint      ] Application time: 1.0000932 seconds
[460.160s][info ][safepoint      ] Entering safepoint region: Cleanup
[460.161s][info ][safepoint      ] Leaving safepoint region
[460.161s][info ][safepoint      ] Total time for which application threads were stopped: 0.0000809 seconds, Stopping threads took: 0.0000165 seconds
[463.161s][info ][safepoint      ] Application time: 3.0002722 seconds
[463.161s][info ][safepoint      ] Entering safepoint region: Cleanup
[463.161s][info ][safepoint      ] Leaving safepoint region
[463.161s][info ][safepoint      ] Total time for which application threads were stopped: 0.0001060 seconds, Stopping threads took: 0.0000356 seconds
[472.162s][info ][safepoint      ] Application time: 9.0008360 seconds
[472.162s][info ][safepoint      ] Entering safepoint region: Cleanup
[472.162s][info ][safepoint      ] Leaving safepoint region
[472.162s][info ][safepoint      ] Total time for which application threads were stopped: 0.0001965 seconds, Stopping threads took: 0.0000284 seconds
[474.162s][info ][safepoint      ] Application time: 2.0001866 seconds
[474.162s][info ][safepoint      ] Entering safepoint region: Cleanup
[474.162s][info ][safepoint      ] Leaving safepoint region
[474.162s][info ][safepoint      ] Total time for which application threads were stopped: 0.0000846 seconds, Stopping threads took: 0.0000252 seconds
[475.162s][info ][safepoint      ] Application time: 1.0000960 seconds
[475.163s][info ][safepoint      ] Entering safepoint region: Cleanup
[475.163s][info ][safepoint      ] Leaving safepoint region
[475.163s][info ][safepoint      ] Total time for which application threads were stopped: 0.0001435 seconds, Stopping threads took: 0.0000492 seconds
[477.163s][info ][safepoint      ] Application time: 2.0002097 seconds
[477.163s][info ][safepoint      ] Entering safepoint region: Cleanup
[477.163s][info ][safepoint      ] Leaving safepoint region
[477.163s][info ][safepoint      ] Total time for which application threads were stopped: 0.0002362 seconds, Stopping threads took: 0.0000838 seconds
[478.163s][info ][safepoint      ] Application time: 1.0001451 seconds
[478.163s][info ][safepoint      ] Entering safepoint region: Cleanup
[478.163s][info ][safepoint      ] Leaving safepoint region
[478.164s][info ][safepoint      ] Total time for which application threads were stopped: 0.0001205 seconds, Stopping threads took: 0.0000253 seconds
[482.164s][info ][safepoint      ] Application time: 4.0004091 seconds
[482.164s][info ][safepoint      ] Entering safepoint region: Cleanup
[482.164s][info ][safepoint      ] Leaving safepoint region
[482.164s][info ][safepoint      ] Total time for which application threads were stopped: 0.0001366 seconds, Stopping threads took: 0.0000373 seconds
[483.164s][info ][safepoint      ] Application time: 1.0000712 seconds
[483.164s][info ][safepoint      ] Entering safepoint region: Cleanup
[483.164s][info ][safepoint      ] Leaving safepoint region
[483.164s][info ][safepoint      ] Total time for which application threads were stopped: 0.0001109 seconds, Stopping threads took: 0.0000176 seconds
[484.164s][info ][safepoint      ] Application time: 1.0000815 seconds
[484.165s][info ][safepoint      ] Entering safepoint region: Cleanup
[484.165s][info ][safepoint      ] Leaving safepoint region
[484.165s][info ][safepoint      ] Total time for which application threads were stopped: 0.0000921 seconds, Stopping threads took: 0.0000229 seconds
[485.165s][info ][safepoint      ] Application time: 1.0000861 seconds
[485.165s][info ][safepoint      ] Entering safepoint region: Cleanup
[485.165s][info ][safepoint      ] Leaving safepoint region
[485.165s][info ][safepoint      ] Total time for which application threads were stopped: 0.0000777 seconds, Stopping threads took: 0.0000154 seconds
[486.165s][info ][safepoint      ] Application time: 1.0001076 seconds
[486.165s][info ][safepoint      ] Entering safepoint region: Cleanup
[486.165s][info ][safepoint      ] Leaving safepoint region
[486.165s][info ][safepoint      ] Total time for which application threads were stopped: 0.0000835 seconds, Stopping threads took: 0.0000170 seconds
[487.165s][info ][safepoint      ] Application time: 1.0000752 seconds
[487.165s][info ][safepoint      ] Entering safepoint region: Cleanup
[487.165s][info ][safepoint      ] Leaving safepoint region
[487.165s][info ][safepoint      ] Total time for which application threads were stopped: 0.0000747 seconds, Stopping threads took: 0.0000165 seconds
[498.680s][info ][safepoint      ] Application time: 11.5150769 seconds
[498.681s][info ][safepoint      ] Entering safepoint region: ParallelGCFailedAllocation
[498.681s][info ][gc,start       ] GC(51) Pause Young (Allocation Failure)
[498.701s][debug][gc,phases      ] GC(51) Scavenge 20.195ms
[498.701s][debug][gc,ref         ] GC(51) Skipped phase1 of Reference Processing due to unavailable references
[498.701s][debug][gc,ref         ] GC(51) Skipped phase3 of Reference Processing due to unavailable references
[498.701s][debug][gc,phases      ] GC(51) Reference Processing 0.100ms
[498.701s][debug][gc,phases      ] GC(51) Weak Processing 0.236ms
[498.703s][debug][gc,phases      ] GC(51) Scrub String Table 1.329ms
[498.703s][debug][gc,age         ] GC(51) Desired survivor size 81788928 bytes, new threshold 15 (max threshold 15)
[498.703s][info ][gc,heap        ] GC(51) PSYoungGen: 1980801K->48655K(2017280K)
[498.703s][info ][gc,heap        ] GC(51) ParOldGen: 195768K->196592K(214528K)
[498.703s][info ][gc,metaspace   ] GC(51) Metaspace: 63286K->63286K(1105920K)
[498.703s][info ][gc             ] GC(51) Pause Young (Allocation Failure) 2125M->239M(2179M) 22.088ms
[498.703s][info ][gc,cpu         ] GC(51) User=0.07s Sys=0.01s Real=0.02s
[498.703s][info ][safepoint      ] Leaving safepoint region
[498.703s][info ][safepoint      ] Total time for which application threads were stopped: 0.0225363 seconds, Stopping threads took: 0.0001060 seconds
[517.705s][info ][safepoint      ] Application time: 19.0017462 seconds
[517.705s][info ][safepoint      ] Entering safepoint region: Cleanup
[517.705s][info ][safepoint      ] Leaving safepoint region
[517.705s][info ][safepoint      ] Total time for which application threads were stopped: 0.0001018 seconds, Stopping threads took: 0.0000345 seconds
[537.707s][info ][safepoint      ] Application time: 20.0019338 seconds
[537.707s][info ][safepoint      ] Entering safepoint region: Cleanup
[537.707s][info ][safepoint      ] Leaving safepoint region
[537.707s][info ][safepoint      ] Total time for which application threads were stopped: 0.0002139 seconds, Stopping threads took: 0.0000577 seconds
[538.707s][info ][safepoint      ] Application time: 1.0001583 seconds
[538.707s][info ][safepoint      ] Entering safepoint region: Cleanup
[538.707s][info ][safepoint      ] Leaving safepoint region
[538.707s][info ][safepoint      ] Total time for which application threads were stopped: 0.0000867 seconds, Stopping threads took: 0.0000177 seconds
[539.707s][info ][safepoint      ] Application time: 1.0000800 seconds
[539.707s][info ][safepoint      ] Entering safepoint region: Cleanup
[539.708s][info ][safepoint      ] Leaving safepoint region
[539.708s][info ][safepoint      ] Total time for which application threads were stopped: 0.0001500 seconds, Stopping threads took: 0.0000368 seconds
[540.708s][info ][safepoint      ] Application time: 1.0000689 seconds
[540.708s][info ][safepoint      ] Entering safepoint region: Cleanup
[540.708s][info ][safepoint      ] Leaving safepoint region
[540.708s][info ][safepoint      ] Total time for which application threads were stopped: 0.0000965 seconds, Stopping threads took: 0.0000161 seconds
[542.708s][info ][safepoint      ] Application time: 2.0001358 seconds
[542.708s][info ][safepoint      ] Entering safepoint region: Cleanup
[542.708s][info ][safepoint      ] Leaving safepoint region
[542.708s][info ][safepoint      ] Total time for which application threads were stopped: 0.0000983 seconds, Stopping threads took: 0.0000158 seconds
[543.708s][info ][safepoint      ] Application time: 1.0001088 seconds
[543.708s][info ][safepoint      ] Entering safepoint region: Cleanup
[543.708s][info ][safepoint      ] Leaving safepoint region
[543.708s][info ][safepoint      ] Total time for which application threads were stopped: 0.0000760 seconds, Stopping threads took: 0.0000152 seconds
[543.737s][info ][safepoint      ] Application time: 0.0281957 seconds
[543.737s][info ][safepoint      ] Entering safepoint region: ParallelGCFailedAllocation
[543.737s][info ][gc,start       ] GC(52) Pause Young (Allocation Failure)
[543.755s][debug][gc,phases      ] GC(52) Scavenge 17.853ms
[543.755s][debug][gc,ref         ] GC(52) Skipped phase1 of Reference Processing due to unavailable references
[543.755s][debug][gc,ref         ] GC(52) Skipped phase3 of Reference Processing due to unavailable references
[543.755s][debug][gc,phases      ] GC(52) Reference Processing 0.097ms
[543.755s][debug][gc,phases      ] GC(52) Weak Processing 0.158ms
[543.756s][debug][gc,phases      ] GC(52) Scrub String Table 0.743ms
[543.756s][debug][gc,age         ] GC(52) Desired survivor size 81788928 bytes, new threshold 15 (max threshold 15)
[543.756s][info ][gc,heap        ] GC(52) PSYoungGen: 1986063K->48938K(2017280K)
[543.756s][info ][gc,heap        ] GC(52) ParOldGen: 196592K->197048K(214528K)
[543.756s][info ][gc,metaspace   ] GC(52) Metaspace: 63301K->63301K(1105920K)
[543.756s][info ][gc             ] GC(52) Pause Young (Allocation Failure) 2131M->240M(2179M) 19.026ms
[543.756s][info ][gc,cpu         ] GC(52) User=0.07s Sys=0.01s Real=0.02s
[543.756s][info ][safepoint      ] Leaving safepoint region
[543.756s][info ][safepoint      ] Total time for which application threads were stopped: 0.0191762 seconds, Stopping threads took: 0.0000140 seconds
[543.756s][info ][safepoint      ] Application time: 0.0001645 seconds
[543.756s][info ][safepoint      ] Entering safepoint region: RevokeBias
[543.756s][info ][safepoint      ] Leaving safepoint region
[543.756s][info ][safepoint      ] Total time for which application threads were stopped: 0.0001378 seconds, Stopping threads took: 0.0000365 seconds
[543.954s][info ][safepoint      ] Application time: 0.1980186 seconds
[543.954s][info ][safepoint      ] Entering safepoint region: RevokeBias
[543.954s][info ][safepoint      ] Leaving safepoint region
[543.954s][info ][safepoint      ] Total time for which application threads were stopped: 0.0001583 seconds, Stopping threads took: 0.0000543 seconds
[544.954s][info ][safepoint      ] Application time: 1.0001714 seconds
[544.955s][info ][safepoint      ] Entering safepoint region: Cleanup
[544.955s][info ][safepoint      ] Leaving safepoint region
[544.955s][info ][safepoint      ] Total time for which application threads were stopped: 0.0000835 seconds, Stopping threads took: 0.0000179 seconds
[545.955s][info ][safepoint      ] Application time: 1.0001083 seconds
[545.955s][info ][safepoint      ] Entering safepoint region: Cleanup
[545.955s][info ][safepoint      ] Leaving safepoint region
[545.955s][info ][safepoint      ] Total time for which application threads were stopped: 0.0000823 seconds, Stopping threads took: 0.0000159 seconds
[547.955s][info ][safepoint      ] Application time: 2.0001775 seconds
[547.955s][info ][safepoint      ] Entering safepoint region: Cleanup
[547.955s][info ][safepoint      ] Leaving safepoint region
[547.955s][info ][safepoint      ] Total time for which application threads were stopped: 0.0001044 seconds, Stopping threads took: 0.0000172 seconds
[551.956s][info ][safepoint      ] Application time: 4.0003408 seconds
[551.956s][info ][safepoint      ] Entering safepoint region: Cleanup
[551.956s][info ][safepoint      ] Leaving safepoint region
[551.956s][info ][safepoint      ] Total time for which application threads were stopped: 0.0000985 seconds, Stopping threads took: 0.0000166 seconds
[552.956s][info ][safepoint      ] Application time: 1.0001034 seconds
[552.956s][info ][safepoint      ] Entering safepoint region: Cleanup
[552.956s][info ][safepoint      ] Leaving safepoint region
[552.956s][info ][safepoint      ] Total time for which application threads were stopped: 0.0000712 seconds, Stopping threads took: 0.0000154 seconds
[553.956s][info ][safepoint      ] Application time: 1.0000918 seconds
[553.956s][info ][safepoint      ] Entering safepoint region: Cleanup
[553.956s][info ][safepoint      ] Leaving safepoint region
[553.956s][info ][safepoint      ] Total time for which application threads were stopped: 0.0000888 seconds, Stopping threads took: 0.0000180 seconds
[554.956s][info ][safepoint      ] Application time: 1.0000791 seconds
[554.956s][info ][safepoint      ] Entering safepoint region: Cleanup
[554.956s][info ][safepoint      ] Leaving safepoint region
[554.956s][info ][safepoint      ] Total time for which application threads were stopped: 0.0001365 seconds, Stopping threads took: 0.0000452 seconds
[561.957s][info ][safepoint      ] Application time: 7.0006794 seconds
[561.957s][info ][safepoint      ] Entering safepoint region: Cleanup
[561.957s][info ][safepoint      ] Leaving safepoint region
[561.957s][info ][safepoint      ] Total time for which application threads were stopped: 0.0002247 seconds, Stopping threads took: 0.0000697 seconds
[562.957s][info ][safepoint      ] Application time: 1.0001184 seconds
[562.957s][info ][safepoint      ] Entering safepoint region: Cleanup
[562.958s][info ][safepoint      ] Leaving safepoint region
[562.958s][info ][safepoint      ] Total time for which application threads were stopped: 0.0001226 seconds, Stopping threads took: 0.0000148 seconds
[563.958s][info ][safepoint      ] Application time: 1.0000793 seconds
[563.958s][info ][safepoint      ] Entering safepoint region: Cleanup
[563.958s][info ][safepoint      ] Leaving safepoint region
[563.958s][info ][safepoint      ] Total time for which application threads were stopped: 0.0001052 seconds, Stopping threads took: 0.0000458 seconds
[564.958s][info ][safepoint      ] Application time: 1.0000690 seconds
[564.958s][info ][safepoint      ] Entering safepoint region: Cleanup
[564.958s][info ][safepoint      ] Leaving safepoint region
[564.958s][info ][safepoint      ] Total time for which application threads were stopped: 0.0000791 seconds, Stopping threads took: 0.0000173 seconds
[572.387s][info ][safepoint      ] Application time: 7.4288930 seconds
[572.387s][info ][safepoint      ] Entering safepoint region: RevokeBias
[572.387s][info ][safepoint      ] Leaving safepoint region
[572.387s][info ][safepoint      ] Total time for which application threads were stopped: 0.0001626 seconds, Stopping threads took: 0.0000320 seconds
[573.387s][info ][safepoint      ] Application time: 1.0001296 seconds
[573.387s][info ][safepoint      ] Entering safepoint region: Cleanup
[573.387s][info ][safepoint      ] Leaving safepoint region
[573.387s][info ][safepoint      ] Total time for which application threads were stopped: 0.0000780 seconds, Stopping threads took: 0.0000173 seconds
[574.387s][info ][safepoint      ] Application time: 1.0001111 seconds
[574.387s][info ][safepoint      ] Entering safepoint region: Cleanup
[574.388s][info ][safepoint      ] Leaving safepoint region
[574.388s][info ][safepoint      ] Total time for which application threads were stopped: 0.0000739 seconds, Stopping threads took: 0.0000152 seconds
[577.388s][info ][safepoint      ] Application time: 3.0002534 seconds
[577.388s][info ][safepoint      ] Entering safepoint region: Cleanup
[577.388s][info ][safepoint      ] Leaving safepoint region
[577.388s][info ][safepoint      ] Total time for which application threads were stopped: 0.0000760 seconds, Stopping threads took: 0.0000164 seconds
[578.388s][info ][safepoint      ] Application time: 1.0001052 seconds
[578.388s][info ][safepoint      ] Entering safepoint region: Cleanup
[578.388s][info ][safepoint      ] Leaving safepoint region
[578.388s][info ][safepoint      ] Total time for which application threads were stopped: 0.0000768 seconds, Stopping threads took: 0.0000169 seconds
[578.868s][info ][safepoint      ] Application time: 0.4797389 seconds
[578.868s][info ][safepoint      ] Entering safepoint region: RevokeBias
[578.868s][info ][safepoint      ] Leaving safepoint region
[578.868s][info ][safepoint      ] Total time for which application threads were stopped: 0.0001601 seconds, Stopping threads took: 0.0000497 seconds
[579.645s][info ][safepoint      ] Application time: 0.7771489 seconds
[579.645s][info ][safepoint      ] Entering safepoint region: ParallelGCFailedAllocation
[579.645s][info ][gc,start       ] GC(53) Pause Young (Allocation Failure)
[579.666s][debug][gc,phases      ] GC(53) Scavenge 20.132ms
[579.666s][debug][gc,ref         ] GC(53) Skipped phase1 of Reference Processing due to unavailable references
[579.666s][debug][gc,ref         ] GC(53) Skipped phase3 of Reference Processing due to unavailable references
[579.666s][debug][gc,phases      ] GC(53) Reference Processing 0.116ms
[579.666s][debug][gc,phases      ] GC(53) Weak Processing 0.243ms
[579.667s][debug][gc,phases      ] GC(53) Scrub String Table 0.980ms
[579.667s][debug][gc,age         ] GC(53) Desired survivor size 83361792 bytes, new threshold 15 (max threshold 15)
[579.667s][info ][gc,heap        ] GC(53) PSYoungGen: 1986346K->54449K(2014208K)
[579.667s][info ][gc,heap        ] GC(53) ParOldGen: 197048K->197600K(214528K)
[579.667s][info ][gc,metaspace   ] GC(53) Metaspace: 63461K->63461K(1105920K)
[579.667s][info ][gc             ] GC(53) Pause Young (Allocation Failure) 2132M->246M(2176M) 21.650ms
[579.667s][info ][gc,cpu         ] GC(53) User=0.07s Sys=0.01s Real=0.02s
[579.667s][info ][safepoint      ] Leaving safepoint region
[579.667s][info ][safepoint      ] Total time for which application threads were stopped: 0.0219429 seconds, Stopping threads took: 0.0001003 seconds
[580.667s][info ][safepoint      ] Application time: 1.0000988 seconds
[580.667s][info ][safepoint      ] Entering safepoint region: Cleanup
[580.667s][info ][safepoint      ] Leaving safepoint region
[580.667s][info ][safepoint      ] Total time for which application threads were stopped: 0.0001210 seconds, Stopping threads took: 0.0000151 seconds
[582.668s][info ][safepoint      ] Application time: 2.0002389 seconds
[582.668s][info ][safepoint      ] Entering safepoint region: Cleanup
[582.668s][info ][safepoint      ] Leaving safepoint region
[582.668s][info ][safepoint      ] Total time for which application threads were stopped: 0.0001823 seconds, Stopping threads took: 0.0000463 seconds
[583.668s][info ][safepoint      ] Application time: 1.0001169 seconds
[583.668s][info ][safepoint      ] Entering safepoint region: Cleanup
[583.668s][info ][safepoint      ] Leaving safepoint region
[583.668s][info ][safepoint      ] Total time for which application threads were stopped: 0.0000846 seconds, Stopping threads took: 0.0000170 seconds
[584.668s][info ][safepoint      ] Application time: 1.0001028 seconds
[584.668s][info ][safepoint      ] Entering safepoint region: Cleanup
[584.668s][info ][safepoint      ] Leaving safepoint region
[584.668s][info ][safepoint      ] Total time for which application threads were stopped: 0.0000859 seconds, Stopping threads took: 0.0000147 seconds
[586.669s][info ][safepoint      ] Application time: 2.0001868 seconds
[586.669s][info ][safepoint      ] Entering safepoint region: Cleanup
[586.669s][info ][safepoint      ] Leaving safepoint region
[586.669s][info ][safepoint      ] Total time for which application threads were stopped: 0.0000787 seconds, Stopping threads took: 0.0000174 seconds
[586.782s][info ][safepoint      ] Application time: 0.1131837 seconds
[586.782s][info ][safepoint      ] Entering safepoint region: Deoptimize
[586.789s][info ][safepoint      ] Leaving safepoint region
[586.789s][info ][safepoint      ] Total time for which application threads were stopped: 0.0068704 seconds, Stopping threads took: 0.0000133 seconds
[587.789s][info ][safepoint      ] Application time: 1.0001041 seconds
[587.789s][info ][safepoint      ] Entering safepoint region: Cleanup
[587.789s][info ][safepoint      ] Leaving safepoint region
[587.789s][info ][safepoint      ] Total time for which application threads were stopped: 0.0000981 seconds, Stopping threads took: 0.0000144 seconds
[588.789s][info ][safepoint      ] Application time: 1.0000808 seconds
[588.789s][info ][safepoint      ] Entering safepoint region: Cleanup
[588.789s][info ][safepoint      ] Leaving safepoint region
[588.789s][info ][safepoint      ] Total time for which application threads were stopped: 0.0000887 seconds, Stopping threads took: 0.0000169 seconds
[589.789s][info ][safepoint      ] Application time: 1.0000984 seconds
[589.789s][info ][safepoint      ] Entering safepoint region: Cleanup
[589.789s][info ][safepoint      ] Leaving safepoint region
[589.789s][info ][safepoint      ] Total time for which application threads were stopped: 0.0001219 seconds, Stopping threads took: 0.0000157 seconds
[591.790s][info ][safepoint      ] Application time: 2.0001841 seconds
[591.790s][info ][safepoint      ] Entering safepoint region: Cleanup
[591.790s][info ][safepoint      ] Leaving safepoint region
[591.790s][info ][safepoint      ] Total time for which application threads were stopped: 0.0001043 seconds, Stopping threads took: 0.0000151 seconds
[592.790s][info ][safepoint      ] Application time: 1.0000770 seconds
[592.790s][info ][safepoint      ] Entering safepoint region: Cleanup
[592.790s][info ][safepoint      ] Leaving safepoint region
[592.790s][info ][safepoint      ] Total time for which application threads were stopped: 0.0002099 seconds, Stopping threads took: 0.0001302 seconds
[594.790s][info ][safepoint      ] Application time: 2.0001429 seconds
[594.790s][info ][safepoint      ] Entering safepoint region: Cleanup
[594.791s][info ][safepoint      ] Leaving safepoint region
[594.791s][info ][safepoint      ] Total time for which application threads were stopped: 0.0002304 seconds, Stopping threads took: 0.0000295 seconds
[598.791s][info ][safepoint      ] Application time: 4.0003481 seconds
[598.791s][info ][safepoint      ] Entering safepoint region: Cleanup
[598.791s][info ][safepoint      ] Leaving safepoint region
[598.791s][info ][safepoint      ] Total time for which application threads were stopped: 0.0000983 seconds, Stopping threads took: 0.0000156 seconds
[601.791s][info ][safepoint      ] Application time: 3.0002893 seconds
[601.791s][info ][safepoint      ] Entering safepoint region: Cleanup
[601.791s][info ][safepoint      ] Leaving safepoint region
[601.791s][info ][safepoint      ] Total time for which application threads were stopped: 0.0000763 seconds, Stopping threads took: 0.0000158 seconds
[602.792s][info ][safepoint      ] Application time: 1.0001136 seconds
[602.792s][info ][safepoint      ] Entering safepoint region: Cleanup
[602.792s][info ][safepoint      ] Leaving safepoint region
[602.792s][info ][safepoint      ] Total time for which application threads were stopped: 0.0000811 seconds, Stopping threads took: 0.0000156 seconds
[611.793s][info ][safepoint      ] Application time: 9.0009350 seconds
[611.793s][info ][safepoint      ] Entering safepoint region: Cleanup
[611.793s][info ][safepoint      ] Leaving safepoint region
[611.793s][info ][safepoint      ] Total time for which application threads were stopped: 0.0001238 seconds, Stopping threads took: 0.0000158 seconds
[612.793s][info ][safepoint      ] Application time: 1.0001111 seconds
[612.793s][info ][safepoint      ] Entering safepoint region: Cleanup
[612.793s][info ][safepoint      ] Leaving safepoint region
[612.793s][info ][safepoint      ] Total time for which application threads were stopped: 0.0000831 seconds, Stopping threads took: 0.0000152 seconds
[613.793s][info ][safepoint      ] Application time: 1.0000902 seconds
[613.793s][info ][safepoint      ] Entering safepoint region: Cleanup
[613.793s][info ][safepoint      ] Leaving safepoint region
[613.793s][info ][safepoint      ] Total time for which application threads were stopped: 0.0000877 seconds, Stopping threads took: 0.0000173 seconds
[614.793s][info ][safepoint      ] Application time: 1.0001203 seconds
[614.793s][info ][safepoint      ] Entering safepoint region: Cleanup
[614.793s][info ][safepoint      ] Leaving safepoint region
[614.793s][info ][safepoint      ] Total time for which application threads were stopped: 0.0000740 seconds, Stopping threads took: 0.0000163 seconds
[617.794s][info ][safepoint      ] Application time: 3.0002947 seconds
[617.794s][info ][safepoint      ] Entering safepoint region: Cleanup
[617.794s][info ][safepoint      ] Leaving safepoint region
[617.794s][info ][safepoint      ] Total time for which application threads were stopped: 0.0000910 seconds, Stopping threads took: 0.0000159 seconds
[621.329s][info ][safepoint      ] Application time: 3.5350033 seconds
[621.329s][info ][safepoint      ] Entering safepoint region: ParallelGCFailedAllocation
[621.329s][info ][gc,start       ] GC(54) Pause Young (Allocation Failure)
[621.348s][debug][gc,phases      ] GC(54) Scavenge 19.144ms
[621.348s][debug][gc,ref         ] GC(54) Skipped phase1 of Reference Processing due to unavailable references
[621.348s][debug][gc,ref         ] GC(54) Skipped phase3 of Reference Processing due to unavailable references
[621.348s][debug][gc,phases      ] GC(54) Reference Processing 0.104ms
[621.349s][debug][gc,phases      ] GC(54) Weak Processing 0.254ms
[621.350s][debug][gc,phases      ] GC(54) Scrub String Table 0.975ms
[621.350s][debug][gc,age         ] GC(54) Desired survivor size 84410368 bytes, new threshold 15 (max threshold 15)
[621.350s][info ][gc,heap        ] GC(54) PSYoungGen: 1988785K->53277K(1988096K)
[621.350s][info ][gc,heap        ] GC(54) ParOldGen: 197600K->198248K(214528K)
[621.350s][info ][gc,metaspace   ] GC(54) Metaspace: 63583K->63583K(1107968K)
[621.350s][info ][gc             ] GC(54) Pause Young (Allocation Failure) 2135M->245M(2151M) 20.674ms
[621.350s][info ][gc,cpu         ] GC(54) User=0.07s Sys=0.01s Real=0.02s
[621.350s][info ][safepoint      ] Leaving safepoint region
[621.350s][info ][safepoint      ] Total time for which application threads were stopped: 0.0208529 seconds, Stopping threads took: 0.0000146 seconds
[622.350s][info ][safepoint      ] Application time: 1.0001117 seconds
[622.350s][info ][safepoint      ] Entering safepoint region: Cleanup
[622.350s][info ][safepoint      ] Leaving safepoint region
[622.350s][info ][safepoint      ] Total time for which application threads were stopped: 0.0000760 seconds, Stopping threads took: 0.0000157 seconds
[623.350s][info ][safepoint      ] Application time: 1.0001159 seconds
[623.350s][info ][safepoint      ] Entering safepoint region: Cleanup
[623.350s][info ][safepoint      ] Leaving safepoint region
[623.350s][info ][safepoint      ] Total time for which application threads were stopped: 0.0000722 seconds, Stopping threads took: 0.0000155 seconds
[624.350s][info ][safepoint      ] Application time: 1.0001186 seconds
[624.350s][info ][safepoint      ] Entering safepoint region: Cleanup
[624.350s][info ][safepoint      ] Leaving safepoint region
[624.350s][info ][safepoint      ] Total time for which application threads were stopped: 0.0000749 seconds, Stopping threads took: 0.0000156 seconds
[627.351s][info ][safepoint      ] Application time: 3.0002920 seconds
[627.351s][info ][safepoint      ] Entering safepoint region: Cleanup
[627.351s][info ][safepoint      ] Leaving safepoint region
[627.351s][info ][safepoint      ] Total time for which application threads were stopped: 0.0000771 seconds, Stopping threads took: 0.0000184 seconds
[629.351s][info ][safepoint      ] Application time: 2.0002120 seconds
[629.351s][info ][safepoint      ] Entering safepoint region: Cleanup
[629.351s][info ][safepoint      ] Leaving safepoint region
[629.351s][info ][safepoint      ] Total time for which application threads were stopped: 0.0000881 seconds, Stopping threads took: 0.0000268 seconds
[631.351s][info ][safepoint      ] Application time: 2.0002051 seconds
[631.351s][info ][safepoint      ] Entering safepoint region: Cleanup
[631.352s][info ][safepoint      ] Leaving safepoint region
[631.352s][info ][safepoint      ] Total time for which application threads were stopped: 0.0001836 seconds, Stopping threads took: 0.0000464 seconds
[632.352s][info ][safepoint      ] Application time: 1.0001213 seconds
[632.352s][info ][safepoint      ] Entering safepoint region: Cleanup
[632.352s][info ][safepoint      ] Leaving safepoint region
[632.352s][info ][safepoint      ] Total time for which application threads were stopped: 0.0000717 seconds, Stopping threads took: 0.0000165 seconds
[633.352s][info ][safepoint      ] Application time: 1.0001081 seconds
[633.352s][info ][safepoint      ] Entering safepoint region: Cleanup
[633.352s][info ][safepoint      ] Leaving safepoint region
[633.352s][info ][safepoint      ] Total time for which application threads were stopped: 0.0000728 seconds, Stopping threads took: 0.0000145 seconds
[634.352s][info ][safepoint      ] Application time: 1.0001068 seconds
[634.352s][info ][safepoint      ] Entering safepoint region: Cleanup
[634.352s][info ][safepoint      ] Leaving safepoint region
[634.352s][info ][safepoint      ] Total time for which application threads were stopped: 0.0000849 seconds, Stopping threads took: 0.0000159 seconds
[635.352s][info ][safepoint      ] Application time: 1.0000779 seconds
[635.352s][info ][safepoint      ] Entering safepoint region: Cleanup
[635.353s][info ][safepoint      ] Leaving safepoint region
[635.353s][info ][safepoint      ] Total time for which application threads were stopped: 0.0000879 seconds, Stopping threads took: 0.0000215 seconds
[637.353s][info ][safepoint      ] Application time: 2.0002104 seconds
[637.353s][info ][safepoint      ] Entering safepoint region: Cleanup
[637.353s][info ][safepoint      ] Leaving safepoint region
[637.353s][info ][safepoint      ] Total time for which application threads were stopped: 0.0000741 seconds, Stopping threads took: 0.0000166 seconds
[638.353s][info ][safepoint      ] Application time: 1.0000818 seconds
[638.353s][info ][safepoint      ] Entering safepoint region: Cleanup
[638.353s][info ][safepoint      ] Leaving safepoint region
[638.353s][info ][safepoint      ] Total time for which application threads were stopped: 0.0000788 seconds, Stopping threads took: 0.0000172 seconds
[647.354s][info ][safepoint      ] Application time: 9.0007796 seconds
[647.354s][info ][safepoint      ] Entering safepoint region: Cleanup
[647.354s][info ][safepoint      ] Leaving safepoint region
[647.354s][info ][safepoint      ] Total time for which application threads were stopped: 0.0001295 seconds, Stopping threads took: 0.0000585 seconds
[654.355s][info ][safepoint      ] Application time: 7.0006290 seconds
[654.355s][info ][safepoint      ] Entering safepoint region: Cleanup
[654.355s][info ][safepoint      ] Leaving safepoint region
[654.355s][info ][safepoint      ] Total time for which application threads were stopped: 0.0002712 seconds, Stopping threads took: 0.0000872 seconds
[666.032s][info ][safepoint      ] Application time: 11.6766613 seconds
[666.032s][info ][safepoint      ] Entering safepoint region: ParallelGCFailedAllocation
[666.032s][info ][gc,start       ] GC(55) Pause Young (Allocation Failure)
[666.051s][debug][gc,phases      ] GC(55) Scavenge 18.896ms
[666.051s][debug][gc,ref         ] GC(55) Skipped phase1 of Reference Processing due to unavailable references
[666.051s][debug][gc,ref         ] GC(55) Skipped phase3 of Reference Processing due to unavailable references
[666.051s][debug][gc,phases      ] GC(55) Reference Processing 0.105ms
[666.051s][debug][gc,phases      ] GC(55) Weak Processing 0.236ms
[666.052s][debug][gc,phases      ] GC(55) Scrub String Table 1.158ms
[666.052s][debug][gc,age         ] GC(55) Desired survivor size 84410368 bytes, new threshold 15 (max threshold 15)
[666.052s][info ][gc,heap        ] GC(55) PSYoungGen: 1987613K->52397K(2014720K)
[666.052s][info ][gc,heap        ] GC(55) ParOldGen: 198248K->199040K(214528K)
[666.052s][info ][gc,metaspace   ] GC(55) Metaspace: 63609K->63609K(1107968K)
[666.053s][info ][gc             ] GC(55) Pause Young (Allocation Failure) 2134M->245M(2177M) 20.583ms
[666.053s][info ][gc,cpu         ] GC(55) User=0.06s Sys=0.03s Real=0.02s
[666.053s][info ][safepoint      ] Leaving safepoint region
[666.053s][info ][safepoint      ] Total time for which application threads were stopped: 0.0208570 seconds, Stopping threads took: 0.0000289 seconds
[673.331s][info ][safepoint      ] Application time: 7.2788021 seconds
[673.331s][info ][safepoint      ] Entering safepoint region: RevokeBias
[673.332s][info ][safepoint      ] Leaving safepoint region
[673.332s][info ][safepoint      ] Total time for which application threads were stopped: 0.0001851 seconds, Stopping threads took: 0.0001065 seconds
[674.332s][info ][safepoint      ] Application time: 1.0000898 seconds
[674.332s][info ][safepoint      ] Entering safepoint region: Cleanup
[674.332s][info ][safepoint      ] Leaving safepoint region
[674.332s][info ][safepoint      ] Total time for which application threads were stopped: 0.0001516 seconds, Stopping threads took: 0.0000812 seconds
[684.015s][info ][safepoint      ] Application time: 9.6828628 seconds
[684.015s][info ][safepoint      ] Entering safepoint region: RevokeBias
[684.015s][info ][safepoint      ] Leaving safepoint region
[684.015s][info ][safepoint      ] Total time for which application threads were stopped: 0.0001179 seconds, Stopping threads took: 0.0000202 seconds
[685.015s][info ][safepoint      ] Application time: 1.0001059 seconds
[685.015s][info ][safepoint      ] Entering safepoint region: Cleanup
[685.015s][info ][safepoint      ] Leaving safepoint region
[685.015s][info ][safepoint      ] Total time for which application threads were stopped: 0.0002180 seconds, Stopping threads took: 0.0000694 seconds
[712.081s][info ][safepoint      ] Application time: 27.0654115 seconds
[712.081s][info ][safepoint      ] Entering safepoint region: ParallelGCFailedAllocation
[712.081s][info ][gc,start       ] GC(56) Pause Young (Allocation Failure)
[712.100s][debug][gc,phases      ] GC(56) Scavenge 18.807ms
[712.100s][debug][gc,ref         ] GC(56) Skipped phase1 of Reference Processing due to unavailable references
[712.100s][debug][gc,ref         ] GC(56) Skipped phase3 of Reference Processing due to unavailable references
[712.100s][debug][gc,phases      ] GC(56) Reference Processing 0.098ms
[712.100s][debug][gc,phases      ] GC(56) Weak Processing 0.187ms
[712.101s][debug][gc,phases      ] GC(56) Scrub String Table 0.804ms
[712.101s][debug][gc,age         ] GC(56) Desired survivor size 83361792 bytes, new threshold 15 (max threshold 15)
[712.101s][info ][gc,heap        ] GC(56) PSYoungGen: 1984685K->50989K(2014720K)
[712.101s][info ][gc,heap        ] GC(56) ParOldGen: 199040K->200432K(214528K)
[712.101s][info ][gc,metaspace   ] GC(56) Metaspace: 63610K->63610K(1107968K)
[712.101s][info ][gc             ] GC(56) Pause Young (Allocation Failure) 2132M->245M(2177M) 20.084ms
[712.101s][info ][gc,cpu         ] GC(56) User=0.06s Sys=0.02s Real=0.02s
[712.101s][info ][safepoint      ] Leaving safepoint region
[712.101s][info ][safepoint      ] Total time for which application threads were stopped: 0.0203127 seconds, Stopping threads took: 0.0000269 seconds
[716.101s][info ][safepoint      ] Application time: 4.0003960 seconds
[716.101s][info ][safepoint      ] Entering safepoint region: Cleanup
[716.102s][info ][safepoint      ] Leaving safepoint region
[716.102s][info ][safepoint      ] Total time for which application threads were stopped: 0.0000688 seconds, Stopping threads took: 0.0000154 seconds
[721.160s][info ][safepoint      ] Application time: 5.0589088 seconds
[721.161s][info ][safepoint      ] Entering safepoint region: RevokeBias
[721.161s][info ][safepoint      ] Leaving safepoint region
[721.161s][info ][safepoint      ] Total time for which application threads were stopped: 0.0001229 seconds, Stopping threads took: 0.0000608 seconds
[727.161s][info ][safepoint      ] Application time: 6.0006109 seconds
[727.161s][info ][safepoint      ] Entering safepoint region: Cleanup
[727.161s][info ][safepoint      ] Leaving safepoint region
[727.161s][info ][safepoint      ] Total time for which application threads were stopped: 0.0000829 seconds, Stopping threads took: 0.0000293 seconds
[729.162s][info ][safepoint      ] Application time: 2.0002418 seconds
[729.162s][info ][safepoint      ] Entering safepoint region: Cleanup
[729.162s][info ][safepoint      ] Leaving safepoint region
[729.162s][info ][safepoint      ] Total time for which application threads were stopped: 0.0002135 seconds, Stopping threads took: 0.0000693 seconds
[757.165s][info ][safepoint      ] Application time: 28.0026421 seconds
[757.165s][info ][safepoint      ] Entering safepoint region: Cleanup
[757.165s][info ][safepoint      ] Leaving safepoint region
[757.165s][info ][safepoint      ] Total time for which application threads were stopped: 0.0002122 seconds, Stopping threads took: 0.0000714 seconds
[760.481s][info ][safepoint      ] Application time: 3.3160080 seconds
[760.481s][info ][safepoint      ] Entering safepoint region: ParallelGCFailedAllocation
[760.481s][info ][gc,start       ] GC(57) Pause Young (Allocation Failure)
[760.500s][debug][gc,phases      ] GC(57) Scavenge 18.861ms
[760.500s][debug][gc,ref         ] GC(57) Skipped phase1 of Reference Processing due to unavailable references
[760.500s][debug][gc,ref         ] GC(57) Skipped phase3 of Reference Processing due to unavailable references
[760.500s][debug][gc,ref         ] GC(57) Skipped phase4 of Reference Processing due to unavailable references
[760.500s][debug][gc,phases      ] GC(57) Reference Processing 0.072ms
[760.500s][debug][gc,phases      ] GC(57) Weak Processing 0.177ms
[760.501s][debug][gc,phases      ] GC(57) Scrub String Table 1.199ms
[760.501s][debug][gc,age         ] GC(57) Desired survivor size 82837504 bytes, new threshold 15 (max threshold 15)
[760.501s][info ][gc,heap        ] GC(57) PSYoungGen: 1983277K->24768K(2016256K)
[760.501s][info ][gc,heap        ] GC(57) ParOldGen: 200432K->227072K(231424K)
[760.501s][info ][gc,metaspace   ] GC(57) Metaspace: 63610K->63610K(1107968K)
[760.501s][info ][gc             ] GC(57) Pause Young (Allocation Failure) 2132M->245M(2195M) 20.507ms
[760.502s][info ][gc,cpu         ] GC(57) User=0.07s Sys=0.01s Real=0.02s
[760.502s][debug][gc,phases      ] GC(58) Pre Compact 0.018ms
[760.502s][info ][gc,start       ] GC(58) Pause Full (Ergonomics)
[760.502s][info ][gc,phases,start] GC(58) Marking Phase
[760.664s][debug][gc,phases      ] GC(58) Par Mark 161.603ms
[760.664s][debug][gc,ref         ] GC(58) Skipped phase1 of Reference Processing due to unavailable references
[760.664s][debug][gc,ref         ] GC(58) Skipped phase3 of Reference Processing due to unavailable references
[760.664s][debug][gc,phases      ] GC(58) Reference Processing 0.398ms
[760.664s][debug][gc,phases      ] GC(58) Weak Processing 0.211ms
[760.666s][debug][gc,phases      ] GC(58) ClassLoaderData 1.192ms
[760.666s][debug][gc,phases      ] GC(58) ProtectionDomainCacheTable 0.008ms
[760.666s][debug][gc,phases      ] GC(58) ResolvedMethodTable 0.256ms
[760.682s][debug][gc,phases      ] GC(58) Class Unloading 17.318ms
[760.682s][debug][gc,phases      ] GC(58) Scrub String Table 0.430ms
[760.690s][debug][gc,phases      ] GC(58) Scrub Symbol Table 8.048ms
[760.690s][info ][gc,phases      ] GC(58) Marking Phase 188.585ms
[760.690s][info ][gc,phases,start] GC(58) Summary Phase
[760.690s][info ][gc,phases      ] GC(58) Summary Phase 0.012ms
[760.690s][info ][gc,phases,start] GC(58) Adjust Roots
[760.728s][info ][gc,phases      ] GC(58) Adjust Roots 37.793ms
[760.728s][info ][gc,phases,start] GC(58) Compaction Phase
[761.119s][info ][gc,phases      ] GC(58) Compaction Phase 390.555ms
[761.119s][info ][gc,phases,start] GC(58) Post Compact
[761.120s][info ][gc,phases      ] GC(58) Post Compact 1.393ms
[761.120s][info ][gc,heap        ] GC(58) PSYoungGen: 24768K->4312K(2016256K)
[761.120s][info ][gc,heap        ] GC(58) ParOldGen: 227072K->231231K(275968K)
[761.120s][info ][gc,metaspace   ] GC(58) Metaspace: 63610K->63610K(1107968K)
[761.120s][info ][gc             ] GC(58) Pause Full (Ergonomics) 245M->230M(2238M) 618.670ms
[761.120s][info ][gc,cpu         ] GC(58) User=2.24s Sys=0.00s Real=0.62s
[761.120s][info ][safepoint      ] Leaving safepoint region
[761.120s][info ][safepoint      ] Total time for which application threads were stopped: 0.6394749 seconds, Stopping threads took: 0.0000294 seconds
[781.160s][info ][safepoint      ] Application time: 20.0401010 seconds
[781.160s][info ][safepoint      ] Entering safepoint region: RevokeBias
[781.161s][info ][safepoint      ] Leaving safepoint region
[781.161s][info ][safepoint      ] Total time for which application threads were stopped: 0.0001015 seconds, Stopping threads took: 0.0000149 seconds
[809.829s][info ][safepoint      ] Application time: 28.6680999 seconds
[809.829s][info ][safepoint      ] Entering safepoint region: ParallelGCFailedAllocation
[809.829s][info ][gc,start       ] GC(59) Pause Young (Allocation Failure)
[809.871s][debug][gc,phases      ] GC(59) Scavenge 42.354ms
[809.871s][debug][gc,ref         ] GC(59) Skipped phase1 of Reference Processing due to unavailable references
[809.871s][debug][gc,ref         ] GC(59) Skipped phase2 of Reference Processing due to unavailable references
[809.871s][debug][gc,ref         ] GC(59) Skipped phase3 of Reference Processing due to unavailable references
[809.871s][debug][gc,ref         ] GC(59) Skipped phase4 of Reference Processing due to unavailable references
[809.871s][debug][gc,phases      ] GC(59) Reference Processing 0.059ms
[809.872s][debug][gc,phases      ] GC(59) Weak Processing 0.214ms
[809.873s][debug][gc,phases      ] GC(59) Scrub String Table 1.009ms
[809.873s][debug][gc,age         ] GC(59) Desired survivor size 85458944 bytes, new threshold 15 (max threshold 15)
[809.873s][info ][gc,heap        ] GC(59) PSYoungGen: 1939160K->4352K(1939456K)
[809.873s][info ][gc,heap        ] GC(59) ParOldGen: 231231K->231447K(275968K)
[809.873s][info ][gc,metaspace   ] GC(59) Metaspace: 63610K->63610K(1107968K)
[809.873s][info ][gc             ] GC(59) Pause Young (Allocation Failure) 2119M->230M(2163M) 43.804ms
[809.873s][info ][gc,cpu         ] GC(59) User=0.12s Sys=0.05s Real=0.05s
[809.873s][info ][safepoint      ] Leaving safepoint region
[809.873s][info ][safepoint      ] Total time for which application threads were stopped: 0.0441020 seconds, Stopping threads took: 0.0000661 seconds
[823.874s][info ][safepoint      ] Application time: 14.0013570 seconds
[823.874s][info ][safepoint      ] Entering safepoint region: Cleanup
[823.874s][info ][safepoint      ] Leaving safepoint region
[823.874s][info ][safepoint      ] Total time for which application threads were stopped: 0.0001955 seconds, Stopping threads took: 0.0000717 seconds
[841.161s][info ][safepoint      ] Application time: 17.2861154 seconds
[841.161s][info ][safepoint      ] Entering safepoint region: RevokeBias
[841.161s][info ][safepoint      ] Leaving safepoint region
[841.161s][info ][safepoint      ] Total time for which application threads were stopped: 0.0000643 seconds, Stopping threads took: 0.0000147 seconds
[859.530s][info ][safepoint      ] Application time: 18.3691868 seconds
[859.530s][info ][safepoint      ] Entering safepoint region: ParallelGCFailedAllocation
[859.530s][info ][gc,start       ] GC(60) Pause Young (Allocation Failure)
[859.536s][debug][gc,phases      ] GC(60) Scavenge 6.140ms
[859.536s][debug][gc,ref         ] GC(60) Skipped phase1 of Reference Processing due to unavailable references
[859.536s][debug][gc,ref         ] GC(60) Skipped phase2 of Reference Processing due to unavailable references
[859.536s][debug][gc,ref         ] GC(60) Skipped phase3 of Reference Processing due to unavailable references
[859.536s][debug][gc,ref         ] GC(60) Skipped phase4 of Reference Processing due to unavailable references
[859.536s][debug][gc,phases      ] GC(60) Reference Processing 0.043ms
[859.536s][debug][gc,phases      ] GC(60) Weak Processing 0.125ms
[859.537s][debug][gc,phases      ] GC(60) Scrub String Table 0.772ms
[859.537s][debug][gc,age         ] GC(60) Desired survivor size 86507520 bytes, new threshold 15 (max threshold 15)
[859.537s][info ][gc,heap        ] GC(60) PSYoungGen: 1939200K->4368K(2011648K)
[859.537s][info ][gc,heap        ] GC(60) ParOldGen: 231447K->231455K(275968K)
[859.537s][info ][gc,metaspace   ] GC(60) Metaspace: 63610K->63610K(1107968K)
[859.537s][info ][gc             ] GC(60) Pause Young (Allocation Failure) 2119M->230M(2234M) 7.231ms
[859.537s][info ][gc,cpu         ] GC(60) User=0.03s Sys=0.00s Real=0.01s
[859.537s][info ][safepoint      ] Leaving safepoint region
[859.537s][info ][safepoint      ] Total time for which application threads were stopped: 0.0075034 seconds, Stopping threads took: 0.0000609 seconds
[901.160s][info ][safepoint      ] Application time: 41.6231336 seconds
[901.161s][info ][safepoint      ] Entering safepoint region: RevokeBias
[901.161s][info ][safepoint      ] Leaving safepoint region
[901.161s][info ][safepoint      ] Total time for which application threads were stopped: 0.0001818 seconds, Stopping threads took: 0.0000624 seconds
[909.127s][info ][safepoint      ] Application time: 7.9660698 seconds
[909.127s][info ][safepoint      ] Entering safepoint region: ParallelGCFailedAllocation
[909.127s][info ][gc,start       ] GC(61) Pause Young (Allocation Failure)
[909.133s][debug][gc,phases      ] GC(61) Scavenge 6.215ms
[909.133s][debug][gc,ref         ] GC(61) Skipped phase1 of Reference Processing due to unavailable references
[909.133s][debug][gc,ref         ] GC(61) Skipped phase2 of Reference Processing due to unavailable references
[909.133s][debug][gc,ref         ] GC(61) Skipped phase3 of Reference Processing due to unavailable references
[909.133s][debug][gc,ref         ] GC(61) Skipped phase4 of Reference Processing due to unavailable references
[909.133s][debug][gc,phases      ] GC(61) Reference Processing 0.039ms
[909.134s][debug][gc,phases      ] GC(61) Weak Processing 0.130ms
[909.134s][debug][gc,phases      ] GC(61) Scrub String Table 0.797ms
[909.134s][debug][gc,age         ] GC(61) Desired survivor size 86507520 bytes, new threshold 15 (max threshold 15)
[909.134s][info ][gc,heap        ] GC(61) PSYoungGen: 1932560K->4336K(2012672K)
[909.134s][info ][gc,heap        ] GC(61) ParOldGen: 231455K->231463K(275968K)
[909.134s][info ][gc,metaspace   ] GC(61) Metaspace: 63610K->63610K(1107968K)
[909.134s][info ][gc             ] GC(61) Pause Young (Allocation Failure) 2113M->230M(2235M) 7.362ms
[909.134s][info ][gc,cpu         ] GC(61) User=0.01s Sys=0.02s Real=0.01s
[909.134s][info ][safepoint      ] Leaving safepoint region
[909.134s][info ][safepoint      ] Total time for which application threads were stopped: 0.0076488 seconds, Stopping threads took: 0.0000177 seconds
[912.135s][info ][safepoint      ] Application time: 3.0003474 seconds
[912.135s][info ][safepoint      ] Entering safepoint region: Cleanup
[912.135s][info ][safepoint      ] Leaving safepoint region
[912.135s][info ][safepoint      ] Total time for which application threads were stopped: 0.0000957 seconds, Stopping threads took: 0.0000161 seconds
[913.135s][info ][safepoint      ] Application time: 1.0000739 seconds
[913.135s][info ][safepoint      ] Entering safepoint region: Cleanup
[913.135s][info ][safepoint      ] Leaving safepoint region
[913.135s][info ][safepoint      ] Total time for which application threads were stopped: 0.0000700 seconds, Stopping threads took: 0.0000154 seconds
[917.135s][info ][safepoint      ] Application time: 4.0003348 seconds
[917.137s][info ][safepoint      ] Entering safepoint region: Cleanup
[917.137s][info ][safepoint      ] Leaving safepoint region
[917.137s][info ][safepoint      ] Total time for which application threads were stopped: 0.0015348 seconds, Stopping threads took: 0.0013798 seconds
[919.137s][info ][safepoint      ] Application time: 2.0001970 seconds
[919.137s][info ][safepoint      ] Entering safepoint region: Cleanup
[919.137s][info ][safepoint      ] Leaving safepoint region
[919.137s][info ][safepoint      ] Total time for which application threads were stopped: 0.0000710 seconds, Stopping threads took: 0.0000137 seconds
[921.138s][info ][safepoint      ] Application time: 2.0001548 seconds
[921.138s][info ][safepoint      ] Entering safepoint region: Cleanup
[921.138s][info ][safepoint      ] Leaving safepoint region
[921.138s][info ][safepoint      ] Total time for which application threads were stopped: 0.0000706 seconds, Stopping threads took: 0.0000150 seconds
[923.138s][info ][safepoint      ] Application time: 2.0001996 seconds
[923.138s][info ][safepoint      ] Entering safepoint region: Cleanup
[923.138s][info ][safepoint      ] Leaving safepoint region
[923.138s][info ][safepoint      ] Total time for which application threads were stopped: 0.0001765 seconds, Stopping threads took: 0.0000516 seconds
[924.138s][info ][safepoint      ] Application time: 1.0001134 seconds
[924.138s][info ][safepoint      ] Entering safepoint region: Cleanup
[924.138s][info ][safepoint      ] Leaving safepoint region
[924.138s][info ][safepoint      ] Total time for which application threads were stopped: 0.0000828 seconds, Stopping threads took: 0.0000173 seconds
[925.138s][info ][safepoint      ] Application time: 1.0000682 seconds
[925.138s][info ][safepoint      ] Entering safepoint region: Cleanup
[925.138s][info ][safepoint      ] Leaving safepoint region
[925.139s][info ][safepoint      ] Total time for which application threads were stopped: 0.0001156 seconds, Stopping threads took: 0.0000142 seconds
[926.139s][info ][safepoint      ] Application time: 1.0001506 seconds
[926.139s][info ][safepoint      ] Entering safepoint region: Cleanup
[926.139s][info ][safepoint      ] Leaving safepoint region
[926.139s][info ][safepoint      ] Total time for which application threads were stopped: 0.0001051 seconds, Stopping threads took: 0.0000230 seconds
[927.139s][info ][safepoint      ] Application time: 1.0000743 seconds
[927.139s][info ][safepoint      ] Entering safepoint region: Cleanup
[927.139s][info ][safepoint      ] Leaving safepoint region
[927.139s][info ][safepoint      ] Total time for which application threads were stopped: 0.0000660 seconds, Stopping threads took: 0.0000152 seconds
[929.139s][info ][safepoint      ] Application time: 2.0002433 seconds
[929.139s][info ][safepoint      ] Entering safepoint region: Cleanup
[929.139s][info ][safepoint      ] Leaving safepoint region
[929.139s][info ][safepoint      ] Total time for which application threads were stopped: 0.0000778 seconds, Stopping threads took: 0.0000153 seconds
[943.141s][info ][safepoint      ] Application time: 14.0013656 seconds
[943.141s][info ][safepoint      ] Entering safepoint region: Cleanup
[943.141s][info ][safepoint      ] Leaving safepoint region
[943.141s][info ][safepoint      ] Total time for which application threads were stopped: 0.0002056 seconds, Stopping threads took: 0.0000687 seconds
[945.141s][info ][safepoint      ] Application time: 2.0002247 seconds
[945.141s][info ][safepoint      ] Entering safepoint region: Cleanup
[945.141s][info ][safepoint      ] Leaving safepoint region
[945.141s][info ][safepoint      ] Total time for which application threads were stopped: 0.0000681 seconds, Stopping threads took: 0.0000146 seconds
[946.141s][info ][safepoint      ] Application time: 1.0000677 seconds
[946.141s][info ][safepoint      ] Entering safepoint region: Cleanup
[946.141s][info ][safepoint      ] Leaving safepoint region
[946.141s][info ][safepoint      ] Total time for which application threads were stopped: 0.0000847 seconds, Stopping threads took: 0.0000151 seconds
[947.142s][info ][safepoint      ] Application time: 1.0001075 seconds
[947.142s][info ][safepoint      ] Entering safepoint region: Cleanup
[947.142s][info ][safepoint      ] Leaving safepoint region
[947.142s][info ][safepoint      ] Total time for which application threads were stopped: 0.0000802 seconds, Stopping threads took: 0.0000166 seconds
[948.142s][info ][safepoint      ] Application time: 1.0000681 seconds
[948.142s][info ][safepoint      ] Entering safepoint region: Cleanup
[948.142s][info ][safepoint      ] Leaving safepoint region
[948.142s][info ][safepoint      ] Total time for which application threads were stopped: 0.0000874 seconds, Stopping threads took: 0.0000148 seconds
[953.142s][info ][safepoint      ] Application time: 5.0004320 seconds
[953.142s][info ][safepoint      ] Entering safepoint region: Cleanup
[953.142s][info ][safepoint      ] Leaving safepoint region
[953.142s][info ][safepoint      ] Total time for which application threads were stopped: 0.0000738 seconds, Stopping threads took: 0.0000150 seconds
[955.028s][info ][safepoint      ] Application time: 1.8855489 seconds
[955.028s][info ][safepoint      ] Entering safepoint region: ParallelGCFailedAllocation
[955.028s][info ][gc,start       ] GC(62) Pause Young (Allocation Failure)
[955.035s][debug][gc,phases      ] GC(62) Scavenge 6.922ms
[955.035s][debug][gc,ref         ] GC(62) Skipped phase1 of Reference Processing due to unavailable references
[955.035s][debug][gc,ref         ] GC(62) Skipped phase3 of Reference Processing due to unavailable references
[955.035s][debug][gc,phases      ] GC(62) Reference Processing 0.045ms
[955.035s][debug][gc,phases      ] GC(62) Weak Processing 0.124ms
[955.036s][debug][gc,phases      ] GC(62) Scrub String Table 0.782ms
[955.036s][debug][gc,age         ] GC(62) Desired survivor size 85983232 bytes, new threshold 15 (max threshold 15)
[955.036s][info ][gc,heap        ] GC(62) PSYoungGen: 1932528K->4496K(2013184K)
[955.036s][info ][gc,heap        ] GC(62) ParOldGen: 231463K->231695K(275968K)
[955.036s][info ][gc,metaspace   ] GC(62) Metaspace: 63634K->63634K(1107968K)
[955.036s][info ][gc             ] GC(62) Pause Young (Allocation Failure) 2113M->230M(2235M) 8.111ms
[955.036s][info ][gc,cpu         ] GC(62) User=0.03s Sys=0.00s Real=0.01s
[955.036s][info ][safepoint      ] Leaving safepoint region
[955.036s][info ][safepoint      ] Total time for which application threads were stopped: 0.0083858 seconds, Stopping threads took: 0.0000989 seconds
[960.037s][info ][safepoint      ] Application time: 5.0004257 seconds
[960.037s][info ][safepoint      ] Entering safepoint region: Cleanup
[960.037s][info ][safepoint      ] Leaving safepoint region
[960.037s][info ][safepoint      ] Total time for which application threads were stopped: 0.0002513 seconds, Stopping threads took: 0.0000836 seconds
[961.037s][info ][safepoint      ] Application time: 1.0000858 seconds
[961.037s][info ][safepoint      ] Entering safepoint region: Cleanup
[961.037s][info ][safepoint      ] Leaving safepoint region
[961.037s][info ][safepoint      ] Total time for which application threads were stopped: 0.0000765 seconds, Stopping threads took: 0.0000164 seconds
[962.037s][info ][safepoint      ] Application time: 1.0000704 seconds
[962.037s][info ][safepoint      ] Entering safepoint region: Cleanup
[962.038s][info ][safepoint      ] Leaving safepoint region
[962.038s][info ][safepoint      ] Total time for which application threads were stopped: 0.0000800 seconds, Stopping threads took: 0.0000163 seconds
[965.038s][info ][safepoint      ] Application time: 3.0002749 seconds
[965.038s][info ][safepoint      ] Entering safepoint region: Cleanup
[965.038s][info ][safepoint      ] Leaving safepoint region
[965.038s][info ][safepoint      ] Total time for which application threads were stopped: 0.0000900 seconds, Stopping threads took: 0.0000149 seconds
[966.038s][info ][safepoint      ] Application time: 1.0001180 seconds
[966.038s][info ][safepoint      ] Entering safepoint region: Cleanup
[966.038s][info ][safepoint      ] Leaving safepoint region
[966.038s][info ][safepoint      ] Total time for which application threads were stopped: 0.0001193 seconds, Stopping threads took: 0.0000489 seconds
[968.038s][info ][safepoint      ] Application time: 2.0001821 seconds
[968.038s][info ][safepoint      ] Entering safepoint region: Cleanup
[968.039s][info ][safepoint      ] Leaving safepoint region
[968.039s][info ][safepoint      ] Total time for which application threads were stopped: 0.0000932 seconds, Stopping threads took: 0.0000144 seconds
[971.039s][info ][safepoint      ] Application time: 3.0002745 seconds
[971.039s][info ][safepoint      ] Entering safepoint region: Cleanup
[971.039s][info ][safepoint      ] Leaving safepoint region
[971.039s][info ][safepoint      ] Total time for which application threads were stopped: 0.0000761 seconds, Stopping threads took: 0.0000148 seconds
[972.024s][info ][safepoint      ] Application time: 0.9849809 seconds
[972.024s][info ][safepoint      ] Entering safepoint region: RevokeBias
[972.024s][info ][safepoint      ] Leaving safepoint region
[972.024s][info ][safepoint      ] Total time for which application threads were stopped: 0.0002262 seconds, Stopping threads took: 0.0000672 seconds
[972.026s][info ][safepoint      ] Application time: 0.0020527 seconds
[972.026s][info ][safepoint      ] Entering safepoint region: RevokeBias
[972.026s][info ][safepoint      ] Leaving safepoint region
[972.026s][info ][safepoint      ] Total time for which application threads were stopped: 0.0000382 seconds, Stopping threads took: 0.0000096 seconds
[974.027s][info ][safepoint      ] Application time: 2.0001956 seconds
[974.027s][info ][safepoint      ] Entering safepoint region: Cleanup
[974.027s][info ][safepoint      ] Leaving safepoint region
[974.027s][info ][safepoint      ] Total time for which application threads were stopped: 0.0001044 seconds, Stopping threads took: 0.0000341 seconds
[975.027s][info ][safepoint      ] Application time: 1.0001621 seconds
[975.027s][info ][safepoint      ] Entering safepoint region: Cleanup
[975.027s][info ][safepoint      ] Leaving safepoint region
[975.027s][info ][safepoint      ] Total time for which application threads were stopped: 0.0001440 seconds, Stopping threads took: 0.0000746 seconds
[978.027s][info ][safepoint      ] Application time: 3.0002592 seconds
[978.028s][info ][safepoint      ] Entering safepoint region: Cleanup
[978.028s][info ][safepoint      ] Leaving safepoint region
[978.028s][info ][safepoint      ] Total time for which application threads were stopped: 0.0007890 seconds, Stopping threads took: 0.0006898 seconds
[982.028s][info ][safepoint      ] Application time: 4.0003176 seconds
[982.029s][info ][safepoint      ] Entering safepoint region: Cleanup
[982.029s][info ][safepoint      ] Leaving safepoint region
[982.029s][info ][safepoint      ] Total time for which application threads were stopped: 0.0001146 seconds, Stopping threads took: 0.0000366 seconds
[985.029s][info ][safepoint      ] Application time: 3.0003027 seconds
[985.029s][info ][safepoint      ] Entering safepoint region: Cleanup
[985.029s][info ][safepoint      ] Leaving safepoint region
[985.029s][info ][safepoint      ] Total time for which application threads were stopped: 0.0001018 seconds, Stopping threads took: 0.0000369 seconds
[986.029s][info ][safepoint      ] Application time: 1.0001148 seconds
[986.029s][info ][safepoint      ] Entering safepoint region: Cleanup
[986.029s][info ][safepoint      ] Leaving safepoint region
[986.029s][info ][safepoint      ] Total time for which application threads were stopped: 0.0001232 seconds, Stopping threads took: 0.0000426 seconds
[987.029s][info ][safepoint      ] Application time: 1.0000610 seconds
[987.029s][info ][safepoint      ] Entering safepoint region: Cleanup
[987.030s][info ][safepoint      ] Leaving safepoint region
[987.030s][info ][safepoint      ] Total time for which application threads were stopped: 0.0001257 seconds, Stopping threads took: 0.0000469 seconds
[988.030s][info ][safepoint      ] Application time: 1.0001283 seconds
[988.030s][info ][safepoint      ] Entering safepoint region: Cleanup
[988.030s][info ][safepoint      ] Leaving safepoint region
[988.030s][info ][safepoint      ] Total time for which application threads were stopped: 0.0003107 seconds, Stopping threads took: 0.0001075 seconds
[989.030s][info ][safepoint      ] Application time: 1.0000947 seconds
[989.030s][info ][safepoint      ] Entering safepoint region: Cleanup
[989.030s][info ][safepoint      ] Leaving safepoint region
[989.030s][info ][safepoint      ] Total time for which application threads were stopped: 0.0002304 seconds, Stopping threads took: 0.0001168 seconds
[990.030s][info ][safepoint      ] Application time: 1.0000969 seconds
[990.031s][info ][safepoint      ] Entering safepoint region: Cleanup
[990.031s][info ][safepoint      ] Leaving safepoint region
[990.031s][info ][safepoint      ] Total time for which application threads were stopped: 0.0001337 seconds, Stopping threads took: 0.0000650 seconds
[991.031s][info ][safepoint      ] Application time: 1.0001156 seconds
[991.031s][info ][safepoint      ] Entering safepoint region: Cleanup
[991.031s][info ][safepoint      ] Leaving safepoint region
[991.031s][info ][safepoint      ] Total time for which application threads were stopped: 0.0001579 seconds, Stopping threads took: 0.0000789 seconds
[992.031s][info ][safepoint      ] Application time: 1.0001116 seconds
[992.031s][info ][safepoint      ] Entering safepoint region: Cleanup
[992.031s][info ][safepoint      ] Leaving safepoint region
[992.031s][info ][safepoint      ] Total time for which application threads were stopped: 0.0001069 seconds, Stopping threads took: 0.0000420 seconds
[994.031s][info ][safepoint      ] Application time: 2.0001663 seconds
[994.031s][info ][safepoint      ] Entering safepoint region: Cleanup
[994.032s][info ][safepoint      ] Leaving safepoint region
[994.032s][info ][safepoint      ] Total time for which application threads were stopped: 0.0001242 seconds, Stopping threads took: 0.0000551 seconds
[996.032s][info ][safepoint      ] Application time: 2.0001726 seconds
[996.032s][info ][safepoint      ] Entering safepoint region: Cleanup
[996.032s][info ][safepoint      ] Leaving safepoint region
[996.032s][info ][safepoint      ] Total time for which application threads were stopped: 0.0001094 seconds, Stopping threads took: 0.0000393 seconds
[997.032s][info ][safepoint      ] Application time: 1.0000784 seconds
[997.032s][info ][safepoint      ] Entering safepoint region: Cleanup
[997.032s][info ][safepoint      ] Leaving safepoint region
[997.032s][info ][safepoint      ] Total time for which application threads were stopped: 0.0000885 seconds, Stopping threads took: 0.0000153 seconds
[997.251s][info ][safepoint      ] Application time: 0.2189495 seconds
[997.251s][info ][safepoint      ] Entering safepoint region: ParallelGCFailedAllocation
[997.251s][info ][gc,start       ] GC(63) Pause Young (Allocation Failure)
[997.258s][debug][gc,phases      ] GC(63) Scavenge 6.785ms
[997.258s][debug][gc,ref         ] GC(63) Skipped phase1 of Reference Processing due to unavailable references
[997.258s][debug][gc,ref         ] GC(63) Skipped phase3 of Reference Processing due to unavailable references
[997.258s][debug][gc,ref         ] GC(63) Skipped phase4 of Reference Processing due to unavailable references
[997.258s][debug][gc,phases      ] GC(63) Reference Processing 0.042ms
[997.258s][debug][gc,phases      ] GC(63) Weak Processing 0.201ms
[997.262s][debug][gc,phases      ] GC(63) Scrub String Table 4.083ms
[997.262s][debug][gc,age         ] GC(63) Desired survivor size 84410368 bytes, new threshold 15 (max threshold 15)
[997.262s][info ][gc,heap        ] GC(63) PSYoungGen: 1933200K->4384K(2012672K)
[997.262s][info ][gc,heap        ] GC(63) ParOldGen: 231695K->231984K(275968K)
[997.262s][info ][gc,metaspace   ] GC(63) Metaspace: 63659K->63659K(1107968K)
[997.262s][info ][gc             ] GC(63) Pause Young (Allocation Failure) 2114M->230M(2235M) 11.309ms
[997.262s][info ][gc,cpu         ] GC(63) User=0.02s Sys=0.01s Real=0.01s
[997.263s][info ][safepoint      ] Leaving safepoint region
[997.263s][info ][safepoint      ] Total time for which application threads were stopped: 0.0114904 seconds, Stopping threads took: 0.0000142 seconds
[1006.263s][info ][safepoint      ] Application time: 9.0009152 seconds
[1006.264s][info ][safepoint      ] Entering safepoint region: Cleanup
[1006.264s][info ][safepoint      ] Leaving safepoint region
[1006.264s][info ][safepoint      ] Total time for which application threads were stopped: 0.0001063 seconds, Stopping threads took: 0.0000330 seconds
[1009.264s][info ][safepoint      ] Application time: 3.0002467 seconds
[1009.264s][info ][safepoint      ] Entering safepoint region: Cleanup
[1009.264s][info ][safepoint      ] Leaving safepoint region
[1009.264s][info ][safepoint      ] Total time for which application threads were stopped: 0.0000978 seconds, Stopping threads took: 0.0000179 seconds
[1010.264s][info ][safepoint      ] Application time: 1.0000554 seconds
[1010.264s][info ][safepoint      ] Entering safepoint region: Cleanup
[1010.264s][info ][safepoint      ] Leaving safepoint region
[1010.264s][info ][safepoint      ] Total time for which application threads were stopped: 0.0000783 seconds, Stopping threads took: 0.0000166 seconds
[1013.264s][info ][safepoint      ] Application time: 3.0002355 seconds
[1013.265s][info ][safepoint      ] Entering safepoint region: Cleanup
[1013.265s][info ][safepoint      ] Leaving safepoint region
[1013.265s][info ][safepoint      ] Total time for which application threads were stopped: 0.0001778 seconds, Stopping threads took: 0.0000595 seconds
[1017.265s][info ][safepoint      ] Application time: 4.0003366 seconds
[1017.265s][info ][safepoint      ] Entering safepoint region: Cleanup
[1017.265s][info ][safepoint      ] Leaving safepoint region
[1017.265s][info ][safepoint      ] Total time for which application threads were stopped: 0.0000971 seconds, Stopping threads took: 0.0000168 seconds
[1019.265s][info ][safepoint      ] Application time: 2.0002261 seconds
[1019.265s][info ][safepoint      ] Entering safepoint region: Cleanup
[1019.265s][info ][safepoint      ] Leaving safepoint region
[1019.265s][info ][safepoint      ] Total time for which application threads were stopped: 0.0001230 seconds, Stopping threads took: 0.0000162 seconds
[1021.266s][info ][safepoint      ] Application time: 2.0001927 seconds
[1021.266s][info ][safepoint      ] Entering safepoint region: Cleanup
[1021.266s][info ][safepoint      ] Leaving safepoint region
[1021.266s][info ][safepoint      ] Total time for which application threads were stopped: 0.0000754 seconds, Stopping threads took: 0.0000158 seconds
[1023.266s][info ][safepoint      ] Application time: 2.0001298 seconds
[1023.266s][info ][safepoint      ] Entering safepoint region: Cleanup
[1023.266s][info ][safepoint      ] Leaving safepoint region
[1023.266s][info ][safepoint      ] Total time for which application threads were stopped: 0.0000758 seconds, Stopping threads took: 0.0000178 seconds
[1028.267s][info ][safepoint      ] Application time: 5.0005111 seconds
[1028.267s][info ][safepoint      ] Entering safepoint region: Cleanup
[1028.267s][info ][safepoint      ] Leaving safepoint region
[1028.267s][info ][safepoint      ] Total time for which application threads were stopped: 0.0000759 seconds, Stopping threads took: 0.0000160 seconds
[1029.267s][info ][safepoint      ] Application time: 1.0000760 seconds
[1029.267s][info ][safepoint      ] Entering safepoint region: Cleanup
[1029.267s][info ][safepoint      ] Leaving safepoint region
[1029.267s][info ][safepoint      ] Total time for which application threads were stopped: 0.0000774 seconds, Stopping threads took: 0.0000174 seconds
[1036.268s][info ][safepoint      ] Application time: 7.0006570 seconds
[1036.268s][info ][safepoint      ] Entering safepoint region: Cleanup
[1036.268s][info ][safepoint      ] Leaving safepoint region
[1036.268s][info ][safepoint      ] Total time for which application threads were stopped: 0.0000949 seconds, Stopping threads took: 0.0000309 seconds
[1038.627s][info ][safepoint      ] Application time: 2.3594798 seconds
[1038.627s][info ][safepoint      ] Entering safepoint region: ParallelGCFailedAllocation
[1038.627s][info ][gc,start       ] GC(64) Pause Young (Allocation Failure)
[1038.634s][debug][gc,phases      ] GC(64) Scavenge 6.265ms
[1038.634s][debug][gc,ref         ] GC(64) Skipped phase1 of Reference Processing due to unavailable references
[1038.634s][debug][gc,ref         ] GC(64) Skipped phase3 of Reference Processing due to unavailable references
[1038.634s][debug][gc,phases      ] GC(64) Reference Processing 0.036ms
[1038.634s][debug][gc,phases      ] GC(64) Weak Processing 0.121ms
[1038.635s][debug][gc,phases      ] GC(64) Scrub String Table 0.663ms
[1038.635s][debug][gc,age         ] GC(64) Desired survivor size 82837504 bytes, new threshold 15 (max threshold 15)
[1038.635s][info ][gc,heap        ] GC(64) PSYoungGen: 1933088K->3984K(2016256K)
[1038.635s][info ][gc,heap        ] GC(64) ParOldGen: 231984K->232244K(275968K)
[1038.635s][info ][gc,metaspace   ] GC(64) Metaspace: 63683K->63683K(1107968K)
[1038.635s][info ][gc             ] GC(64) Pause Young (Allocation Failure) 2114M->230M(2238M) 7.236ms
[1038.635s][info ][gc,cpu         ] GC(64) User=0.03s Sys=0.00s Real=0.01s
[1038.635s][info ][safepoint      ] Leaving safepoint region
[1038.635s][info ][safepoint      ] Total time for which application threads were stopped: 0.0074319 seconds, Stopping threads took: 0.0000392 seconds
[1046.636s][info ][safepoint      ] Application time: 8.0010049 seconds
[1046.636s][info ][safepoint      ] Entering safepoint region: Cleanup
[1046.636s][info ][safepoint      ] Leaving safepoint region
[1046.636s][info ][safepoint      ] Total time for which application threads were stopped: 0.0000728 seconds, Stopping threads took: 0.0000152 seconds
[1069.638s][info ][safepoint      ] Application time: 23.0023113 seconds
[1069.638s][info ][safepoint      ] Entering safepoint region: Cleanup
[1069.638s][info ][safepoint      ] Leaving safepoint region
[1069.638s][info ][safepoint      ] Total time for which application threads were stopped: 0.0002178 seconds, Stopping threads took: 0.0000783 seconds
[1071.224s][info ][safepoint      ] Application time: 1.5851537 seconds
[1071.224s][info ][safepoint      ] Entering safepoint region: RevokeBias
[1071.224s][info ][safepoint      ] Leaving safepoint region
[1071.224s][info ][safepoint      ] Total time for which application threads were stopped: 0.0001021 seconds, Stopping threads took: 0.0000184 seconds
[1072.224s][info ][safepoint      ] Application time: 1.0001288 seconds
[1072.224s][info ][safepoint      ] Entering safepoint region: Cleanup
[1072.224s][info ][safepoint      ] Leaving safepoint region
[1072.224s][info ][safepoint      ] Total time for which application threads were stopped: 0.0000727 seconds, Stopping threads took: 0.0000154 seconds
[1072.931s][info ][safepoint      ] Application time: 0.7073503 seconds
[1072.931s][info ][safepoint      ] Entering safepoint region: RevokeBias
[1072.931s][info ][safepoint      ] Leaving safepoint region
[1072.931s][info ][safepoint      ] Total time for which application threads were stopped: 0.0000876 seconds, Stopping threads took: 0.0000146 seconds
[1073.931s][info ][safepoint      ] Application time: 1.0000888 seconds
[1073.932s][info ][safepoint      ] Entering safepoint region: Cleanup
[1073.932s][info ][safepoint      ] Leaving safepoint region
[1073.932s][info ][safepoint      ] Total time for which application threads were stopped: 0.0001023 seconds, Stopping threads took: 0.0000149 seconds
[1074.932s][info ][safepoint      ] Application time: 1.0000772 seconds
[1074.932s][info ][safepoint      ] Entering safepoint region: Cleanup
[1074.932s][info ][safepoint      ] Leaving safepoint region
[1074.932s][info ][safepoint      ] Total time for which application threads were stopped: 0.0000747 seconds, Stopping threads took: 0.0000149 seconds
[1079.932s][info ][safepoint      ] Application time: 5.0004101 seconds
[1079.932s][info ][safepoint      ] Entering safepoint region: Cleanup
[1079.932s][info ][safepoint      ] Leaving safepoint region
[1079.932s][info ][safepoint      ] Total time for which application threads were stopped: 0.0000757 seconds, Stopping threads took: 0.0000144 seconds
[1083.933s][info ][safepoint      ] Application time: 4.0005923 seconds
[1083.933s][info ][safepoint      ] Entering safepoint region: Cleanup
[1083.933s][info ][safepoint      ] Leaving safepoint region
[1083.933s][info ][safepoint      ] Total time for which application threads were stopped: 0.0000691 seconds, Stopping threads took: 0.0000154 seconds
[1084.630s][info ][safepoint      ] Application time: 0.6966036 seconds
[1084.630s][info ][safepoint      ] Entering safepoint region: ParallelGCFailedAllocation
[1084.630s][info ][gc,start       ] GC(65) Pause Young (Allocation Failure)
[1084.637s][debug][gc,phases      ] GC(65) Scavenge 6.680ms
[1084.637s][debug][gc,ref         ] GC(65) Skipped phase1 of Reference Processing due to unavailable references
[1084.637s][debug][gc,ref         ] GC(65) Skipped phase3 of Reference Processing due to unavailable references
[1084.637s][debug][gc,ref         ] GC(65) Skipped phase4 of Reference Processing due to unavailable references
[1084.637s][debug][gc,phases      ] GC(65) Reference Processing 0.290ms
[1084.637s][debug][gc,phases      ] GC(65) Weak Processing 0.122ms
[1084.638s][debug][gc,phases      ] GC(65) Scrub String Table 0.707ms
[1084.638s][debug][gc,age         ] GC(65) Desired survivor size 80740352 bytes, new threshold 15 (max threshold 15)
[1084.638s][info ][gc,heap        ] GC(65) PSYoungGen: 1937808K->2720K(2014720K)
[1084.638s][info ][gc,heap        ] GC(65) ParOldGen: 232244K->233624K(275968K)
[1084.638s][info ][gc,metaspace   ] GC(65) Metaspace: 63709K->63709K(1107968K)
[1084.638s][info ][gc             ] GC(65) Pause Young (Allocation Failure) 2119M->230M(2237M) 7.963ms
[1084.638s][info ][gc,cpu         ] GC(65) User=0.02s Sys=0.01s Real=0.01s
[1084.638s][info ][safepoint      ] Leaving safepoint region
[1084.638s][info ][safepoint      ] Total time for which application threads were stopped: 0.0081400 seconds, Stopping threads took: 0.0000147 seconds
[1089.638s][info ][safepoint      ] Application time: 5.0005015 seconds
[1089.638s][info ][safepoint      ] Entering safepoint region: Cleanup
[1089.639s][info ][safepoint      ] Leaving safepoint region
[1089.639s][info ][safepoint      ] Total time for which application threads were stopped: 0.0002179 seconds, Stopping threads took: 0.0000748 seconds
[1093.639s][info ][safepoint      ] Application time: 4.0003273 seconds
[1093.639s][info ][safepoint      ] Entering safepoint region: Cleanup
[1093.639s][info ][safepoint      ] Leaving safepoint region
[1093.639s][info ][safepoint      ] Total time for which application threads were stopped: 0.0001248 seconds, Stopping threads took: 0.0000626 seconds
[1095.639s][info ][safepoint      ] Application time: 2.0001409 seconds
[1095.639s][info ][safepoint      ] Entering safepoint region: Cleanup
[1095.639s][info ][safepoint      ] Leaving safepoint region
[1095.639s][info ][safepoint      ] Total time for which application threads were stopped: 0.0000699 seconds, Stopping threads took: 0.0000149 seconds
[1105.640s][info ][safepoint      ] Application time: 10.0008124 seconds
[1105.640s][info ][safepoint      ] Entering safepoint region: Cleanup
[1105.640s][info ][safepoint      ] Leaving safepoint region
[1105.640s][info ][safepoint      ] Total time for which application threads were stopped: 0.0000667 seconds, Stopping threads took: 0.0000140 seconds
[1106.640s][info ][safepoint      ] Application time: 1.0001134 seconds
[1106.640s][info ][safepoint      ] Entering safepoint region: Cleanup
[1106.640s][info ][safepoint      ] Leaving safepoint region
[1106.640s][info ][safepoint      ] Total time for which application threads were stopped: 0.0000659 seconds, Stopping threads took: 0.0000142 seconds
[1107.641s][info ][safepoint      ] Application time: 1.0001056 seconds
[1107.641s][info ][safepoint      ] Entering safepoint region: Cleanup
[1107.641s][info ][safepoint      ] Leaving safepoint region
[1107.641s][info ][safepoint      ] Total time for which application threads were stopped: 0.0000672 seconds, Stopping threads took: 0.0000147 seconds
[1108.641s][info ][safepoint      ] Application time: 1.0001173 seconds
[1108.641s][info ][safepoint      ] Entering safepoint region: Cleanup
[1108.641s][info ][safepoint      ] Leaving safepoint region
[1108.641s][info ][safepoint      ] Total time for which application threads were stopped: 0.0000634 seconds, Stopping threads took: 0.0000142 seconds
[1109.641s][info ][safepoint      ] Application time: 1.0000779 seconds
[1109.641s][info ][safepoint      ] Entering safepoint region: Cleanup
[1109.641s][info ][safepoint      ] Leaving safepoint region
[1109.641s][info ][safepoint      ] Total time for which application threads were stopped: 0.0000641 seconds, Stopping threads took: 0.0000149 seconds
[1118.642s][info ][safepoint      ] Application time: 9.0009258 seconds
[1118.642s][info ][safepoint      ] Entering safepoint region: Cleanup
[1118.642s][info ][safepoint      ] Leaving safepoint region
[1118.642s][info ][safepoint      ] Total time for which application threads were stopped: 0.0001759 seconds, Stopping threads took: 0.0000564 seconds
[1126.643s][info ][safepoint      ] Application time: 8.0007011 seconds
[1126.643s][info ][safepoint      ] Entering safepoint region: Cleanup
[1126.643s][info ][safepoint      ] Leaving safepoint region
[1126.643s][info ][safepoint      ] Total time for which application threads were stopped: 0.0001208 seconds, Stopping threads took: 0.0000331 seconds
[1127.643s][info ][safepoint      ] Application time: 1.0000673 seconds
[1127.643s][info ][safepoint      ] Entering safepoint region: Cleanup
[1127.643s][info ][safepoint      ] Leaving safepoint region
[1127.643s][info ][safepoint      ] Total time for which application threads were stopped: 0.0001082 seconds, Stopping threads took: 0.0000152 seconds
[1128.428s][info ][safepoint      ] Application time: 0.7847565 seconds
[1128.428s][info ][safepoint      ] Entering safepoint region: ParallelGCFailedAllocation
[1128.428s][info ][gc,start       ] GC(66) Pause Young (Allocation Failure)
[1128.435s][debug][gc,phases      ] GC(66) Scavenge 6.287ms
[1128.435s][debug][gc,ref         ] GC(66) Skipped phase1 of Reference Processing due to unavailable references
[1128.435s][debug][gc,ref         ] GC(66) Skipped phase3 of Reference Processing due to unavailable references
[1128.435s][debug][gc,ref         ] GC(66) Skipped phase4 of Reference Processing due to unavailable references
[1128.435s][debug][gc,phases      ] GC(66) Reference Processing 0.038ms
[1128.435s][debug][gc,phases      ] GC(66) Weak Processing 0.135ms
[1128.436s][debug][gc,phases      ] GC(66) Scrub String Table 0.713ms
[1128.436s][debug][gc,age         ] GC(66) Desired survivor size 78643200 bytes, new threshold 15 (max threshold 15)
[1128.436s][info ][gc,heap        ] GC(66) PSYoungGen: 1936544K->2528K(2020352K)
[1128.436s][info ][gc,heap        ] GC(66) ParOldGen: 233624K->233844K(275968K)
[1128.436s][info ][gc,metaspace   ] GC(66) Metaspace: 63752K->63752K(1107968K)
[1128.436s][info ][gc             ] GC(66) Pause Young (Allocation Failure) 2119M->230M(2242M) 7.318ms
[1128.436s][info ][gc,cpu         ] GC(66) User=0.03s Sys=0.00s Real=0.01s
[1128.436s][info ][safepoint      ] Leaving safepoint region
[1128.436s][info ][safepoint      ] Total time for which application threads were stopped: 0.0076424 seconds, Stopping threads took: 0.0000895 seconds
[1129.436s][info ][safepoint      ] Application time: 1.0000796 seconds
[1129.436s][info ][safepoint      ] Entering safepoint region: Cleanup
[1129.436s][info ][safepoint      ] Leaving safepoint region
[1129.436s][info ][safepoint      ] Total time for which application threads were stopped: 0.0000842 seconds, Stopping threads took: 0.0000145 seconds
[1132.436s][info ][safepoint      ] Application time: 3.0002984 seconds
[1132.436s][info ][safepoint      ] Entering safepoint region: Cleanup
[1132.436s][info ][safepoint      ] Leaving safepoint region
[1132.436s][info ][safepoint      ] Total time for which application threads were stopped: 0.0000697 seconds, Stopping threads took: 0.0000150 seconds
[1136.437s][info ][safepoint      ] Application time: 4.0003545 seconds
[1136.437s][info ][safepoint      ] Entering safepoint region: Cleanup
[1136.437s][info ][safepoint      ] Leaving safepoint region
[1136.437s][info ][safepoint      ] Total time for which application threads were stopped: 0.0001125 seconds, Stopping threads took: 0.0000544 seconds
[1137.437s][info ][safepoint      ] Application time: 1.0001085 seconds
[1137.437s][info ][safepoint      ] Entering safepoint region: Cleanup
[1137.437s][info ][safepoint      ] Leaving safepoint region
[1137.437s][info ][safepoint      ] Total time for which application threads were stopped: 0.0000696 seconds, Stopping threads took: 0.0000135 seconds
[1138.437s][info ][safepoint      ] Application time: 1.0001125 seconds
[1138.437s][info ][safepoint      ] Entering safepoint region: Cleanup
[1138.437s][info ][safepoint      ] Leaving safepoint region
[1138.437s][info ][safepoint      ] Total time for which application threads were stopped: 0.0000672 seconds, Stopping threads took: 0.0000144 seconds
[1141.438s][info ][safepoint      ] Application time: 3.0002956 seconds
[1141.438s][info ][safepoint      ] Entering safepoint region: Cleanup
[1141.438s][info ][safepoint      ] Leaving safepoint region
[1141.438s][info ][safepoint      ] Total time for which application threads were stopped: 0.0000663 seconds, Stopping threads took: 0.0000139 seconds
[1147.438s][info ][safepoint      ] Application time: 6.0006516 seconds
[1147.438s][info ][safepoint      ] Entering safepoint region: Cleanup
[1147.438s][info ][safepoint      ] Leaving safepoint region
[1147.438s][info ][safepoint      ] Total time for which application threads were stopped: 0.0001666 seconds, Stopping threads took: 0.0000455 seconds
[1148.439s][info ][safepoint      ] Application time: 1.0001432 seconds
[1148.439s][info ][safepoint      ] Entering safepoint region: Cleanup
[1148.439s][info ][safepoint      ] Leaving safepoint region
[1148.439s][info ][safepoint      ] Total time for which application threads were stopped: 0.0000764 seconds, Stopping threads took: 0.0000151 seconds
[1152.439s][info ][safepoint      ] Application time: 4.0003919 seconds
[1152.439s][info ][safepoint      ] Entering safepoint region: Cleanup
[1152.439s][info ][safepoint      ] Leaving safepoint region
[1152.439s][info ][safepoint      ] Total time for which application threads were stopped: 0.0000755 seconds, Stopping threads took: 0.0000148 seconds
[1153.439s][info ][safepoint      ] Application time: 1.0000779 seconds
[1153.439s][info ][safepoint      ] Entering safepoint region: Cleanup
[1153.439s][info ][safepoint      ] Leaving safepoint region
[1153.439s][info ][safepoint      ] Total time for which application threads were stopped: 0.0001045 seconds, Stopping threads took: 0.0000271 seconds
[1155.440s][info ][safepoint      ] Application time: 2.0001833 seconds
[1155.440s][info ][safepoint      ] Entering safepoint region: Cleanup
[1155.440s][info ][safepoint      ] Leaving safepoint region
[1155.440s][info ][safepoint      ] Total time for which application threads were stopped: 0.0000879 seconds, Stopping threads took: 0.0000295 seconds
[1157.440s][info ][safepoint      ] Application time: 2.0001558 seconds
[1157.440s][info ][safepoint      ] Entering safepoint region: Cleanup
[1157.440s][info ][safepoint      ] Leaving safepoint region
[1157.440s][info ][safepoint      ] Total time for which application threads were stopped: 0.0000965 seconds, Stopping threads took: 0.0000299 seconds
[1159.440s][info ][safepoint      ] Application time: 2.0001361 seconds
[1159.440s][info ][safepoint      ] Entering safepoint region: Cleanup
[1159.440s][info ][safepoint      ] Leaving safepoint region
[1159.440s][info ][safepoint      ] Total time for which application threads were stopped: 0.0000789 seconds, Stopping threads took: 0.0000163 seconds
[1160.440s][info ][safepoint      ] Application time: 1.0001063 seconds
[1160.440s][info ][safepoint      ] Entering safepoint region: Cleanup
[1160.441s][info ][safepoint      ] Leaving safepoint region
[1160.441s][info ][safepoint      ] Total time for which application threads were stopped: 0.0000728 seconds, Stopping threads took: 0.0000155 seconds
[1164.441s][info ][safepoint      ] Application time: 4.0003625 seconds
[1164.441s][info ][safepoint      ] Entering safepoint region: Cleanup
[1164.441s][info ][safepoint      ] Leaving safepoint region
[1164.441s][info ][safepoint      ] Total time for which application threads were stopped: 0.0000766 seconds, Stopping threads took: 0.0000154 seconds
[1167.441s][info ][safepoint      ] Application time: 3.0001802 seconds
[1167.441s][info ][safepoint      ] Entering safepoint region: Cleanup
[1167.441s][info ][safepoint      ] Leaving safepoint region
[1167.441s][info ][safepoint      ] Total time for which application threads were stopped: 0.0000705 seconds, Stopping threads took: 0.0000149 seconds
[1170.442s][info ][safepoint      ] Application time: 3.0002229 seconds
[1170.442s][info ][safepoint      ] Entering safepoint region: Cleanup
[1170.442s][info ][safepoint      ] Leaving safepoint region
[1170.442s][info ][safepoint      ] Total time for which application threads were stopped: 0.0002134 seconds, Stopping threads took: 0.0000269 seconds
[1171.278s][info ][safepoint      ] Application time: 0.8365091 seconds
[1171.278s][info ][safepoint      ] Entering safepoint region: ParallelGCFailedAllocation
[1171.278s][info ][gc,start       ] GC(67) Pause Young (Allocation Failure)
[1171.285s][debug][gc,phases      ] GC(67) Scavenge 6.164ms
[1171.285s][debug][gc,ref         ] GC(67) Skipped phase1 of Reference Processing due to unavailable references
[1171.285s][debug][gc,ref         ] GC(67) Skipped phase3 of Reference Processing due to unavailable references
[1171.285s][debug][gc,phases      ] GC(67) Reference Processing 0.053ms
[1171.285s][debug][gc,phases      ] GC(67) Weak Processing 0.212ms
[1171.286s][debug][gc,phases      ] GC(67) Scrub String Table 1.060ms
[1171.286s][debug][gc,age         ] GC(67) Desired survivor size 75497472 bytes, new threshold 15 (max threshold 15)
[1171.286s][info ][gc,heap        ] GC(67) PSYoungGen: 1944032K->2672K(2018304K)
[1171.286s][info ][gc,heap        ] GC(67) ParOldGen: 233844K->234396K(275968K)
[1171.286s][info ][gc,metaspace   ] GC(67) Metaspace: 63801K->63801K(1107968K)
[1171.286s][info ][gc             ] GC(67) Pause Young (Allocation Failure) 2126M->231M(2240M) 7.643ms
[1171.286s][info ][gc,cpu         ] GC(67) User=0.01s Sys=0.01s Real=0.01s
[1171.286s][info ][safepoint      ] Leaving safepoint region
[1171.286s][info ][safepoint      ] Total time for which application threads were stopped: 0.0078201 seconds, Stopping threads took: 0.0000160 seconds
[1180.287s][info ][safepoint      ] Application time: 9.0007532 seconds
[1180.287s][info ][safepoint      ] Entering safepoint region: Cleanup
[1180.287s][info ][safepoint      ] Leaving safepoint region
[1180.287s][info ][safepoint      ] Total time for which application threads were stopped: 0.0000784 seconds, Stopping threads took: 0.0000157 seconds
[1187.288s][info ][safepoint      ] Application time: 7.0006790 seconds
[1187.288s][info ][safepoint      ] Entering safepoint region: Cleanup
[1187.288s][info ][safepoint      ] Leaving safepoint region
[1187.288s][info ][safepoint      ] Total time for which application threads were stopped: 0.0002443 seconds, Stopping threads took: 0.0000844 seconds
[1200.289s][info ][safepoint      ] Application time: 13.0012137 seconds
[1200.289s][info ][safepoint      ] Entering safepoint region: Cleanup
[1200.289s][info ][safepoint      ] Leaving safepoint region
[1200.289s][info ][safepoint      ] Total time for which application threads were stopped: 0.0000927 seconds, Stopping threads took: 0.0000338 seconds
[1202.289s][info ][safepoint      ] Application time: 2.0001744 seconds
[1202.290s][info ][safepoint      ] Entering safepoint region: Cleanup
[1202.290s][info ][safepoint      ] Leaving safepoint region
[1202.290s][info ][safepoint      ] Total time for which application threads were stopped: 0.0000860 seconds, Stopping threads took: 0.0000143 seconds
[1206.290s][info ][safepoint      ] Application time: 4.0004305 seconds
[1206.290s][info ][safepoint      ] Entering safepoint region: Cleanup
[1206.290s][info ][safepoint      ] Leaving safepoint region
[1206.290s][info ][safepoint      ] Total time for which application threads were stopped: 0.0000726 seconds, Stopping threads took: 0.0000150 seconds
[1209.290s][info ][safepoint      ] Application time: 3.0002824 seconds
[1209.290s][info ][safepoint      ] Entering safepoint region: Cleanup
[1209.291s][info ][safepoint      ] Leaving safepoint region
[1209.291s][info ][safepoint      ] Total time for which application threads were stopped: 0.0000737 seconds, Stopping threads took: 0.0000148 seconds
[1212.291s][info ][safepoint      ] Application time: 3.0002862 seconds
[1212.291s][info ][safepoint      ] Entering safepoint region: Cleanup
[1212.291s][info ][safepoint      ] Leaving safepoint region
[1212.291s][info ][safepoint      ] Total time for which application threads were stopped: 0.0001772 seconds, Stopping threads took: 0.0000355 seconds
[1212.828s][info ][safepoint      ] Application time: 0.5372622 seconds
[1212.828s][info ][safepoint      ] Entering safepoint region: ParallelGCFailedAllocation
[1212.828s][info ][gc,start       ] GC(68) Pause Young (Allocation Failure)
[1212.835s][debug][gc,phases      ] GC(68) Scavenge 6.715ms
[1212.835s][debug][gc,ref         ] GC(68) Skipped phase1 of Reference Processing due to unavailable references
[1212.835s][debug][gc,ref         ] GC(68) Skipped phase3 of Reference Processing due to unavailable references
[1212.835s][debug][gc,phases      ] GC(68) Reference Processing 0.072ms
[1212.835s][debug][gc,phases      ] GC(68) Weak Processing 0.123ms
[1212.836s][debug][gc,phases      ] GC(68) Scrub String Table 0.729ms
[1212.836s][debug][gc,age         ] GC(68) Desired survivor size 72876032 bytes, new threshold 15 (max threshold 15)
[1212.836s][info ][gc,heap        ] GC(68) PSYoungGen: 1944176K->2816K(2025984K)
[1212.836s][info ][gc,heap        ] GC(68) ParOldGen: 234396K->234436K(275968K)
[1212.836s][info ][gc,metaspace   ] GC(68) Metaspace: 63806K->63806K(1107968K)
[1212.836s][info ][gc             ] GC(68) Pause Young (Allocation Failure) 2127M->231M(2248M) 7.780ms
[1212.836s][info ][gc,cpu         ] GC(68) User=0.03s Sys=0.00s Real=0.01s
[1212.836s][info ][safepoint      ] Leaving safepoint region
[1212.836s][info ][safepoint      ] Total time for which application threads were stopped: 0.0079794 seconds, Stopping threads took: 0.0000153 seconds
[1232.838s][info ][safepoint      ] Application time: 20.0017165 seconds
[1232.838s][info ][safepoint      ] Entering safepoint region: Cleanup
[1232.838s][info ][safepoint      ] Leaving safepoint region
[1232.838s][info ][safepoint      ] Total time for which application threads were stopped: 0.0000812 seconds, Stopping threads took: 0.0000175 seconds
[1236.838s][info ][safepoint      ] Application time: 4.0002931 seconds
[1236.838s][info ][safepoint      ] Entering safepoint region: Cleanup
[1236.839s][info ][safepoint      ] Leaving safepoint region
[1236.839s][info ][safepoint      ] Total time for which application threads were stopped: 0.0000962 seconds, Stopping threads took: 0.0000355 seconds
[1240.839s][info ][safepoint      ] Application time: 4.0003374 seconds
[1240.839s][info ][safepoint      ] Entering safepoint region: Cleanup
[1240.839s][info ][safepoint      ] Leaving safepoint region
[1240.839s][info ][safepoint      ] Total time for which application threads were stopped: 0.0000898 seconds, Stopping threads took: 0.0000163 seconds
[1245.840s][info ][safepoint      ] Application time: 5.0004491 seconds
[1245.840s][info ][safepoint      ] Entering safepoint region: Cleanup
[1245.840s][info ][safepoint      ] Leaving safepoint region
[1245.840s][info ][safepoint      ] Total time for which application threads were stopped: 0.0001041 seconds, Stopping threads took: 0.0000159 seconds
[1253.478s][info ][safepoint      ] Application time: 7.6384588 seconds
[1253.478s][info ][safepoint      ] Entering safepoint region: ParallelGCFailedAllocation
[1253.478s][info ][gc,start       ] GC(69) Pause Young (Allocation Failure)
[1253.485s][debug][gc,phases      ] GC(69) Scavenge 6.835ms
[1253.485s][debug][gc,ref         ] GC(69) Skipped phase1 of Reference Processing due to unavailable references
[1253.485s][debug][gc,ref         ] GC(69) Skipped phase3 of Reference Processing due to unavailable references
[1253.485s][debug][gc,phases      ] GC(69) Reference Processing 0.048ms
[1253.486s][debug][gc,phases      ] GC(69) Weak Processing 0.123ms
[1253.486s][debug][gc,phases      ] GC(69) Scrub String Table 0.775ms
[1253.486s][debug][gc,age         ] GC(69) Desired survivor size 69730304 bytes, new threshold 15 (max threshold 15)
[1253.486s][info ][gc,heap        ] GC(69) PSYoungGen: 1955072K->2672K(2023424K)
[1253.486s][info ][gc,heap        ] GC(69) ParOldGen: 234436K->234752K(275968K)
[1253.486s][info ][gc,metaspace   ] GC(69) Metaspace: 63813K->63813K(1107968K)
[1253.486s][info ][gc             ] GC(69) Pause Young (Allocation Failure) 2138M->231M(2245M) 7.929ms
[1253.486s][info ][gc,cpu         ] GC(69) User=0.02s Sys=0.01s Real=0.01s
[1253.486s][info ][safepoint      ] Leaving safepoint region
[1253.486s][info ][safepoint      ] Total time for which application threads were stopped: 0.0082922 seconds, Stopping threads took: 0.0000963 seconds
[1260.487s][info ][safepoint      ] Application time: 7.0005911 seconds
[1260.487s][info ][safepoint      ] Entering safepoint region: Cleanup
[1260.487s][info ][safepoint      ] Leaving safepoint region
[1260.487s][info ][safepoint      ] Total time for which application threads were stopped: 0.0001374 seconds, Stopping threads took: 0.0000149 seconds
[1265.488s][info ][safepoint      ] Application time: 5.0004940 seconds
[1265.488s][info ][safepoint      ] Entering safepoint region: Cleanup
[1265.488s][info ][safepoint      ] Leaving safepoint region
[1265.488s][info ][safepoint      ] Total time for which application threads were stopped: 0.0000750 seconds, Stopping threads took: 0.0000156 seconds
[1268.488s][info ][safepoint      ] Application time: 3.0003205 seconds
[1268.488s][info ][safepoint      ] Entering safepoint region: Cleanup
[1268.488s][info ][safepoint      ] Leaving safepoint region
[1268.488s][info ][safepoint      ] Total time for which application threads were stopped: 0.0000737 seconds, Stopping threads took: 0.0000154 seconds
[1269.488s][info ][safepoint      ] Application time: 1.0001070 seconds
[1269.488s][info ][safepoint      ] Entering safepoint region: Cleanup
[1269.488s][info ][safepoint      ] Leaving safepoint region
[1269.488s][info ][safepoint      ] Total time for which application threads were stopped: 0.0000763 seconds, Stopping threads took: 0.0000153 seconds
[1272.820s][info ][safepoint      ] Application time: 3.3314532 seconds
[1272.820s][info ][safepoint      ] Entering safepoint region: RevokeBias
[1272.820s][info ][safepoint      ] Leaving safepoint region
[1272.820s][info ][safepoint      ] Total time for which application threads were stopped: 0.0000923 seconds, Stopping threads took: 0.0000162 seconds
[1273.820s][info ][safepoint      ] Application time: 1.0001300 seconds
[1273.820s][info ][safepoint      ] Entering safepoint region: Cleanup
[1273.820s][info ][safepoint      ] Leaving safepoint region
[1273.820s][info ][safepoint      ] Total time for which application threads were stopped: 0.0000721 seconds, Stopping threads took: 0.0000160 seconds
[1275.820s][info ][safepoint      ] Application time: 2.0001865 seconds
[1275.821s][info ][safepoint      ] Entering safepoint region: Cleanup
[1275.821s][info ][safepoint      ] Leaving safepoint region
[1275.821s][info ][safepoint      ] Total time for which application threads were stopped: 0.0000809 seconds, Stopping threads took: 0.0000156 seconds
[1291.823s][info ][safepoint      ] Application time: 16.0019812 seconds
[1291.823s][info ][safepoint      ] Entering safepoint region: Cleanup
[1291.823s][info ][safepoint      ] Leaving safepoint region
[1291.823s][info ][safepoint      ] Total time for which application threads were stopped: 0.0001801 seconds, Stopping threads took: 0.0000444 seconds
[1293.627s][info ][safepoint      ] Application time: 1.8041457 seconds
[1293.627s][info ][safepoint      ] Entering safepoint region: ParallelGCFailedAllocation
[1293.627s][info ][gc,start       ] GC(70) Pause Young (Allocation Failure)
[1293.634s][debug][gc,phases      ] GC(70) Scavenge 7.023ms
[1293.634s][debug][gc,ref         ] GC(70) Skipped phase1 of Reference Processing due to unavailable references
[1293.634s][debug][gc,ref         ] GC(70) Skipped phase3 of Reference Processing due to unavailable references
[1293.634s][debug][gc,phases      ] GC(70) Reference Processing 0.038ms
[1293.634s][debug][gc,phases      ] GC(70) Weak Processing 0.137ms
[1293.635s][debug][gc,phases      ] GC(70) Scrub String Table 0.764ms
[1293.635s][debug][gc,age         ] GC(70) Desired survivor size 66584576 bytes, new threshold 15 (max threshold 15)
[1293.635s][info ][gc,heap        ] GC(70) PSYoungGen: 1954928K->2848K(2032128K)
[1293.635s][info ][gc,heap        ] GC(70) ParOldGen: 234752K->234892K(275968K)
[1293.635s][info ][gc,metaspace   ] GC(70) Metaspace: 63815K->63815K(1107968K)
[1293.635s][info ][gc             ] GC(70) Pause Young (Allocation Failure) 2138M->232M(2254M) 8.105ms
[1293.635s][info ][gc,cpu         ] GC(70) User=0.02s Sys=0.01s Real=0.01s
[1293.635s][info ][safepoint      ] Leaving safepoint region
[1293.635s][info ][safepoint      ] Total time for which application threads were stopped: 0.0082749 seconds, Stopping threads took: 0.0000158 seconds
[1297.636s][info ][safepoint      ] Application time: 4.0004255 seconds
[1297.636s][info ][safepoint      ] Entering safepoint region: Cleanup
[1297.636s][info ][safepoint      ] Leaving safepoint region
[1297.636s][info ][safepoint      ] Total time for which application threads were stopped: 0.0000741 seconds, Stopping threads took: 0.0000154 seconds
[1303.636s][info ][safepoint      ] Application time: 6.0006504 seconds
[1303.637s][info ][safepoint      ] Entering safepoint region: Cleanup
[1303.637s][info ][safepoint      ] Leaving safepoint region
[1303.637s][info ][safepoint      ] Total time for which application threads were stopped: 0.0000714 seconds, Stopping threads took: 0.0000144 seconds
[1304.637s][info ][safepoint      ] Application time: 1.0001037 seconds
[1304.637s][info ][safepoint      ] Entering safepoint region: Cleanup
[1304.637s][info ][safepoint      ] Leaving safepoint region
[1304.637s][info ][safepoint      ] Total time for which application threads were stopped: 0.0000788 seconds, Stopping threads took: 0.0000143 seconds
[1305.637s][info ][safepoint      ] Application time: 1.0001322 seconds
[1305.637s][info ][safepoint      ] Entering safepoint region: Cleanup
[1305.637s][info ][safepoint      ] Leaving safepoint region
[1305.637s][info ][safepoint      ] Total time for which application threads were stopped: 0.0000764 seconds, Stopping threads took: 0.0000154 seconds
[1307.637s][info ][safepoint      ] Application time: 2.0001330 seconds
[1307.637s][info ][safepoint      ] Entering safepoint region: Cleanup
[1307.637s][info ][safepoint      ] Leaving safepoint region
[1307.637s][info ][safepoint      ] Total time for which application threads were stopped: 0.0000774 seconds, Stopping threads took: 0.0000172 seconds
[1308.637s][info ][safepoint      ] Application time: 1.0000933 seconds
[1308.637s][info ][safepoint      ] Entering safepoint region: Cleanup
[1308.638s][info ][safepoint      ] Leaving safepoint region
[1308.638s][info ][safepoint      ] Total time for which application threads were stopped: 0.0000909 seconds, Stopping threads took: 0.0000166 seconds
[1317.638s][info ][safepoint      ] Application time: 9.0008415 seconds
[1317.638s][info ][safepoint      ] Entering safepoint region: Cleanup
[1317.638s][info ][safepoint      ] Leaving safepoint region
[1317.638s][info ][safepoint      ] Total time for which application threads were stopped: 0.0000737 seconds, Stopping threads took: 0.0000151 seconds
[1331.640s][info ][safepoint      ] Application time: 14.0012513 seconds
[1331.640s][info ][safepoint      ] Entering safepoint region: Cleanup
[1331.640s][info ][safepoint      ] Leaving safepoint region
[1331.640s][info ][safepoint      ] Total time for which application threads were stopped: 0.0001710 seconds, Stopping threads took: 0.0000427 seconds
[1336.033s][info ][safepoint      ] Application time: 4.3932296 seconds
[1336.033s][info ][safepoint      ] Entering safepoint region: ParallelGCFailedAllocation
[1336.033s][info ][gc,start       ] GC(71) Pause Young (Allocation Failure)
[1336.040s][debug][gc,phases      ] GC(71) Scavenge 6.591ms
[1336.040s][debug][gc,ref         ] GC(71) Skipped phase1 of Reference Processing due to unavailable references
[1336.040s][debug][gc,ref         ] GC(71) Skipped phase3 of Reference Processing due to unavailable references
[1336.040s][debug][gc,phases      ] GC(71) Reference Processing 0.040ms
[1336.040s][debug][gc,phases      ] GC(71) Weak Processing 0.163ms
[1336.041s][debug][gc,phases      ] GC(71) Scrub String Table 0.816ms
[1336.041s][debug][gc,age         ] GC(71) Desired survivor size 62390272 bytes, new threshold 15 (max threshold 15)
[1336.041s][info ][gc,heap        ] GC(71) PSYoungGen: 1966880K->9056K(2029056K)
[1336.041s][info ][gc,heap        ] GC(71) ParOldGen: 234892K->234968K(275968K)
[1336.041s][info ][gc,metaspace   ] GC(71) Metaspace: 63823K->63823K(1107968K)
[1336.041s][info ][gc             ] GC(71) Pause Young (Allocation Failure) 2150M->238M(2251M) 7.781ms
[1336.041s][info ][gc,cpu         ] GC(71) User=0.02s Sys=0.01s Real=0.00s
[1336.041s][info ][safepoint      ] Leaving safepoint region
[1336.041s][info ][safepoint      ] Total time for which application threads were stopped: 0.0080071 seconds, Stopping threads took: 0.0000150 seconds
[1338.041s][info ][safepoint      ] Application time: 2.0001690 seconds
[1338.041s][info ][safepoint      ] Entering safepoint region: Cleanup
[1338.041s][info ][safepoint      ] Leaving safepoint region
[1338.041s][info ][safepoint      ] Total time for which application threads were stopped: 0.0000739 seconds, Stopping threads took: 0.0000148 seconds
[1353.043s][info ][safepoint      ] Application time: 15.0013740 seconds
[1353.043s][info ][safepoint      ] Entering safepoint region: Cleanup
[1353.043s][info ][safepoint      ] Leaving safepoint region
[1353.043s][info ][safepoint      ] Total time for which application threads were stopped: 0.0000752 seconds, Stopping threads took: 0.0000163 seconds
[1356.043s][info ][safepoint      ] Application time: 3.0003416 seconds
[1356.043s][info ][safepoint      ] Entering safepoint region: Cleanup
[1356.043s][info ][safepoint      ] Leaving safepoint region
[1356.043s][info ][safepoint      ] Total time for which application threads were stopped: 0.0000733 seconds, Stopping threads took: 0.0000154 seconds
[1357.044s][info ][safepoint      ] Application time: 1.0001145 seconds
[1357.044s][info ][safepoint      ] Entering safepoint region: Cleanup
[1357.044s][info ][safepoint      ] Leaving safepoint region
[1357.044s][info ][safepoint      ] Total time for which application threads were stopped: 0.0000741 seconds, Stopping threads took: 0.0000158 seconds
[1367.045s][info ][safepoint      ] Application time: 10.0013502 seconds
[1367.045s][info ][safepoint      ] Entering safepoint region: Cleanup
[1367.045s][info ][safepoint      ] Leaving safepoint region
[1367.045s][info ][safepoint      ] Total time for which application threads were stopped: 0.0002121 seconds, Stopping threads took: 0.0000630 seconds
[1368.016s][info ][safepoint      ] Application time: 0.9711726 seconds
[1368.016s][info ][safepoint      ] Entering safepoint region: RevokeBias
[1368.017s][info ][safepoint      ] Leaving safepoint region
[1368.017s][info ][safepoint      ] Total time for which application threads were stopped: 0.0001220 seconds, Stopping threads took: 0.0000193 seconds
[1372.017s][info ][safepoint      ] Application time: 4.0004311 seconds
[1372.017s][info ][safepoint      ] Entering safepoint region: Cleanup
[1372.017s][info ][safepoint      ] Leaving safepoint region
[1372.017s][info ][safepoint      ] Total time for which application threads were stopped: 0.0000799 seconds, Stopping threads took: 0.0000162 seconds
[1376.018s][info ][safepoint      ] Application time: 4.0004166 seconds
[1376.018s][info ][safepoint      ] Entering safepoint region: Cleanup
[1376.018s][info ][safepoint      ] Leaving safepoint region
[1376.018s][info ][safepoint      ] Total time for which application threads were stopped: 0.0000767 seconds, Stopping threads took: 0.0000176 seconds
[1377.018s][info ][safepoint      ] Application time: 1.0000937 seconds
[1377.018s][info ][safepoint      ] Entering safepoint region: Cleanup
[1377.018s][info ][safepoint      ] Leaving safepoint region
[1377.018s][info ][safepoint      ] Total time for which application threads were stopped: 0.0000800 seconds, Stopping threads took: 0.0000164 seconds
[1378.018s][info ][safepoint      ] Application time: 1.0001036 seconds
[1378.018s][info ][safepoint      ] Entering safepoint region: Cleanup
[1378.018s][info ][safepoint      ] Leaving safepoint region
[1378.018s][info ][safepoint      ] Total time for which application threads were stopped: 0.0000930 seconds, Stopping threads took: 0.0000161 seconds
[1379.018s][info ][safepoint      ] Application time: 1.0000865 seconds
[1379.018s][info ][safepoint      ] Entering safepoint region: Cleanup
[1379.018s][info ][safepoint      ] Leaving safepoint region
[1379.018s][info ][safepoint      ] Total time for which application threads were stopped: 0.0000810 seconds, Stopping threads took: 0.0000152 seconds
[1380.019s][info ][safepoint      ] Application time: 1.0001408 seconds
[1380.019s][info ][safepoint      ] Entering safepoint region: Cleanup
[1380.019s][info ][safepoint      ] Leaving safepoint region
[1380.019s][info ][safepoint      ] Total time for which application threads were stopped: 0.0001083 seconds, Stopping threads took: 0.0000253 seconds
[1380.178s][info ][safepoint      ] Application time: 0.1596348 seconds
[1380.178s][info ][safepoint      ] Entering safepoint region: ParallelGCFailedAllocation
[1380.179s][info ][gc,start       ] GC(72) Pause Young (Allocation Failure)
[1380.187s][debug][gc,phases      ] GC(72) Scavenge 8.044ms
[1380.187s][debug][gc,ref         ] GC(72) Skipped phase1 of Reference Processing due to unavailable references
[1380.187s][debug][gc,ref         ] GC(72) Skipped phase3 of Reference Processing due to unavailable references
[1380.187s][debug][gc,phases      ] GC(72) Reference Processing 0.039ms
[1380.187s][debug][gc,phases      ] GC(72) Weak Processing 0.197ms
[1380.188s][debug][gc,phases      ] GC(72) Scrub String Table 0.990ms
[1380.188s][debug][gc,age         ] GC(72) Desired survivor size 58195968 bytes, new threshold 15 (max threshold 15)
[1380.188s][info ][gc,heap        ] GC(72) PSYoungGen: 1973088K->8288K(2040320K)
[1380.188s][info ][gc,heap        ] GC(72) ParOldGen: 234968K->235000K(275968K)
[1380.188s][info ][gc,metaspace   ] GC(72) Metaspace: 63852K->63852K(1107968K)
[1380.188s][info ][gc             ] GC(72) Pause Young (Allocation Failure) 2156M->237M(2262M) 9.434ms
[1380.188s][info ][gc,cpu         ] GC(72) User=0.02s Sys=0.01s Real=0.01s
[1380.188s][info ][safepoint      ] Leaving safepoint region
[1380.188s][info ][safepoint      ] Total time for which application threads were stopped: 0.0098003 seconds, Stopping threads took: 0.0000766 seconds
[1381.188s][info ][safepoint      ] Application time: 1.0001465 seconds
[1381.188s][info ][safepoint      ] Entering safepoint region: Cleanup
[1381.188s][info ][safepoint      ] Leaving safepoint region
[1381.188s][info ][safepoint      ] Total time for which application threads were stopped: 0.0001567 seconds, Stopping threads took: 0.0000143 seconds
[1382.189s][info ][safepoint      ] Application time: 1.0001162 seconds
[1382.189s][info ][safepoint      ] Entering safepoint region: Cleanup
[1382.189s][info ][safepoint      ] Leaving safepoint region
[1382.189s][info ][safepoint      ] Total time for which application threads were stopped: 0.0000721 seconds, Stopping threads took: 0.0000153 seconds
[1383.189s][info ][safepoint      ] Application time: 1.0001060 seconds
[1383.189s][info ][safepoint      ] Entering safepoint region: Cleanup
[1383.189s][info ][safepoint      ] Leaving safepoint region
[1383.189s][info ][safepoint      ] Total time for which application threads were stopped: 0.0000730 seconds, Stopping threads took: 0.0000159 seconds
[1384.189s][info ][safepoint      ] Application time: 1.0000801 seconds
[1384.189s][info ][safepoint      ] Entering safepoint region: Cleanup
[1384.189s][info ][safepoint      ] Leaving safepoint region
[1384.189s][info ][safepoint      ] Total time for which application threads were stopped: 0.0000715 seconds, Stopping threads took: 0.0000165 seconds
[1385.189s][info ][safepoint      ] Application time: 1.0000835 seconds
[1385.189s][info ][safepoint      ] Entering safepoint region: Cleanup
[1385.189s][info ][safepoint      ] Leaving safepoint region
[1385.189s][info ][safepoint      ] Total time for which application threads were stopped: 0.0000698 seconds, Stopping threads took: 0.0000138 seconds
[1387.190s][info ][safepoint      ] Application time: 2.0003116 seconds
[1387.190s][info ][safepoint      ] Entering safepoint region: Cleanup
[1387.190s][info ][safepoint      ] Leaving safepoint region
[1387.190s][info ][safepoint      ] Total time for which application threads were stopped: 0.0000823 seconds, Stopping threads took: 0.0000155 seconds
[1388.190s][info ][safepoint      ] Application time: 1.0001131 seconds
[1388.190s][info ][safepoint      ] Entering safepoint region: Cleanup
[1388.190s][info ][safepoint      ] Leaving safepoint region
[1388.190s][info ][safepoint      ] Total time for which application threads were stopped: 0.0001030 seconds, Stopping threads took: 0.0000269 seconds
[1389.190s][info ][safepoint      ] Application time: 1.0000714 seconds
[1389.190s][info ][safepoint      ] Entering safepoint region: Cleanup
[1389.190s][info ][safepoint      ] Leaving safepoint region
[1389.190s][info ][safepoint      ] Total time for which application threads were stopped: 0.0000714 seconds, Stopping threads took: 0.0000150 seconds
[1390.190s][info ][safepoint      ] Application time: 1.0000849 seconds
[1390.190s][info ][safepoint      ] Entering safepoint region: Cleanup
[1390.190s][info ][safepoint      ] Leaving safepoint region
[1390.190s][info ][safepoint      ] Total time for which application threads were stopped: 0.0001041 seconds, Stopping threads took: 0.0000472 seconds
[1394.191s][info ][safepoint      ] Application time: 4.0003680 seconds
[1394.191s][info ][safepoint      ] Entering safepoint region: Cleanup
[1394.191s][info ][safepoint      ] Leaving safepoint region
[1394.191s][info ][safepoint      ] Total time for which application threads were stopped: 0.0000726 seconds, Stopping threads took: 0.0000151 seconds
[1396.191s][info ][safepoint      ] Application time: 2.0001661 seconds
[1396.191s][info ][safepoint      ] Entering safepoint region: Cleanup
[1396.191s][info ][safepoint      ] Leaving safepoint region
[1396.191s][info ][safepoint      ] Total time for which application threads were stopped: 0.0001120 seconds, Stopping threads took: 0.0000551 seconds
[1397.191s][info ][safepoint      ] Application time: 1.0000821 seconds
[1397.191s][info ][safepoint      ] Entering safepoint region: Cleanup
[1397.191s][info ][safepoint      ] Leaving safepoint region
[1397.191s][info ][safepoint      ] Total time for which application threads were stopped: 0.0000708 seconds, Stopping threads took: 0.0000142 seconds
[1410.193s][info ][safepoint      ] Application time: 13.0014811 seconds
[1410.193s][info ][safepoint      ] Entering safepoint region: Cleanup
[1410.193s][info ][safepoint      ] Leaving safepoint region
[1410.193s][info ][safepoint      ] Total time for which application threads were stopped: 0.0003067 seconds, Stopping threads took: 0.0001365 seconds
[1421.181s][info ][safepoint      ] Application time: 10.9877029 seconds
[1421.181s][info ][safepoint      ] Entering safepoint region: ParallelGCFailedAllocation
[1421.181s][info ][gc,start       ] GC(73) Pause Young (Allocation Failure)
[1421.190s][debug][gc,phases      ] GC(73) Scavenge 9.270ms
[1421.190s][debug][gc,ref         ] GC(73) Skipped phase1 of Reference Processing due to unavailable references
[1421.191s][debug][gc,ref         ] GC(73) Skipped phase3 of Reference Processing due to unavailable references
[1421.191s][debug][gc,phases      ] GC(73) Reference Processing 0.042ms
[1421.191s][debug][gc,phases      ] GC(73) Weak Processing 0.199ms
[1421.192s][debug][gc,phases      ] GC(73) Scrub String Table 1.018ms
[1421.192s][debug][gc,age         ] GC(73) Desired survivor size 54525952 bytes, new threshold 15 (max threshold 15)
[1421.192s][info ][gc,heap        ] GC(73) PSYoungGen: 1987680K->8496K(2036224K)
[1421.192s][info ][gc,heap        ] GC(73) ParOldGen: 235000K->235016K(275968K)
[1421.192s][info ][gc,metaspace   ] GC(73) Metaspace: 63864K->63864K(1107968K)
[1421.192s][info ][gc             ] GC(73) Pause Young (Allocation Failure) 2170M->237M(2258M) 10.701ms
[1421.192s][info ][gc,cpu         ] GC(73) User=0.02s Sys=0.01s Real=0.02s
[1421.192s][info ][safepoint      ] Leaving safepoint region
[1421.192s][info ][safepoint      ] Total time for which application threads were stopped: 0.0108951 seconds, Stopping threads took: 0.0000284 seconds
[1448.157s][info ][safepoint      ] Application time: 26.9649650 seconds
[1448.157s][info ][safepoint      ] Entering safepoint region: BulkRevokeBias
[1448.158s][info ][safepoint      ] Leaving safepoint region
[1448.158s][info ][safepoint      ] Total time for which application threads were stopped: 0.0008510 seconds, Stopping threads took: 0.0000599 seconds
[1467.129s][info ][safepoint      ] Application time: 18.9707948 seconds
[1467.129s][info ][safepoint      ] Entering safepoint region: ParallelGCFailedAllocation
[1467.129s][info ][gc,start       ] GC(74) Pause Young (Allocation Failure)
[1467.150s][debug][gc,phases      ] GC(74) Scavenge 21.115ms
[1467.150s][debug][gc,ref         ] GC(74) Skipped phase1 of Reference Processing due to unavailable references
[1467.150s][debug][gc,ref         ] GC(74) Skipped phase3 of Reference Processing due to unavailable references
[1467.150s][debug][gc,ref         ] GC(74) Skipped phase4 of Reference Processing due to unavailable references
[1467.150s][debug][gc,phases      ] GC(74) Reference Processing 0.062ms
[1467.151s][debug][gc,phases      ] GC(74) Weak Processing 0.238ms
[1467.152s][debug][gc,phases      ] GC(74) Scrub String Table 1.309ms
[1467.152s][debug][gc,age         ] GC(74) Desired survivor size 51380224 bytes, new threshold 15 (max threshold 15)
[1467.152s][info ][gc,heap        ] GC(74) PSYoungGen: 1987888K->8304K(2046976K)
[1467.152s][info ][gc,heap        ] GC(74) ParOldGen: 235016K->235072K(275968K)
[1467.152s][info ][gc,metaspace   ] GC(74) Metaspace: 63864K->63864K(1107968K)
[1467.152s][info ][gc             ] GC(74) Pause Young (Allocation Failure) 2170M->237M(2268M) 23.000ms
[1467.152s][info ][gc,cpu         ] GC(74) User=0.04s Sys=0.01s Real=0.03s
[1467.152s][info ][safepoint      ] Leaving safepoint region
[1467.152s][info ][safepoint      ] Total time for which application threads were stopped: 0.0235049 seconds, Stopping threads took: 0.0001062 seconds
[1469.152s][info ][safepoint      ] Application time: 2.0001924 seconds
[1469.152s][info ][safepoint      ] Entering safepoint region: Cleanup
[1469.152s][info ][safepoint      ] Leaving safepoint region
[1469.152s][info ][safepoint      ] Total time for which application threads were stopped: 0.0000935 seconds, Stopping threads took: 0.0000181 seconds
[1470.153s][info ][safepoint      ] Application time: 1.0000905 seconds
[1470.153s][info ][safepoint      ] Entering safepoint region: Cleanup
[1470.153s][info ][safepoint      ] Leaving safepoint region
[1470.153s][info ][safepoint      ] Total time for which application threads were stopped: 0.0001032 seconds, Stopping threads took: 0.0000192 seconds
[1471.153s][info ][safepoint      ] Application time: 1.0000971 seconds
[1471.153s][info ][safepoint      ] Entering safepoint region: Cleanup
[1471.153s][info ][safepoint      ] Leaving safepoint region
[1471.153s][info ][safepoint      ] Total time for which application threads were stopped: 0.0002320 seconds, Stopping threads took: 0.0000780 seconds
[1472.153s][info ][safepoint      ] Application time: 1.0001086 seconds
[1472.153s][info ][safepoint      ] Entering safepoint region: Cleanup
[1472.153s][info ][safepoint      ] Leaving safepoint region
[1472.153s][info ][safepoint      ] Total time for which application threads were stopped: 0.0001325 seconds, Stopping threads took: 0.0000235 seconds
[1474.154s][info ][safepoint      ] Application time: 2.0002059 seconds
[1474.154s][info ][safepoint      ] Entering safepoint region: Cleanup
[1474.154s][info ][safepoint      ] Leaving safepoint region
[1474.154s][info ][safepoint      ] Total time for which application threads were stopped: 0.0000873 seconds, Stopping threads took: 0.0000165 seconds
[1475.154s][info ][safepoint      ] Application time: 1.0000592 seconds
[1475.154s][info ][safepoint      ] Entering safepoint region: Cleanup
[1475.154s][info ][safepoint      ] Leaving safepoint region
[1475.154s][info ][safepoint      ] Total time for which application threads were stopped: 0.0000978 seconds, Stopping threads took: 0.0000314 seconds
[1475.905s][info ][safepoint      ] Application time: 0.7506708 seconds
[1475.905s][info ][safepoint      ] Entering safepoint region: RevokeBias
[1475.905s][info ][safepoint      ] Leaving safepoint region
[1475.905s][info ][safepoint      ] Total time for which application threads were stopped: 0.0000720 seconds, Stopping threads took: 0.0000147 seconds
[1477.905s][info ][safepoint      ] Application time: 2.0001919 seconds
[1477.905s][info ][safepoint      ] Entering safepoint region: Cleanup
[1477.905s][info ][safepoint      ] Leaving safepoint region
[1477.905s][info ][safepoint      ] Total time for which application threads were stopped: 0.0001121 seconds, Stopping threads took: 0.0000347 seconds
[1480.905s][info ][safepoint      ] Application time: 3.0002630 seconds
[1480.905s][info ][safepoint      ] Entering safepoint region: Cleanup
[1480.905s][info ][safepoint      ] Leaving safepoint region
[1480.905s][info ][safepoint      ] Total time for which application threads were stopped: 0.0000731 seconds, Stopping threads took: 0.0000150 seconds
[1482.906s][info ][safepoint      ] Application time: 2.0001932 seconds
[1482.906s][info ][safepoint      ] Entering safepoint region: Cleanup
[1482.906s][info ][safepoint      ] Leaving safepoint region
[1482.906s][info ][safepoint      ] Total time for which application threads were stopped: 0.0000792 seconds, Stopping threads took: 0.0000160 seconds
[1484.906s][info ][safepoint      ] Application time: 2.0001844 seconds
[1484.906s][info ][safepoint      ] Entering safepoint region: Cleanup
[1484.906s][info ][safepoint      ] Leaving safepoint region
[1484.906s][info ][safepoint      ] Total time for which application threads were stopped: 0.0000928 seconds, Stopping threads took: 0.0000170 seconds
[1490.907s][info ][safepoint      ] Application time: 6.0005788 seconds
[1490.907s][info ][safepoint      ] Entering safepoint region: Cleanup
[1490.907s][info ][safepoint      ] Leaving safepoint region
[1490.907s][info ][safepoint      ] Total time for which application threads were stopped: 0.0002015 seconds, Stopping threads took: 0.0000621 seconds
[1492.907s][info ][safepoint      ] Application time: 2.0001822 seconds
[1492.907s][info ][safepoint      ] Entering safepoint region: Cleanup
[1492.907s][info ][safepoint      ] Leaving safepoint region
[1492.907s][info ][safepoint      ] Total time for which application threads were stopped: 0.0001080 seconds, Stopping threads took: 0.0000197 seconds
[1493.907s][info ][safepoint      ] Application time: 1.0000729 seconds
[1493.907s][info ][safepoint      ] Entering safepoint region: Cleanup
[1493.907s][info ][safepoint      ] Leaving safepoint region
[1493.907s][info ][safepoint      ] Total time for which application threads were stopped: 0.0000731 seconds, Stopping threads took: 0.0000167 seconds
[1494.908s][info ][safepoint      ] Application time: 1.0000971 seconds
[1494.908s][info ][safepoint      ] Entering safepoint region: Cleanup
[1494.908s][info ][safepoint      ] Leaving safepoint region
[1494.908s][info ][safepoint      ] Total time for which application threads were stopped: 0.0000730 seconds, Stopping threads took: 0.0000156 seconds
[1498.908s][info ][safepoint      ] Application time: 4.0003948 seconds
[1498.908s][info ][safepoint      ] Entering safepoint region: Cleanup
[1498.908s][info ][safepoint      ] Leaving safepoint region
[1498.908s][info ][safepoint      ] Total time for which application threads were stopped: 0.0001476 seconds, Stopping threads took: 0.0000160 seconds
[1504.909s][info ][safepoint      ] Application time: 6.0005865 seconds
[1504.909s][info ][safepoint      ] Entering safepoint region: Cleanup
[1504.909s][info ][safepoint      ] Leaving safepoint region
[1504.909s][info ][safepoint      ] Total time for which application threads were stopped: 0.0002132 seconds, Stopping threads took: 0.0000618 seconds
[1505.909s][info ][safepoint      ] Application time: 1.0000947 seconds
[1505.909s][info ][safepoint      ] Entering safepoint region: Cleanup
[1505.909s][info ][safepoint      ] Leaving safepoint region
[1505.909s][info ][safepoint      ] Total time for which application threads were stopped: 0.0000782 seconds, Stopping threads took: 0.0000182 seconds
[1511.910s][info ][safepoint      ] Application time: 6.0005030 seconds
[1511.910s][info ][safepoint      ] Entering safepoint region: Cleanup
[1511.910s][info ][safepoint      ] Leaving safepoint region
[1511.910s][info ][safepoint      ] Total time for which application threads were stopped: 0.0001168 seconds, Stopping threads took: 0.0000191 seconds
[1512.809s][info ][safepoint      ] Application time: 0.8986306 seconds
[1512.809s][info ][safepoint      ] Entering safepoint region: ParallelGCFailedAllocation
[1512.809s][info ][gc,start       ] GC(75) Pause Young (Allocation Failure)
[1512.817s][debug][gc,phases      ] GC(75) Scavenge 7.823ms
[1512.817s][debug][gc,ref         ] GC(75) Skipped phase1 of Reference Processing due to unavailable references
[1512.817s][debug][gc,ref         ] GC(75) Skipped phase3 of Reference Processing due to unavailable references
[1512.817s][debug][gc,phases      ] GC(75) Reference Processing 0.039ms
[1512.817s][debug][gc,phases      ] GC(75) Weak Processing 0.204ms
[1512.818s][debug][gc,phases      ] GC(75) Scrub String Table 0.993ms
[1512.818s][debug][gc,age         ] GC(75) Desired survivor size 47710208 bytes, new threshold 15 (max threshold 15)
[1512.818s][info ][gc,heap        ] GC(75) PSYoungGen: 2002032K->10096K(2043904K)
[1512.818s][info ][gc,heap        ] GC(75) ParOldGen: 235072K->235080K(275968K)
[1512.818s][info ][gc,metaspace   ] GC(75) Metaspace: 63901K->63901K(1107968K)
[1512.818s][info ][gc             ] GC(75) Pause Young (Allocation Failure) 2184M->239M(2265M) 9.217ms
[1512.818s][info ][gc,cpu         ] GC(75) User=0.03s Sys=0.00s Real=0.01s
[1512.818s][info ][safepoint      ] Leaving safepoint region
[1512.818s][info ][safepoint      ] Total time for which application threads were stopped: 0.0093877 seconds, Stopping threads took: 0.0000156 seconds
[1519.819s][info ][safepoint      ] Application time: 7.0006239 seconds
[1519.819s][info ][safepoint      ] Entering safepoint region: Cleanup
[1519.819s][info ][safepoint      ] Leaving safepoint region
[1519.819s][info ][safepoint      ] Total time for which application threads were stopped: 0.0001046 seconds, Stopping threads took: 0.0000373 seconds
[1526.364s][info ][safepoint      ] Application time: 6.5451304 seconds
[1526.364s][info ][safepoint      ] Entering safepoint region: Deoptimize
[1526.370s][info ][safepoint      ] Leaving safepoint region
[1526.370s][info ][safepoint      ] Total time for which application threads were stopped: 0.0064856 seconds, Stopping threads took: 0.0000144 seconds
[1527.371s][info ][safepoint      ] Application time: 1.0000839 seconds
[1527.371s][info ][safepoint      ] Entering safepoint region: Cleanup
[1527.371s][info ][safepoint      ] Leaving safepoint region
[1527.371s][info ][safepoint      ] Total time for which application threads were stopped: 0.0001036 seconds, Stopping threads took: 0.0000158 seconds
[1528.371s][info ][safepoint      ] Application time: 1.0001039 seconds
[1528.371s][info ][safepoint      ] Entering safepoint region: Cleanup
[1528.371s][info ][safepoint      ] Leaving safepoint region
[1528.371s][info ][safepoint      ] Total time for which application threads were stopped: 0.0000867 seconds, Stopping threads took: 0.0000162 seconds
[1529.371s][info ][safepoint      ] Application time: 1.0000673 seconds
[1529.371s][info ][safepoint      ] Entering safepoint region: Cleanup
[1529.371s][info ][safepoint      ] Leaving safepoint region
[1529.371s][info ][safepoint      ] Total time for which application threads were stopped: 0.0001046 seconds, Stopping threads took: 0.0000171 seconds
[1530.371s][info ][safepoint      ] Application time: 1.0000859 seconds
[1530.371s][info ][safepoint      ] Entering safepoint region: Cleanup
[1530.371s][info ][safepoint      ] Leaving safepoint region
[1530.371s][info ][safepoint      ] Total time for which application threads were stopped: 0.0001006 seconds, Stopping threads took: 0.0000328 seconds
[1531.371s][info ][safepoint      ] Application time: 1.0000815 seconds
[1531.371s][info ][safepoint      ] Entering safepoint region: Cleanup
[1531.372s][info ][safepoint      ] Leaving safepoint region
[1531.372s][info ][safepoint      ] Total time for which application threads were stopped: 0.0002796 seconds, Stopping threads took: 0.0000173 seconds
[1532.372s][info ][safepoint      ] Application time: 1.0000806 seconds
[1532.372s][info ][safepoint      ] Entering safepoint region: Cleanup
[1532.372s][info ][safepoint      ] Leaving safepoint region
[1532.372s][info ][safepoint      ] Total time for which application threads were stopped: 0.0000952 seconds, Stopping threads took: 0.0000173 seconds
[1533.372s][info ][safepoint      ] Application time: 1.0000939 seconds
[1533.372s][info ][safepoint      ] Entering safepoint region: Cleanup
[1533.372s][info ][safepoint      ] Leaving safepoint region
[1533.372s][info ][safepoint      ] Total time for which application threads were stopped: 0.0000809 seconds, Stopping threads took: 0.0000166 seconds
[1535.372s][info ][safepoint      ] Application time: 2.0001553 seconds
[1535.372s][info ][safepoint      ] Entering safepoint region: Cleanup
[1535.372s][info ][safepoint      ] Leaving safepoint region
[1535.372s][info ][safepoint      ] Total time for which application threads were stopped: 0.0000746 seconds, Stopping threads took: 0.0000165 seconds
[1536.373s][info ][safepoint      ] Application time: 1.0001179 seconds
[1536.373s][info ][safepoint      ] Entering safepoint region: Cleanup
[1536.373s][info ][safepoint      ] Leaving safepoint region
[1536.373s][info ][safepoint      ] Total time for which application threads were stopped: 0.0000714 seconds, Stopping threads took: 0.0000153 seconds
[1539.373s][info ][safepoint      ] Application time: 3.0002668 seconds
[1539.373s][info ][safepoint      ] Entering safepoint region: Cleanup
[1539.373s][info ][safepoint      ] Leaving safepoint region
[1539.373s][info ][safepoint      ] Total time for which application threads were stopped: 0.0001369 seconds, Stopping threads took: 0.0000630 seconds
[1540.373s][info ][safepoint      ] Application time: 1.0001004 seconds
[1540.373s][info ][safepoint      ] Entering safepoint region: Cleanup
[1540.373s][info ][safepoint      ] Leaving safepoint region
[1540.373s][info ][safepoint      ] Total time for which application threads were stopped: 0.0002101 seconds, Stopping threads took: 0.0000621 seconds
[1541.374s][info ][safepoint      ] Application time: 1.0001240 seconds
[1541.374s][info ][safepoint      ] Entering safepoint region: Cleanup
[1541.374s][info ][safepoint      ] Leaving safepoint region
[1541.374s][info ][safepoint      ] Total time for which application threads were stopped: 0.0000788 seconds, Stopping threads took: 0.0000170 seconds
[1544.374s][info ][safepoint      ] Application time: 3.0002731 seconds
[1544.374s][info ][safepoint      ] Entering safepoint region: Cleanup
[1544.374s][info ][safepoint      ] Leaving safepoint region
[1544.374s][info ][safepoint      ] Total time for which application threads were stopped: 0.0001266 seconds, Stopping threads took: 0.0000420 seconds
[1545.374s][info ][safepoint      ] Application time: 1.0001177 seconds
[1545.374s][info ][safepoint      ] Entering safepoint region: Cleanup
[1545.374s][info ][safepoint      ] Leaving safepoint region
[1545.374s][info ][safepoint      ] Total time for which application threads were stopped: 0.0000876 seconds, Stopping threads took: 0.0000160 seconds
[1547.375s][info ][safepoint      ] Application time: 2.0002436 seconds
[1547.375s][info ][safepoint      ] Entering safepoint region: Cleanup
[1547.375s][info ][safepoint      ] Leaving safepoint region
[1547.375s][info ][safepoint      ] Total time for which application threads were stopped: 0.0000825 seconds, Stopping threads took: 0.0000182 seconds
[1548.375s][info ][safepoint      ] Application time: 1.0001208 seconds
[1548.375s][info ][safepoint      ] Entering safepoint region: Cleanup
[1548.375s][info ][safepoint      ] Leaving safepoint region
[1548.375s][info ][safepoint      ] Total time for which application threads were stopped: 0.0000933 seconds, Stopping threads took: 0.0000184 seconds
[1549.375s][info ][safepoint      ] Application time: 1.0000675 seconds
[1549.375s][info ][safepoint      ] Entering safepoint region: Cleanup
[1549.375s][info ][safepoint      ] Leaving safepoint region
[1549.375s][info ][safepoint      ] Total time for which application threads were stopped: 0.0000939 seconds, Stopping threads took: 0.0000171 seconds
[1550.376s][info ][safepoint      ] Application time: 1.0001107 seconds
[1550.376s][info ][safepoint      ] Entering safepoint region: Cleanup
[1550.376s][info ][safepoint      ] Leaving safepoint region
[1550.376s][info ][safepoint      ] Total time for which application threads were stopped: 0.0000830 seconds, Stopping threads took: 0.0000177 seconds
[1557.376s][info ][safepoint      ] Application time: 7.0005972 seconds
[1557.376s][info ][safepoint      ] Entering safepoint region: Cleanup
[1557.376s][info ][safepoint      ] Leaving safepoint region
[1557.376s][info ][safepoint      ] Total time for which application threads were stopped: 0.0000962 seconds, Stopping threads took: 0.0000356 seconds
[1557.830s][info ][safepoint      ] Application time: 0.4538767 seconds
[1557.830s][info ][safepoint      ] Entering safepoint region: ParallelGCFailedAllocation
[1557.830s][info ][gc,start       ] GC(76) Pause Young (Allocation Failure)
[1557.838s][debug][gc,phases      ] GC(76) Scavenge 7.947ms
[1557.839s][debug][gc,ref         ] GC(76) Skipped phase1 of Reference Processing due to unavailable references
[1557.839s][debug][gc,ref         ] GC(76) Skipped phase3 of Reference Processing due to unavailable references
[1557.839s][debug][gc,phases      ] GC(76) Reference Processing 0.045ms
[1557.839s][debug][gc,phases      ] GC(76) Weak Processing 0.121ms
[1557.839s][debug][gc,phases      ] GC(76) Scrub String Table 0.664ms
[1557.839s][debug][gc,age         ] GC(76) Desired survivor size 44564480 bytes, new threshold 15 (max threshold 15)
[1557.839s][info ][gc,heap        ] GC(76) PSYoungGen: 2003824K->10112K(2053632K)
[1557.839s][info ][gc,heap        ] GC(76) ParOldGen: 235080K->235088K(275968K)
[1557.839s][info ][gc,metaspace   ] GC(76) Metaspace: 64503K->64503K(1107968K)
[1557.839s][info ][gc             ] GC(76) Pause Young (Allocation Failure) 2186M->239M(2275M) 8.935ms
[1557.839s][info ][gc,cpu         ] GC(76) User=0.03s Sys=0.00s Real=0.01s
[1557.839s][info ][safepoint      ] Leaving safepoint region
[1557.839s][info ][safepoint      ] Total time for which application threads were stopped: 0.0091159 seconds, Stopping threads took: 0.0000144 seconds
[1559.840s][info ][safepoint      ] Application time: 2.0001885 seconds
[1559.840s][info ][safepoint      ] Entering safepoint region: Cleanup
[1559.840s][info ][safepoint      ] Leaving safepoint region
[1559.840s][info ][safepoint      ] Total time for which application threads were stopped: 0.0001082 seconds, Stopping threads took: 0.0000143 seconds
[1560.840s][info ][safepoint      ] Application time: 1.0001141 seconds
[1560.840s][info ][safepoint      ] Entering safepoint region: Cleanup
[1560.840s][info ][safepoint      ] Leaving safepoint region
[1560.840s][info ][safepoint      ] Total time for which application threads were stopped: 0.0000704 seconds, Stopping threads took: 0.0000137 seconds
[1564.840s][info ][safepoint      ] Application time: 4.0003308 seconds
[1564.840s][info ][safepoint      ] Entering safepoint region: Cleanup
[1564.840s][info ][safepoint      ] Leaving safepoint region
[1564.840s][info ][safepoint      ] Total time for which application threads were stopped: 0.0000769 seconds, Stopping threads took: 0.0000151 seconds
[1572.841s][info ][safepoint      ] Application time: 8.0008286 seconds
[1572.841s][info ][safepoint      ] Entering safepoint region: Cleanup
[1572.842s][info ][safepoint      ] Leaving safepoint region
[1572.842s][info ][safepoint      ] Total time for which application threads were stopped: 0.0002011 seconds, Stopping threads took: 0.0000622 seconds
[1572.945s][info ][safepoint      ] Application time: 0.1037076 seconds
[1572.945s][info ][safepoint      ] Entering safepoint region: RevokeBias
[1572.945s][info ][safepoint      ] Leaving safepoint region
[1572.945s][info ][safepoint      ] Total time for which application threads were stopped: 0.0001956 seconds, Stopping threads took: 0.0000512 seconds
[1573.946s][info ][safepoint      ] Application time: 1.0000803 seconds
[1573.946s][info ][safepoint      ] Entering safepoint region: Cleanup
[1573.946s][info ][safepoint      ] Leaving safepoint region
[1573.946s][info ][safepoint      ] Total time for which application threads were stopped: 0.0000765 seconds, Stopping threads took: 0.0000169 seconds
[1576.946s][info ][safepoint      ] Application time: 3.0003257 seconds
[1576.946s][info ][safepoint      ] Entering safepoint region: Cleanup
[1576.946s][info ][safepoint      ] Leaving safepoint region
[1576.946s][info ][safepoint      ] Total time for which application threads were stopped: 0.0000874 seconds, Stopping threads took: 0.0000159 seconds
[1580.947s][info ][safepoint      ] Application time: 4.0006866 seconds
[1580.947s][info ][safepoint      ] Entering safepoint region: Cleanup
[1580.947s][info ][safepoint      ] Leaving safepoint region
[1580.947s][info ][safepoint      ] Total time for which application threads were stopped: 0.0000758 seconds, Stopping threads took: 0.0000162 seconds
[1581.947s][info ][safepoint      ] Application time: 1.0001028 seconds
[1581.947s][info ][safepoint      ] Entering safepoint region: Cleanup
[1581.947s][info ][safepoint      ] Leaving safepoint region
[1581.947s][info ][safepoint      ] Total time for which application threads were stopped: 0.0000711 seconds, Stopping threads took: 0.0000151 seconds
[1582.947s][info ][safepoint      ] Application time: 1.0001204 seconds
[1582.947s][info ][safepoint      ] Entering safepoint region: Cleanup
[1582.947s][info ][safepoint      ] Leaving safepoint region
[1582.947s][info ][safepoint      ] Total time for which application threads were stopped: 0.0000701 seconds, Stopping threads took: 0.0000145 seconds
[1583.947s][info ][safepoint      ] Application time: 1.0000987 seconds
[1583.947s][info ][safepoint      ] Entering safepoint region: Cleanup
[1583.948s][info ][safepoint      ] Leaving safepoint region
[1583.948s][info ][safepoint      ] Total time for which application threads were stopped: 0.0000983 seconds, Stopping threads took: 0.0000146 seconds
[1584.948s][info ][safepoint      ] Application time: 1.0001127 seconds
[1584.948s][info ][safepoint      ] Entering safepoint region: Cleanup
[1584.948s][info ][safepoint      ] Leaving safepoint region
[1584.948s][info ][safepoint      ] Total time for which application threads were stopped: 0.0000923 seconds, Stopping threads took: 0.0000286 seconds
[1586.948s][info ][safepoint      ] Application time: 2.0001303 seconds
[1586.948s][info ][safepoint      ] Entering safepoint region: Cleanup
[1586.948s][info ][safepoint      ] Leaving safepoint region
[1586.948s][info ][safepoint      ] Total time for which application threads were stopped: 0.0000724 seconds, Stopping threads took: 0.0000154 seconds
[1590.948s][info ][safepoint      ] Application time: 4.0003014 seconds
[1590.948s][info ][safepoint      ] Entering safepoint region: Cleanup
[1590.948s][info ][safepoint      ] Leaving safepoint region
[1590.948s][info ][safepoint      ] Total time for which application threads were stopped: 0.0000719 seconds, Stopping threads took: 0.0000150 seconds
[1593.949s][info ][safepoint      ] Application time: 3.0002987 seconds
[1593.949s][info ][safepoint      ] Entering safepoint region: Cleanup
[1593.949s][info ][safepoint      ] Leaving safepoint region
[1593.949s][info ][safepoint      ] Total time for which application threads were stopped: 0.0000726 seconds, Stopping threads took: 0.0000145 seconds
[1598.949s][info ][safepoint      ] Application time: 5.0003861 seconds
[1598.949s][info ][safepoint      ] Entering safepoint region: Cleanup
[1598.949s][info ][safepoint      ] Leaving safepoint region
[1598.949s][info ][safepoint      ] Total time for which application threads were stopped: 0.0000968 seconds, Stopping threads took: 0.0000161 seconds
[1599.950s][info ][safepoint      ] Application time: 1.0001055 seconds
[1599.950s][info ][safepoint      ] Entering safepoint region: Cleanup
[1599.950s][info ][safepoint      ] Leaving safepoint region
[1599.950s][info ][safepoint      ] Total time for which application threads were stopped: 0.0000753 seconds, Stopping threads took: 0.0000147 seconds
[1600.950s][info ][safepoint      ] Application time: 1.0000878 seconds
[1600.950s][info ][safepoint      ] Entering safepoint region: Cleanup
[1600.950s][info ][safepoint      ] Leaving safepoint region
[1600.950s][info ][safepoint      ] Total time for which application threads were stopped: 0.0000875 seconds, Stopping threads took: 0.0000145 seconds
[1601.950s][info ][safepoint      ] Application time: 1.0001012 seconds
[1601.950s][info ][safepoint      ] Entering safepoint region: Cleanup
[1601.950s][info ][safepoint      ] Leaving safepoint region
[1601.950s][info ][safepoint      ] Total time for which application threads were stopped: 0.0000753 seconds, Stopping threads took: 0.0000149 seconds
[1602.480s][info ][safepoint      ] Application time: 0.5303384 seconds
[1602.480s][info ][safepoint      ] Entering safepoint region: ParallelGCFailedAllocation
[1602.481s][info ][gc,start       ] GC(77) Pause Young (Allocation Failure)
[1602.488s][debug][gc,phases      ] GC(77) Scavenge 7.644ms
[1602.488s][debug][gc,ref         ] GC(77) Skipped phase1 of Reference Processing due to unavailable references
[1602.488s][debug][gc,ref         ] GC(77) Skipped phase3 of Reference Processing due to unavailable references
[1602.488s][debug][gc,phases      ] GC(77) Reference Processing 0.042ms
[1602.489s][debug][gc,phases      ] GC(77) Weak Processing 0.198ms
[1602.489s][debug][gc,phases      ] GC(77) Scrub String Table 0.939ms
[1602.489s][debug][gc,age         ] GC(77) Desired survivor size 41418752 bytes, new threshold 15 (max threshold 15)
[1602.490s][info ][gc,heap        ] GC(77) PSYoungGen: 2017152K->10208K(2050560K)
[1602.490s][info ][gc,heap        ] GC(77) ParOldGen: 235088K->235256K(275968K)
[1602.490s][info ][gc,metaspace   ] GC(77) Metaspace: 64519K->64519K(1107968K)
[1602.490s][info ][gc             ] GC(77) Pause Young (Allocation Failure) 2199M->239M(2272M) 8.970ms
[1602.490s][info ][gc,cpu         ] GC(77) User=0.03s Sys=0.00s Real=0.01s
[1602.490s][info ][safepoint      ] Leaving safepoint region
[1602.490s][info ][safepoint      ] Total time for which application threads were stopped: 0.0091531 seconds, Stopping threads took: 0.0000144 seconds
[1603.490s][info ][safepoint      ] Application time: 1.0001111 seconds
[1603.490s][info ][safepoint      ] Entering safepoint region: Cleanup
[1603.490s][info ][safepoint      ] Leaving safepoint region
[1603.490s][info ][safepoint      ] Total time for which application threads were stopped: 0.0000726 seconds, Stopping threads took: 0.0000146 seconds
[1604.490s][info ][safepoint      ] Application time: 1.0001319 seconds
[1604.490s][info ][safepoint      ] Entering safepoint region: Cleanup
[1604.490s][info ][safepoint      ] Leaving safepoint region
[1604.490s][info ][safepoint      ] Total time for which application threads were stopped: 0.0002446 seconds, Stopping threads took: 0.0000715 seconds
[1606.490s][info ][safepoint      ] Application time: 2.0001849 seconds
[1606.490s][info ][safepoint      ] Entering safepoint region: Cleanup
[1606.491s][info ][safepoint      ] Leaving safepoint region
[1606.491s][info ][safepoint      ] Total time for which application threads were stopped: 0.0000777 seconds, Stopping threads took: 0.0000147 seconds
[1607.491s][info ][safepoint      ] Application time: 1.0000698 seconds
[1607.491s][info ][safepoint      ] Entering safepoint region: Cleanup
[1607.491s][info ][safepoint      ] Leaving safepoint region
[1607.491s][info ][safepoint      ] Total time for which application threads were stopped: 0.0000988 seconds, Stopping threads took: 0.0000167 seconds
[1625.492s][info ][safepoint      ] Application time: 18.0016242 seconds
[1625.492s][info ][safepoint      ] Entering safepoint region: Cleanup
[1625.493s][info ][safepoint      ] Leaving safepoint region
[1625.493s][info ][safepoint      ] Total time for which application threads were stopped: 0.0002176 seconds, Stopping threads took: 0.0000843 seconds
[1626.493s][info ][safepoint      ] Application time: 1.0000809 seconds
[1626.493s][info ][safepoint      ] Entering safepoint region: Cleanup
[1626.493s][info ][safepoint      ] Leaving safepoint region
[1626.493s][info ][safepoint      ] Total time for which application threads were stopped: 0.0000883 seconds, Stopping threads took: 0.0000149 seconds
[1633.494s][info ][safepoint      ] Application time: 7.0010756 seconds
[1633.494s][info ][safepoint      ] Entering safepoint region: Cleanup
[1633.494s][info ][safepoint      ] Leaving safepoint region
[1633.494s][info ][safepoint      ] Total time for which application threads were stopped: 0.0000766 seconds, Stopping threads took: 0.0000162 seconds
[1637.494s][info ][safepoint      ] Application time: 4.0004588 seconds
[1637.495s][info ][safepoint      ] Entering safepoint region: Cleanup
[1637.495s][info ][safepoint      ] Leaving safepoint region
[1637.495s][info ][safepoint      ] Total time for which application threads were stopped: 0.0000788 seconds, Stopping threads took: 0.0000152 seconds
[1640.495s][info ][safepoint      ] Application time: 3.0002704 seconds
[1640.495s][info ][safepoint      ] Entering safepoint region: Cleanup
[1640.495s][info ][safepoint      ] Leaving safepoint region
[1640.495s][info ][safepoint      ] Total time for which application threads were stopped: 0.0000808 seconds, Stopping threads took: 0.0000209 seconds
[1645.380s][info ][safepoint      ] Application time: 4.8847257 seconds
[1645.380s][info ][safepoint      ] Entering safepoint region: ParallelGCFailedAllocation
[1645.380s][info ][gc,start       ] GC(78) Pause Young (Allocation Failure)
[1645.390s][debug][gc,phases      ] GC(78) Scavenge 9.578ms
[1645.390s][debug][gc,ref         ] GC(78) Skipped phase1 of Reference Processing due to unavailable references
[1645.390s][debug][gc,ref         ] GC(78) Skipped phase3 of Reference Processing due to unavailable references
[1645.390s][debug][gc,phases      ] GC(78) Reference Processing 0.043ms
[1645.390s][debug][gc,phases      ] GC(78) Weak Processing 0.211ms
[1645.391s][debug][gc,phases      ] GC(78) Scrub String Table 1.025ms
[1645.391s][debug][gc,age         ] GC(78) Desired survivor size 38797312 bytes, new threshold 15 (max threshold 15)
[1645.391s][info ][gc,heap        ] GC(78) PSYoungGen: 2017248K->12272K(2059264K)
[1645.391s][info ][gc,heap        ] GC(78) ParOldGen: 235256K->235288K(275968K)
[1645.391s][info ][gc,metaspace   ] GC(78) Metaspace: 64529K->64529K(1107968K)
[1645.391s][info ][gc             ] GC(78) Pause Young (Allocation Failure) 2199M->241M(2280M) 11.022ms
[1645.391s][info ][gc,cpu         ] GC(78) User=0.04s Sys=0.00s Real=0.01s
[1645.391s][info ][safepoint      ] Leaving safepoint region
[1645.391s][info ][safepoint      ] Total time for which application threads were stopped: 0.0114593 seconds, Stopping threads took: 0.0001472 seconds
[1650.392s][info ][safepoint      ] Application time: 5.0004907 seconds
[1650.392s][info ][safepoint      ] Entering safepoint region: Cleanup
[1650.392s][info ][safepoint      ] Leaving safepoint region
[1650.392s][info ][safepoint      ] Total time for which application threads were stopped: 0.0000963 seconds, Stopping threads took: 0.0000161 seconds
[1656.397s][info ][safepoint      ] Application time: 6.0051545 seconds
[1656.397s][info ][safepoint      ] Entering safepoint region: Cleanup
[1656.397s][info ][safepoint      ] Leaving safepoint region
[1656.397s][info ][safepoint      ] Total time for which application threads were stopped: 0.0000815 seconds, Stopping threads took: 0.0000189 seconds
[1659.398s][info ][safepoint      ] Application time: 3.0003010 seconds
[1659.398s][info ][safepoint      ] Entering safepoint region: Cleanup
[1659.398s][info ][safepoint      ] Leaving safepoint region
[1659.398s][info ][safepoint      ] Total time for which application threads were stopped: 0.0001117 seconds, Stopping threads took: 0.0000234 seconds
[1660.398s][info ][safepoint      ] Application time: 1.0001019 seconds
[1660.398s][info ][safepoint      ] Entering safepoint region: Cleanup
[1660.398s][info ][safepoint      ] Leaving safepoint region
[1660.398s][info ][safepoint      ] Total time for which application threads were stopped: 0.0000982 seconds, Stopping threads took: 0.0000184 seconds
[1661.398s][info ][safepoint      ] Application time: 1.0000720 seconds
[1661.398s][info ][safepoint      ] Entering safepoint region: Cleanup
[1661.398s][info ][safepoint      ] Leaving safepoint region
[1661.398s][info ][safepoint      ] Total time for which application threads were stopped: 0.0000781 seconds, Stopping threads took: 0.0000172 seconds
[1664.399s][info ][safepoint      ] Application time: 3.0002539 seconds
[1664.399s][info ][safepoint      ] Entering safepoint region: Cleanup
[1664.399s][info ][safepoint      ] Leaving safepoint region
[1664.399s][info ][safepoint      ] Total time for which application threads were stopped: 0.0002137 seconds, Stopping threads took: 0.0000625 seconds
[1665.399s][info ][safepoint      ] Application time: 1.0001883 seconds
[1665.399s][info ][safepoint      ] Entering safepoint region: Cleanup
[1665.399s][info ][safepoint      ] Leaving safepoint region
[1665.399s][info ][safepoint      ] Total time for which application threads were stopped: 0.0000997 seconds, Stopping threads took: 0.0000169 seconds
[1665.753s][info ][safepoint      ] Application time: 0.3543215 seconds
[1665.754s][info ][safepoint      ] Entering safepoint region: RevokeBias
[1665.754s][info ][safepoint      ] Leaving safepoint region
[1665.754s][info ][safepoint      ] Total time for which application threads were stopped: 0.0001512 seconds, Stopping threads took: 0.0000459 seconds
[1665.754s][info ][safepoint      ] Application time: 0.0000868 seconds
[1665.754s][info ][safepoint      ] Entering safepoint region: RevokeBias
[1665.754s][info ][safepoint      ] Leaving safepoint region
[1665.754s][info ][safepoint      ] Total time for which application threads were stopped: 0.0000457 seconds, Stopping threads took: 0.0000152 seconds
[1666.754s][info ][safepoint      ] Application time: 1.0001125 seconds
[1666.754s][info ][safepoint      ] Entering safepoint region: Cleanup
[1666.754s][info ][safepoint      ] Leaving safepoint region
[1666.754s][info ][safepoint      ] Total time for which application threads were stopped: 0.0001431 seconds, Stopping threads took: 0.0000383 seconds
[1668.754s][info ][safepoint      ] Application time: 2.0001760 seconds
[1668.754s][info ][safepoint      ] Entering safepoint region: Cleanup
[1668.754s][info ][safepoint      ] Leaving safepoint region
[1668.754s][info ][safepoint      ] Total time for which application threads were stopped: 0.0000932 seconds, Stopping threads took: 0.0000174 seconds
[1670.755s][info ][safepoint      ] Application time: 2.0001369 seconds
[1670.755s][info ][safepoint      ] Entering safepoint region: Cleanup
[1670.755s][info ][safepoint      ] Leaving safepoint region
[1670.755s][info ][safepoint      ] Total time for which application threads were stopped: 0.0001070 seconds, Stopping threads took: 0.0000146 seconds
[1688.379s][info ][safepoint      ] Application time: 17.6246373 seconds
[1688.379s][info ][safepoint      ] Entering safepoint region: ParallelGCFailedAllocation
[1688.380s][info ][gc,start       ] GC(79) Pause Young (Allocation Failure)
[1688.388s][debug][gc,phases      ] GC(79) Scavenge 8.568ms
[1688.388s][debug][gc,ref         ] GC(79) Skipped phase1 of Reference Processing due to unavailable references
[1688.388s][debug][gc,ref         ] GC(79) Skipped phase3 of Reference Processing due to unavailable references
[1688.388s][debug][gc,phases      ] GC(79) Reference Processing 0.187ms
[1688.389s][debug][gc,phases      ] GC(79) Weak Processing 0.123ms
[1688.389s][debug][gc,phases      ] GC(79) Scrub String Table 0.676ms
[1688.389s][debug][gc,age         ] GC(79) Desired survivor size 36700160 bytes, new threshold 15 (max threshold 15)
[1688.389s][info ][gc,heap        ] GC(79) PSYoungGen: 2031088K->12608K(2056704K)
[1688.389s][info ][gc,heap        ] GC(79) ParOldGen: 235288K->235764K(275968K)
[1688.389s][info ][gc,metaspace   ] GC(79) Metaspace: 64689K->64689K(1107968K)
[1688.389s][info ][gc             ] GC(79) Pause Young (Allocation Failure) 2213M->242M(2278M) 9.734ms
[1688.389s][info ][gc,cpu         ] GC(79) User=0.02s Sys=0.02s Real=0.01s
[1688.389s][info ][safepoint      ] Leaving safepoint region
[1688.389s][info ][safepoint      ] Total time for which application threads were stopped: 0.0100365 seconds, Stopping threads took: 0.0001279 seconds
[1690.390s][info ][safepoint      ] Application time: 2.0001868 seconds
[1690.390s][info ][safepoint      ] Entering safepoint region: Cleanup
[1690.390s][info ][safepoint      ] Leaving safepoint region
[1690.390s][info ][safepoint      ] Total time for which application threads were stopped: 0.0000750 seconds, Stopping threads took: 0.0000152 seconds
[1694.390s][info ][safepoint      ] Application time: 4.0003183 seconds
[1694.390s][info ][safepoint      ] Entering safepoint region: Cleanup
[1694.390s][info ][safepoint      ] Leaving safepoint region
[1694.390s][info ][safepoint      ] Total time for which application threads were stopped: 0.0000745 seconds, Stopping threads took: 0.0000161 seconds
[1719.395s][info ][safepoint      ] Application time: 25.0047987 seconds
[1719.395s][info ][safepoint      ] Entering safepoint region: Cleanup
[1719.395s][info ][safepoint      ] Leaving safepoint region
[1719.395s][info ][safepoint      ] Total time for which application threads were stopped: 0.0001764 seconds, Stopping threads took: 0.0000486 seconds
[1720.395s][info ][safepoint      ] Application time: 1.0000839 seconds
[1720.395s][info ][safepoint      ] Entering safepoint region: Cleanup
[1720.395s][info ][safepoint      ] Leaving safepoint region
[1720.395s][info ][safepoint      ] Total time for which application threads were stopped: 0.0000744 seconds, Stopping threads took: 0.0000165 seconds
[1730.517s][info ][safepoint      ] Application time: 10.1220434 seconds
[1730.517s][info ][safepoint      ] Entering safepoint region: RevokeBias
[1730.518s][info ][safepoint      ] Leaving safepoint region
[1730.518s][info ][safepoint      ] Total time for which application threads were stopped: 0.0000991 seconds, Stopping threads took: 0.0000174 seconds
[1734.480s][info ][safepoint      ] Application time: 3.9628057 seconds
[1734.480s][info ][safepoint      ] Entering safepoint region: ParallelGCFailedAllocation
[1734.481s][info ][gc,start       ] GC(80) Pause Young (Allocation Failure)
[1734.490s][debug][gc,phases      ] GC(80) Scavenge 9.179ms
[1734.490s][debug][gc,ref         ] GC(80) Skipped phase1 of Reference Processing due to unavailable references
[1734.490s][debug][gc,ref         ] GC(80) Skipped phase3 of Reference Processing due to unavailable references
[1734.490s][debug][gc,ref         ] GC(80) Skipped phase4 of Reference Processing due to unavailable references
[1734.490s][debug][gc,phases      ] GC(80) Reference Processing 0.046ms
[1734.490s][debug][gc,phases      ] GC(80) Weak Processing 0.138ms
[1734.491s][debug][gc,phases      ] GC(80) Scrub String Table 0.679ms
[1734.491s][debug][gc,age         ] GC(80) Desired survivor size 34603008 bytes, new threshold 15 (max threshold 15)
[1734.491s][info ][gc,heap        ] GC(80) PSYoungGen: 2031424K->12464K(2063360K)
[1734.491s][info ][gc,heap        ] GC(80) ParOldGen: 235764K->235876K(275968K)
[1734.491s][info ][gc,metaspace   ] GC(80) Metaspace: 64693K->64693K(1107968K)
[1734.491s][info ][gc             ] GC(80) Pause Young (Allocation Failure) 2214M->242M(2284M) 10.197ms
[1734.491s][info ][gc,cpu         ] GC(80) User=0.03s Sys=0.01s Real=0.01s
[1734.491s][info ][safepoint      ] Leaving safepoint region
[1734.491s][info ][safepoint      ] Total time for which application threads were stopped: 0.0103864 seconds, Stopping threads took: 0.0000147 seconds
[1737.491s][info ][safepoint      ] Application time: 3.0002277 seconds
[1737.491s][info ][safepoint      ] Entering safepoint region: Cleanup
[1737.491s][info ][safepoint      ] Leaving safepoint region
[1737.491s][info ][safepoint      ] Total time for which application threads were stopped: 0.0000916 seconds, Stopping threads took: 0.0000162 seconds
[1739.491s][info ][safepoint      ] Application time: 2.0001295 seconds
[1739.491s][info ][safepoint      ] Entering safepoint region: Cleanup
[1739.491s][info ][safepoint      ] Leaving safepoint region
[1739.491s][info ][safepoint      ] Total time for which application threads were stopped: 0.0000984 seconds, Stopping threads took: 0.0000431 seconds
[1740.492s][info ][safepoint      ] Application time: 1.0000869 seconds
[1740.492s][info ][safepoint      ] Entering safepoint region: Cleanup
[1740.492s][info ][safepoint      ] Leaving safepoint region
[1740.492s][info ][safepoint      ] Total time for which application threads were stopped: 0.0001095 seconds, Stopping threads took: 0.0000307 seconds
[1756.493s][info ][safepoint      ] Application time: 16.0014063 seconds
[1756.493s][info ][safepoint      ] Entering safepoint region: Cleanup
[1756.493s][info ][safepoint      ] Leaving safepoint region
[1756.493s][info ][safepoint      ] Total time for which application threads were stopped: 0.0001668 seconds, Stopping threads took: 0.0000546 seconds
[1757.493s][info ][safepoint      ] Application time: 1.0000741 seconds
[1757.493s][info ][safepoint      ] Entering safepoint region: Cleanup
[1757.494s][info ][safepoint      ] Leaving safepoint region
[1757.494s][info ][safepoint      ] Total time for which application threads were stopped: 0.0001347 seconds, Stopping threads took: 0.0000154 seconds
[1771.495s][info ][safepoint      ] Application time: 14.0017744 seconds
[1771.495s][info ][safepoint      ] Entering safepoint region: Cleanup
[1771.495s][info ][safepoint      ] Leaving safepoint region
[1771.495s][info ][safepoint      ] Total time for which application threads were stopped: 0.0000888 seconds, Stopping threads took: 0.0000317 seconds
[1777.496s][info ][safepoint      ] Application time: 6.0007006 seconds
[1777.496s][info ][safepoint      ] Entering safepoint region: Cleanup
[1777.496s][info ][safepoint      ] Leaving safepoint region
[1777.496s][info ][safepoint      ] Total time for which application threads were stopped: 0.0000730 seconds, Stopping threads took: 0.0000154 seconds
[1779.631s][info ][safepoint      ] Application time: 2.1348336 seconds
[1779.631s][info ][safepoint      ] Entering safepoint region: ParallelGCFailedAllocation
[1779.631s][info ][gc,start       ] GC(81) Pause Young (Allocation Failure)
[1779.642s][debug][gc,phases      ] GC(81) Scavenge 10.225ms
[1779.642s][debug][gc,ref         ] GC(81) Skipped phase1 of Reference Processing due to unavailable references
[1779.642s][debug][gc,ref         ] GC(81) Skipped phase3 of Reference Processing due to unavailable references
[1779.642s][debug][gc,ref         ] GC(81) Skipped phase4 of Reference Processing due to unavailable references
[1779.642s][debug][gc,phases      ] GC(81) Reference Processing 0.047ms
[1779.642s][debug][gc,phases      ] GC(81) Weak Processing 0.122ms
[1779.643s][debug][gc,phases      ] GC(81) Scrub String Table 0.726ms
[1779.643s][debug][gc,age         ] GC(81) Desired survivor size 32505856 bytes, new threshold 15 (max threshold 15)
[1779.643s][info ][gc,heap        ] GC(81) PSYoungGen: 2039984K->12336K(2061312K)
[1779.643s][info ][gc,heap        ] GC(81) ParOldGen: 235876K->235996K(275968K)
[1779.643s][info ][gc,metaspace   ] GC(81) Metaspace: 64697K->64697K(1107968K)
[1779.643s][info ][gc             ] GC(81) Pause Young (Allocation Failure) 2222M->242M(2282M) 11.283ms
[1779.643s][info ][gc,cpu         ] GC(81) User=0.03s Sys=0.01s Real=0.01s
[1779.643s][info ][safepoint      ] Leaving safepoint region
[1779.643s][info ][safepoint      ] Total time for which application threads were stopped: 0.0114699 seconds, Stopping threads took: 0.0000209 seconds
[1783.643s][info ][safepoint      ] Application time: 4.0004400 seconds
[1783.643s][info ][safepoint      ] Entering safepoint region: Cleanup
[1783.643s][info ][safepoint      ] Leaving safepoint region
[1783.643s][info ][safepoint      ] Total time for which application threads were stopped: 0.0000877 seconds, Stopping threads took: 0.0000158 seconds
[1787.644s][info ][safepoint      ] Application time: 4.0002974 seconds
[1787.644s][info ][safepoint      ] Entering safepoint region: Cleanup
[1787.644s][info ][safepoint      ] Leaving safepoint region
[1787.644s][info ][safepoint      ] Total time for which application threads were stopped: 0.0000727 seconds, Stopping threads took: 0.0000165 seconds
[1795.644s][info ][safepoint      ] Application time: 8.0006841 seconds
[1795.644s][info ][safepoint      ] Entering safepoint region: Cleanup
[1795.645s][info ][safepoint      ] Leaving safepoint region
[1795.645s][info ][safepoint      ] Total time for which application threads were stopped: 0.0001687 seconds, Stopping threads took: 0.0000452 seconds
[1807.646s][info ][safepoint      ] Application time: 12.0010227 seconds
[1807.646s][info ][safepoint      ] Entering safepoint region: Cleanup
[1807.646s][info ][safepoint      ] Leaving safepoint region
[1807.646s][info ][safepoint      ] Total time for which application threads were stopped: 0.0000951 seconds, Stopping threads took: 0.0000306 seconds
[1809.646s][info ][safepoint      ] Application time: 2.0001652 seconds
[1809.646s][info ][safepoint      ] Entering safepoint region: Cleanup
[1809.646s][info ][safepoint      ] Leaving safepoint region
[1809.646s][info ][safepoint      ] Total time for which application threads were stopped: 0.0000817 seconds, Stopping threads took: 0.0000172 seconds
[1811.646s][info ][safepoint      ] Application time: 2.0001835 seconds
[1811.646s][info ][safepoint      ] Entering safepoint region: Cleanup
[1811.646s][info ][safepoint      ] Leaving safepoint region
[1811.646s][info ][safepoint      ] Total time for which application threads were stopped: 0.0001743 seconds, Stopping threads took: 0.0000822 seconds
[1812.647s][info ][safepoint      ] Application time: 1.0000826 seconds
[1812.647s][info ][safepoint      ] Entering safepoint region: Cleanup
[1812.647s][info ][safepoint      ] Leaving safepoint region
[1812.647s][info ][safepoint      ] Total time for which application threads were stopped: 0.0001036 seconds, Stopping threads took: 0.0000165 seconds
[1816.647s][info ][safepoint      ] Application time: 4.0003373 seconds
[1816.647s][info ][safepoint      ] Entering safepoint region: Cleanup
[1816.647s][info ][safepoint      ] Leaving safepoint region
[1816.647s][info ][safepoint      ] Total time for which application threads were stopped: 0.0000787 seconds, Stopping threads took: 0.0000161 seconds
[1824.277s][info ][safepoint      ] Application time: 7.6301422 seconds
[1824.277s][info ][safepoint      ] Entering safepoint region: ParallelGCFailedAllocation
[1824.278s][info ][gc,start       ] GC(82) Pause Young (Allocation Failure)
[1824.288s][debug][gc,phases      ] GC(82) Scavenge 10.004ms
[1824.288s][debug][gc,ref         ] GC(82) Skipped phase1 of Reference Processing due to unavailable references
[1824.288s][debug][gc,ref         ] GC(82) Skipped phase3 of Reference Processing due to unavailable references
[1824.288s][debug][gc,phases      ] GC(82) Reference Processing 0.043ms
[1824.288s][debug][gc,phases      ] GC(82) Weak Processing 0.208ms
[1824.289s][debug][gc,phases      ] GC(82) Scrub String Table 1.088ms
[1824.289s][debug][gc,age         ] GC(82) Desired survivor size 30408704 bytes, new threshold 15 (max threshold 15)
[1824.289s][info ][gc,heap        ] GC(82) PSYoungGen: 2039856K->12048K(2067456K)
[1824.289s][info ][gc,heap        ] GC(82) ParOldGen: 235996K->236388K(275968K)
[1824.289s][info ][gc,metaspace   ] GC(82) Metaspace: 64709K->64709K(1107968K)
[1824.289s][info ][gc             ] GC(82) Pause Young (Allocation Failure) 2222M->242M(2288M) 11.519ms
[1824.289s][info ][gc,cpu         ] GC(82) User=0.02s Sys=0.03s Real=0.01s
[1824.289s][info ][safepoint      ] Leaving safepoint region
[1824.289s][info ][safepoint      ] Total time for which application threads were stopped: 0.0118977 seconds, Stopping threads took: 0.0000729 seconds
[1837.290s][info ][safepoint      ] Application time: 13.0012228 seconds
[1837.291s][info ][safepoint      ] Entering safepoint region: Cleanup
[1837.291s][info ][safepoint      ] Leaving safepoint region
[1837.291s][info ][safepoint      ] Total time for which application threads were stopped: 0.0002501 seconds, Stopping threads took: 0.0000787 seconds
[1842.291s][info ][safepoint      ] Application time: 5.0005780 seconds
[1842.291s][info ][safepoint      ] Entering safepoint region: Cleanup
[1842.291s][info ][safepoint      ] Leaving safepoint region
[1842.291s][info ][safepoint      ] Total time for which application threads were stopped: 0.0000914 seconds, Stopping threads took: 0.0000164 seconds
[1843.292s][info ][safepoint      ] Application time: 1.0000957 seconds
[1843.292s][info ][safepoint      ] Entering safepoint region: Cleanup
[1843.292s][info ][safepoint      ] Leaving safepoint region
[1843.292s][info ][safepoint      ] Total time for which application threads were stopped: 0.0000799 seconds, Stopping threads took: 0.0000186 seconds
[1853.294s][info ][safepoint      ] Application time: 10.0018559 seconds
[1853.294s][info ][safepoint      ] Entering safepoint region: Cleanup
[1853.294s][info ][safepoint      ] Leaving safepoint region
[1853.294s][info ][safepoint      ] Total time for which application threads were stopped: 0.0000771 seconds, Stopping threads took: 0.0000171 seconds
[1870.127s][info ][safepoint      ] Application time: 16.8333149 seconds
[1870.127s][info ][safepoint      ] Entering safepoint region: ParallelGCFailedAllocation
[1870.127s][info ][gc,start       ] GC(83) Pause Young (Allocation Failure)
[1870.138s][debug][gc,phases      ] GC(83) Scavenge 10.450ms
[1870.138s][debug][gc,ref         ] GC(83) Skipped phase1 of Reference Processing due to unavailable references
[1870.138s][debug][gc,ref         ] GC(83) Skipped phase3 of Reference Processing due to unavailable references
[1870.138s][debug][gc,phases      ] GC(83) Reference Processing 0.042ms
[1870.138s][debug][gc,phases      ] GC(83) Weak Processing 0.129ms
[1870.139s][debug][gc,phases      ] GC(83) Scrub String Table 0.772ms
[1870.139s][debug][gc,age         ] GC(83) Desired survivor size 28835840 bytes, new threshold 15 (max threshold 15)
[1870.139s][info ][gc,heap        ] GC(83) PSYoungGen: 2047760K->11920K(2065408K)
[1870.139s][info ][gc,heap        ] GC(83) ParOldGen: 236388K->236528K(275968K)
[1870.139s][info ][gc,metaspace   ] GC(83) Metaspace: 64711K->64711K(1107968K)
[1870.139s][info ][gc             ] GC(83) Pause Young (Allocation Failure) 2230M->242M(2286M) 11.572ms
[1870.139s][info ][gc,cpu         ] GC(83) User=0.03s Sys=0.01s Real=0.01s
[1870.139s][info ][safepoint      ] Leaving safepoint region
[1870.139s][info ][safepoint      ] Total time for which application threads were stopped: 0.0119979 seconds, Stopping threads took: 0.0001276 seconds
[1872.185s][info ][safepoint      ] Application time: 2.0457690 seconds
[1872.185s][info ][safepoint      ] Entering safepoint region: RevokeBias
[1872.185s][info ][safepoint      ] Leaving safepoint region
[1872.185s][info ][safepoint      ] Total time for which application threads were stopped: 0.0001158 seconds, Stopping threads took: 0.0000164 seconds
[1874.185s][info ][safepoint      ] Application time: 2.0001478 seconds
[1874.185s][info ][safepoint      ] Entering safepoint region: Cleanup
[1874.185s][info ][safepoint      ] Leaving safepoint region
[1874.185s][info ][safepoint      ] Total time for which application threads were stopped: 0.0001039 seconds, Stopping threads took: 0.0000169 seconds
[1913.896s][info ][safepoint      ] Application time: 39.7112198 seconds
[1913.897s][info ][safepoint      ] Entering safepoint region: RevokeBias
[1913.897s][info ][safepoint      ] Leaving safepoint region
[1913.897s][info ][safepoint      ] Total time for which application threads were stopped: 0.0002247 seconds, Stopping threads took: 0.0000738 seconds
[1919.080s][info ][safepoint      ] Application time: 5.1827542 seconds
[1919.080s][info ][safepoint      ] Entering safepoint region: ParallelGCFailedAllocation
[1919.080s][info ][gc,start       ] GC(84) Pause Young (Allocation Failure)
[1919.091s][debug][gc,phases      ] GC(84) Scavenge 11.559ms
[1919.091s][debug][gc,ref         ] GC(84) Skipped phase1 of Reference Processing due to unavailable references
[1919.091s][debug][gc,ref         ] GC(84) Skipped phase3 of Reference Processing due to unavailable references
[1919.091s][debug][gc,phases      ] GC(84) Reference Processing 0.044ms
[1919.092s][debug][gc,phases      ] GC(84) Weak Processing 0.244ms
[1919.092s][debug][gc,phases      ] GC(84) Scrub String Table 0.765ms
[1919.093s][debug][gc,age         ] GC(84) Desired survivor size 27262976 bytes, new threshold 15 (max threshold 15)
[1919.093s][info ][gc,heap        ] GC(84) PSYoungGen: 2047632K->11648K(2070528K)
[1919.093s][info ][gc,heap        ] GC(84) ParOldGen: 236528K->236776K(275968K)
[1919.093s][info ][gc,metaspace   ] GC(84) Metaspace: 64719K->64719K(1107968K)
[1919.093s][info ][gc             ] GC(84) Pause Young (Allocation Failure) 2230M->242M(2291M) 12.792ms
[1919.093s][info ][gc,cpu         ] GC(84) User=0.04s Sys=0.00s Real=0.02s
[1919.093s][info ][safepoint      ] Leaving safepoint region
[1919.093s][info ][safepoint      ] Total time for which application threads were stopped: 0.0130360 seconds, Stopping threads took: 0.0000191 seconds
[1934.139s][info ][safepoint      ] Application time: 15.0465487 seconds
[1934.139s][info ][safepoint      ] Entering safepoint region: RevokeBias
[1934.139s][info ][safepoint      ] Leaving safepoint region
[1934.139s][info ][safepoint      ] Total time for which application threads were stopped: 0.0000919 seconds, Stopping threads took: 0.0000152 seconds
[1934.140s][info ][safepoint      ] Application time: 0.0004278 seconds
[1934.140s][info ][safepoint      ] Entering safepoint region: RevokeBias
[1934.140s][info ][safepoint      ] Leaving safepoint region
[1934.140s][info ][safepoint      ] Total time for which application threads were stopped: 0.0000541 seconds, Stopping threads took: 0.0000108 seconds
[1934.140s][info ][safepoint      ] Application time: 0.0004178 seconds
[1934.140s][info ][safepoint      ] Entering safepoint region: RevokeBias
[1934.140s][info ][safepoint      ] Leaving safepoint region
[1934.140s][info ][safepoint      ] Total time for which application threads were stopped: 0.0000419 seconds, Stopping threads took: 0.0000088 seconds
[1968.630s][info ][safepoint      ] Application time: 34.4897586 seconds
[1968.630s][info ][safepoint      ] Entering safepoint region: ParallelGCFailedAllocation
[1968.630s][info ][gc,start       ] GC(85) Pause Young (Allocation Failure)
[1968.640s][debug][gc,phases      ] GC(85) Scavenge 9.154ms
[1968.640s][debug][gc,ref         ] GC(85) Skipped phase1 of Reference Processing due to unavailable references
[1968.640s][debug][gc,ref         ] GC(85) Skipped phase3 of Reference Processing due to unavailable references
[1968.640s][debug][gc,ref         ] GC(85) Skipped phase4 of Reference Processing due to unavailable references
[1968.640s][debug][gc,phases      ] GC(85) Reference Processing 0.047ms
[1968.640s][debug][gc,phases      ] GC(85) Weak Processing 0.125ms
[1968.641s][debug][gc,phases      ] GC(85) Scrub String Table 0.800ms
[1968.641s][debug][gc,age         ] GC(85) Desired survivor size 25690112 bytes, new threshold 15 (max threshold 15)
[1968.641s][info ][gc,heap        ] GC(85) PSYoungGen: 2054016K->11344K(2068992K)
[1968.641s][info ][gc,heap        ] GC(85) ParOldGen: 236776K->237148K(275968K)
[1968.641s][info ][gc,metaspace   ] GC(85) Metaspace: 64720K->64720K(1107968K)
[1968.641s][info ][gc             ] GC(85) Pause Young (Allocation Failure) 2237M->242M(2290M) 10.293ms
[1968.641s][info ][gc,cpu         ] GC(85) User=0.03s Sys=0.01s Real=0.01s
[1968.641s][info ][safepoint      ] Leaving safepoint region
[1968.641s][info ][safepoint      ] Total time for which application threads were stopped: 0.0106923 seconds, Stopping threads took: 0.0000759 seconds
[1973.896s][info ][safepoint      ] Application time: 5.2556143 seconds
[1973.896s][info ][safepoint      ] Entering safepoint region: RevokeBias
[1973.897s][info ][safepoint      ] Leaving safepoint region
[1973.897s][info ][safepoint      ] Total time for which application threads were stopped: 0.0000958 seconds, Stopping threads took: 0.0000154 seconds
[2010.900s][info ][safepoint      ] Application time: 37.0032787 seconds
[2010.900s][info ][safepoint      ] Entering safepoint region: Cleanup
[2010.900s][info ][safepoint      ] Leaving safepoint region
[2010.900s][info ][safepoint      ] Total time for which application threads were stopped: 0.0001925 seconds, Stopping threads took: 0.0000604 seconds
[2017.780s][info ][safepoint      ] Application time: 6.8803795 seconds
[2017.781s][info ][safepoint      ] Entering safepoint region: ParallelGCFailedAllocation
[2017.781s][info ][gc,start       ] GC(86) Pause Young (Allocation Failure)
[2017.790s][debug][gc,phases      ] GC(86) Scavenge 9.667ms
[2017.790s][debug][gc,ref         ] GC(86) Skipped phase1 of Reference Processing due to unavailable references
[2017.790s][debug][gc,ref         ] GC(86) Skipped phase3 of Reference Processing due to unavailable references
[2017.791s][debug][gc,phases      ] GC(86) Reference Processing 0.042ms
[2017.791s][debug][gc,phases      ] GC(86) Weak Processing 0.200ms
[2017.792s][debug][gc,phases      ] GC(86) Scrub String Table 1.032ms
[2017.792s][debug][gc,age         ] GC(86) Desired survivor size 25165824 bytes, new threshold 15 (max threshold 15)
[2017.792s][info ][gc,heap        ] GC(86) PSYoungGen: 2053712K->6400K(2072576K)
[2017.792s][info ][gc,heap        ] GC(86) ParOldGen: 237148K->242163K(275968K)
[2017.792s][info ][gc,metaspace   ] GC(86) Metaspace: 64737K->64737K(1107968K)
[2017.792s][info ][gc             ] GC(86) Pause Young (Allocation Failure) 2237M->242M(2293M) 11.094ms
[2017.792s][info ][gc,cpu         ] GC(86) User=0.04s Sys=0.00s Real=0.02s
[2017.792s][info ][safepoint      ] Leaving safepoint region
[2017.792s][info ][safepoint      ] Total time for which application threads were stopped: 0.0114032 seconds, Stopping threads took: 0.0000547 seconds
[2033.896s][info ][safepoint      ] Application time: 16.1045099 seconds
[2033.896s][info ][safepoint      ] Entering safepoint region: RevokeBias
[2033.896s][info ][safepoint      ] Leaving safepoint region
[2033.896s][info ][safepoint      ] Total time for which application threads were stopped: 0.0000688 seconds, Stopping threads took: 0.0000141 seconds
[2035.897s][info ][safepoint      ] Application time: 2.0002125 seconds
[2035.897s][info ][safepoint      ] Entering safepoint region: Cleanup
[2035.897s][info ][safepoint      ] Leaving safepoint region
[2035.897s][info ][safepoint      ] Total time for which application threads were stopped: 0.0000696 seconds, Stopping threads took: 0.0000154 seconds
[2042.898s][info ][safepoint      ] Application time: 7.0007012 seconds
[2042.898s][info ][safepoint      ] Entering safepoint region: Cleanup
[2042.898s][info ][safepoint      ] Leaving safepoint region
[2042.898s][info ][safepoint      ] Total time for which application threads were stopped: 0.0002373 seconds, Stopping threads took: 0.0000680 seconds
[2048.898s][info ][safepoint      ] Application time: 6.0005200 seconds
[2048.898s][info ][safepoint      ] Entering safepoint region: Cleanup
[2048.898s][info ][safepoint      ] Leaving safepoint region
[2048.898s][info ][safepoint      ] Total time for which application threads were stopped: 0.0000789 seconds, Stopping threads took: 0.0000139 seconds
[2052.899s][info ][safepoint      ] Application time: 4.0003186 seconds
[2052.899s][info ][safepoint      ] Entering safepoint region: Cleanup
[2052.899s][info ][safepoint      ] Leaving safepoint region
[2052.899s][info ][safepoint      ] Total time for which application threads were stopped: 0.0000904 seconds, Stopping threads took: 0.0000165 seconds
[2064.437s][info ][safepoint      ] Application time: 11.5382177 seconds
[2064.437s][info ][safepoint      ] Entering safepoint region: ParallelGCFailedAllocation
[2064.438s][info ][gc,start       ] GC(87) Pause Young (Allocation Failure)
[2064.445s][debug][gc,phases      ] GC(87) Scavenge 7.694ms
[2064.445s][debug][gc,ref         ] GC(87) Skipped phase1 of Reference Processing due to unavailable references
[2064.445s][debug][gc,ref         ] GC(87) Skipped phase3 of Reference Processing due to unavailable references
[2064.445s][debug][gc,ref         ] GC(87) Skipped phase4 of Reference Processing due to unavailable references
[2064.445s][debug][gc,phases      ] GC(87) Reference Processing 0.042ms
[2064.445s][debug][gc,phases      ] GC(87) Weak Processing 0.125ms
[2064.446s][debug][gc,phases      ] GC(87) Scrub String Table 0.737ms
[2064.446s][debug][gc,age         ] GC(87) Desired survivor size 24641536 bytes, new threshold 15 (max threshold 15)
[2064.446s][info ][gc,heap        ] GC(87) PSYoungGen: 2053888K->6272K(2072064K)
[2064.446s][info ][gc,heap        ] GC(87) ParOldGen: 242163K->242359K(275968K)
[2064.446s][info ][gc,metaspace   ] GC(87) Metaspace: 64751K->64751K(1107968K)
[2064.446s][info ][gc             ] GC(87) Pause Young (Allocation Failure) 2242M->242M(2293M) 8.746ms
[2064.446s][info ][gc,cpu         ] GC(87) User=0.02s Sys=0.01s Real=0.01s
[2064.446s][info ][safepoint      ] Leaving safepoint region
[2064.446s][info ][safepoint      ] Total time for which application threads were stopped: 0.0091839 seconds, Stopping threads took: 0.0001384 seconds
[2072.447s][info ][safepoint      ] Application time: 8.0007490 seconds
[2072.447s][info ][safepoint      ] Entering safepoint region: Cleanup
[2072.447s][info ][safepoint      ] Leaving safepoint region
[2072.447s][info ][safepoint      ] Total time for which application threads were stopped: 0.0000878 seconds, Stopping threads took: 0.0000315 seconds
[2073.447s][info ][safepoint      ] Application time: 1.0001134 seconds
[2073.447s][info ][safepoint      ] Entering safepoint region: Cleanup
[2073.447s][info ][safepoint      ] Leaving safepoint region
[2073.447s][info ][safepoint      ] Total time for which application threads were stopped: 0.0000769 seconds, Stopping threads took: 0.0000145 seconds
[2111.780s][info ][safepoint      ] Application time: 38.3320950 seconds
[2111.780s][info ][safepoint      ] Entering safepoint region: ParallelGCFailedAllocation
[2111.780s][info ][gc,start       ] GC(88) Pause Young (Allocation Failure)
[2111.788s][debug][gc,phases      ] GC(88) Scavenge 7.791ms
[2111.788s][debug][gc,ref         ] GC(88) Skipped phase1 of Reference Processing due to unavailable references
[2111.788s][debug][gc,ref         ] GC(88) Skipped phase3 of Reference Processing due to unavailable references
[2111.788s][debug][gc,phases      ] GC(88) Reference Processing 0.042ms
[2111.788s][debug][gc,phases      ] GC(88) Weak Processing 0.201ms
[2111.789s][debug][gc,phases      ] GC(88) Scrub String Table 1.026ms
[2111.789s][debug][gc,age         ] GC(88) Desired survivor size 24117248 bytes, new threshold 15 (max threshold 15)
[2111.789s][info ][gc,heap        ] GC(88) PSYoungGen: 2053760K->6048K(2073600K)
[2111.789s][info ][gc,heap        ] GC(88) ParOldGen: 242359K->242643K(275968K)
[2111.789s][info ][gc,metaspace   ] GC(88) Metaspace: 64755K->64755K(1107968K)
[2111.789s][info ][gc             ] GC(88) Pause Young (Allocation Failure) 2242M->242M(2294M) 9.215ms
[2111.789s][info ][gc,cpu         ] GC(88) User=0.04s Sys=0.00s Real=0.01s
[2111.789s][info ][safepoint      ] Leaving safepoint region
[2111.789s][info ][safepoint      ] Total time for which application threads were stopped: 0.0095216 seconds, Stopping threads took: 0.0000361 seconds
[2130.546s][info ][safepoint      ] Application time: 18.7564064 seconds
[2130.546s][info ][safepoint      ] Entering safepoint region: RevokeBias
[2130.546s][info ][safepoint      ] Leaving safepoint region
[2130.546s][info ][safepoint      ] Total time for which application threads were stopped: 0.0002585 seconds, Stopping threads took: 0.0000849 seconds
[2159.828s][info ][safepoint      ] Application time: 29.2816618 seconds
[2159.828s][info ][safepoint      ] Entering safepoint region: ParallelGCFailedAllocation
[2159.828s][info ][gc,start       ] GC(89) Pause Young (Allocation Failure)
[2159.836s][debug][gc,phases      ] GC(89) Scavenge 7.698ms
[2159.836s][debug][gc,ref         ] GC(89) Skipped phase1 of Reference Processing due to unavailable references
[2159.836s][debug][gc,ref         ] GC(89) Skipped phase3 of Reference Processing due to unavailable references
[2159.836s][debug][gc,phases      ] GC(89) Reference Processing 0.041ms
[2159.836s][debug][gc,phases      ] GC(89) Weak Processing 0.208ms
[2159.837s][debug][gc,phases      ] GC(89) Scrub String Table 1.034ms
[2159.837s][debug][gc,age         ] GC(89) Desired survivor size 23592960 bytes, new threshold 15 (max threshold 15)
[2159.837s][info ][gc,heap        ] GC(89) PSYoungGen: 2055584K->6000K(2073088K)
[2159.837s][info ][gc,heap        ] GC(89) ParOldGen: 242643K->242651K(275968K)
[2159.837s][info ][gc,metaspace   ] GC(89) Metaspace: 64755K->64755K(1107968K)
[2159.837s][info ][gc             ] GC(89) Pause Young (Allocation Failure) 2244M->242M(2294M) 9.143ms
[2159.837s][info ][gc,cpu         ] GC(89) User=0.03s Sys=0.00s Real=0.01s
[2159.837s][info ][safepoint      ] Leaving safepoint region
[2159.837s][info ][safepoint      ] Total time for which application threads were stopped: 0.0095202 seconds, Stopping threads took: 0.0001092 seconds
[2171.762s][info ][safepoint      ] Application time: 11.9251741 seconds
[2171.762s][info ][safepoint      ] Entering safepoint region: RevokeBias
[2171.762s][info ][safepoint      ] Leaving safepoint region
[2171.763s][info ][safepoint      ] Total time for which application threads were stopped: 0.0002328 seconds, Stopping threads took: 0.0000596 seconds
[2175.763s][info ][safepoint      ] Application time: 4.0004933 seconds
[2175.763s][info ][safepoint      ] Entering safepoint region: Cleanup
[2175.763s][info ][safepoint      ] Leaving safepoint region
[2175.763s][info ][safepoint      ] Total time for which application threads were stopped: 0.0000724 seconds, Stopping threads took: 0.0000168 seconds
[2182.764s][info ][safepoint      ] Application time: 7.0006080 seconds
[2182.764s][info ][safepoint      ] Entering safepoint region: Cleanup
[2182.764s][info ][safepoint      ] Leaving safepoint region
[2182.764s][info ][safepoint      ] Total time for which application threads were stopped: 0.0000689 seconds, Stopping threads took: 0.0000145 seconds
[2184.764s][info ][safepoint      ] Application time: 2.0001878 seconds
[2184.764s][info ][safepoint      ] Entering safepoint region: Cleanup
[2184.764s][info ][safepoint      ] Leaving safepoint region
[2184.764s][info ][safepoint      ] Total time for which application threads were stopped: 0.0000721 seconds, Stopping threads took: 0.0000147 seconds
[2189.765s][info ][safepoint      ] Application time: 5.0005289 seconds
[2189.765s][info ][safepoint      ] Entering safepoint region: Cleanup
[2189.765s][info ][safepoint      ] Leaving safepoint region
[2189.765s][info ][safepoint      ] Total time for which application threads were stopped: 0.0001787 seconds, Stopping threads took: 0.0000479 seconds
[2190.765s][info ][safepoint      ] Application time: 1.0001449 seconds
[2190.765s][info ][safepoint      ] Entering safepoint region: Cleanup
[2190.765s][info ][safepoint      ] Leaving safepoint region
[2190.765s][info ][safepoint      ] Total time for which application threads were stopped: 0.0000779 seconds, Stopping threads took: 0.0000176 seconds
[2191.765s][info ][safepoint      ] Application time: 1.0001073 seconds
[2191.765s][info ][safepoint      ] Entering safepoint region: Cleanup
[2191.765s][info ][safepoint      ] Leaving safepoint region
[2191.765s][info ][safepoint      ] Total time for which application threads were stopped: 0.0000983 seconds, Stopping threads took: 0.0000323 seconds
[2194.766s][info ][safepoint      ] Application time: 3.0002627 seconds
[2194.766s][info ][safepoint      ] Entering safepoint region: Cleanup
[2194.766s][info ][safepoint      ] Leaving safepoint region
[2194.766s][info ][safepoint      ] Total time for which application threads were stopped: 0.0001156 seconds, Stopping threads took: 0.0000335 seconds
[2197.766s][info ][safepoint      ] Application time: 3.0002615 seconds
[2197.766s][info ][safepoint      ] Entering safepoint region: Cleanup
[2197.766s][info ][safepoint      ] Leaving safepoint region
[2197.766s][info ][safepoint      ] Total time for which application threads were stopped: 0.0001535 seconds, Stopping threads took: 0.0000146 seconds
[2198.766s][info ][safepoint      ] Application time: 1.0001137 seconds
[2198.766s][info ][safepoint      ] Entering safepoint region: Cleanup
[2198.767s][info ][safepoint      ] Leaving safepoint region
[2198.767s][info ][safepoint      ] Total time for which application threads were stopped: 0.0001221 seconds, Stopping threads took: 0.0000169 seconds
[2199.767s][info ][safepoint      ] Application time: 1.0000910 seconds
[2199.767s][info ][safepoint      ] Entering safepoint region: Cleanup
[2199.767s][info ][safepoint      ] Leaving safepoint region
[2199.767s][info ][safepoint      ] Total time for which application threads were stopped: 0.0000801 seconds, Stopping threads took: 0.0000179 seconds
[2200.767s][info ][safepoint      ] Application time: 1.0001206 seconds
[2200.767s][info ][safepoint      ] Entering safepoint region: Cleanup
[2200.767s][info ][safepoint      ] Leaving safepoint region
[2200.767s][info ][safepoint      ] Total time for which application threads were stopped: 0.0000902 seconds, Stopping threads took: 0.0000180 seconds
[2201.767s][info ][safepoint      ] Application time: 1.0001157 seconds
[2201.767s][info ][safepoint      ] Entering safepoint region: Cleanup
[2201.767s][info ][safepoint      ] Leaving safepoint region
[2201.767s][info ][safepoint      ] Total time for which application threads were stopped: 0.0000812 seconds, Stopping threads took: 0.0000168 seconds
[2202.767s][info ][safepoint      ] Application time: 1.0001117 seconds
[2202.767s][info ][safepoint      ] Entering safepoint region: Cleanup
[2202.767s][info ][safepoint      ] Leaving safepoint region
[2202.767s][info ][safepoint      ] Total time for which application threads were stopped: 0.0000790 seconds, Stopping threads took: 0.0000172 seconds
[2203.026s][info ][safepoint      ] Application time: 0.2589618 seconds
[2203.026s][info ][safepoint      ] Entering safepoint region: ParallelGCFailedAllocation
[2203.027s][info ][gc,start       ] GC(90) Pause Young (Allocation Failure)
[2203.034s][debug][gc,phases      ] GC(90) Scavenge 7.532ms
[2203.034s][debug][gc,ref         ] GC(90) Skipped phase1 of Reference Processing due to unavailable references
[2203.034s][debug][gc,ref         ] GC(90) Skipped phase3 of Reference Processing due to unavailable references
[2203.034s][debug][gc,phases      ] GC(90) Reference Processing 0.088ms
[2203.034s][debug][gc,phases      ] GC(90) Weak Processing 0.125ms
[2203.035s][debug][gc,phases      ] GC(90) Scrub String Table 0.666ms
[2203.035s][debug][gc,age         ] GC(90) Desired survivor size 22544384 bytes, new threshold 15 (max threshold 15)
[2203.035s][info ][gc,heap        ] GC(90) PSYoungGen: 2055536K->7840K(2075136K)
[2203.035s][info ][gc,heap        ] GC(90) ParOldGen: 242651K->242979K(275968K)
[2203.035s][info ][gc,metaspace   ] GC(90) Metaspace: 64927K->64927K(1107968K)
[2203.035s][info ][gc             ] GC(90) Pause Young (Allocation Failure) 2244M->244M(2296M) 8.569ms
[2203.035s][info ][gc,cpu         ] GC(90) User=0.00s Sys=0.03s Real=0.01s
[2203.035s][info ][safepoint      ] Leaving safepoint region
[2203.035s][info ][safepoint      ] Total time for which application threads were stopped: 0.0087468 seconds, Stopping threads took: 0.0000167 seconds
[2204.035s][info ][safepoint      ] Application time: 1.0000843 seconds
[2204.035s][info ][safepoint      ] Entering safepoint region: Cleanup
[2204.035s][info ][safepoint      ] Leaving safepoint region
[2204.035s][info ][safepoint      ] Total time for which application threads were stopped: 0.0000923 seconds, Stopping threads took: 0.0000159 seconds
[2206.036s][info ][safepoint      ] Application time: 2.0001730 seconds
[2206.036s][info ][safepoint      ] Entering safepoint region: Cleanup
[2206.036s][info ][safepoint      ] Leaving safepoint region
[2206.036s][info ][safepoint      ] Total time for which application threads were stopped: 0.0000794 seconds, Stopping threads took: 0.0000164 seconds
[2207.036s][info ][safepoint      ] Application time: 1.0001971 seconds
[2207.036s][info ][safepoint      ] Entering safepoint region: Cleanup
[2207.037s][info ][safepoint      ] Leaving safepoint region
[2207.037s][info ][safepoint      ] Total time for which application threads were stopped: 0.0004317 seconds, Stopping threads took: 0.0003177 seconds
[2215.037s][info ][safepoint      ] Application time: 8.0007634 seconds
[2215.037s][info ][safepoint      ] Entering safepoint region: Cleanup
[2215.038s][info ][safepoint      ] Leaving safepoint region
[2215.038s][info ][safepoint      ] Total time for which application threads were stopped: 0.0001967 seconds, Stopping threads took: 0.0000516 seconds
[2220.038s][info ][safepoint      ] Application time: 5.0004185 seconds
[2220.038s][info ][safepoint      ] Entering safepoint region: Cleanup
[2220.038s][info ][safepoint      ] Leaving safepoint region
[2220.038s][info ][safepoint      ] Total time for which application threads were stopped: 0.0000850 seconds, Stopping threads took: 0.0000153 seconds
[2221.038s][info ][safepoint      ] Application time: 1.0001052 seconds
[2221.038s][info ][safepoint      ] Entering safepoint region: Cleanup
[2221.038s][info ][safepoint      ] Leaving safepoint region
[2221.038s][info ][safepoint      ] Total time for which application threads were stopped: 0.0002495 seconds, Stopping threads took: 0.0001289 seconds
[2222.039s][info ][safepoint      ] Application time: 1.0001127 seconds
[2222.039s][info ][safepoint      ] Entering safepoint region: Cleanup
[2222.039s][info ][safepoint      ] Leaving safepoint region
[2222.039s][info ][safepoint      ] Total time for which application threads were stopped: 0.0000831 seconds, Stopping threads took: 0.0000159 seconds
[2223.039s][info ][safepoint      ] Application time: 1.0000753 seconds
[2223.039s][info ][safepoint      ] Entering safepoint region: Cleanup
[2223.039s][info ][safepoint      ] Leaving safepoint region
[2223.039s][info ][safepoint      ] Total time for which application threads were stopped: 0.0000738 seconds, Stopping threads took: 0.0000153 seconds
[2224.039s][info ][safepoint      ] Application time: 1.0000744 seconds
[2224.039s][info ][safepoint      ] Entering safepoint region: Cleanup
[2224.039s][info ][safepoint      ] Leaving safepoint region
[2224.039s][info ][safepoint      ] Total time for which application threads were stopped: 0.0000995 seconds, Stopping threads took: 0.0000161 seconds
[2225.039s][info ][safepoint      ] Application time: 1.0001159 seconds
[2225.039s][info ][safepoint      ] Entering safepoint region: Cleanup
[2225.039s][info ][safepoint      ] Leaving safepoint region
[2225.039s][info ][safepoint      ] Total time for which application threads were stopped: 0.0001061 seconds, Stopping threads took: 0.0000515 seconds
[2237.040s][info ][safepoint      ] Application time: 12.0011103 seconds
[2237.041s][info ][safepoint      ] Entering safepoint region: Cleanup
[2237.041s][info ][safepoint      ] Leaving safepoint region
[2237.041s][info ][safepoint      ] Total time for which application threads were stopped: 0.0001047 seconds, Stopping threads took: 0.0000161 seconds
[2238.041s][info ][safepoint      ] Application time: 1.0001213 seconds
[2238.041s][info ][safepoint      ] Entering safepoint region: Cleanup
[2238.041s][info ][safepoint      ] Leaving safepoint region
[2238.041s][info ][safepoint      ] Total time for which application threads were stopped: 0.0001680 seconds, Stopping threads took: 0.0000467 seconds
[2239.041s][info ][safepoint      ] Application time: 1.0000839 seconds
[2239.041s][info ][safepoint      ] Entering safepoint region: Cleanup
[2239.041s][info ][safepoint      ] Leaving safepoint region
[2239.041s][info ][safepoint      ] Total time for which application threads were stopped: 0.0001514 seconds, Stopping threads took: 0.0000202 seconds
[2240.041s][info ][safepoint      ] Application time: 1.0000755 seconds
[2240.041s][info ][safepoint      ] Entering safepoint region: Cleanup
[2240.041s][info ][safepoint      ] Leaving safepoint region
[2240.041s][info ][safepoint      ] Total time for which application threads were stopped: 0.0000985 seconds, Stopping threads took: 0.0000148 seconds
[2240.845s][info ][safepoint      ] Application time: 0.8030339 seconds
[2240.845s][info ][safepoint      ] Entering safepoint region: ParallelGCFailedAllocation
[2240.845s][info ][gc,start       ] GC(91) Pause Young (Allocation Failure)
[2240.853s][debug][gc,phases      ] GC(91) Scavenge 8.483ms
[2240.853s][debug][gc,ref         ] GC(91) Skipped phase1 of Reference Processing due to unavailable references
[2240.853s][debug][gc,ref         ] GC(91) Skipped phase3 of Reference Processing due to unavailable references
[2240.853s][debug][gc,phases      ] GC(91) Reference Processing 0.050ms
[2240.854s][debug][gc,phases      ] GC(91) Weak Processing 0.158ms
[2240.854s][debug][gc,phases      ] GC(91) Scrub String Table 0.728ms
[2240.854s][debug][gc,age         ] GC(91) Desired survivor size 21495808 bytes, new threshold 15 (max threshold 15)
[2240.854s][info ][gc,heap        ] GC(91) PSYoungGen: 2059936K->10288K(2074112K)
[2240.854s][info ][gc,heap        ] GC(91) ParOldGen: 242979K->244415K(275968K)
[2240.854s][info ][gc,metaspace   ] GC(91) Metaspace: 65056K->65056K(1107968K)
[2240.854s][info ][gc             ] GC(91) Pause Young (Allocation Failure) 2248M->248M(2295M) 9.589ms
[2240.854s][info ][gc,cpu         ] GC(91) User=0.03s Sys=0.01s Real=0.01s
[2240.854s][info ][safepoint      ] Leaving safepoint region
[2240.854s][info ][safepoint      ] Total time for which application threads were stopped: 0.0098967 seconds, Stopping threads took: 0.0001432 seconds
[2241.855s][info ][safepoint      ] Application time: 1.0000924 seconds
[2241.855s][info ][safepoint      ] Entering safepoint region: Cleanup
[2241.855s][info ][safepoint      ] Leaving safepoint region
[2241.855s][info ][safepoint      ] Total time for which application threads were stopped: 0.0001247 seconds, Stopping threads took: 0.0000166 seconds
[2242.855s][info ][safepoint      ] Application time: 1.0000967 seconds
[2242.855s][info ][safepoint      ] Entering safepoint region: Cleanup
[2242.855s][info ][safepoint      ] Leaving safepoint region
[2242.855s][info ][safepoint      ] Total time for which application threads were stopped: 0.0000931 seconds, Stopping threads took: 0.0000158 seconds
[2243.153s][info ][safepoint      ] Application time: 0.2984804 seconds
[2243.153s][info ][safepoint      ] Entering safepoint region: RevokeBias
[2243.154s][info ][safepoint      ] Leaving safepoint region
[2243.154s][info ][safepoint      ] Total time for which application threads were stopped: 0.0001165 seconds, Stopping threads took: 0.0000170 seconds
[2243.154s][info ][safepoint      ] Application time: 0.0004870 seconds
[2243.154s][info ][safepoint      ] Entering safepoint region: RevokeBias
[2243.154s][info ][safepoint      ] Leaving safepoint region
[2243.154s][info ][safepoint      ] Total time for which application threads were stopped: 0.0000611 seconds, Stopping threads took: 0.0000104 seconds
[2243.154s][info ][safepoint      ] Application time: 0.0000940 seconds
[2243.154s][info ][safepoint      ] Entering safepoint region: RevokeBias
[2243.154s][info ][safepoint      ] Leaving safepoint region
[2243.154s][info ][safepoint      ] Total time for which application threads were stopped: 0.0000467 seconds, Stopping threads took: 0.0000086 seconds
[2244.154s][info ][safepoint      ] Application time: 1.0001146 seconds
[2244.155s][info ][safepoint      ] Entering safepoint region: Cleanup
[2244.155s][info ][safepoint      ] Leaving safepoint region
[2244.155s][info ][safepoint      ] Total time for which application threads were stopped: 0.0002560 seconds, Stopping threads took: 0.0001184 seconds
[2245.155s][info ][safepoint      ] Application time: 1.0000874 seconds
[2245.155s][info ][safepoint      ] Entering safepoint region: Cleanup
[2245.155s][info ][safepoint      ] Leaving safepoint region
[2245.155s][info ][safepoint      ] Total time for which application threads were stopped: 0.0002156 seconds, Stopping threads took: 0.0000155 seconds
[2246.155s][info ][safepoint      ] Application time: 1.0001221 seconds
[2246.155s][info ][safepoint      ] Entering safepoint region: Cleanup
[2246.155s][info ][safepoint      ] Leaving safepoint region
[2246.155s][info ][safepoint      ] Total time for which application threads were stopped: 0.0001126 seconds, Stopping threads took: 0.0000156 seconds
[2247.155s][info ][safepoint      ] Application time: 1.0000845 seconds
[2247.155s][info ][safepoint      ] Entering safepoint region: Cleanup
[2247.156s][info ][safepoint      ] Leaving safepoint region
[2247.156s][info ][safepoint      ] Total time for which application threads were stopped: 0.0001063 seconds, Stopping threads took: 0.0000179 seconds
[2247.398s][info ][safepoint      ] Application time: 0.2422870 seconds
[2247.398s][info ][safepoint      ] Entering safepoint region: RevokeBias
[2247.398s][info ][safepoint      ] Leaving safepoint region
[2247.398s][info ][safepoint      ] Total time for which application threads were stopped: 0.0001031 seconds, Stopping threads took: 0.0000146 seconds
[2247.398s][info ][safepoint      ] Application time: 0.0000577 seconds
[2247.398s][info ][safepoint      ] Entering safepoint region: RevokeBias
[2247.398s][info ][safepoint      ] Leaving safepoint region
[2247.398s][info ][safepoint      ] Total time for which application threads were stopped: 0.0000493 seconds, Stopping threads took: 0.0000088 seconds
[2247.639s][info ][safepoint      ] Application time: 0.2407975 seconds
[2247.639s][info ][safepoint      ] Entering safepoint region: RevokeBias
[2247.639s][info ][safepoint      ] Leaving safepoint region
[2247.639s][info ][safepoint      ] Total time for which application threads were stopped: 0.0001597 seconds, Stopping threads took: 0.0000342 seconds
[2248.639s][info ][safepoint      ] Application time: 1.0001557 seconds
[2248.639s][info ][safepoint      ] Entering safepoint region: Cleanup
[2248.639s][info ][safepoint      ] Leaving safepoint region
[2248.639s][info ][safepoint      ] Total time for which application threads were stopped: 0.0000819 seconds, Stopping threads took: 0.0000174 seconds
[2249.639s][info ][safepoint      ] Application time: 1.0000711 seconds
[2249.640s][info ][safepoint      ] Entering safepoint region: Cleanup
[2249.640s][info ][safepoint      ] Leaving safepoint region
[2249.640s][info ][safepoint      ] Total time for which application threads were stopped: 0.0001025 seconds, Stopping threads took: 0.0000161 seconds
[2250.640s][info ][safepoint      ] Application time: 1.0000759 seconds
[2250.640s][info ][safepoint      ] Entering safepoint region: Cleanup
[2250.640s][info ][safepoint      ] Leaving safepoint region
[2250.640s][info ][safepoint      ] Total time for which application threads were stopped: 0.0001597 seconds, Stopping threads took: 0.0000165 seconds
[2251.640s][info ][safepoint      ] Application time: 1.0000774 seconds
[2251.640s][info ][safepoint      ] Entering safepoint region: Cleanup
[2251.640s][info ][safepoint      ] Leaving safepoint region
[2251.640s][info ][safepoint      ] Total time for which application threads were stopped: 0.0000805 seconds, Stopping threads took: 0.0000187 seconds
[2254.640s][info ][safepoint      ] Application time: 3.0002232 seconds
[2254.640s][info ][safepoint      ] Entering safepoint region: Cleanup
[2254.640s][info ][safepoint      ] Leaving safepoint region
[2254.640s][info ][safepoint      ] Total time for which application threads were stopped: 0.0000948 seconds, Stopping threads took: 0.0000196 seconds
[2256.641s][info ][safepoint      ] Application time: 2.0001604 seconds
[2256.641s][info ][safepoint      ] Entering safepoint region: Cleanup
[2256.641s][info ][safepoint      ] Leaving safepoint region
[2256.641s][info ][safepoint      ] Total time for which application threads were stopped: 0.0000850 seconds, Stopping threads took: 0.0000187 seconds
[2257.641s][info ][safepoint      ] Application time: 1.0000688 seconds
[2257.641s][info ][safepoint      ] Entering safepoint region: Cleanup
[2257.641s][info ][safepoint      ] Leaving safepoint region
[2257.641s][info ][safepoint      ] Total time for which application threads were stopped: 0.0000961 seconds, Stopping threads took: 0.0000157 seconds
[2259.246s][info ][safepoint      ] Application time: 1.6049374 seconds
[2259.246s][info ][safepoint      ] Entering safepoint region: RevokeBias
[2259.246s][info ][safepoint      ] Leaving safepoint region
[2259.246s][info ][safepoint      ] Total time for which application threads were stopped: 0.0001173 seconds, Stopping threads took: 0.0000137 seconds
[2260.246s][info ][safepoint      ] Application time: 1.0000951 seconds
[2260.246s][info ][safepoint      ] Entering safepoint region: Cleanup
[2260.246s][info ][safepoint      ] Leaving safepoint region
[2260.246s][info ][safepoint      ] Total time for which application threads were stopped: 0.0002116 seconds, Stopping threads took: 0.0000577 seconds
[2260.739s][info ][safepoint      ] Application time: 0.4925915 seconds
[2260.739s][info ][safepoint      ] Entering safepoint region: ParallelGCFailedAllocation
[2260.739s][info ][gc,start       ] GC(92) Pause Young (Allocation Failure)
[2260.758s][debug][gc,phases      ] GC(92) Scavenge 19.087ms
[2260.758s][debug][gc,ref         ] GC(92) Skipped phase1 of Reference Processing due to unavailable references
[2260.758s][debug][gc,ref         ] GC(92) Skipped phase3 of Reference Processing due to unavailable references
[2260.758s][debug][gc,phases      ] GC(92) Reference Processing 0.054ms
[2260.759s][debug][gc,phases      ] GC(92) Weak Processing 0.140ms
[2260.759s][debug][gc,phases      ] GC(92) Scrub String Table 0.577ms
[2260.759s][debug][gc,age         ] GC(92) Desired survivor size 27262976 bytes, new threshold 14 (max threshold 15)
[2260.759s][info ][gc,heap        ] GC(92) PSYoungGen: 2062384K->20976K(2064896K)
[2260.759s][info ][gc,heap        ] GC(92) ParOldGen: 244415K->250596K(275968K)
[2260.759s][info ][gc,metaspace   ] GC(92) Metaspace: 65353K->65353K(1107968K)
[2260.759s][info ][gc             ] GC(92) Pause Young (Allocation Failure) 2252M->265M(2286M) 20.016ms
[2260.759s][info ][gc,cpu         ] GC(92) User=0.04s Sys=0.04s Real=0.02s
[2260.759s][info ][safepoint      ] Leaving safepoint region
[2260.759s][info ][safepoint      ] Total time for which application threads were stopped: 0.0202420 seconds, Stopping threads took: 0.0000449 seconds
[2261.759s][info ][safepoint      ] Application time: 1.0000876 seconds
[2261.759s][info ][safepoint      ] Entering safepoint region: Cleanup
[2261.760s][info ][safepoint      ] Leaving safepoint region
[2261.760s][info ][safepoint      ] Total time for which application threads were stopped: 0.0001267 seconds, Stopping threads took: 0.0000314 seconds
[2262.694s][info ][safepoint      ] Application time: 0.9347264 seconds
[2262.694s][info ][safepoint      ] Entering safepoint region: RevokeBias
[2262.694s][info ][safepoint      ] Leaving safepoint region
[2262.694s][info ][safepoint      ] Total time for which application threads were stopped: 0.0001057 seconds, Stopping threads took: 0.0000149 seconds
[2262.698s][info ][safepoint      ] Application time: 0.0036254 seconds
[2262.698s][info ][safepoint      ] Entering safepoint region: RevokeBias
[2262.698s][info ][safepoint      ] Leaving safepoint region
[2262.698s][info ][safepoint      ] Total time for which application threads were stopped: 0.0000693 seconds, Stopping threads took: 0.0000108 seconds
[2262.698s][info ][safepoint      ] Application time: 0.0000548 seconds
[2262.698s][info ][safepoint      ] Entering safepoint region: RevokeBias
[2262.698s][info ][safepoint      ] Leaving safepoint region
[2262.698s][info ][safepoint      ] Total time for which application threads were stopped: 0.0000565 seconds, Stopping threads took: 0.0000192 seconds
[2262.710s][info ][safepoint      ] Application time: 0.0120282 seconds
[2262.710s][info ][safepoint      ] Entering safepoint region: RevokeBias
[2262.710s][info ][safepoint      ] Leaving safepoint region
[2262.710s][info ][safepoint      ] Total time for which application threads were stopped: 0.0000798 seconds, Stopping threads took: 0.0000126 seconds
[2262.710s][info ][safepoint      ] Application time: 0.0000450 seconds
[2262.710s][info ][safepoint      ] Entering safepoint region: RevokeBias
[2262.710s][info ][safepoint      ] Leaving safepoint region
[2262.711s][info ][safepoint      ] Total time for which application threads were stopped: 0.0000388 seconds, Stopping threads took: 0.0000066 seconds
[2262.712s][info ][safepoint      ] Application time: 0.0017497 seconds
[2262.712s][info ][safepoint      ] Entering safepoint region: RevokeBias
[2262.712s][info ][safepoint      ] Leaving safepoint region
[2262.712s][info ][safepoint      ] Total time for which application threads were stopped: 0.0000544 seconds, Stopping threads took: 0.0000100 seconds
[2262.712s][info ][safepoint      ] Application time: 0.0000468 seconds
[2262.712s][info ][safepoint      ] Entering safepoint region: RevokeBias
[2262.712s][info ][safepoint      ] Leaving safepoint region
[2262.712s][info ][safepoint      ] Total time for which application threads were stopped: 0.0000374 seconds, Stopping threads took: 0.0000066 seconds
[2262.720s][info ][safepoint      ] Application time: 0.0073205 seconds
[2262.720s][info ][safepoint      ] Entering safepoint region: RevokeBias
[2262.720s][info ][safepoint      ] Leaving safepoint region
[2262.720s][info ][safepoint      ] Total time for which application threads were stopped: 0.0000714 seconds, Stopping threads took: 0.0000101 seconds
[2263.603s][info ][safepoint      ] Application time: 0.8829035 seconds
[2263.603s][info ][safepoint      ] Entering safepoint region: RevokeBias
[2263.603s][info ][safepoint      ] Leaving safepoint region
[2263.603s][info ][safepoint      ] Total time for which application threads were stopped: 0.0004090 seconds, Stopping threads took: 0.0001204 seconds
[2263.689s][info ][safepoint      ] Application time: 0.0858360 seconds
[2263.689s][info ][safepoint      ] Entering safepoint region: RevokeBias
[2263.689s][info ][safepoint      ] Leaving safepoint region
[2263.689s][info ][safepoint      ] Total time for which application threads were stopped: 0.0001517 seconds, Stopping threads took: 0.0000254 seconds
[2263.689s][info ][safepoint      ] Application time: 0.0000454 seconds
[2263.689s][info ][safepoint      ] Entering safepoint region: RevokeBias
[2263.689s][info ][safepoint      ] Leaving safepoint region
[2263.689s][info ][safepoint      ] Total time for which application threads were stopped: 0.0000414 seconds, Stopping threads took: 0.0000064 seconds
[2263.690s][info ][safepoint      ] Application time: 0.0003916 seconds
[2263.690s][info ][safepoint      ] Entering safepoint region: RevokeBias
[2263.690s][info ][safepoint      ] Leaving safepoint region
[2263.690s][info ][safepoint      ] Total time for which application threads were stopped: 0.0000660 seconds, Stopping threads took: 0.0000101 seconds
[2264.690s][info ][safepoint      ] Application time: 1.0001177 seconds
[2264.690s][info ][safepoint      ] Entering safepoint region: Cleanup
[2264.690s][info ][safepoint      ] Leaving safepoint region
[2264.690s][info ][safepoint      ] Total time for which application threads were stopped: 0.0001775 seconds, Stopping threads took: 0.0000147 seconds
[2265.690s][info ][safepoint      ] Application time: 1.0000834 seconds
[2265.690s][info ][safepoint      ] Entering safepoint region: Cleanup
[2265.690s][info ][safepoint      ] Leaving safepoint region
[2265.690s][info ][safepoint      ] Total time for which application threads were stopped: 0.0000891 seconds, Stopping threads took: 0.0000139 seconds
[2266.690s][info ][safepoint      ] Application time: 1.0001122 seconds
[2266.690s][info ][safepoint      ] Entering safepoint region: Cleanup
[2266.691s][info ][safepoint      ] Leaving safepoint region
[2266.691s][info ][safepoint      ] Total time for which application threads were stopped: 0.0000766 seconds, Stopping threads took: 0.0000150 seconds
[2267.691s][info ][safepoint      ] Application time: 1.0001712 seconds
[2267.691s][info ][safepoint      ] Entering safepoint region: Cleanup
[2267.691s][info ][safepoint      ] Leaving safepoint region
[2267.691s][info ][safepoint      ] Total time for which application threads were stopped: 0.0001445 seconds, Stopping threads took: 0.0000350 seconds
[2268.691s][info ][safepoint      ] Application time: 1.0001138 seconds
[2268.691s][info ][safepoint      ] Entering safepoint region: Cleanup
[2268.691s][info ][safepoint      ] Leaving safepoint region
[2268.691s][info ][safepoint      ] Total time for which application threads were stopped: 0.0000799 seconds, Stopping threads took: 0.0000178 seconds
[2269.691s][info ][safepoint      ] Application time: 1.0001000 seconds
[2269.691s][info ][safepoint      ] Entering safepoint region: Cleanup
[2269.691s][info ][safepoint      ] Leaving safepoint region
[2269.691s][info ][safepoint      ] Total time for which application threads were stopped: 0.0000842 seconds, Stopping threads took: 0.0000153 seconds
[2270.556s][info ][safepoint      ] Application time: 0.8645773 seconds
[2270.556s][info ][safepoint      ] Entering safepoint region: BulkRevokeBias
[2270.556s][info ][safepoint      ] Leaving safepoint region
[2270.556s][info ][safepoint      ] Total time for which application threads were stopped: 0.0003419 seconds, Stopping threads took: 0.0000392 seconds
[2270.556s][info ][safepoint      ] Application time: 0.0001070 seconds
[2270.556s][info ][safepoint      ] Entering safepoint region: RevokeBias
[2270.556s][info ][safepoint      ] Leaving safepoint region
[2270.556s][info ][safepoint      ] Total time for which application threads were stopped: 0.0000782 seconds, Stopping threads took: 0.0000370 seconds
[2270.557s][info ][safepoint      ] Application time: 0.0003628 seconds
[2270.557s][info ][safepoint      ] Entering safepoint region: RevokeBias
[2270.557s][info ][safepoint      ] Leaving safepoint region
[2270.557s][info ][safepoint      ] Total time for which application threads were stopped: 0.0000957 seconds, Stopping threads took: 0.0000465 seconds
[2270.662s][info ][safepoint      ] Application time: 0.1047599 seconds
[2270.662s][info ][safepoint      ] Entering safepoint region: RevokeBias
[2270.662s][info ][safepoint      ] Leaving safepoint region
[2270.662s][info ][safepoint      ] Total time for which application threads were stopped: 0.0001549 seconds, Stopping threads took: 0.0000497 seconds
[2271.662s][info ][safepoint      ] Application time: 1.0000862 seconds
[2271.662s][info ][safepoint      ] Entering safepoint region: Cleanup
[2271.662s][info ][safepoint      ] Leaving safepoint region
[2271.662s][info ][safepoint      ] Total time for which application threads were stopped: 0.0001408 seconds, Stopping threads took: 0.0000419 seconds
[2272.662s][info ][safepoint      ] Application time: 1.0001110 seconds
[2272.662s][info ][safepoint      ] Entering safepoint region: Cleanup
[2272.662s][info ][safepoint      ] Leaving safepoint region
[2272.662s][info ][safepoint      ] Total time for which application threads were stopped: 0.0001473 seconds, Stopping threads took: 0.0000603 seconds
[2273.663s][info ][safepoint      ] Application time: 1.0000938 seconds
[2273.663s][info ][safepoint      ] Entering safepoint region: Cleanup
[2273.663s][info ][safepoint      ] Leaving safepoint region
[2273.663s][info ][safepoint      ] Total time for which application threads were stopped: 0.0001546 seconds, Stopping threads took: 0.0000607 seconds
[2274.147s][info ][safepoint      ] Application time: 0.4838315 seconds
[2274.150s][info ][safepoint      ] Entering safepoint region: ParallelGCFailedAllocation
[2274.150s][info ][gc,start       ] GC(93) Pause Young (Allocation Failure)
[2274.167s][debug][gc,phases      ] GC(93) Scavenge 17.023ms
[2274.167s][debug][gc,ref         ] GC(93) Skipped phase1 of Reference Processing due to unavailable references
[2274.167s][debug][gc,ref         ] GC(93) Skipped phase3 of Reference Processing due to unavailable references
[2274.167s][debug][gc,phases      ] GC(93) Reference Processing 0.052ms
[2274.167s][debug][gc,phases      ] GC(93) Weak Processing 0.143ms
[2274.168s][debug][gc,phases      ] GC(93) Scrub String Table 0.651ms
[2274.168s][debug][gc,age         ] GC(93) Desired survivor size 34603008 bytes, new threshold 13 (max threshold 15)
[2274.168s][info ][gc,heap        ] GC(93) PSYoungGen: 2064880K->26592K(2070528K)
[2274.168s][info ][gc,heap        ] GC(93) ParOldGen: 250596K->259688K(275968K)
[2274.168s][info ][gc,metaspace   ] GC(93) Metaspace: 65442K->65442K(1107968K)
[2274.168s][info ][gc             ] GC(93) Pause Young (Allocation Failure) 2261M->279M(2291M) 18.034ms
[2274.168s][info ][gc,cpu         ] GC(93) User=0.05s Sys=0.02s Real=0.02s
[2274.168s][info ][safepoint      ] Leaving safepoint region
[2274.168s][info ][safepoint      ] Total time for which application threads were stopped: 0.0214166 seconds, Stopping threads took: 0.0031962 seconds
[2275.168s][info ][safepoint      ] Application time: 1.0000874 seconds
[2275.168s][info ][safepoint      ] Entering safepoint region: Cleanup
[2275.168s][info ][safepoint      ] Leaving safepoint region
[2275.168s][info ][safepoint      ] Total time for which application threads were stopped: 0.0001343 seconds, Stopping threads took: 0.0000429 seconds
[2277.169s][info ][safepoint      ] Application time: 2.0001607 seconds
[2277.169s][info ][safepoint      ] Entering safepoint region: Cleanup
[2277.169s][info ][safepoint      ] Leaving safepoint region
[2277.169s][info ][safepoint      ] Total time for which application threads were stopped: 0.0001194 seconds, Stopping threads took: 0.0000565 seconds
[2277.546s][info ][safepoint      ] Application time: 0.3771617 seconds
[2277.546s][info ][safepoint      ] Entering safepoint region: RevokeBias
[2277.546s][info ][safepoint      ] Leaving safepoint region
[2277.546s][info ][safepoint      ] Total time for which application threads were stopped: 0.0001393 seconds, Stopping threads took: 0.0000379 seconds
[2278.546s][info ][safepoint      ] Application time: 1.0000904 seconds
[2278.546s][info ][safepoint      ] Entering safepoint region: Cleanup
[2278.546s][info ][safepoint      ] Leaving safepoint region
[2278.546s][info ][safepoint      ] Total time for which application threads were stopped: 0.0001167 seconds, Stopping threads took: 0.0000154 seconds
[2281.547s][info ][safepoint      ] Application time: 3.0002900 seconds
[2281.547s][info ][safepoint      ] Entering safepoint region: Cleanup
[2281.547s][info ][safepoint      ] Leaving safepoint region
[2281.547s][info ][safepoint      ] Total time for which application threads were stopped: 0.0000740 seconds, Stopping threads took: 0.0000152 seconds
[2286.547s][info ][safepoint      ] Application time: 5.0004569 seconds
[2286.547s][info ][safepoint      ] Entering safepoint region: Cleanup
[2286.547s][info ][safepoint      ] Leaving safepoint region
[2286.547s][info ][safepoint      ] Total time for which application threads were stopped: 0.0001211 seconds, Stopping threads took: 0.0000534 seconds
[2287.547s][info ][safepoint      ] Application time: 1.0000821 seconds
[2287.547s][info ][safepoint      ] Entering safepoint region: Cleanup
[2287.547s][info ][safepoint      ] Leaving safepoint region
[2287.547s][info ][safepoint      ] Total time for which application threads were stopped: 0.0000811 seconds, Stopping threads took: 0.0000167 seconds
[2288.548s][info ][safepoint      ] Application time: 1.0000698 seconds
[2288.548s][info ][safepoint      ] Entering safepoint region: Cleanup
[2288.548s][info ][safepoint      ] Leaving safepoint region
[2288.548s][info ][safepoint      ] Total time for which application threads were stopped: 0.0000846 seconds, Stopping threads took: 0.0000195 seconds
[2290.548s][info ][safepoint      ] Application time: 2.0002398 seconds
[2290.548s][info ][safepoint      ] Entering safepoint region: Cleanup
[2290.548s][info ][safepoint      ] Leaving safepoint region
[2290.548s][info ][safepoint      ] Total time for which application threads were stopped: 0.0000771 seconds, Stopping threads took: 0.0000147 seconds
[2292.548s][info ][safepoint      ] Application time: 2.0003345 seconds
[2292.548s][info ][safepoint      ] Entering safepoint region: Cleanup
[2292.548s][info ][safepoint      ] Leaving safepoint region
[2292.548s][info ][safepoint      ] Total time for which application threads were stopped: 0.0000892 seconds, Stopping threads took: 0.0000177 seconds
[2296.549s][info ][safepoint      ] Application time: 4.0004096 seconds
[2296.549s][info ][safepoint      ] Entering safepoint region: Cleanup
[2296.549s][info ][safepoint      ] Leaving safepoint region
[2296.549s][info ][safepoint      ] Total time for which application threads were stopped: 0.0000848 seconds, Stopping threads took: 0.0000179 seconds
[2299.780s][info ][safepoint      ] Application time: 3.2307338 seconds
[2299.780s][info ][safepoint      ] Entering safepoint region: ParallelGCFailedAllocation
[2299.780s][info ][gc,start       ] GC(94) Pause Young (Allocation Failure)
[2299.786s][debug][gc,phases      ] GC(94) Scavenge 6.130ms
[2299.786s][debug][gc,ref         ] GC(94) Skipped phase1 of Reference Processing due to unavailable references
[2299.786s][debug][gc,ref         ] GC(94) Skipped phase3 of Reference Processing due to unavailable references
[2299.786s][debug][gc,phases      ] GC(94) Reference Processing 0.056ms
[2299.786s][debug][gc,phases      ] GC(94) Weak Processing 0.127ms
[2299.787s][debug][gc,phases      ] GC(94) Scrub String Table 0.400ms
[2299.787s][debug][gc,age         ] GC(94) Desired survivor size 34078720 bytes, new threshold 14 (max threshold 15)
[2299.787s][info ][gc,heap        ] GC(94) PSYoungGen: 2070496K->17888K(2057216K)
[2299.787s][info ][gc,heap        ] GC(94) ParOldGen: 259688K->259696K(275968K)
[2299.787s][info ][gc,metaspace   ] GC(94) Metaspace: 65453K->65453K(1107968K)
[2299.787s][info ][gc             ] GC(94) Pause Young (Allocation Failure) 2275M->271M(2278M) 6.864ms
[2299.787s][info ][gc,cpu         ] GC(94) User=0.02s Sys=0.00s Real=0.01s
[2299.787s][info ][safepoint      ] Leaving safepoint region
[2299.787s][info ][safepoint      ] Total time for which application threads were stopped: 0.0070594 seconds, Stopping threads took: 0.0000174 seconds
[2312.788s][info ][safepoint      ] Application time: 13.0011803 seconds
[2312.788s][info ][safepoint      ] Entering safepoint region: Cleanup
[2312.788s][info ][safepoint      ] Leaving safepoint region
[2312.788s][info ][safepoint      ] Total time for which application threads were stopped: 0.0001063 seconds, Stopping threads took: 0.0000155 seconds
[2324.185s][info ][safepoint      ] Application time: 11.3970421 seconds
[2324.185s][info ][safepoint      ] Entering safepoint region: RevokeBias
[2324.185s][info ][safepoint      ] Leaving safepoint region
[2324.185s][info ][safepoint      ] Total time for which application threads were stopped: 0.0001103 seconds, Stopping threads took: 0.0000312 seconds
[2332.186s][info ][safepoint      ] Application time: 8.0010595 seconds
[2332.186s][info ][safepoint      ] Entering safepoint region: Cleanup
[2332.187s][info ][safepoint      ] Leaving safepoint region
[2332.187s][info ][safepoint      ] Total time for which application threads were stopped: 0.0001094 seconds, Stopping threads took: 0.0000465 seconds
[2335.016s][info ][safepoint      ] Application time: 2.8289383 seconds
[2335.016s][info ][safepoint      ] Entering safepoint region: RevokeBias
[2335.016s][info ][safepoint      ] Leaving safepoint region
[2335.016s][info ][safepoint      ] Total time for which application threads were stopped: 0.0002594 seconds, Stopping threads took: 0.0000696 seconds
[2342.219s][info ][safepoint      ] Application time: 7.2034121 seconds
[2342.219s][info ][safepoint      ] Entering safepoint region: RevokeBias
[2342.219s][info ][safepoint      ] Leaving safepoint region
[2342.219s][info ][safepoint      ] Total time for which application threads were stopped: 0.0000796 seconds, Stopping threads took: 0.0000178 seconds
[2346.628s][info ][safepoint      ] Application time: 4.4086411 seconds
[2346.628s][info ][safepoint      ] Entering safepoint region: ParallelGCFailedAllocation
[2346.628s][info ][gc,start       ] GC(95) Pause Young (Allocation Failure)
[2346.638s][debug][gc,phases      ] GC(95) Scavenge 9.396ms
[2346.638s][debug][gc,ref         ] GC(95) Skipped phase1 of Reference Processing due to unavailable references
[2346.638s][debug][gc,ref         ] GC(95) Skipped phase3 of Reference Processing due to unavailable references
[2346.638s][debug][gc,phases      ] GC(95) Reference Processing 0.050ms
[2346.638s][debug][gc,phases      ] GC(95) Weak Processing 0.141ms
[2346.639s][debug][gc,phases      ] GC(95) Scrub String Table 0.787ms
[2346.639s][debug][gc,age         ] GC(95) Desired survivor size 33554432 bytes, new threshold 15 (max threshold 15)
[2346.639s][info ][gc,heap        ] GC(95) PSYoungGen: 2048480K->17904K(2063872K)
[2346.639s][info ][gc,heap        ] GC(95) ParOldGen: 259696K->259704K(275968K)
[2346.639s][info ][gc,metaspace   ] GC(95) Metaspace: 65459K->65459K(1107968K)
[2346.639s][info ][gc             ] GC(95) Pause Young (Allocation Failure) 2254M->271M(2285M) 10.554ms
[2346.639s][info ][gc,cpu         ] GC(95) User=0.04s Sys=0.01s Real=0.01s
[2346.639s][info ][safepoint      ] Leaving safepoint region
[2346.639s][info ][safepoint      ] Total time for which application threads were stopped: 0.0107749 seconds, Stopping threads took: 0.0000335 seconds
[2349.834s][info ][safepoint      ] Application time: 3.1953060 seconds
[2349.834s][info ][safepoint      ] Entering safepoint region: RevokeBias
[2349.834s][info ][safepoint      ] Leaving safepoint region
[2349.834s][info ][safepoint      ] Total time for which application threads were stopped: 0.0000850 seconds, Stopping threads took: 0.0000277 seconds
[2349.839s][info ][safepoint      ] Application time: 0.0049145 seconds
[2349.839s][info ][safepoint      ] Entering safepoint region: RevokeBias
[2349.839s][info ][safepoint      ] Leaving safepoint region
[2349.839s][info ][safepoint      ] Total time for which application threads were stopped: 0.0000796 seconds, Stopping threads took: 0.0000115 seconds
[2380.842s][info ][safepoint      ] Application time: 31.0024971 seconds
[2380.842s][info ][safepoint      ] Entering safepoint region: Cleanup
[2380.842s][info ][safepoint      ] Leaving safepoint region
[2380.842s][info ][safepoint      ] Total time for which application threads were stopped: 0.0000753 seconds, Stopping threads took: 0.0000148 seconds
[2383.842s][info ][safepoint      ] Application time: 3.0002816 seconds
[2383.842s][info ][safepoint      ] Entering safepoint region: Cleanup
[2383.842s][info ][safepoint      ] Leaving safepoint region
[2383.843s][info ][safepoint      ] Total time for which application threads were stopped: 0.0002571 seconds, Stopping threads took: 0.0001011 seconds
[2387.843s][info ][safepoint      ] Application time: 4.0008015 seconds
[2387.843s][info ][safepoint      ] Entering safepoint region: Cleanup
[2387.843s][info ][safepoint      ] Leaving safepoint region
[2387.843s][info ][safepoint      ] Total time for which application threads were stopped: 0.0001335 seconds, Stopping threads took: 0.0000344 seconds
[2390.829s][info ][safepoint      ] Application time: 2.9854877 seconds
[2390.829s][info ][safepoint      ] Entering safepoint region: ParallelGCFailedAllocation
[2390.829s][info ][gc,start       ] GC(96) Pause Young (Allocation Failure)
[2390.839s][debug][gc,phases      ] GC(96) Scavenge 10.240ms
[2390.839s][debug][gc,ref         ] GC(96) Skipped phase1 of Reference Processing due to unavailable references
[2390.840s][debug][gc,ref         ] GC(96) Skipped phase3 of Reference Processing due to unavailable references
[2390.840s][debug][gc,phases      ] GC(96) Reference Processing 0.083ms
[2390.840s][debug][gc,phases      ] GC(96) Weak Processing 0.139ms
[2390.841s][debug][gc,phases      ] GC(96) Scrub String Table 0.787ms
[2390.841s][debug][gc,age         ] GC(96) Desired survivor size 33030144 bytes, new threshold 15 (max threshold 15)
[2390.841s][info ][gc,heap        ] GC(96) PSYoungGen: 2048496K->17840K(2064896K)
[2390.841s][info ][gc,heap        ] GC(96) ParOldGen: 259704K->259704K(275968K)
[2390.841s][info ][gc,metaspace   ] GC(96) Metaspace: 65461K->65461K(1107968K)
[2390.841s][info ][gc             ] GC(96) Pause Young (Allocation Failure) 2254M->271M(2286M) 11.428ms
[2390.841s][info ][gc,cpu         ] GC(96) User=0.03s Sys=0.01s Real=0.01s
[2390.841s][info ][safepoint      ] Leaving safepoint region
[2390.841s][info ][safepoint      ] Total time for which application threads were stopped: 0.0116166 seconds, Stopping threads took: 0.0000153 seconds
[2411.842s][info ][safepoint      ] Application time: 21.0018088 seconds
[2411.842s][info ][safepoint      ] Entering safepoint region: Cleanup
[2411.843s][info ][safepoint      ] Leaving safepoint region
[2411.843s][info ][safepoint      ] Total time for which application threads were stopped: 0.0001080 seconds, Stopping threads took: 0.0000149 seconds
[2412.843s][info ][safepoint      ] Application time: 1.0005746 seconds
[2412.843s][info ][safepoint      ] Entering safepoint region: Cleanup
[2412.843s][info ][safepoint      ] Leaving safepoint region
[2412.843s][info ][safepoint      ] Total time for which application threads were stopped: 0.0001219 seconds, Stopping threads took: 0.0000613 seconds
[2435.479s][info ][safepoint      ] Application time: 22.6359015 seconds
[2435.479s][info ][safepoint      ] Entering safepoint region: ParallelGCFailedAllocation
[2435.479s][info ][gc,start       ] GC(97) Pause Young (Allocation Failure)
[2435.489s][debug][gc,phases      ] GC(97) Scavenge 9.237ms
[2435.489s][debug][gc,ref         ] GC(97) Skipped phase1 of Reference Processing due to unavailable references
[2435.489s][debug][gc,ref         ] GC(97) Skipped phase3 of Reference Processing due to unavailable references
[2435.489s][debug][gc,phases      ] GC(97) Reference Processing 0.041ms
[2435.489s][debug][gc,phases      ] GC(97) Weak Processing 0.124ms
[2435.489s][debug][gc,phases      ] GC(97) Scrub String Table 0.408ms
[2435.489s][debug][gc,age         ] GC(97) Desired survivor size 32505856 bytes, new threshold 15 (max threshold 15)
[2435.489s][info ][gc,heap        ] GC(97) PSYoungGen: 2049968K->17904K(2064384K)
[2435.489s][info ][gc,heap        ] GC(97) ParOldGen: 259704K->259736K(275968K)
[2435.489s][info ][gc,metaspace   ] GC(97) Metaspace: 65463K->65463K(1107968K)
[2435.489s][info ][gc             ] GC(97) Pause Young (Allocation Failure) 2255M->271M(2285M) 9.969ms
[2435.489s][info ][gc,cpu         ] GC(97) User=0.01s Sys=0.02s Real=0.01s
[2435.489s][info ][safepoint      ] Leaving safepoint region
[2435.489s][info ][safepoint      ] Total time for which application threads were stopped: 0.0101726 seconds, Stopping threads took: 0.0000291 seconds
[2456.491s][info ][safepoint      ] Application time: 21.0019562 seconds
[2456.491s][info ][safepoint      ] Entering safepoint region: Cleanup
[2456.492s][info ][safepoint      ] Leaving safepoint region
[2456.492s][info ][safepoint      ] Total time for which application threads were stopped: 0.0002143 seconds, Stopping threads took: 0.0000578 seconds
[2460.492s][info ][safepoint      ] Application time: 4.0002854 seconds
[2460.492s][info ][safepoint      ] Entering safepoint region: Cleanup
[2460.492s][info ][safepoint      ] Leaving safepoint region
[2460.492s][info ][safepoint      ] Total time for which application threads were stopped: 0.0000931 seconds, Stopping threads took: 0.0000331 seconds
[2462.492s][info ][safepoint      ] Application time: 2.0001505 seconds
[2462.492s][info ][safepoint      ] Entering safepoint region: Cleanup
[2462.492s][info ][safepoint      ] Leaving safepoint region
[2462.492s][info ][safepoint      ] Total time for which application threads were stopped: 0.0001047 seconds, Stopping threads took: 0.0000160 seconds
[2463.492s][info ][safepoint      ] Application time: 1.0000787 seconds
[2463.492s][info ][safepoint      ] Entering safepoint region: Cleanup
[2463.493s][info ][safepoint      ] Leaving safepoint region
[2463.493s][info ][safepoint      ] Total time for which application threads were stopped: 0.0000758 seconds, Stopping threads took: 0.0000150 seconds
[2466.493s][info ][safepoint      ] Application time: 3.0003063 seconds
[2466.493s][info ][safepoint      ] Entering safepoint region: Cleanup
[2466.493s][info ][safepoint      ] Leaving safepoint region
[2466.493s][info ][safepoint      ] Total time for which application threads were stopped: 0.0001591 seconds, Stopping threads took: 0.0000177 seconds
[2470.494s][info ][safepoint      ] Application time: 4.0004594 seconds
[2470.494s][info ][safepoint      ] Entering safepoint region: Cleanup
[2470.494s][info ][safepoint      ] Leaving safepoint region
[2470.494s][info ][safepoint      ] Total time for which application threads were stopped: 0.0000810 seconds, Stopping threads took: 0.0000178 seconds
[2474.540s][info ][safepoint      ] Application time: 4.0468623 seconds
[2474.541s][info ][safepoint      ] Entering safepoint region: ParallelGCFailedAllocation
[2474.541s][info ][safepoint      ] Leaving safepoint region
[2474.541s][info ][safepoint      ] Total time for which application threads were stopped: 0.0002559 seconds, Stopping threads took: 0.0000836 seconds
[2474.541s][info ][safepoint      ] Application time: 0.0001125 seconds
[2474.541s][info ][safepoint      ] Entering safepoint region: ParallelGCSystemGC
[2474.541s][info ][gc,start       ] GC(98) Pause Young (GCLocker Initiated GC)
[2474.556s][debug][gc,phases      ] GC(98) Scavenge 14.956ms
[2474.556s][debug][gc,ref         ] GC(98) Skipped phase1 of Reference Processing due to unavailable references
[2474.556s][debug][gc,ref         ] GC(98) Skipped phase3 of Reference Processing due to unavailable references
[2474.556s][debug][gc,phases      ] GC(98) Reference Processing 0.049ms
[2474.557s][debug][gc,phases      ] GC(98) Weak Processing 0.247ms
[2474.558s][debug][gc,phases      ] GC(98) Scrub String Table 1.036ms
[2474.558s][debug][gc,age         ] GC(98) Desired survivor size 33030144 bytes, new threshold 15 (max threshold 15)
[2474.558s][info ][gc,heap        ] GC(98) PSYoungGen: 2049976K->20832K(2064384K)
[2474.558s][info ][gc,heap        ] GC(98) ParOldGen: 259864K->259904K(275968K)
[2474.558s][info ][gc,metaspace   ] GC(98) Metaspace: 65464K->65464K(1107968K)
[2474.558s][info ][gc             ] GC(98) Pause Young (GCLocker Initiated GC) 2255M->274M(2285M) 16.509ms
[2474.558s][info ][gc,cpu         ] GC(98) User=0.05s Sys=0.00s Real=0.02s
[2474.558s][info ][safepoint      ] Leaving safepoint region
[2474.558s][info ][safepoint      ] Total time for which application threads were stopped: 0.0168178 seconds, Stopping threads took: 0.0001475 seconds
[2477.558s][info ][safepoint      ] Application time: 3.0003006 seconds
[2477.558s][info ][safepoint      ] Entering safepoint region: Cleanup
[2477.558s][info ][safepoint      ] Leaving safepoint region
[2477.558s][info ][safepoint      ] Total time for which application threads were stopped: 0.0001120 seconds, Stopping threads took: 0.0000258 seconds
[2480.558s][info ][safepoint      ] Application time: 3.0002709 seconds
[2480.558s][info ][safepoint      ] Entering safepoint region: Cleanup
[2480.559s][info ][safepoint      ] Leaving safepoint region
[2480.559s][info ][safepoint      ] Total time for which application threads were stopped: 0.0000844 seconds, Stopping threads took: 0.0000156 seconds
[2484.559s][info ][safepoint      ] Application time: 4.0004813 seconds
[2484.559s][info ][safepoint      ] Entering safepoint region: Cleanup
[2484.559s][info ][safepoint      ] Leaving safepoint region
[2484.559s][info ][safepoint      ] Total time for which application threads were stopped: 0.0000782 seconds, Stopping threads took: 0.0000164 seconds
[2485.559s][info ][safepoint      ] Application time: 1.0000854 seconds
[2485.559s][info ][safepoint      ] Entering safepoint region: Cleanup
[2485.559s][info ][safepoint      ] Leaving safepoint region
[2485.559s][info ][safepoint      ] Total time for which application threads were stopped: 0.0000831 seconds, Stopping threads took: 0.0000165 seconds
[2486.559s][info ][safepoint      ] Application time: 1.0001208 seconds
[2486.560s][info ][safepoint      ] Entering safepoint region: Cleanup
[2486.560s][info ][safepoint      ] Leaving safepoint region
[2486.560s][info ][safepoint      ] Total time for which application threads were stopped: 0.0000953 seconds, Stopping threads took: 0.0000172 seconds
[2487.560s][info ][safepoint      ] Application time: 1.0000681 seconds
[2487.560s][info ][safepoint      ] Entering safepoint region: Cleanup
[2487.560s][info ][safepoint      ] Leaving safepoint region
[2487.560s][info ][safepoint      ] Total time for which application threads were stopped: 0.0001008 seconds, Stopping threads took: 0.0000149 seconds
[2489.560s][info ][safepoint      ] Application time: 2.0002148 seconds
[2489.560s][info ][safepoint      ] Entering safepoint region: Cleanup
[2489.560s][info ][safepoint      ] Leaving safepoint region
[2489.560s][info ][safepoint      ] Total time for which application threads were stopped: 0.0000996 seconds, Stopping threads took: 0.0000347 seconds
[2491.560s][info ][safepoint      ] Application time: 2.0001948 seconds
[2491.560s][info ][safepoint      ] Entering safepoint region: Cleanup
[2491.560s][info ][safepoint      ] Leaving safepoint region
[2491.560s][info ][safepoint      ] Total time for which application threads were stopped: 0.0000843 seconds, Stopping threads took: 0.0000168 seconds
[2492.561s][info ][safepoint      ] Application time: 1.0000822 seconds
[2492.561s][info ][safepoint      ] Entering safepoint region: Cleanup
[2492.561s][info ][safepoint      ] Leaving safepoint region
[2492.561s][info ][safepoint      ] Total time for which application threads were stopped: 0.0000801 seconds, Stopping threads took: 0.0000162 seconds
[2494.561s][info ][safepoint      ] Application time: 2.0001739 seconds
[2494.561s][info ][safepoint      ] Entering safepoint region: Cleanup
[2494.561s][info ][safepoint      ] Leaving safepoint region
[2494.561s][info ][safepoint      ] Total time for which application threads were stopped: 0.0000844 seconds, Stopping threads took: 0.0000260 seconds
[2496.561s][info ][safepoint      ] Application time: 2.0002371 seconds
[2496.561s][info ][safepoint      ] Entering safepoint region: Cleanup
[2496.561s][info ][safepoint      ] Leaving safepoint region
[2496.561s][info ][safepoint      ] Total time for which application threads were stopped: 0.0000829 seconds, Stopping threads took: 0.0000167 seconds
[2498.562s][info ][safepoint      ] Application time: 2.0001757 seconds
[2498.562s][info ][safepoint      ] Entering safepoint region: Cleanup
[2498.562s][info ][safepoint      ] Leaving safepoint region
[2498.562s][info ][safepoint      ] Total time for which application threads were stopped: 0.0000926 seconds, Stopping threads took: 0.0000149 seconds
[2499.562s][info ][safepoint      ] Application time: 1.0001146 seconds
[2499.562s][info ][safepoint      ] Entering safepoint region: Cleanup
[2499.562s][info ][safepoint      ] Leaving safepoint region
[2499.562s][info ][safepoint      ] Total time for which application threads were stopped: 0.0000903 seconds, Stopping threads took: 0.0000159 seconds
[2500.562s][info ][safepoint      ] Application time: 1.0000755 seconds
[2500.562s][info ][safepoint      ] Entering safepoint region: Cleanup
[2500.562s][info ][safepoint      ] Leaving safepoint region
[2500.562s][info ][safepoint      ] Total time for which application threads were stopped: 0.0000935 seconds, Stopping threads took: 0.0000163 seconds
[2501.562s][info ][safepoint      ] Application time: 1.0001190 seconds
[2501.562s][info ][safepoint      ] Entering safepoint region: Cleanup
[2501.562s][info ][safepoint      ] Leaving safepoint region
[2501.562s][info ][safepoint      ] Total time for which application threads were stopped: 0.0000919 seconds, Stopping threads took: 0.0000161 seconds
[2502.563s][info ][safepoint      ] Application time: 1.0001589 seconds
[2502.563s][info ][safepoint      ] Entering safepoint region: Cleanup
[2502.563s][info ][safepoint      ] Leaving safepoint region
[2502.563s][info ][safepoint      ] Total time for which application threads were stopped: 0.0001322 seconds, Stopping threads took: 0.0000160 seconds
[2507.563s][info ][safepoint      ] Application time: 5.0004146 seconds
[2507.563s][info ][safepoint      ] Entering safepoint region: Cleanup
[2507.563s][info ][safepoint      ] Leaving safepoint region
[2507.563s][info ][safepoint      ] Total time for which application threads were stopped: 0.0000798 seconds, Stopping threads took: 0.0000179 seconds
[2516.070s][info ][safepoint      ] Application time: 8.5066085 seconds
[2516.070s][info ][safepoint      ] Entering safepoint region: ParallelGCFailedAllocation
[2516.070s][info ][gc,start       ] GC(99) Pause Young (Allocation Failure)
[2516.079s][debug][gc,phases      ] GC(99) Scavenge 8.940ms
[2516.079s][debug][gc,ref         ] GC(99) Skipped phase1 of Reference Processing due to unavailable references
[2516.079s][debug][gc,ref         ] GC(99) Skipped phase3 of Reference Processing due to unavailable references
[2516.079s][debug][gc,phases      ] GC(99) Reference Processing 0.047ms
[2516.079s][debug][gc,phases      ] GC(99) Weak Processing 0.133ms
[2516.080s][debug][gc,phases      ] GC(99) Scrub String Table 0.679ms
[2516.080s][debug][gc,age         ] GC(99) Desired survivor size 33030144 bytes, new threshold 15 (max threshold 15)
[2516.080s][info ][gc,heap        ] GC(99) PSYoungGen: 2053472K->21088K(2064896K)
[2516.080s][info ][gc,heap        ] GC(99) ParOldGen: 259936K->259960K(275968K)
[2516.080s][info ][gc,metaspace   ] GC(99) Metaspace: 65476K->65476K(1107968K)
[2516.080s][info ][gc             ] GC(99) Pause Young (Allocation Failure) 2259M->274M(2286M) 9.980ms
[2516.080s][info ][gc,cpu         ] GC(99) User=0.04s Sys=0.01s Real=0.01s
[2516.080s][info ][safepoint      ] Leaving safepoint region
[2516.080s][info ][safepoint      ] Total time for which application threads were stopped: 0.0102441 seconds, Stopping threads took: 0.0001048 seconds
[2523.081s][info ][safepoint      ] Application time: 7.0008055 seconds
[2523.081s][info ][safepoint      ] Entering safepoint region: Cleanup
[2523.081s][info ][safepoint      ] Leaving safepoint region
[2523.081s][info ][safepoint      ] Total time for which application threads were stopped: 0.0002513 seconds, Stopping threads took: 0.0000886 seconds
[2526.145s][info ][safepoint      ] Application time: 3.0641326 seconds
[2526.145s][info ][safepoint      ] Entering safepoint region: RevokeBias
[2526.145s][info ][safepoint      ] Leaving safepoint region
[2526.145s][info ][safepoint      ] Total time for which application threads were stopped: 0.0000965 seconds, Stopping threads took: 0.0000154 seconds
[2534.561s][info ][safepoint      ] Application time: 8.4154906 seconds
[2534.561s][info ][safepoint      ] Entering safepoint region: RevokeBias
[2534.561s][info ][safepoint      ] Leaving safepoint region
[2534.561s][info ][safepoint      ] Total time for which application threads were stopped: 0.0003206 seconds, Stopping threads took: 0.0000150 seconds
[2561.029s][info ][safepoint      ] Application time: 26.4673208 seconds
[2561.029s][info ][safepoint      ] Entering safepoint region: ParallelGCFailedAllocation
[2561.029s][info ][gc,start       ] GC(100) Pause Young (Allocation Failure)
[2561.038s][debug][gc,phases      ] GC(100) Scavenge 8.918ms
[2561.038s][debug][gc,ref         ] GC(100) Skipped phase1 of Reference Processing due to unavailable references
[2561.038s][debug][gc,ref         ] GC(100) Skipped phase3 of Reference Processing due to unavailable references
[2561.038s][debug][gc,phases      ] GC(100) Reference Processing 0.047ms
[2561.038s][debug][gc,phases      ] GC(100) Weak Processing 0.135ms
[2561.039s][debug][gc,phases      ] GC(100) Scrub String Table 0.743ms
[2561.039s][debug][gc,age         ] GC(100) Desired survivor size 33030144 bytes, new threshold 15 (max threshold 15)
[2561.039s][info ][gc,heap        ] GC(100) PSYoungGen: 2053728K->20640K(2064896K)
[2561.039s][info ][gc,heap        ] GC(100) ParOldGen: 259960K->259960K(275968K)
[2561.039s][info ][gc,metaspace   ] GC(100) Metaspace: 65478K->65478K(1107968K)
[2561.039s][info ][gc             ] GC(100) Pause Young (Allocation Failure) 2259M->274M(2286M) 10.016ms
[2561.039s][info ][gc,cpu         ] GC(100) User=0.03s Sys=0.01s Real=0.01s
[2561.039s][info ][safepoint      ] Leaving safepoint region
[2561.039s][info ][safepoint      ] Total time for which application threads were stopped: 0.0102130 seconds, Stopping threads took: 0.0000293 seconds
[2562.039s][info ][safepoint      ] Application time: 1.0000762 seconds
[2562.039s][info ][safepoint      ] Entering safepoint region: Cleanup
[2562.039s][info ][safepoint      ] Leaving safepoint region
[2562.039s][info ][safepoint      ] Total time for which application threads were stopped: 0.0001094 seconds, Stopping threads took: 0.0000141 seconds
[2583.135s][info ][safepoint      ] Application time: 21.0962537 seconds
[2583.136s][info ][safepoint      ] Entering safepoint region: RevokeBias
[2583.136s][info ][safepoint      ] Leaving safepoint region
[2583.136s][info ][safepoint      ] Total time for which application threads were stopped: 0.0002555 seconds, Stopping threads took: 0.0000808 seconds
[2591.136s][info ][safepoint      ] Application time: 8.0006666 seconds
[2591.136s][info ][safepoint      ] Entering safepoint region: Cleanup
[2591.136s][info ][safepoint      ] Leaving safepoint region
[2591.137s][info ][safepoint      ] Total time for which application threads were stopped: 0.0000961 seconds, Stopping threads took: 0.0000163 seconds
[2607.379s][info ][safepoint      ] Application time: 16.2420946 seconds
[2607.379s][info ][safepoint      ] Entering safepoint region: ParallelGCFailedAllocation
[2607.379s][info ][gc,start       ] GC(101) Pause Young (Allocation Failure)
[2607.388s][debug][gc,phases      ] GC(101) Scavenge 9.206ms
[2607.388s][debug][gc,ref         ] GC(101) Skipped phase1 of Reference Processing due to unavailable references
[2607.388s][debug][gc,ref         ] GC(101) Skipped phase3 of Reference Processing due to unavailable references
[2607.388s][debug][gc,phases      ] GC(101) Reference Processing 0.046ms
[2607.388s][debug][gc,phases      ] GC(101) Weak Processing 0.133ms
[2607.389s][debug][gc,phases      ] GC(101) Scrub String Table 0.783ms
[2607.389s][debug][gc,age         ] GC(101) Desired survivor size 33030144 bytes, new threshold 15 (max threshold 15)
[2607.389s][info ][gc,heap        ] GC(101) PSYoungGen: 2053280K->20544K(2064896K)
[2607.389s][info ][gc,heap        ] GC(101) ParOldGen: 259960K->259984K(275968K)
[2607.389s][info ][gc,metaspace   ] GC(101) Metaspace: 65478K->65478K(1107968K)
[2607.389s][info ][gc             ] GC(101) Pause Young (Allocation Failure) 2259M->273M(2286M) 10.338ms
[2607.389s][info ][gc,cpu         ] GC(101) User=0.04s Sys=0.01s Real=0.01s
[2607.389s][info ][safepoint      ] Leaving safepoint region
[2607.389s][info ][safepoint      ] Total time for which application threads were stopped: 0.0105657 seconds, Stopping threads took: 0.0000320 seconds
[2641.393s][info ][safepoint      ] Application time: 34.0035005 seconds
[2641.393s][info ][safepoint      ] Entering safepoint region: Cleanup
[2641.393s][info ][safepoint      ] Leaving safepoint region
[2641.393s][info ][safepoint      ] Total time for which application threads were stopped: 0.0001850 seconds, Stopping threads took: 0.0000479 seconds
[2642.393s][info ][safepoint      ] Application time: 1.0001202 seconds
[2642.393s][info ][safepoint      ] Entering safepoint region: Cleanup
[2642.393s][info ][safepoint      ] Leaving safepoint region
[2642.393s][info ][safepoint      ] Total time for which application threads were stopped: 0.0000712 seconds, Stopping threads took: 0.0000153 seconds
[2643.136s][info ][safepoint      ] Application time: 0.7423347 seconds
[2643.136s][info ][safepoint      ] Entering safepoint region: RevokeBias
[2643.136s][info ][safepoint      ] Leaving safepoint region
[2643.136s][info ][safepoint      ] Total time for which application threads were stopped: 0.0000701 seconds, Stopping threads took: 0.0000147 seconds
[2647.136s][info ][safepoint      ] Application time: 4.0002642 seconds
[2647.136s][info ][safepoint      ] Entering safepoint region: Cleanup
[2647.136s][info ][safepoint      ] Leaving safepoint region
[2647.136s][info ][safepoint      ] Total time for which application threads were stopped: 0.0000788 seconds, Stopping threads took: 0.0000145 seconds
[2650.136s][info ][safepoint      ] Application time: 3.0002750 seconds
[2650.136s][info ][safepoint      ] Entering safepoint region: Cleanup
[2650.136s][info ][safepoint      ] Leaving safepoint region
[2650.136s][info ][safepoint      ] Total time for which application threads were stopped: 0.0001370 seconds, Stopping threads took: 0.0000318 seconds
[2652.729s][info ][safepoint      ] Application time: 2.5920490 seconds
[2652.729s][info ][safepoint      ] Entering safepoint region: ParallelGCFailedAllocation
[2652.729s][info ][gc,start       ] GC(102) Pause Young (Allocation Failure)
[2652.743s][debug][gc,phases      ] GC(102) Scavenge 14.170ms
[2652.743s][debug][gc,ref         ] GC(102) Skipped phase1 of Reference Processing due to unavailable references
[2652.743s][debug][gc,ref         ] GC(102) Skipped phase3 of Reference Processing due to unavailable references
[2652.743s][debug][gc,phases      ] GC(102) Reference Processing 0.052ms
[2652.743s][debug][gc,phases      ] GC(102) Weak Processing 0.143ms
[2652.744s][debug][gc,phases      ] GC(102) Scrub String Table 0.794ms
[2652.744s][debug][gc,age         ] GC(102) Desired survivor size 33030144 bytes, new threshold 15 (max threshold 15)
[2652.744s][info ][gc,heap        ] GC(102) PSYoungGen: 2053184K->20528K(2064896K)
[2652.744s][info ][gc,heap        ] GC(102) ParOldGen: 259984K->260088K(275968K)
[2652.744s][info ][gc,metaspace   ] GC(102) Metaspace: 65485K->65485K(1107968K)
[2652.744s][info ][gc             ] GC(102) Pause Young (Allocation Failure) 2258M->274M(2286M) 15.344ms
[2652.744s][info ][gc,cpu         ] GC(102) User=0.03s Sys=0.01s Real=0.02s
[2652.744s][info ][safepoint      ] Leaving safepoint region
[2652.744s][info ][safepoint      ] Total time for which application threads were stopped: 0.0156040 seconds, Stopping threads took: 0.0000336 seconds
[2656.745s][info ][safepoint      ] Application time: 4.0003316 seconds
[2656.745s][info ][safepoint      ] Entering safepoint region: Cleanup
[2656.745s][info ][safepoint      ] Leaving safepoint region
[2656.745s][info ][safepoint      ] Total time for which application threads were stopped: 0.0000937 seconds, Stopping threads took: 0.0000170 seconds
[2695.082s][info ][safepoint      ] Application time: 38.3370064 seconds
[2695.082s][info ][safepoint      ] Entering safepoint region: ParallelGCFailedAllocation
[2695.082s][info ][gc,start       ] GC(103) Pause Young (Allocation Failure)
[2695.091s][debug][gc,phases      ] GC(103) Scavenge 8.877ms
[2695.091s][debug][gc,ref         ] GC(103) Skipped phase1 of Reference Processing due to unavailable references
[2695.091s][debug][gc,ref         ] GC(103) Skipped phase3 of Reference Processing due to unavailable references
[2695.091s][debug][gc,phases      ] GC(103) Reference Processing 0.045ms
[2695.091s][debug][gc,phases      ] GC(103) Weak Processing 0.133ms
[2695.092s][debug][gc,phases      ] GC(103) Scrub String Table 0.754ms
[2695.092s][debug][gc,age         ] GC(103) Desired survivor size 32505856 bytes, new threshold 15 (max threshold 15)
[2695.092s][info ][gc,heap        ] GC(103) PSYoungGen: 2053168K->20464K(2064896K)
[2695.092s][info ][gc,heap        ] GC(103) ParOldGen: 260088K->260112K(275968K)
[2695.092s][info ][gc,metaspace   ] GC(103) Metaspace: 65485K->65485K(1107968K)
[2695.092s][info ][gc             ] GC(103) Pause Young (Allocation Failure) 2259M->274M(2286M) 9.969ms
[2695.092s][info ][gc,cpu         ] GC(103) User=0.04s Sys=0.00s Real=0.02s
[2695.092s][info ][safepoint      ] Leaving safepoint region
[2695.092s][info ][safepoint      ] Total time for which application threads were stopped: 0.0102432 seconds, Stopping threads took: 0.0000524 seconds
[2712.094s][info ][safepoint      ] Application time: 17.0016348 seconds
[2712.094s][info ][safepoint      ] Entering safepoint region: Cleanup
[2712.094s][info ][safepoint      ] Leaving safepoint region
[2712.094s][info ][safepoint      ] Total time for which application threads were stopped: 0.0000958 seconds, Stopping threads took: 0.0000148 seconds
[2714.094s][info ][safepoint      ] Application time: 2.0001881 seconds
[2714.094s][info ][safepoint      ] Entering safepoint region: Cleanup
[2714.094s][info ][safepoint      ] Leaving safepoint region
[2714.094s][info ][safepoint      ] Total time for which application threads were stopped: 0.0002615 seconds, Stopping threads took: 0.0000837 seconds
[2726.095s][info ][safepoint      ] Application time: 12.0010568 seconds
[2726.095s][info ][safepoint      ] Entering safepoint region: Cleanup
[2726.095s][info ][safepoint      ] Leaving safepoint region
[2726.095s][info ][safepoint      ] Total time for which application threads were stopped: 0.0001034 seconds, Stopping threads took: 0.0000157 seconds
[2728.096s][info ][safepoint      ] Application time: 2.0004063 seconds
[2728.096s][info ][safepoint      ] Entering safepoint region: Cleanup
[2728.096s][info ][safepoint      ] Leaving safepoint region
[2728.096s][info ][safepoint      ] Total time for which application threads were stopped: 0.0001562 seconds, Stopping threads took: 0.0000725 seconds
[2729.096s][info ][safepoint      ] Application time: 1.0001252 seconds
[2729.096s][info ][safepoint      ] Entering safepoint region: Cleanup
[2729.096s][info ][safepoint      ] Leaving safepoint region
[2729.096s][info ][safepoint      ] Total time for which application threads were stopped: 0.0000805 seconds, Stopping threads took: 0.0000159 seconds
[2731.097s][info ][safepoint      ] Application time: 2.0003169 seconds
[2731.097s][info ][safepoint      ] Entering safepoint region: Cleanup
[2731.097s][info ][safepoint      ] Leaving safepoint region
[2731.097s][info ][safepoint      ] Total time for which application threads were stopped: 0.0000822 seconds, Stopping threads took: 0.0000173 seconds
[2733.097s][info ][safepoint      ] Application time: 2.0002291 seconds
[2733.097s][info ][safepoint      ] Entering safepoint region: Cleanup
[2733.097s][info ][safepoint      ] Leaving safepoint region
[2733.097s][info ][safepoint      ] Total time for which application threads were stopped: 0.0000853 seconds, Stopping threads took: 0.0000153 seconds
[2738.329s][info ][safepoint      ] Application time: 5.2316488 seconds
[2738.329s][info ][safepoint      ] Entering safepoint region: ParallelGCFailedAllocation
[2738.329s][info ][gc,start       ] GC(104) Pause Young (Allocation Failure)
[2738.337s][debug][gc,phases      ] GC(104) Scavenge 8.473ms
[2738.337s][debug][gc,ref         ] GC(104) Skipped phase1 of Reference Processing due to unavailable references
[2738.337s][debug][gc,ref         ] GC(104) Skipped phase3 of Reference Processing due to unavailable references
[2738.338s][debug][gc,phases      ] GC(104) Reference Processing 0.046ms
[2738.338s][debug][gc,phases      ] GC(104) Weak Processing 0.145ms
[2738.338s][debug][gc,phases      ] GC(104) Scrub String Table 0.701ms
[2738.338s][debug][gc,age         ] GC(104) Desired survivor size 31981568 bytes, new threshold 15 (max threshold 15)
[2738.338s][info ][gc,heap        ] GC(104) PSYoungGen: 2053104K->20512K(2065920K)
[2738.338s][info ][gc,heap        ] GC(104) ParOldGen: 260112K->260112K(275968K)
[2738.338s][info ][gc,metaspace   ] GC(104) Metaspace: 65514K->65514K(1107968K)
[2738.338s][info ][gc             ] GC(104) Pause Young (Allocation Failure) 2259M->274M(2287M) 9.534ms
[2738.338s][info ][gc,cpu         ] GC(104) User=0.03s Sys=0.00s Real=0.01s
[2738.339s][info ][safepoint      ] Leaving safepoint region
[2738.339s][info ][safepoint      ] Total time for which application threads were stopped: 0.0097259 seconds, Stopping threads took: 0.0000159 seconds
[2750.340s][info ][safepoint      ] Application time: 12.0012904 seconds
[2750.340s][info ][safepoint      ] Entering safepoint region: Cleanup
[2750.340s][info ][safepoint      ] Leaving safepoint region
[2750.340s][info ][safepoint      ] Total time for which application threads were stopped: 0.0000964 seconds, Stopping threads took: 0.0000305 seconds
[2756.340s][info ][safepoint      ] Application time: 6.0005344 seconds
[2756.341s][info ][safepoint      ] Entering safepoint region: Cleanup
[2756.341s][info ][safepoint      ] Leaving safepoint region
[2756.341s][info ][safepoint      ] Total time for which application threads were stopped: 0.0002319 seconds, Stopping threads took: 0.0000671 seconds
[2762.341s][info ][safepoint      ] Application time: 6.0005955 seconds
[2762.341s][info ][safepoint      ] Entering safepoint region: Cleanup
[2762.341s][info ][safepoint      ] Leaving safepoint region
[2762.341s][info ][safepoint      ] Total time for which application threads were stopped: 0.0000835 seconds, Stopping threads took: 0.0000156 seconds
[2764.342s][info ][safepoint      ] Application time: 2.0001743 seconds
[2764.342s][info ][safepoint      ] Entering safepoint region: Cleanup
[2764.342s][info ][safepoint      ] Leaving safepoint region
[2764.342s][info ][safepoint      ] Total time for which application threads were stopped: 0.0000877 seconds, Stopping threads took: 0.0000154 seconds
[2773.358s][info ][safepoint      ] Application time: 9.0166733 seconds
[2773.358s][info ][safepoint      ] Entering safepoint region: RevokeBias
[2773.359s][info ][safepoint      ] Leaving safepoint region
[2773.359s][info ][safepoint      ] Total time for which application threads were stopped: 0.0001012 seconds, Stopping threads took: 0.0000160 seconds
[2773.363s][info ][safepoint      ] Application time: 0.0045911 seconds
[2773.363s][info ][safepoint      ] Entering safepoint region: RevokeBias
[2773.363s][info ][safepoint      ] Leaving safepoint region
[2773.363s][info ][safepoint      ] Total time for which application threads were stopped: 0.0000522 seconds, Stopping threads took: 0.0000103 seconds
[2782.380s][info ][safepoint      ] Application time: 9.0169920 seconds
[2782.380s][info ][safepoint      ] Entering safepoint region: ParallelGCFailedAllocation
[2782.380s][info ][gc,start       ] GC(105) Pause Young (Allocation Failure)
[2782.389s][debug][gc,phases      ] GC(105) Scavenge 8.832ms
[2782.389s][debug][gc,ref         ] GC(105) Skipped phase1 of Reference Processing due to unavailable references
[2782.389s][debug][gc,ref         ] GC(105) Skipped phase3 of Reference Processing due to unavailable references
[2782.389s][debug][gc,phases      ] GC(105) Reference Processing 0.049ms
[2782.390s][debug][gc,phases      ] GC(105) Weak Processing 0.206ms
[2782.391s][debug][gc,phases      ] GC(105) Scrub String Table 0.973ms
[2782.391s][debug][gc,age         ] GC(105) Desired survivor size 30932992 bytes, new threshold 15 (max threshold 15)
[2782.391s][info ][gc,heap        ] GC(105) PSYoungGen: 2054688K->18640K(2065408K)
[2782.391s][info ][gc,heap        ] GC(105) ParOldGen: 260112K->262220K(275968K)
[2782.391s][info ][gc,metaspace   ] GC(105) Metaspace: 65543K->65543K(1107968K)
[2782.391s][info ][gc             ] GC(105) Pause Young (Allocation Failure) 2260M->274M(2286M) 10.225ms
[2782.391s][info ][gc,cpu         ] GC(105) User=0.03s Sys=0.01s Real=0.01s
[2782.391s][info ][safepoint      ] Leaving safepoint region
[2782.391s][info ][safepoint      ] Total time for which application threads were stopped: 0.0104275 seconds, Stopping threads took: 0.0000300 seconds
[2785.391s][info ][safepoint      ] Application time: 3.0003084 seconds
[2785.391s][info ][safepoint      ] Entering safepoint region: Cleanup
[2785.391s][info ][safepoint      ] Leaving safepoint region
[2785.391s][info ][safepoint      ] Total time for which application threads were stopped: 0.0001815 seconds, Stopping threads took: 0.0000492 seconds
[2791.392s][info ][safepoint      ] Application time: 6.0005840 seconds
[2791.392s][info ][safepoint      ] Entering safepoint region: Cleanup
[2791.392s][info ][safepoint      ] Leaving safepoint region
[2791.392s][info ][safepoint      ] Total time for which application threads were stopped: 0.0001102 seconds, Stopping threads took: 0.0000269 seconds
[2793.392s][info ][safepoint      ] Application time: 2.0001783 seconds
[2793.392s][info ][safepoint      ] Entering safepoint region: Cleanup
[2793.392s][info ][safepoint      ] Leaving safepoint region
[2793.392s][info ][safepoint      ] Total time for which application threads were stopped: 0.0000657 seconds, Stopping threads took: 0.0000145 seconds
[2798.393s][info ][safepoint      ] Application time: 5.0004549 seconds
[2798.393s][info ][safepoint      ] Entering safepoint region: Cleanup
[2798.393s][info ][safepoint      ] Leaving safepoint region
[2798.393s][info ][safepoint      ] Total time for which application threads were stopped: 0.0000714 seconds, Stopping threads took: 0.0000151 seconds
[2805.394s][info ][safepoint      ] Application time: 7.0014107 seconds
[2805.394s][info ][safepoint      ] Entering safepoint region: Cleanup
[2805.394s][info ][safepoint      ] Leaving safepoint region
[2805.394s][info ][safepoint      ] Total time for which application threads were stopped: 0.0000718 seconds, Stopping threads took: 0.0000152 seconds
[2806.394s][info ][safepoint      ] Application time: 1.0001066 seconds
[2806.394s][info ][safepoint      ] Entering safepoint region: Cleanup
[2806.395s][info ][safepoint      ] Leaving safepoint region
[2806.395s][info ][safepoint      ] Total time for which application threads were stopped: 0.0000777 seconds, Stopping threads took: 0.0000151 seconds
[2816.396s][info ][safepoint      ] Application time: 10.0010001 seconds
[2816.396s][info ][safepoint      ] Entering safepoint region: Cleanup
[2816.396s][info ][safepoint      ] Leaving safepoint region
[2816.396s][info ][safepoint      ] Total time for which application threads were stopped: 0.0000794 seconds, Stopping threads took: 0.0000152 seconds
[2817.396s][info ][safepoint      ] Application time: 1.0001129 seconds
[2817.396s][info ][safepoint      ] Entering safepoint region: Cleanup
[2817.396s][info ][safepoint      ] Leaving safepoint region
[2817.396s][info ][safepoint      ] Total time for which application threads were stopped: 0.0002498 seconds, Stopping threads took: 0.0001284 seconds
[2822.397s][info ][safepoint      ] Application time: 5.0005399 seconds
[2822.397s][info ][safepoint      ] Entering safepoint region: Cleanup
[2822.397s][info ][safepoint      ] Leaving safepoint region
[2822.397s][info ][safepoint      ] Total time for which application threads were stopped: 0.0002059 seconds, Stopping threads took: 0.0000596 seconds
[2824.397s][info ][safepoint      ] Application time: 2.0001698 seconds
[2824.397s][info ][safepoint      ] Entering safepoint region: Cleanup
[2824.397s][info ][safepoint      ] Leaving safepoint region
[2824.397s][info ][safepoint      ] Total time for which application threads were stopped: 0.0000735 seconds, Stopping threads took: 0.0000160 seconds
[2825.397s][info ][safepoint      ] Application time: 1.0000726 seconds
[2825.397s][info ][safepoint      ] Entering safepoint region: Cleanup
[2825.397s][info ][safepoint      ] Leaving safepoint region
[2825.397s][info ][safepoint      ] Total time for which application threads were stopped: 0.0000711 seconds, Stopping threads took: 0.0000166 seconds
[2827.630s][info ][safepoint      ] Application time: 2.2324539 seconds
[2827.630s][info ][safepoint      ] Entering safepoint region: ParallelGCFailedAllocation
[2827.630s][info ][gc,start       ] GC(106) Pause Young (Allocation Failure)
[2827.640s][debug][gc,phases      ] GC(106) Scavenge 10.096ms
[2827.640s][debug][gc,ref         ] GC(106) Skipped phase1 of Reference Processing due to unavailable references
[2827.640s][debug][gc,ref         ] GC(106) Skipped phase3 of Reference Processing due to unavailable references
[2827.640s][debug][gc,phases      ] GC(106) Reference Processing 0.058ms
[2827.641s][debug][gc,phases      ] GC(106) Weak Processing 0.213ms
[2827.642s][debug][gc,phases      ] GC(106) Scrub String Table 1.008ms
[2827.642s][debug][gc,age         ] GC(106) Desired survivor size 29884416 bytes, new threshold 15 (max threshold 15)
[2827.642s][info ][gc,heap        ] GC(106) PSYoungGen: 2052816K->16336K(2067968K)
[2827.642s][info ][gc,heap        ] GC(106) ParOldGen: 262220K->264725K(275968K)
[2827.642s][info ][gc,metaspace   ] GC(106) Metaspace: 65561K->65561K(1107968K)
[2827.642s][info ][gc             ] GC(106) Pause Young (Allocation Failure) 2260M->274M(2289M) 11.533ms
[2827.642s][info ][gc,cpu         ] GC(106) User=0.03s Sys=0.00s Real=0.01s
[2827.642s][info ][safepoint      ] Leaving safepoint region
[2827.642s][info ][safepoint      ] Total time for which application threads were stopped: 0.0117003 seconds, Stopping threads took: 0.0000148 seconds
[2833.642s][info ][safepoint      ] Application time: 6.0005745 seconds
[2833.642s][info ][safepoint      ] Entering safepoint region: Cleanup
[2833.642s][info ][safepoint      ] Leaving safepoint region
[2833.642s][info ][safepoint      ] Total time for which application threads were stopped: 0.0000690 seconds, Stopping threads took: 0.0000142 seconds
[2846.644s][info ][safepoint      ] Application time: 13.0012803 seconds
[2846.644s][info ][safepoint      ] Entering safepoint region: Cleanup
[2846.644s][info ][safepoint      ] Leaving safepoint region
[2846.644s][info ][safepoint      ] Total time for which application threads were stopped: 0.0002257 seconds, Stopping threads took: 0.0000713 seconds
[2871.478s][info ][safepoint      ] Application time: 24.8336913 seconds
[2871.478s][info ][safepoint      ] Entering safepoint region: ParallelGCFailedAllocation
[2871.478s][info ][gc,start       ] GC(107) Pause Young (Allocation Failure)
[2871.487s][debug][gc,phases      ] GC(107) Scavenge 9.083ms
[2871.487s][debug][gc,ref         ] GC(107) Skipped phase1 of Reference Processing due to unavailable references
[2871.487s][debug][gc,ref         ] GC(107) Skipped phase3 of Reference Processing due to unavailable references
[2871.487s][debug][gc,phases      ] GC(107) Reference Processing 0.060ms
[2871.487s][debug][gc,phases      ] GC(107) Weak Processing 0.216ms
[2871.488s][debug][gc,phases      ] GC(107) Scrub String Table 1.055ms
[2871.488s][debug][gc,age         ] GC(107) Desired survivor size 29884416 bytes, new threshold 15 (max threshold 15)
[2871.488s][info ][gc,heap        ] GC(107) PSYoungGen: 2054096K->13024K(2066944K)
[2871.488s][info ][gc,heap        ] GC(107) ParOldGen: 264725K->268277K(275968K)
[2871.488s][info ][gc,metaspace   ] GC(107) Metaspace: 65562K->65562K(1107968K)
[2871.488s][info ][gc             ] GC(107) Pause Young (Allocation Failure) 2264M->274M(2288M) 10.604ms
[2871.488s][info ][gc,cpu         ] GC(107) User=0.04s Sys=0.00s Real=0.01s
[2871.488s][info ][safepoint      ] Leaving safepoint region
[2871.488s][info ][safepoint      ] Total time for which application threads were stopped: 0.0108180 seconds, Stopping threads took: 0.0000267 seconds
[2886.491s][info ][safepoint      ] Application time: 15.0025354 seconds
[2886.491s][info ][safepoint      ] Entering safepoint region: Cleanup
[2886.491s][info ][safepoint      ] Leaving safepoint region
[2886.491s][info ][safepoint      ] Total time for which application threads were stopped: 0.0001660 seconds, Stopping threads took: 0.0000435 seconds
[2891.492s][info ][safepoint      ] Application time: 5.0004561 seconds
[2891.492s][info ][safepoint      ] Entering safepoint region: Cleanup
[2891.492s][info ][safepoint      ] Leaving safepoint region
[2891.492s][info ][safepoint      ] Total time for which application threads were stopped: 0.0000771 seconds, Stopping threads took: 0.0000157 seconds
[2892.492s][info ][safepoint      ] Application time: 1.0000939 seconds
[2892.492s][info ][safepoint      ] Entering safepoint region: Cleanup
[2892.492s][info ][safepoint      ] Leaving safepoint region
[2892.492s][info ][safepoint      ] Total time for which application threads were stopped: 0.0000914 seconds, Stopping threads took: 0.0000314 seconds
[2893.492s][info ][safepoint      ] Application time: 1.0000806 seconds
[2893.492s][info ][safepoint      ] Entering safepoint region: Cleanup
[2893.492s][info ][safepoint      ] Leaving safepoint region
[2893.492s][info ][safepoint      ] Total time for which application threads were stopped: 0.0000743 seconds, Stopping threads took: 0.0000149 seconds
[2894.492s][info ][safepoint      ] Application time: 1.0000869 seconds
[2894.492s][info ][safepoint      ] Entering safepoint region: Cleanup
[2894.492s][info ][safepoint      ] Leaving safepoint region
[2894.492s][info ][safepoint      ] Total time for which application threads were stopped: 0.0000728 seconds, Stopping threads took: 0.0000154 seconds
[2914.829s][info ][safepoint      ] Application time: 20.3367796 seconds
[2914.829s][info ][safepoint      ] Entering safepoint region: ParallelGCFailedAllocation
[2914.829s][info ][gc,start       ] GC(108) Pause Young (Allocation Failure)
[2914.839s][debug][gc,phases      ] GC(108) Scavenge 9.234ms
[2914.839s][debug][gc,ref         ] GC(108) Skipped phase1 of Reference Processing due to unavailable references
[2914.839s][debug][gc,ref         ] GC(108) Skipped phase3 of Reference Processing due to unavailable references
[2914.839s][debug][gc,phases      ] GC(108) Reference Processing 0.082ms
[2914.839s][debug][gc,phases      ] GC(108) Weak Processing 0.137ms
[2914.840s][debug][gc,phases      ] GC(108) Scrub String Table 0.827ms
[2914.840s][debug][gc,age         ] GC(108) Desired survivor size 30408704 bytes, new threshold 15 (max threshold 15)
[2914.840s][info ][gc,heap        ] GC(108) PSYoungGen: 2050784K->6928K(2066944K)
[2914.840s][info ][gc,heap        ] GC(108) ParOldGen: 268277K->275022K(275968K)
[2914.840s][info ][gc,metaspace   ] GC(108) Metaspace: 65567K->65567K(1107968K)
[2914.840s][info ][gc             ] GC(108) Pause Young (Allocation Failure) 2264M->275M(2288M) 10.450ms
[2914.840s][info ][gc,cpu         ] GC(108) User=0.02s Sys=0.02s Real=0.01s
[2914.840s][debug][gc,phases      ] GC(109) Pre Compact 0.018ms
[2914.840s][info ][gc,start       ] GC(109) Pause Full (Ergonomics)
[2914.840s][info ][gc,phases,start] GC(109) Marking Phase
[2915.007s][debug][gc,phases      ] GC(109) Par Mark 167.127ms
[2915.008s][debug][gc,ref         ] GC(109) Skipped phase3 of Reference Processing due to unavailable references
[2915.008s][debug][gc,phases      ] GC(109) Reference Processing 0.879ms
[2915.009s][debug][gc,phases      ] GC(109) Weak Processing 0.146ms
[2915.011s][debug][gc,phases      ] GC(109) ClassLoaderData 2.237ms
[2915.011s][debug][gc,phases      ] GC(109) Dictionary 0.032ms
[2915.011s][debug][gc,phases      ] GC(109) ProtectionDomainCacheTable 0.005ms
[2915.011s][debug][gc,phases      ] GC(109) ResolvedMethodTable 0.263ms
[2915.071s][debug][gc,phases      ] GC(109) Class Unloading 62.542ms
[2915.072s][debug][gc,phases      ] GC(109) Scrub String Table 0.574ms
[2915.079s][debug][gc,phases      ] GC(109) Scrub Symbol Table 7.819ms
[2915.080s][info ][gc,phases      ] GC(109) Marking Phase 239.512ms
[2915.080s][info ][gc,phases,start] GC(109) Summary Phase
[2915.080s][info ][gc,phases      ] GC(109) Summary Phase 0.046ms
[2915.080s][info ][gc,phases,start] GC(109) Adjust Roots
[2915.103s][info ][gc,phases      ] GC(109) Adjust Roots 23.124ms
[2915.103s][info ][gc,phases,start] GC(109) Compaction Phase
[2915.193s][info ][gc,phases      ] GC(109) Compaction Phase 90.013ms
[2915.193s][info ][gc,phases,start] GC(109) Post Compact
[2915.194s][info ][gc,phases      ] GC(109) Post Compact 1.621ms
[2915.195s][info ][gc,heap        ] GC(109) PSYoungGen: 6928K->0K(2067456K)
[2915.195s][info ][gc,heap        ] GC(109) ParOldGen: 275022K->251517K(306688K)
[2915.195s][info ][gc,metaspace   ] GC(109) Metaspace: 65567K->65333K(1107968K)
[2915.195s][info ][gc             ] GC(109) Pause Full (Ergonomics) 275M->245M(2318M) 354.586ms
[2915.195s][info ][gc,cpu         ] GC(109) User=1.09s Sys=0.03s Real=0.36s
[2915.195s][info ][safepoint      ] Leaving safepoint region
[2915.195s][info ][safepoint      ] Total time for which application threads were stopped: 0.3654250 seconds, Stopping threads took: 0.0000516 seconds
[2916.195s][info ][safepoint      ] Application time: 1.0001243 seconds
[2916.195s][info ][safepoint      ] Entering safepoint region: Cleanup
[2916.195s][info ][safepoint      ] Leaving safepoint region
[2916.195s][info ][safepoint      ] Total time for which application threads were stopped: 0.0001788 seconds, Stopping threads took: 0.0000145 seconds
[2918.195s][info ][safepoint      ] Application time: 2.0001844 seconds
[2918.195s][info ][safepoint      ] Entering safepoint region: Cleanup
[2918.195s][info ][safepoint      ] Leaving safepoint region
[2918.195s][info ][safepoint      ] Total time for which application threads were stopped: 0.0000930 seconds, Stopping threads took: 0.0000186 seconds
[2921.196s][info ][safepoint      ] Application time: 3.0004852 seconds
[2921.196s][info ][safepoint      ] Entering safepoint region: Cleanup
[2921.196s][info ][safepoint      ] Leaving safepoint region
[2921.196s][info ][safepoint      ] Total time for which application threads were stopped: 0.0000886 seconds, Stopping threads took: 0.0000309 seconds
[2924.196s][info ][safepoint      ] Application time: 3.0002440 seconds
[2924.196s][info ][safepoint      ] Entering safepoint region: Cleanup
[2924.196s][info ][safepoint      ] Leaving safepoint region
[2924.196s][info ][safepoint      ] Total time for which application threads were stopped: 0.0000738 seconds, Stopping threads took: 0.0000154 seconds
[2926.196s][info ][safepoint      ] Application time: 2.0001607 seconds
[2926.197s][info ][safepoint      ] Entering safepoint region: Cleanup
[2926.197s][info ][safepoint      ] Leaving safepoint region
[2926.197s][info ][safepoint      ] Total time for which application threads were stopped: 0.0001934 seconds, Stopping threads took: 0.0000763 seconds
[2931.198s][info ][safepoint      ] Application time: 5.0008356 seconds
[2931.198s][info ][safepoint      ] Entering safepoint region: Cleanup
[2931.198s][info ][safepoint      ] Leaving safepoint region
[2931.198s][info ][safepoint      ] Total time for which application threads were stopped: 0.0001663 seconds, Stopping threads took: 0.0000302 seconds
[2934.198s][info ][safepoint      ] Application time: 3.0002916 seconds
[2934.198s][info ][safepoint      ] Entering safepoint region: Cleanup
[2934.198s][info ][safepoint      ] Leaving safepoint region
[2934.198s][info ][safepoint      ] Total time for which application threads were stopped: 0.0000868 seconds, Stopping threads took: 0.0000155 seconds
[2938.199s][info ][safepoint      ] Application time: 4.0003596 seconds
[2938.199s][info ][safepoint      ] Entering safepoint region: Cleanup
[2938.199s][info ][safepoint      ] Leaving safepoint region
[2938.199s][info ][safepoint      ] Total time for which application threads were stopped: 0.0000951 seconds, Stopping threads took: 0.0000151 seconds
[2939.199s][info ][safepoint      ] Application time: 1.0001104 seconds
[2939.199s][info ][safepoint      ] Entering safepoint region: Cleanup
[2939.199s][info ][safepoint      ] Leaving safepoint region
[2939.199s][info ][safepoint      ] Total time for which application threads were stopped: 0.0001004 seconds, Stopping threads took: 0.0000159 seconds
[2940.199s][info ][safepoint      ] Application time: 1.0000685 seconds
[2940.199s][info ][safepoint      ] Entering safepoint region: Cleanup
[2940.199s][info ][safepoint      ] Leaving safepoint region
[2940.199s][info ][safepoint      ] Total time for which application threads were stopped: 0.0000924 seconds, Stopping threads took: 0.0000173 seconds
[2942.199s][info ][safepoint      ] Application time: 2.0001997 seconds
[2942.199s][info ][safepoint      ] Entering safepoint region: Cleanup
[2942.199s][info ][safepoint      ] Leaving safepoint region
[2942.199s][info ][safepoint      ] Total time for which application threads were stopped: 0.0000858 seconds, Stopping threads took: 0.0000161 seconds
[2943.200s][info ][safepoint      ] Application time: 1.0001371 seconds
[2943.200s][info ][safepoint      ] Entering safepoint region: Cleanup
[2943.200s][info ][safepoint      ] Leaving safepoint region
[2943.200s][info ][safepoint      ] Total time for which application threads were stopped: 0.0001074 seconds, Stopping threads took: 0.0000165 seconds
[3002.630s][info ][safepoint      ] Application time: 59.4307597 seconds
[3002.631s][info ][safepoint      ] Entering safepoint region: BulkRevokeBias
[3002.631s][info ][safepoint      ] Leaving safepoint region
[3002.631s][info ][safepoint      ] Total time for which application threads were stopped: 0.0005053 seconds, Stopping threads took: 0.0000576 seconds
[3011.632s][info ][safepoint      ] Application time: 9.0007248 seconds
[3011.632s][info ][safepoint      ] Entering safepoint region: Cleanup
[3011.632s][info ][safepoint      ] Leaving safepoint region
[3011.632s][info ][safepoint      ] Total time for which application threads were stopped: 0.0001649 seconds, Stopping threads took: 0.0000575 seconds
[3012.632s][info ][safepoint      ] Application time: 1.0001221 seconds
[3012.632s][info ][safepoint      ] Entering safepoint region: Cleanup
[3012.632s][info ][safepoint      ] Leaving safepoint region
[3012.632s][info ][safepoint      ] Total time for which application threads were stopped: 0.0001041 seconds, Stopping threads took: 0.0000156 seconds
[3028.678s][info ][safepoint      ] Application time: 16.0461357 seconds
[3028.678s][info ][safepoint      ] Entering safepoint region: ParallelGCFailedAllocation
[3028.679s][info ][gc,start       ] GC(110) Pause Young (Allocation Failure)
[3028.684s][debug][gc,phases      ] GC(110) Scavenge 5.176ms
[3028.684s][debug][gc,ref         ] GC(110) Skipped phase1 of Reference Processing due to unavailable references
[3028.684s][debug][gc,ref         ] GC(110) Skipped phase2 of Reference Processing due to unavailable references
[3028.684s][debug][gc,ref         ] GC(110) Skipped phase3 of Reference Processing due to unavailable references
[3028.684s][debug][gc,phases      ] GC(110) Reference Processing 0.039ms
[3028.684s][debug][gc,phases      ] GC(110) Weak Processing 0.218ms
[3028.685s][debug][gc,phases      ] GC(110) Scrub String Table 1.085ms
[3028.685s][debug][gc,age         ] GC(110) Desired survivor size 31981568 bytes, new threshold 15 (max threshold 15)
[3028.685s][info ][gc,heap        ] GC(110) PSYoungGen: 2037760K->480K(2064384K)
[3028.685s][info ][gc,heap        ] GC(110) ParOldGen: 251517K->251517K(306688K)
[3028.685s][info ][gc,metaspace   ] GC(110) Metaspace: 65334K->65334K(1107968K)
[3028.685s][info ][gc             ] GC(110) Pause Young (Allocation Failure) 2235M->246M(2315M) 6.670ms
[3028.685s][info ][gc,cpu         ] GC(110) User=0.00s Sys=0.02s Real=0.01s
[3028.685s][info ][safepoint      ] Leaving safepoint region
[3028.685s][info ][safepoint      ] Total time for which application threads were stopped: 0.0070548 seconds, Stopping threads took: 0.0000711 seconds
[3072.180s][info ][safepoint      ] Application time: 43.4948474 seconds
[3072.180s][info ][safepoint      ] Entering safepoint region: RevokeBias
[3072.180s][info ][safepoint      ] Leaving safepoint region
[3072.180s][info ][safepoint      ] Total time for which application threads were stopped: 0.0001085 seconds, Stopping threads took: 0.0000144 seconds
[3088.182s][info ][safepoint      ] Application time: 16.0014319 seconds
[3088.182s][info ][safepoint      ] Entering safepoint region: Cleanup
[3088.182s][info ][safepoint      ] Leaving safepoint region
[3088.182s][info ][safepoint      ] Total time for which application threads were stopped: 0.0000733 seconds, Stopping threads took: 0.0000159 seconds
[3253.426s][info ][safepoint      ] Application time: 165.2439663 seconds
[3253.426s][info ][safepoint      ] Entering safepoint region: RevokeBias
[3253.426s][info ][safepoint      ] Leaving safepoint region
[3253.426s][info ][safepoint      ] Total time for which application threads were stopped: 0.0001386 seconds, Stopping threads took: 0.0000223 seconds
[3253.426s][info ][safepoint      ] Application time: 0.0000540 seconds
[3253.426s][info ][safepoint      ] Entering safepoint region: RevokeBias
[3253.426s][info ][safepoint      ] Leaving safepoint region
[3253.426s][info ][safepoint      ] Total time for which application threads were stopped: 0.0000277 seconds, Stopping threads took: 0.0000063 seconds
[3253.427s][info ][safepoint      ] Application time: 0.0005587 seconds
[3253.427s][info ][safepoint      ] Entering safepoint region: RevokeBias
[3253.427s][info ][safepoint      ] Leaving safepoint region
[3253.427s][info ][safepoint      ] Total time for which application threads were stopped: 0.0000372 seconds, Stopping threads took: 0.0000093 seconds
[3253.427s][info ][safepoint      ] Application time: 0.0000548 seconds
[3253.427s][info ][safepoint      ] Entering safepoint region: RevokeBias
[3253.427s][info ][safepoint      ] Leaving safepoint region
[3253.427s][info ][safepoint      ] Total time for which application threads were stopped: 0.0000247 seconds, Stopping threads took: 0.0000059 seconds
[3253.428s][info ][safepoint      ] Application time: 0.0007657 seconds
[3253.428s][info ][safepoint      ] Entering safepoint region: RevokeBias
[3253.428s][info ][safepoint      ] Leaving safepoint region
[3253.428s][info ][safepoint      ] Total time for which application threads were stopped: 0.0000374 seconds, Stopping threads took: 0.0000093 seconds
[3253.429s][info ][safepoint      ] Application time: 0.0008264 seconds
[3253.429s][info ][safepoint      ] Entering safepoint region: RevokeBias
[3253.429s][info ][safepoint      ] Leaving safepoint region
[3253.429s][info ][safepoint      ] Total time for which application threads were stopped: 0.0000305 seconds, Stopping threads took: 0.0000072 seconds
[3253.429s][info ][safepoint      ] Application time: 0.0000702 seconds
[3253.429s][info ][safepoint      ] Entering safepoint region: RevokeBias
[3253.429s][info ][safepoint      ] Leaving safepoint region
[3253.429s][info ][safepoint      ] Total time for which application threads were stopped: 0.0000240 seconds, Stopping threads took: 0.0000056 seconds
[3253.429s][info ][safepoint      ] Application time: 0.0004698 seconds
[3253.429s][info ][safepoint      ] Entering safepoint region: RevokeBias
[3253.429s][info ][safepoint      ] Leaving safepoint region
[3253.429s][info ][safepoint      ] Total time for which application threads were stopped: 0.0000250 seconds, Stopping threads took: 0.0000057 seconds
[3253.430s][info ][safepoint      ] Application time: 0.0005416 seconds
[3253.430s][info ][safepoint      ] Entering safepoint region: RevokeBias
[3253.430s][info ][safepoint      ] Leaving safepoint region
[3253.430s][info ][safepoint      ] Total time for which application threads were stopped: 0.0000267 seconds, Stopping threads took: 0.0000064 seconds
[3253.430s][info ][safepoint      ] Application time: 0.0000391 seconds
[3253.430s][info ][safepoint      ] Entering safepoint region: BulkRevokeBias
[3253.430s][info ][safepoint      ] Leaving safepoint region
[3253.430s][info ][safepoint      ] Total time for which application threads were stopped: 0.0001361 seconds, Stopping threads took: 0.0000056 seconds
[3253.431s][info ][safepoint      ] Application time: 0.0006859 seconds
[3253.431s][info ][safepoint      ] Entering safepoint region: RevokeBias
[3253.431s][info ][safepoint      ] Leaving safepoint region
[3253.431s][info ][safepoint      ] Total time for which application threads were stopped: 0.0000294 seconds, Stopping threads took: 0.0000071 seconds
[3253.432s][info ][safepoint      ] Application time: 0.0008983 seconds
[3253.432s][info ][safepoint      ] Entering safepoint region: RevokeBias
[3253.432s][info ][safepoint      ] Leaving safepoint region
[3253.432s][info ][safepoint      ] Total time for which application threads were stopped: 0.0000276 seconds, Stopping threads took: 0.0000063 seconds
[3253.432s][info ][safepoint      ] Application time: 0.0004737 seconds
[3253.432s][info ][safepoint      ] Entering safepoint region: RevokeBias
[3253.432s][info ][safepoint      ] Leaving safepoint region
[3253.432s][info ][safepoint      ] Total time for which application threads were stopped: 0.0000250 seconds, Stopping threads took: 0.0000057 seconds
[3253.439s][info ][safepoint      ] Application time: 0.0065000 seconds
[3253.439s][info ][safepoint      ] Entering safepoint region: RevokeBias
[3253.439s][info ][safepoint      ] Leaving safepoint region
[3253.439s][info ][safepoint      ] Total time for which application threads were stopped: 0.0000283 seconds, Stopping threads took: 0.0000067 seconds
[3253.439s][info ][safepoint      ] Application time: 0.0006757 seconds
[3253.439s][info ][safepoint      ] Entering safepoint region: RevokeBias
[3253.439s][info ][safepoint      ] Leaving safepoint region
[3253.439s][info ][safepoint      ] Total time for which application threads were stopped: 0.0000265 seconds, Stopping threads took: 0.0000064 seconds
[3253.440s][info ][safepoint      ] Application time: 0.0005781 seconds
[3253.440s][info ][safepoint      ] Entering safepoint region: RevokeBias
[3253.440s][info ][safepoint      ] Leaving safepoint region
[3253.440s][info ][safepoint      ] Total time for which application threads were stopped: 0.0000329 seconds, Stopping threads took: 0.0000082 seconds
[3253.443s][info ][safepoint      ] Application time: 0.0027313 seconds
[3253.443s][info ][safepoint      ] Entering safepoint region: RevokeBias
[3253.443s][info ][safepoint      ] Leaving safepoint region
[3253.443s][info ][safepoint      ] Total time for which application threads were stopped: 0.0000419 seconds, Stopping threads took: 0.0000098 seconds
[3253.446s][info ][safepoint      ] Application time: 0.0033199 seconds
[3253.446s][info ][safepoint      ] Entering safepoint region: RevokeBias
[3253.446s][info ][safepoint      ] Leaving safepoint region
[3253.446s][info ][safepoint      ] Total time for which application threads were stopped: 0.0000370 seconds, Stopping threads took: 0.0000092 seconds
[3253.450s][info ][safepoint      ] Application time: 0.0032464 seconds
[3253.450s][info ][safepoint      ] Entering safepoint region: RevokeBias
[3253.450s][info ][safepoint      ] Leaving safepoint region
[3253.450s][info ][safepoint      ] Total time for which application threads were stopped: 0.0000368 seconds, Stopping threads took: 0.0000093 seconds
[3253.452s][info ][safepoint      ] Application time: 0.0028058 seconds
[3253.452s][info ][safepoint      ] Entering safepoint region: RevokeBias
[3253.452s][info ][safepoint      ] Leaving safepoint region
[3253.452s][info ][safepoint      ] Total time for which application threads were stopped: 0.0000363 seconds, Stopping threads took: 0.0000093 seconds
[3253.455s][info ][safepoint      ] Application time: 0.0028582 seconds
[3253.455s][info ][safepoint      ] Entering safepoint region: RevokeBias
[3253.455s][info ][safepoint      ] Leaving safepoint region
[3253.455s][info ][safepoint      ] Total time for which application threads were stopped: 0.0000373 seconds, Stopping threads took: 0.0000097 seconds
[3253.458s][info ][safepoint      ] Application time: 0.0026997 seconds
[3253.458s][info ][safepoint      ] Entering safepoint region: RevokeBias
[3253.458s][info ][safepoint      ] Leaving safepoint region
[3253.458s][info ][safepoint      ] Total time for which application threads were stopped: 0.0000367 seconds, Stopping threads took: 0.0000094 seconds
[3253.461s][info ][safepoint      ] Application time: 0.0027562 seconds
[3253.461s][info ][safepoint      ] Entering safepoint region: BulkRevokeBias
[3253.461s][info ][safepoint      ] Leaving safepoint region
[3253.461s][info ][safepoint      ] Total time for which application threads were stopped: 0.0001513 seconds, Stopping threads took: 0.0000091 seconds
[3253.473s][info ][safepoint      ] Application time: 0.0115764 seconds
[3253.473s][info ][safepoint      ] Entering safepoint region: RevokeBias
[3253.473s][info ][safepoint      ] Leaving safepoint region
[3253.473s][info ][safepoint      ] Total time for which application threads were stopped: 0.0000551 seconds, Stopping threads took: 0.0000101 seconds
[3253.474s][info ][safepoint      ] Application time: 0.0008415 seconds
[3253.474s][info ][safepoint      ] Entering safepoint region: RevokeBias
[3253.474s][info ][safepoint      ] Leaving safepoint region
[3253.474s][info ][safepoint      ] Total time for which application threads were stopped: 0.0001174 seconds, Stopping threads took: 0.0000624 seconds
[3253.474s][info ][safepoint      ] Application time: 0.0001357 seconds
[3253.474s][info ][safepoint      ] Entering safepoint region: RevokeBias
[3253.474s][info ][safepoint      ] Leaving safepoint region
[3253.474s][info ][safepoint      ] Total time for which application threads were stopped: 0.0000863 seconds, Stopping threads took: 0.0000584 seconds
[3253.476s][info ][gc,heap,exit   ] Heap
[3253.476s][info ][gc,heap,exit   ]  PSYoungGen      total 2064384K, used 2015292K [0x0000000780000000, 0x0000000800000000, 0x0000000800000000)
[3253.476s][info ][gc,heap,exit   ]   eden space 2034688K, 99% used [0x0000000780000000,0x00000007faf97100,0x00000007fc300000)
[3253.476s][info ][gc,heap,exit   ]   from space 29696K, 1% used [0x00000007fe300000,0x00000007fe378058,0x0000000800000000)
[3253.476s][info ][gc,heap,exit   ]   to   space 31232K, 0% used [0x00000007fc300000,0x00000007fc300000,0x00000007fe180000)
[3253.476s][info ][gc,heap,exit   ]  ParOldGen       total 306688K, used 251517K [0x0000000740000000, 0x0000000752b80000, 0x0000000780000000)
[3253.476s][info ][gc,heap,exit   ]   object space 306688K, 82% used [0x0000000740000000,0x000000074f59f7a8,0x0000000752b80000)
[3253.476s][info ][gc,heap,exit   ]  Metaspace       used 65363K, capacity 70178K, committed 70656K, reserved 1107968K
[3253.476s][info ][gc,heap,exit   ]   class space    used 8919K, capacity 11032K, committed 11264K, reserved 1048576K
[3253.476s][info ][safepoint      ] Application time: 0.0018575 seconds
[3253.476s][info ][safepoint      ] Entering safepoint region: Halt
